
Microsoft (R) Program Maintenance Utility Version 12.00.21005.1
Copyright (C) Microsoft Corporation.  All rights reserved.

Building OpenSSL
	perl .\util\copy-if-different.pl ".\.\e_os.h" "tmp32dll\e_os.h"
Copying: ././e_os.h to tmp32dll/e_os.h
	perl .\util\copy-if-different.pl ".\crypto\cryptlib.h" "tmp32dll\cryptlib.h"
Copying: ./crypto/cryptlib.h to tmp32dll/cryptlib.h
	perl .\util\copy-if-different.pl ".\crypto\buildinf.h" "tmp32dll\buildinf.h"
Copying: ./crypto/buildinf.h to tmp32dll/buildinf.h
	perl .\util\copy-if-different.pl ".\crypto\md32_common.h" "tmp32dll\md32_common.h"
Copying: ./crypto/md32_common.h to tmp32dll/md32_common.h
	perl .\util\copy-if-different.pl ".\crypto\o_time.h" "tmp32dll\o_time.h"
Copying: ./crypto/o_time.h to tmp32dll/o_time.h
	perl .\util\copy-if-different.pl ".\crypto\o_str.h" "tmp32dll\o_str.h"
Copying: ./crypto/o_str.h to tmp32dll/o_str.h
	perl .\util\copy-if-different.pl ".\crypto\o_dir.h" "tmp32dll\o_dir.h"
Copying: ./crypto/o_dir.h to tmp32dll/o_dir.h
	perl .\util\copy-if-different.pl ".\crypto\constant_time_locl.h" "tmp32dll\constant_time_locl.h"
Copying: ./crypto/constant_time_locl.h to tmp32dll/constant_time_locl.h
	perl .\util\copy-if-different.pl ".\crypto\md4\md4_locl.h" "tmp32dll\md4_locl.h"
Copying: ./crypto/md4/md4_locl.h to tmp32dll/md4_locl.h
	perl .\util\copy-if-different.pl ".\crypto\md5\md5_locl.h" "tmp32dll\md5_locl.h"
Copying: ./crypto/md5/md5_locl.h to tmp32dll/md5_locl.h
	perl .\util\copy-if-different.pl ".\crypto\sha\sha_locl.h" "tmp32dll\sha_locl.h"
Copying: ./crypto/sha/sha_locl.h to tmp32dll/sha_locl.h
	perl .\util\copy-if-different.pl ".\crypto\ripemd\rmd_locl.h" "tmp32dll\rmd_locl.h"
Copying: ./crypto/ripemd/rmd_locl.h to tmp32dll/rmd_locl.h
	perl .\util\copy-if-different.pl ".\crypto\ripemd\rmdconst.h" "tmp32dll\rmdconst.h"
Copying: ./crypto/ripemd/rmdconst.h to tmp32dll/rmdconst.h
	perl .\util\copy-if-different.pl ".\crypto\des\des_locl.h" "tmp32dll\des_locl.h"
Copying: ./crypto/des/des_locl.h to tmp32dll/des_locl.h
	perl .\util\copy-if-different.pl ".\crypto\des\rpc_des.h" "tmp32dll\rpc_des.h"
Copying: ./crypto/des/rpc_des.h to tmp32dll/rpc_des.h
	perl .\util\copy-if-different.pl ".\crypto\des\spr.h" "tmp32dll\spr.h"
Copying: ./crypto/des/spr.h to tmp32dll/spr.h
	perl .\util\copy-if-different.pl ".\crypto\des\des_ver.h" "tmp32dll\des_ver.h"
Copying: ./crypto/des/des_ver.h to tmp32dll/des_ver.h
	perl .\util\copy-if-different.pl ".\crypto\rc2\rc2_locl.h" "tmp32dll\rc2_locl.h"
Copying: ./crypto/rc2/rc2_locl.h to tmp32dll/rc2_locl.h
	perl .\util\copy-if-different.pl ".\crypto\rc4\rc4_locl.h" "tmp32dll\rc4_locl.h"
Copying: ./crypto/rc4/rc4_locl.h to tmp32dll/rc4_locl.h
	perl .\util\copy-if-different.pl ".\crypto\idea\idea_lcl.h" "tmp32dll\idea_lcl.h"
Copying: ./crypto/idea/idea_lcl.h to tmp32dll/idea_lcl.h
	perl .\util\copy-if-different.pl ".\crypto\bf\bf_pi.h" "tmp32dll\bf_pi.h"
Copying: ./crypto/bf/bf_pi.h to tmp32dll/bf_pi.h
	perl .\util\copy-if-different.pl ".\crypto\bf\bf_locl.h" "tmp32dll\bf_locl.h"
Copying: ./crypto/bf/bf_locl.h to tmp32dll/bf_locl.h
	perl .\util\copy-if-different.pl ".\crypto\cast\cast_s.h" "tmp32dll\cast_s.h"
Copying: ./crypto/cast/cast_s.h to tmp32dll/cast_s.h
	perl .\util\copy-if-different.pl ".\crypto\cast\cast_lcl.h" "tmp32dll\cast_lcl.h"
Copying: ./crypto/cast/cast_lcl.h to tmp32dll/cast_lcl.h
	perl .\util\copy-if-different.pl ".\crypto\aes\aes_locl.h" "tmp32dll\aes_locl.h"
Copying: ./crypto/aes/aes_locl.h to tmp32dll/aes_locl.h
	perl .\util\copy-if-different.pl ".\crypto\camellia\cmll_locl.h" "tmp32dll\cmll_locl.h"
Copying: ./crypto/camellia/cmll_locl.h to tmp32dll/cmll_locl.h
	perl .\util\copy-if-different.pl ".\crypto\seed\seed_locl.h" "tmp32dll\seed_locl.h"
Copying: ./crypto/seed/seed_locl.h to tmp32dll/seed_locl.h
	perl .\util\copy-if-different.pl ".\crypto\modes\modes_lcl.h" "tmp32dll\modes_lcl.h"
Copying: ./crypto/modes/modes_lcl.h to tmp32dll/modes_lcl.h
	perl .\util\copy-if-different.pl ".\crypto\bn\bn_lcl.h" "tmp32dll\bn_lcl.h"
Copying: ./crypto/bn/bn_lcl.h to tmp32dll/bn_lcl.h
	perl .\util\copy-if-different.pl ".\crypto\bn\bn_prime.h" "tmp32dll\bn_prime.h"
Copying: ./crypto/bn/bn_prime.h to tmp32dll/bn_prime.h
	perl .\util\copy-if-different.pl ".\crypto\dsa\dsa_locl.h" "tmp32dll\dsa_locl.h"
Copying: ./crypto/dsa/dsa_locl.h to tmp32dll/dsa_locl.h
	perl .\util\copy-if-different.pl ".\crypto\ec\ec_lcl.h" "tmp32dll\ec_lcl.h"
Copying: ./crypto/ec/ec_lcl.h to tmp32dll/ec_lcl.h
	perl .\util\copy-if-different.pl ".\crypto\ecdh\ech_locl.h" "tmp32dll\ech_locl.h"
Copying: ./crypto/ecdh/ech_locl.h to tmp32dll/ech_locl.h
	perl .\util\copy-if-different.pl ".\crypto\ecdsa\ecs_locl.h" "tmp32dll\ecs_locl.h"
Copying: ./crypto/ecdsa/ecs_locl.h to tmp32dll/ecs_locl.h
	perl .\util\copy-if-different.pl ".\crypto\bio\bio_lcl.h" "tmp32dll\bio_lcl.h"
Copying: ./crypto/bio/bio_lcl.h to tmp32dll/bio_lcl.h
	perl .\util\copy-if-different.pl ".\crypto\objects\obj_dat.h" "tmp32dll\obj_dat.h"
Copying: ./crypto/objects/obj_dat.h to tmp32dll/obj_dat.h
	perl .\util\copy-if-different.pl ".\crypto\objects\obj_xref.h" "tmp32dll\obj_xref.h"
Copying: ./crypto/objects/obj_xref.h to tmp32dll/obj_xref.h
	perl .\util\copy-if-different.pl ".\crypto\evp\evp_locl.h" "tmp32dll\evp_locl.h"
Copying: ./crypto/evp/evp_locl.h to tmp32dll/evp_locl.h
	perl .\util\copy-if-different.pl ".\crypto\asn1\asn1_locl.h" "tmp32dll\asn1_locl.h"
Copying: ./crypto/asn1/asn1_locl.h to tmp32dll/asn1_locl.h
	perl .\util\copy-if-different.pl ".\crypto\x509\vpm_int.h" "tmp32dll\vpm_int.h"
Copying: ./crypto/x509/vpm_int.h to tmp32dll/vpm_int.h
	perl .\util\copy-if-different.pl ".\crypto\x509v3\pcy_int.h" "tmp32dll\pcy_int.h"
Copying: ./crypto/x509v3/pcy_int.h to tmp32dll/pcy_int.h
	perl .\util\copy-if-different.pl ".\crypto\cms\cms_lcl.h" "tmp32dll\cms_lcl.h"
Copying: ./crypto/cms/cms_lcl.h to tmp32dll/cms_lcl.h
	perl .\util\copy-if-different.pl ".\crypto\conf\conf_def.h" "tmp32dll\conf_def.h"
Copying: ./crypto/conf/conf_def.h to tmp32dll/conf_def.h
	perl .\util\copy-if-different.pl ".\crypto\ui\ui_locl.h" "tmp32dll\ui_locl.h"
Copying: ./crypto/ui/ui_locl.h to tmp32dll/ui_locl.h
	perl .\util\copy-if-different.pl ".\crypto\whrlpool\wp_locl.h" "tmp32dll\wp_locl.h"
Copying: ./crypto/whrlpool/wp_locl.h to tmp32dll/wp_locl.h
	perl .\util\copy-if-different.pl ".\ssl\ssl_locl.h" "tmp32dll\ssl_locl.h"
Copying: ./ssl/ssl_locl.h to tmp32dll/ssl_locl.h
	perl .\util\copy-if-different.pl ".\ssl\kssl_lcl.h" "tmp32dll\kssl_lcl.h"
Copying: ./ssl/kssl_lcl.h to tmp32dll/kssl_lcl.h
	perl .\util\copy-if-different.pl ".\apps\apps.h" "tmp32dll\apps.h"
Copying: ./apps/apps.h to tmp32dll/apps.h
	perl .\util\copy-if-different.pl ".\apps\progs.h" "tmp32dll\progs.h"
Copying: ./apps/progs.h to tmp32dll/progs.h
	perl .\util\copy-if-different.pl ".\apps\s_apps.h" "tmp32dll\s_apps.h"
Copying: ./apps/s_apps.h to tmp32dll/s_apps.h
	perl .\util\copy-if-different.pl ".\apps\testdsa.h" "tmp32dll\testdsa.h"
Copying: ./apps/testdsa.h to tmp32dll/testdsa.h
	perl .\util\copy-if-different.pl ".\apps\testrsa.h" "tmp32dll\testrsa.h"
Copying: ./apps/testrsa.h to tmp32dll/testrsa.h
	perl .\util\copy-if-different.pl ".\engines\e_4758cca_err.c" "tmp32dll\e_4758cca_err.c"
Copying: ./engines/e_4758cca_err.c to tmp32dll/e_4758cca_err.c
	perl .\util\copy-if-different.pl ".\engines\e_4758cca_err.h" "tmp32dll\e_4758cca_err.h"
Copying: ./engines/e_4758cca_err.h to tmp32dll/e_4758cca_err.h
	perl .\util\copy-if-different.pl ".\engines\e_aep_err.c" "tmp32dll\e_aep_err.c"
Copying: ./engines/e_aep_err.c to tmp32dll/e_aep_err.c
	perl .\util\copy-if-different.pl ".\engines\e_aep_err.h" "tmp32dll\e_aep_err.h"
Copying: ./engines/e_aep_err.h to tmp32dll/e_aep_err.h
	perl .\util\copy-if-different.pl ".\engines\e_atalla_err.c" "tmp32dll\e_atalla_err.c"
Copying: ./engines/e_atalla_err.c to tmp32dll/e_atalla_err.c
	perl .\util\copy-if-different.pl ".\engines\e_atalla_err.h" "tmp32dll\e_atalla_err.h"
Copying: ./engines/e_atalla_err.h to tmp32dll/e_atalla_err.h
	perl .\util\copy-if-different.pl ".\engines\e_cswift_err.c" "tmp32dll\e_cswift_err.c"
Copying: ./engines/e_cswift_err.c to tmp32dll/e_cswift_err.c
	perl .\util\copy-if-different.pl ".\engines\e_cswift_err.h" "tmp32dll\e_cswift_err.h"
Copying: ./engines/e_cswift_err.h to tmp32dll/e_cswift_err.h
	perl .\util\copy-if-different.pl ".\engines\e_gmp_err.c" "tmp32dll\e_gmp_err.c"
Copying: ./engines/e_gmp_err.c to tmp32dll/e_gmp_err.c
	perl .\util\copy-if-different.pl ".\engines\e_gmp_err.h" "tmp32dll\e_gmp_err.h"
Copying: ./engines/e_gmp_err.h to tmp32dll/e_gmp_err.h
	perl .\util\copy-if-different.pl ".\engines\e_chil_err.c" "tmp32dll\e_chil_err.c"
Copying: ./engines/e_chil_err.c to tmp32dll/e_chil_err.c
	perl .\util\copy-if-different.pl ".\engines\e_chil_err.h" "tmp32dll\e_chil_err.h"
Copying: ./engines/e_chil_err.h to tmp32dll/e_chil_err.h
	perl .\util\copy-if-different.pl ".\engines\e_nuron_err.c" "tmp32dll\e_nuron_err.c"
Copying: ./engines/e_nuron_err.c to tmp32dll/e_nuron_err.c
	perl .\util\copy-if-different.pl ".\engines\e_nuron_err.h" "tmp32dll\e_nuron_err.h"
Copying: ./engines/e_nuron_err.h to tmp32dll/e_nuron_err.h
	perl .\util\copy-if-different.pl ".\engines\e_sureware_err.c" "tmp32dll\e_sureware_err.c"
Copying: ./engines/e_sureware_err.c to tmp32dll/e_sureware_err.c
	perl .\util\copy-if-different.pl ".\engines\e_sureware_err.h" "tmp32dll\e_sureware_err.h"
Copying: ./engines/e_sureware_err.h to tmp32dll/e_sureware_err.h
	perl .\util\copy-if-different.pl ".\engines\e_ubsec_err.c" "tmp32dll\e_ubsec_err.c"
Copying: ./engines/e_ubsec_err.c to tmp32dll/e_ubsec_err.c
	perl .\util\copy-if-different.pl ".\engines\e_ubsec_err.h" "tmp32dll\e_ubsec_err.h"
Copying: ./engines/e_ubsec_err.h to tmp32dll/e_ubsec_err.h
	perl .\util\copy-if-different.pl ".\engines\e_capi_err.c" "tmp32dll\e_capi_err.c"
Copying: ./engines/e_capi_err.c to tmp32dll/e_capi_err.c
	perl .\util\copy-if-different.pl ".\engines\e_capi_err.h" "tmp32dll\e_capi_err.h"
Copying: ./engines/e_capi_err.h to tmp32dll/e_capi_err.h
	perl .\util\copy-if-different.pl ".\test\testutil.h" "tmp32dll\testutil.h"
Copying: ./test/testutil.h to tmp32dll/testutil.h
	cl /Fotmp32dll\uplink.obj -Iinc32 -Itmp32dll /MD /Ox /O2 /Ob2 -DOPENSSL_THREADS  -DDSO_WIN32 -W3 -Gs0 -GF -Gy -nologo -DOPENSSL_SYSNAME_WIN32 -DWIN32_LEAN_AND_MEAN -DL_ENDIAN -D_CRT_SECURE_NO_DEPRECATE -DOPENSSL_USE_APPLINK -I. -DOPENSSL_NO_RC5 -DOPENSSL_NO_MD2 -DOPENSSL_NO_KRB5 -DOPENSSL_NO_JPAKE -DOPENSSL_NO_STATIC_ENGINE /Zi /Fdtmp32dll/lib -D_WINDLL  -c ms\uplink.c
uplink.c
c:\program files (x86)\microsoft sdks\windows\v7.1a\include\sal_supp.h(57) : warning C4005: '__useHeader' : macro redefinition
        C:\Program Files (x86)\Microsoft Visual Studio 12.0\VC\include\sal.h(2886) : see previous definition of '__useHeader'
c:\program files (x86)\microsoft sdks\windows\v7.1a\include\specstrings_supp.h(77) : warning C4005: '__on_failure' : macro redefinition
        C:\Program Files (x86)\Microsoft Visual Studio 12.0\VC\include\sal.h(2896) : see previous definition of '__on_failure'
	cl /Fotmp32dll\cryptlib.obj  -Iinc32 -Itmp32dll /MD /Ox /O2 /Ob2 -DOPENSSL_THREADS  -DDSO_WIN32 -W3 -Gs0 -GF -Gy -nologo -DOPENSSL_SYSNAME_WIN32 -DWIN32_LEAN_AND_MEAN -DL_ENDIAN -D_CRT_SECURE_NO_DEPRECATE -DOPENSSL_USE_APPLINK -I. -DOPENSSL_NO_RC5 -DOPENSSL_NO_MD2 -DOPENSSL_NO_KRB5 -DOPENSSL_NO_JPAKE -DOPENSSL_NO_STATIC_ENGINE /Zi /Fdtmp32dll/lib -D_WINDLL  -DOPENSSL_BUILD_SHLIBCRYPTO -c .\crypto\cryptlib.c
cryptlib.c
c:\program files (x86)\microsoft sdks\windows\v7.1a\include\sal_supp.h(57) : warning C4005: '__useHeader' : macro redefinition
        C:\Program Files (x86)\Microsoft Visual Studio 12.0\VC\include\sal.h(2886) : see previous definition of '__useHeader'
c:\program files (x86)\microsoft sdks\windows\v7.1a\include\specstrings_supp.h(77) : warning C4005: '__on_failure' : macro redefinition
        C:\Program Files (x86)\Microsoft Visual Studio 12.0\VC\include\sal.h(2896) : see previous definition of '__on_failure'
	cl /Fotmp32dll\mem.obj  -Iinc32 -Itmp32dll /MD /Ox /O2 /Ob2 -DOPENSSL_THREADS  -DDSO_WIN32 -W3 -Gs0 -GF -Gy -nologo -DOPENSSL_SYSNAME_WIN32 -DWIN32_LEAN_AND_MEAN -DL_ENDIAN -D_CRT_SECURE_NO_DEPRECATE -DOPENSSL_USE_APPLINK -I. -DOPENSSL_NO_RC5 -DOPENSSL_NO_MD2 -DOPENSSL_NO_KRB5 -DOPENSSL_NO_JPAKE -DOPENSSL_NO_STATIC_ENGINE /Zi /Fdtmp32dll/lib -D_WINDLL  -DOPENSSL_BUILD_SHLIBCRYPTO -c .\crypto\mem.c
mem.c
c:\program files (x86)\microsoft sdks\windows\v7.1a\include\sal_supp.h(57) : warning C4005: '__useHeader' : macro redefinition
        C:\Program Files (x86)\Microsoft Visual Studio 12.0\VC\include\sal.h(2886) : see previous definition of '__useHeader'
c:\program files (x86)\microsoft sdks\windows\v7.1a\include\specstrings_supp.h(77) : warning C4005: '__on_failure' : macro redefinition
        C:\Program Files (x86)\Microsoft Visual Studio 12.0\VC\include\sal.h(2896) : see previous definition of '__on_failure'
	cl /Fotmp32dll\mem_dbg.obj  -Iinc32 -Itmp32dll /MD /Ox /O2 /Ob2 -DOPENSSL_THREADS  -DDSO_WIN32 -W3 -Gs0 -GF -Gy -nologo -DOPENSSL_SYSNAME_WIN32 -DWIN32_LEAN_AND_MEAN -DL_ENDIAN -D_CRT_SECURE_NO_DEPRECATE -DOPENSSL_USE_APPLINK -I. -DOPENSSL_NO_RC5 -DOPENSSL_NO_MD2 -DOPENSSL_NO_KRB5 -DOPENSSL_NO_JPAKE -DOPENSSL_NO_STATIC_ENGINE /Zi /Fdtmp32dll/lib -D_WINDLL  -DOPENSSL_BUILD_SHLIBCRYPTO -c .\crypto\mem_dbg.c
mem_dbg.c
c:\program files (x86)\microsoft sdks\windows\v7.1a\include\sal_supp.h(57) : warning C4005: '__useHeader' : macro redefinition
        C:\Program Files (x86)\Microsoft Visual Studio 12.0\VC\include\sal.h(2886) : see previous definition of '__useHeader'
c:\program files (x86)\microsoft sdks\windows\v7.1a\include\specstrings_supp.h(77) : warning C4005: '__on_failure' : macro redefinition
        C:\Program Files (x86)\Microsoft Visual Studio 12.0\VC\include\sal.h(2896) : see previous definition of '__on_failure'
	cl /Fotmp32dll\cversion.obj  -Iinc32 -Itmp32dll /MD /Ox /O2 /Ob2 -DOPENSSL_THREADS  -DDSO_WIN32 -W3 -Gs0 -GF -Gy -nologo -DOPENSSL_SYSNAME_WIN32 -DWIN32_LEAN_AND_MEAN -DL_ENDIAN -D_CRT_SECURE_NO_DEPRECATE -DOPENSSL_USE_APPLINK -I. -DOPENSSL_NO_RC5 -DOPENSSL_NO_MD2 -DOPENSSL_NO_KRB5 -DOPENSSL_NO_JPAKE -DOPENSSL_NO_STATIC_ENGINE /Zi /Fdtmp32dll/lib -D_WINDLL  -DOPENSSL_BUILD_SHLIBCRYPTO -DMK1MF_BUILD -DMK1MF_PLATFORM_VC_WIN32 -c .\crypto\cversion.c
cversion.c
c:\program files (x86)\microsoft sdks\windows\v7.1a\include\sal_supp.h(57) : warning C4005: '__useHeader' : macro redefinition
        C:\Program Files (x86)\Microsoft Visual Studio 12.0\VC\include\sal.h(2886) : see previous definition of '__useHeader'
c:\program files (x86)\microsoft sdks\windows\v7.1a\include\specstrings_supp.h(77) : warning C4005: '__on_failure' : macro redefinition
        C:\Program Files (x86)\Microsoft Visual Studio 12.0\VC\include\sal.h(2896) : see previous definition of '__on_failure'
	cl /Fotmp32dll\ex_data.obj  -Iinc32 -Itmp32dll /MD /Ox /O2 /Ob2 -DOPENSSL_THREADS  -DDSO_WIN32 -W3 -Gs0 -GF -Gy -nologo -DOPENSSL_SYSNAME_WIN32 -DWIN32_LEAN_AND_MEAN -DL_ENDIAN -D_CRT_SECURE_NO_DEPRECATE -DOPENSSL_USE_APPLINK -I. -DOPENSSL_NO_RC5 -DOPENSSL_NO_MD2 -DOPENSSL_NO_KRB5 -DOPENSSL_NO_JPAKE -DOPENSSL_NO_STATIC_ENGINE /Zi /Fdtmp32dll/lib -D_WINDLL  -DOPENSSL_BUILD_SHLIBCRYPTO -c .\crypto\ex_data.c
ex_data.c
c:\program files (x86)\microsoft sdks\windows\v7.1a\include\sal_supp.h(57) : warning C4005: '__useHeader' : macro redefinition
        C:\Program Files (x86)\Microsoft Visual Studio 12.0\VC\include\sal.h(2886) : see previous definition of '__useHeader'
c:\program files (x86)\microsoft sdks\windows\v7.1a\include\specstrings_supp.h(77) : warning C4005: '__on_failure' : macro redefinition
        C:\Program Files (x86)\Microsoft Visual Studio 12.0\VC\include\sal.h(2896) : see previous definition of '__on_failure'
	cl /Fotmp32dll\cpt_err.obj  -Iinc32 -Itmp32dll /MD /Ox /O2 /Ob2 -DOPENSSL_THREADS  -DDSO_WIN32 -W3 -Gs0 -GF -Gy -nologo -DOPENSSL_SYSNAME_WIN32 -DWIN32_LEAN_AND_MEAN -DL_ENDIAN -D_CRT_SECURE_NO_DEPRECATE -DOPENSSL_USE_APPLINK -I. -DOPENSSL_NO_RC5 -DOPENSSL_NO_MD2 -DOPENSSL_NO_KRB5 -DOPENSSL_NO_JPAKE -DOPENSSL_NO_STATIC_ENGINE /Zi /Fdtmp32dll/lib -D_WINDLL  -DOPENSSL_BUILD_SHLIBCRYPTO -c .\crypto\cpt_err.c
cpt_err.c
	cl /Fotmp32dll\ebcdic.obj  -Iinc32 -Itmp32dll /MD /Ox /O2 /Ob2 -DOPENSSL_THREADS  -DDSO_WIN32 -W3 -Gs0 -GF -Gy -nologo -DOPENSSL_SYSNAME_WIN32 -DWIN32_LEAN_AND_MEAN -DL_ENDIAN -D_CRT_SECURE_NO_DEPRECATE -DOPENSSL_USE_APPLINK -I. -DOPENSSL_NO_RC5 -DOPENSSL_NO_MD2 -DOPENSSL_NO_KRB5 -DOPENSSL_NO_JPAKE -DOPENSSL_NO_STATIC_ENGINE /Zi /Fdtmp32dll/lib -D_WINDLL  -DOPENSSL_BUILD_SHLIBCRYPTO -c .\crypto\ebcdic.c
ebcdic.c
	cl /Fotmp32dll\uid.obj  -Iinc32 -Itmp32dll /MD /Ox /O2 /Ob2 -DOPENSSL_THREADS  -DDSO_WIN32 -W3 -Gs0 -GF -Gy -nologo -DOPENSSL_SYSNAME_WIN32 -DWIN32_LEAN_AND_MEAN -DL_ENDIAN -D_CRT_SECURE_NO_DEPRECATE -DOPENSSL_USE_APPLINK -I. -DOPENSSL_NO_RC5 -DOPENSSL_NO_MD2 -DOPENSSL_NO_KRB5 -DOPENSSL_NO_JPAKE -DOPENSSL_NO_STATIC_ENGINE /Zi /Fdtmp32dll/lib -D_WINDLL  -DOPENSSL_BUILD_SHLIBCRYPTO -c .\crypto\uid.c
uid.c
	cl /Fotmp32dll\o_time.obj  -Iinc32 -Itmp32dll /MD /Ox /O2 /Ob2 -DOPENSSL_THREADS  -DDSO_WIN32 -W3 -Gs0 -GF -Gy -nologo -DOPENSSL_SYSNAME_WIN32 -DWIN32_LEAN_AND_MEAN -DL_ENDIAN -D_CRT_SECURE_NO_DEPRECATE -DOPENSSL_USE_APPLINK -I. -DOPENSSL_NO_RC5 -DOPENSSL_NO_MD2 -DOPENSSL_NO_KRB5 -DOPENSSL_NO_JPAKE -DOPENSSL_NO_STATIC_ENGINE /Zi /Fdtmp32dll/lib -D_WINDLL  -DOPENSSL_BUILD_SHLIBCRYPTO -c .\crypto\o_time.c
o_time.c
	cl /Fotmp32dll\o_str.obj  -Iinc32 -Itmp32dll /MD /Ox /O2 /Ob2 -DOPENSSL_THREADS  -DDSO_WIN32 -W3 -Gs0 -GF -Gy -nologo -DOPENSSL_SYSNAME_WIN32 -DWIN32_LEAN_AND_MEAN -DL_ENDIAN -D_CRT_SECURE_NO_DEPRECATE -DOPENSSL_USE_APPLINK -I. -DOPENSSL_NO_RC5 -DOPENSSL_NO_MD2 -DOPENSSL_NO_KRB5 -DOPENSSL_NO_JPAKE -DOPENSSL_NO_STATIC_ENGINE /Zi /Fdtmp32dll/lib -D_WINDLL  -DOPENSSL_BUILD_SHLIBCRYPTO -c .\crypto\o_str.c
o_str.c
c:\program files (x86)\microsoft sdks\windows\v7.1a\include\sal_supp.h(57) : warning C4005: '__useHeader' : macro redefinition
        C:\Program Files (x86)\Microsoft Visual Studio 12.0\VC\include\sal.h(2886) : see previous definition of '__useHeader'
c:\program files (x86)\microsoft sdks\windows\v7.1a\include\specstrings_supp.h(77) : warning C4005: '__on_failure' : macro redefinition
        C:\Program Files (x86)\Microsoft Visual Studio 12.0\VC\include\sal.h(2896) : see previous definition of '__on_failure'
	cl /Fotmp32dll\o_dir.obj  -Iinc32 -Itmp32dll /MD /Ox /O2 /Ob2 -DOPENSSL_THREADS  -DDSO_WIN32 -W3 -Gs0 -GF -Gy -nologo -DOPENSSL_SYSNAME_WIN32 -DWIN32_LEAN_AND_MEAN -DL_ENDIAN -D_CRT_SECURE_NO_DEPRECATE -DOPENSSL_USE_APPLINK -I. -DOPENSSL_NO_RC5 -DOPENSSL_NO_MD2 -DOPENSSL_NO_KRB5 -DOPENSSL_NO_JPAKE -DOPENSSL_NO_STATIC_ENGINE /Zi /Fdtmp32dll/lib -D_WINDLL  -DOPENSSL_BUILD_SHLIBCRYPTO -c .\crypto\o_dir.c
o_dir.c
c:\program files (x86)\microsoft sdks\windows\v7.1a\include\sal_supp.h(57) : warning C4005: '__useHeader' : macro redefinition
        C:\Program Files (x86)\Microsoft Visual Studio 12.0\VC\include\sal.h(2886) : see previous definition of '__useHeader'
c:\program files (x86)\microsoft sdks\windows\v7.1a\include\specstrings_supp.h(77) : warning C4005: '__on_failure' : macro redefinition
        C:\Program Files (x86)\Microsoft Visual Studio 12.0\VC\include\sal.h(2896) : see previous definition of '__on_failure'
	cl /Fotmp32dll\o_fips.obj  -Iinc32 -Itmp32dll /MD /Ox /O2 /Ob2 -DOPENSSL_THREADS  -DDSO_WIN32 -W3 -Gs0 -GF -Gy -nologo -DOPENSSL_SYSNAME_WIN32 -DWIN32_LEAN_AND_MEAN -DL_ENDIAN -D_CRT_SECURE_NO_DEPRECATE -DOPENSSL_USE_APPLINK -I. -DOPENSSL_NO_RC5 -DOPENSSL_NO_MD2 -DOPENSSL_NO_KRB5 -DOPENSSL_NO_JPAKE -DOPENSSL_NO_STATIC_ENGINE /Zi /Fdtmp32dll/lib -D_WINDLL  -DOPENSSL_BUILD_SHLIBCRYPTO -c .\crypto\o_fips.c
o_fips.c
c:\program files (x86)\microsoft sdks\windows\v7.1a\include\sal_supp.h(57) : warning C4005: '__useHeader' : macro redefinition
        C:\Program Files (x86)\Microsoft Visual Studio 12.0\VC\include\sal.h(2886) : see previous definition of '__useHeader'
c:\program files (x86)\microsoft sdks\windows\v7.1a\include\specstrings_supp.h(77) : warning C4005: '__on_failure' : macro redefinition
        C:\Program Files (x86)\Microsoft Visual Studio 12.0\VC\include\sal.h(2896) : see previous definition of '__on_failure'
	cl /Fotmp32dll\o_init.obj  -Iinc32 -Itmp32dll /MD /Ox /O2 /Ob2 -DOPENSSL_THREADS  -DDSO_WIN32 -W3 -Gs0 -GF -Gy -nologo -DOPENSSL_SYSNAME_WIN32 -DWIN32_LEAN_AND_MEAN -DL_ENDIAN -D_CRT_SECURE_NO_DEPRECATE -DOPENSSL_USE_APPLINK -I. -DOPENSSL_NO_RC5 -DOPENSSL_NO_MD2 -DOPENSSL_NO_KRB5 -DOPENSSL_NO_JPAKE -DOPENSSL_NO_STATIC_ENGINE /Zi /Fdtmp32dll/lib -D_WINDLL  -DOPENSSL_BUILD_SHLIBCRYPTO -c .\crypto\o_init.c
o_init.c
c:\program files (x86)\microsoft sdks\windows\v7.1a\include\sal_supp.h(57) : warning C4005: '__useHeader' : macro redefinition
        C:\Program Files (x86)\Microsoft Visual Studio 12.0\VC\include\sal.h(2886) : see previous definition of '__useHeader'
c:\program files (x86)\microsoft sdks\windows\v7.1a\include\specstrings_supp.h(77) : warning C4005: '__on_failure' : macro redefinition
        C:\Program Files (x86)\Microsoft Visual Studio 12.0\VC\include\sal.h(2896) : see previous definition of '__on_failure'
	cl /Fotmp32dll\fips_ers.obj  -Iinc32 -Itmp32dll /MD /Ox /O2 /Ob2 -DOPENSSL_THREADS  -DDSO_WIN32 -W3 -Gs0 -GF -Gy -nologo -DOPENSSL_SYSNAME_WIN32 -DWIN32_LEAN_AND_MEAN -DL_ENDIAN -D_CRT_SECURE_NO_DEPRECATE -DOPENSSL_USE_APPLINK -I. -DOPENSSL_NO_RC5 -DOPENSSL_NO_MD2 -DOPENSSL_NO_KRB5 -DOPENSSL_NO_JPAKE -DOPENSSL_NO_STATIC_ENGINE /Zi /Fdtmp32dll/lib -D_WINDLL  -DOPENSSL_BUILD_SHLIBCRYPTO -c .\crypto\fips_ers.c
fips_ers.c
	cl /Fotmp32dll\mem_clr.obj  -Iinc32 -Itmp32dll /MD /Ox /O2 /Ob2 -DOPENSSL_THREADS  -DDSO_WIN32 -W3 -Gs0 -GF -Gy -nologo -DOPENSSL_SYSNAME_WIN32 -DWIN32_LEAN_AND_MEAN -DL_ENDIAN -D_CRT_SECURE_NO_DEPRECATE -DOPENSSL_USE_APPLINK -I. -DOPENSSL_NO_RC5 -DOPENSSL_NO_MD2 -DOPENSSL_NO_KRB5 -DOPENSSL_NO_JPAKE -DOPENSSL_NO_STATIC_ENGINE /Zi /Fdtmp32dll/lib -D_WINDLL  -DOPENSSL_BUILD_SHLIBCRYPTO -c .\crypto\mem_clr.c
mem_clr.c
	cl /Fotmp32dll\md4_dgst.obj  -Iinc32 -Itmp32dll /MD /Ox /O2 /Ob2 -DOPENSSL_THREADS  -DDSO_WIN32 -W3 -Gs0 -GF -Gy -nologo -DOPENSSL_SYSNAME_WIN32 -DWIN32_LEAN_AND_MEAN -DL_ENDIAN -D_CRT_SECURE_NO_DEPRECATE -DOPENSSL_USE_APPLINK -I. -DOPENSSL_NO_RC5 -DOPENSSL_NO_MD2 -DOPENSSL_NO_KRB5 -DOPENSSL_NO_JPAKE -DOPENSSL_NO_STATIC_ENGINE /Zi /Fdtmp32dll/lib -D_WINDLL  -DOPENSSL_BUILD_SHLIBCRYPTO -c .\crypto\md4\md4_dgst.c
md4_dgst.c
	cl /Fotmp32dll\md4_one.obj  -Iinc32 -Itmp32dll /MD /Ox /O2 /Ob2 -DOPENSSL_THREADS  -DDSO_WIN32 -W3 -Gs0 -GF -Gy -nologo -DOPENSSL_SYSNAME_WIN32 -DWIN32_LEAN_AND_MEAN -DL_ENDIAN -D_CRT_SECURE_NO_DEPRECATE -DOPENSSL_USE_APPLINK -I. -DOPENSSL_NO_RC5 -DOPENSSL_NO_MD2 -DOPENSSL_NO_KRB5 -DOPENSSL_NO_JPAKE -DOPENSSL_NO_STATIC_ENGINE /Zi /Fdtmp32dll/lib -D_WINDLL  -DOPENSSL_BUILD_SHLIBCRYPTO -c .\crypto\md4\md4_one.c
md4_one.c
	cl /Fotmp32dll\md5_dgst.obj  -Iinc32 -Itmp32dll /MD /Ox /O2 /Ob2 -DOPENSSL_THREADS  -DDSO_WIN32 -W3 -Gs0 -GF -Gy -nologo -DOPENSSL_SYSNAME_WIN32 -DWIN32_LEAN_AND_MEAN -DL_ENDIAN -D_CRT_SECURE_NO_DEPRECATE -DOPENSSL_USE_APPLINK -I. -DOPENSSL_NO_RC5 -DOPENSSL_NO_MD2 -DOPENSSL_NO_KRB5 -DOPENSSL_NO_JPAKE -DOPENSSL_NO_STATIC_ENGINE /Zi /Fdtmp32dll/lib -D_WINDLL  -DOPENSSL_BUILD_SHLIBCRYPTO -c .\crypto\md5\md5_dgst.c
md5_dgst.c
	cl /Fotmp32dll\md5_one.obj  -Iinc32 -Itmp32dll /MD /Ox /O2 /Ob2 -DOPENSSL_THREADS  -DDSO_WIN32 -W3 -Gs0 -GF -Gy -nologo -DOPENSSL_SYSNAME_WIN32 -DWIN32_LEAN_AND_MEAN -DL_ENDIAN -D_CRT_SECURE_NO_DEPRECATE -DOPENSSL_USE_APPLINK -I. -DOPENSSL_NO_RC5 -DOPENSSL_NO_MD2 -DOPENSSL_NO_KRB5 -DOPENSSL_NO_JPAKE -DOPENSSL_NO_STATIC_ENGINE /Zi /Fdtmp32dll/lib -D_WINDLL  -DOPENSSL_BUILD_SHLIBCRYPTO -c .\crypto\md5\md5_one.c
md5_one.c
	cl /Fotmp32dll\sha_dgst.obj  -Iinc32 -Itmp32dll /MD /Ox /O2 /Ob2 -DOPENSSL_THREADS  -DDSO_WIN32 -W3 -Gs0 -GF -Gy -nologo -DOPENSSL_SYSNAME_WIN32 -DWIN32_LEAN_AND_MEAN -DL_ENDIAN -D_CRT_SECURE_NO_DEPRECATE -DOPENSSL_USE_APPLINK -I. -DOPENSSL_NO_RC5 -DOPENSSL_NO_MD2 -DOPENSSL_NO_KRB5 -DOPENSSL_NO_JPAKE -DOPENSSL_NO_STATIC_ENGINE /Zi /Fdtmp32dll/lib -D_WINDLL  -DOPENSSL_BUILD_SHLIBCRYPTO -c .\crypto\sha\sha_dgst.c
sha_dgst.c
	cl /Fotmp32dll\sha1dgst.obj  -Iinc32 -Itmp32dll /MD /Ox /O2 /Ob2 -DOPENSSL_THREADS  -DDSO_WIN32 -W3 -Gs0 -GF -Gy -nologo -DOPENSSL_SYSNAME_WIN32 -DWIN32_LEAN_AND_MEAN -DL_ENDIAN -D_CRT_SECURE_NO_DEPRECATE -DOPENSSL_USE_APPLINK -I. -DOPENSSL_NO_RC5 -DOPENSSL_NO_MD2 -DOPENSSL_NO_KRB5 -DOPENSSL_NO_JPAKE -DOPENSSL_NO_STATIC_ENGINE /Zi /Fdtmp32dll/lib -D_WINDLL  -DOPENSSL_BUILD_SHLIBCRYPTO -c .\crypto\sha\sha1dgst.c
sha1dgst.c
	cl /Fotmp32dll\sha_one.obj  -Iinc32 -Itmp32dll /MD /Ox /O2 /Ob2 -DOPENSSL_THREADS  -DDSO_WIN32 -W3 -Gs0 -GF -Gy -nologo -DOPENSSL_SYSNAME_WIN32 -DWIN32_LEAN_AND_MEAN -DL_ENDIAN -D_CRT_SECURE_NO_DEPRECATE -DOPENSSL_USE_APPLINK -I. -DOPENSSL_NO_RC5 -DOPENSSL_NO_MD2 -DOPENSSL_NO_KRB5 -DOPENSSL_NO_JPAKE -DOPENSSL_NO_STATIC_ENGINE /Zi /Fdtmp32dll/lib -D_WINDLL  -DOPENSSL_BUILD_SHLIBCRYPTO -c .\crypto\sha\sha_one.c
sha_one.c
	cl /Fotmp32dll\sha1_one.obj  -Iinc32 -Itmp32dll /MD /Ox /O2 /Ob2 -DOPENSSL_THREADS  -DDSO_WIN32 -W3 -Gs0 -GF -Gy -nologo -DOPENSSL_SYSNAME_WIN32 -DWIN32_LEAN_AND_MEAN -DL_ENDIAN -D_CRT_SECURE_NO_DEPRECATE -DOPENSSL_USE_APPLINK -I. -DOPENSSL_NO_RC5 -DOPENSSL_NO_MD2 -DOPENSSL_NO_KRB5 -DOPENSSL_NO_JPAKE -DOPENSSL_NO_STATIC_ENGINE /Zi /Fdtmp32dll/lib -D_WINDLL  -DOPENSSL_BUILD_SHLIBCRYPTO -c .\crypto\sha\sha1_one.c
sha1_one.c
	cl /Fotmp32dll\sha256.obj  -Iinc32 -Itmp32dll /MD /Ox /O2 /Ob2 -DOPENSSL_THREADS  -DDSO_WIN32 -W3 -Gs0 -GF -Gy -nologo -DOPENSSL_SYSNAME_WIN32 -DWIN32_LEAN_AND_MEAN -DL_ENDIAN -D_CRT_SECURE_NO_DEPRECATE -DOPENSSL_USE_APPLINK -I. -DOPENSSL_NO_RC5 -DOPENSSL_NO_MD2 -DOPENSSL_NO_KRB5 -DOPENSSL_NO_JPAKE -DOPENSSL_NO_STATIC_ENGINE /Zi /Fdtmp32dll/lib -D_WINDLL  -DOPENSSL_BUILD_SHLIBCRYPTO -c .\crypto\sha\sha256.c
sha256.c
	cl /Fotmp32dll\sha512.obj  -Iinc32 -Itmp32dll /MD /Ox /O2 /Ob2 -DOPENSSL_THREADS  -DDSO_WIN32 -W3 -Gs0 -GF -Gy -nologo -DOPENSSL_SYSNAME_WIN32 -DWIN32_LEAN_AND_MEAN -DL_ENDIAN -D_CRT_SECURE_NO_DEPRECATE -DOPENSSL_USE_APPLINK -I. -DOPENSSL_NO_RC5 -DOPENSSL_NO_MD2 -DOPENSSL_NO_KRB5 -DOPENSSL_NO_JPAKE -DOPENSSL_NO_STATIC_ENGINE /Zi /Fdtmp32dll/lib -D_WINDLL  -DOPENSSL_BUILD_SHLIBCRYPTO -c .\crypto\sha\sha512.c
sha512.c
c:\program files (x86)\microsoft sdks\windows\v7.1a\include\sal_supp.h(57) : warning C4005: '__useHeader' : macro redefinition
        C:\Program Files (x86)\Microsoft Visual Studio 12.0\VC\include\sal.h(2886) : see previous definition of '__useHeader'
c:\program files (x86)\microsoft sdks\windows\v7.1a\include\specstrings_supp.h(77) : warning C4005: '__on_failure' : macro redefinition
        C:\Program Files (x86)\Microsoft Visual Studio 12.0\VC\include\sal.h(2896) : see previous definition of '__on_failure'
	cl /Fotmp32dll\mdc2dgst.obj  -Iinc32 -Itmp32dll /MD /Ox /O2 /Ob2 -DOPENSSL_THREADS  -DDSO_WIN32 -W3 -Gs0 -GF -Gy -nologo -DOPENSSL_SYSNAME_WIN32 -DWIN32_LEAN_AND_MEAN -DL_ENDIAN -D_CRT_SECURE_NO_DEPRECATE -DOPENSSL_USE_APPLINK -I. -DOPENSSL_NO_RC5 -DOPENSSL_NO_MD2 -DOPENSSL_NO_KRB5 -DOPENSSL_NO_JPAKE -DOPENSSL_NO_STATIC_ENGINE /Zi /Fdtmp32dll/lib -D_WINDLL  -DOPENSSL_BUILD_SHLIBCRYPTO -c .\crypto\mdc2\mdc2dgst.c
mdc2dgst.c
	cl /Fotmp32dll\mdc2_one.obj  -Iinc32 -Itmp32dll /MD /Ox /O2 /Ob2 -DOPENSSL_THREADS  -DDSO_WIN32 -W3 -Gs0 -GF -Gy -nologo -DOPENSSL_SYSNAME_WIN32 -DWIN32_LEAN_AND_MEAN -DL_ENDIAN -D_CRT_SECURE_NO_DEPRECATE -DOPENSSL_USE_APPLINK -I. -DOPENSSL_NO_RC5 -DOPENSSL_NO_MD2 -DOPENSSL_NO_KRB5 -DOPENSSL_NO_JPAKE -DOPENSSL_NO_STATIC_ENGINE /Zi /Fdtmp32dll/lib -D_WINDLL  -DOPENSSL_BUILD_SHLIBCRYPTO -c .\crypto\mdc2\mdc2_one.c
mdc2_one.c
c:\program files (x86)\microsoft sdks\windows\v7.1a\include\sal_supp.h(57) : warning C4005: '__useHeader' : macro redefinition
        C:\Program Files (x86)\Microsoft Visual Studio 12.0\VC\include\sal.h(2886) : see previous definition of '__useHeader'
c:\program files (x86)\microsoft sdks\windows\v7.1a\include\specstrings_supp.h(77) : warning C4005: '__on_failure' : macro redefinition
        C:\Program Files (x86)\Microsoft Visual Studio 12.0\VC\include\sal.h(2896) : see previous definition of '__on_failure'
	cl /Fotmp32dll\hmac.obj  -Iinc32 -Itmp32dll /MD /Ox /O2 /Ob2 -DOPENSSL_THREADS  -DDSO_WIN32 -W3 -Gs0 -GF -Gy -nologo -DOPENSSL_SYSNAME_WIN32 -DWIN32_LEAN_AND_MEAN -DL_ENDIAN -D_CRT_SECURE_NO_DEPRECATE -DOPENSSL_USE_APPLINK -I. -DOPENSSL_NO_RC5 -DOPENSSL_NO_MD2 -DOPENSSL_NO_KRB5 -DOPENSSL_NO_JPAKE -DOPENSSL_NO_STATIC_ENGINE /Zi /Fdtmp32dll/lib -D_WINDLL  -DOPENSSL_BUILD_SHLIBCRYPTO -c .\crypto\hmac\hmac.c
hmac.c
c:\program files (x86)\microsoft sdks\windows\v7.1a\include\sal_supp.h(57) : warning C4005: '__useHeader' : macro redefinition
        C:\Program Files (x86)\Microsoft Visual Studio 12.0\VC\include\sal.h(2886) : see previous definition of '__useHeader'
c:\program files (x86)\microsoft sdks\windows\v7.1a\include\specstrings_supp.h(77) : warning C4005: '__on_failure' : macro redefinition
        C:\Program Files (x86)\Microsoft Visual Studio 12.0\VC\include\sal.h(2896) : see previous definition of '__on_failure'
	cl /Fotmp32dll\hm_ameth.obj  -Iinc32 -Itmp32dll /MD /Ox /O2 /Ob2 -DOPENSSL_THREADS  -DDSO_WIN32 -W3 -Gs0 -GF -Gy -nologo -DOPENSSL_SYSNAME_WIN32 -DWIN32_LEAN_AND_MEAN -DL_ENDIAN -D_CRT_SECURE_NO_DEPRECATE -DOPENSSL_USE_APPLINK -I. -DOPENSSL_NO_RC5 -DOPENSSL_NO_MD2 -DOPENSSL_NO_KRB5 -DOPENSSL_NO_JPAKE -DOPENSSL_NO_STATIC_ENGINE /Zi /Fdtmp32dll/lib -D_WINDLL  -DOPENSSL_BUILD_SHLIBCRYPTO -c .\crypto\hmac\hm_ameth.c
hm_ameth.c
c:\program files (x86)\microsoft sdks\windows\v7.1a\include\sal_supp.h(57) : warning C4005: '__useHeader' : macro redefinition
        C:\Program Files (x86)\Microsoft Visual Studio 12.0\VC\include\sal.h(2886) : see previous definition of '__useHeader'
c:\program files (x86)\microsoft sdks\windows\v7.1a\include\specstrings_supp.h(77) : warning C4005: '__on_failure' : macro redefinition
        C:\Program Files (x86)\Microsoft Visual Studio 12.0\VC\include\sal.h(2896) : see previous definition of '__on_failure'
	cl /Fotmp32dll\hm_pmeth.obj  -Iinc32 -Itmp32dll /MD /Ox /O2 /Ob2 -DOPENSSL_THREADS  -DDSO_WIN32 -W3 -Gs0 -GF -Gy -nologo -DOPENSSL_SYSNAME_WIN32 -DWIN32_LEAN_AND_MEAN -DL_ENDIAN -D_CRT_SECURE_NO_DEPRECATE -DOPENSSL_USE_APPLINK -I. -DOPENSSL_NO_RC5 -DOPENSSL_NO_MD2 -DOPENSSL_NO_KRB5 -DOPENSSL_NO_JPAKE -DOPENSSL_NO_STATIC_ENGINE /Zi /Fdtmp32dll/lib -D_WINDLL  -DOPENSSL_BUILD_SHLIBCRYPTO -c .\crypto\hmac\hm_pmeth.c
hm_pmeth.c
c:\program files (x86)\microsoft sdks\windows\v7.1a\include\sal_supp.h(57) : warning C4005: '__useHeader' : macro redefinition
        C:\Program Files (x86)\Microsoft Visual Studio 12.0\VC\include\sal.h(2886) : see previous definition of '__useHeader'
c:\program files (x86)\microsoft sdks\windows\v7.1a\include\specstrings_supp.h(77) : warning C4005: '__on_failure' : macro redefinition
        C:\Program Files (x86)\Microsoft Visual Studio 12.0\VC\include\sal.h(2896) : see previous definition of '__on_failure'
	cl /Fotmp32dll\cmac.obj  -Iinc32 -Itmp32dll /MD /Ox /O2 /Ob2 -DOPENSSL_THREADS  -DDSO_WIN32 -W3 -Gs0 -GF -Gy -nologo -DOPENSSL_SYSNAME_WIN32 -DWIN32_LEAN_AND_MEAN -DL_ENDIAN -D_CRT_SECURE_NO_DEPRECATE -DOPENSSL_USE_APPLINK -I. -DOPENSSL_NO_RC5 -DOPENSSL_NO_MD2 -DOPENSSL_NO_KRB5 -DOPENSSL_NO_JPAKE -DOPENSSL_NO_STATIC_ENGINE /Zi /Fdtmp32dll/lib -D_WINDLL  -DOPENSSL_BUILD_SHLIBCRYPTO -c .\crypto\cmac\cmac.c
cmac.c
c:\program files (x86)\microsoft sdks\windows\v7.1a\include\sal_supp.h(57) : warning C4005: '__useHeader' : macro redefinition
        C:\Program Files (x86)\Microsoft Visual Studio 12.0\VC\include\sal.h(2886) : see previous definition of '__useHeader'
c:\program files (x86)\microsoft sdks\windows\v7.1a\include\specstrings_supp.h(77) : warning C4005: '__on_failure' : macro redefinition
        C:\Program Files (x86)\Microsoft Visual Studio 12.0\VC\include\sal.h(2896) : see previous definition of '__on_failure'
	cl /Fotmp32dll\cm_ameth.obj  -Iinc32 -Itmp32dll /MD /Ox /O2 /Ob2 -DOPENSSL_THREADS  -DDSO_WIN32 -W3 -Gs0 -GF -Gy -nologo -DOPENSSL_SYSNAME_WIN32 -DWIN32_LEAN_AND_MEAN -DL_ENDIAN -D_CRT_SECURE_NO_DEPRECATE -DOPENSSL_USE_APPLINK -I. -DOPENSSL_NO_RC5 -DOPENSSL_NO_MD2 -DOPENSSL_NO_KRB5 -DOPENSSL_NO_JPAKE -DOPENSSL_NO_STATIC_ENGINE /Zi /Fdtmp32dll/lib -D_WINDLL  -DOPENSSL_BUILD_SHLIBCRYPTO -c .\crypto\cmac\cm_ameth.c
cm_ameth.c
c:\program files (x86)\microsoft sdks\windows\v7.1a\include\sal_supp.h(57) : warning C4005: '__useHeader' : macro redefinition
        C:\Program Files (x86)\Microsoft Visual Studio 12.0\VC\include\sal.h(2886) : see previous definition of '__useHeader'
c:\program files (x86)\microsoft sdks\windows\v7.1a\include\specstrings_supp.h(77) : warning C4005: '__on_failure' : macro redefinition
        C:\Program Files (x86)\Microsoft Visual Studio 12.0\VC\include\sal.h(2896) : see previous definition of '__on_failure'
	cl /Fotmp32dll\cm_pmeth.obj  -Iinc32 -Itmp32dll /MD /Ox /O2 /Ob2 -DOPENSSL_THREADS  -DDSO_WIN32 -W3 -Gs0 -GF -Gy -nologo -DOPENSSL_SYSNAME_WIN32 -DWIN32_LEAN_AND_MEAN -DL_ENDIAN -D_CRT_SECURE_NO_DEPRECATE -DOPENSSL_USE_APPLINK -I. -DOPENSSL_NO_RC5 -DOPENSSL_NO_MD2 -DOPENSSL_NO_KRB5 -DOPENSSL_NO_JPAKE -DOPENSSL_NO_STATIC_ENGINE /Zi /Fdtmp32dll/lib -D_WINDLL  -DOPENSSL_BUILD_SHLIBCRYPTO -c .\crypto\cmac\cm_pmeth.c
cm_pmeth.c
c:\program files (x86)\microsoft sdks\windows\v7.1a\include\sal_supp.h(57) : warning C4005: '__useHeader' : macro redefinition
        C:\Program Files (x86)\Microsoft Visual Studio 12.0\VC\include\sal.h(2886) : see previous definition of '__useHeader'
c:\program files (x86)\microsoft sdks\windows\v7.1a\include\specstrings_supp.h(77) : warning C4005: '__on_failure' : macro redefinition
        C:\Program Files (x86)\Microsoft Visual Studio 12.0\VC\include\sal.h(2896) : see previous definition of '__on_failure'
	cl /Fotmp32dll\rmd_dgst.obj  -Iinc32 -Itmp32dll /MD /Ox /O2 /Ob2 -DOPENSSL_THREADS  -DDSO_WIN32 -W3 -Gs0 -GF -Gy -nologo -DOPENSSL_SYSNAME_WIN32 -DWIN32_LEAN_AND_MEAN -DL_ENDIAN -D_CRT_SECURE_NO_DEPRECATE -DOPENSSL_USE_APPLINK -I. -DOPENSSL_NO_RC5 -DOPENSSL_NO_MD2 -DOPENSSL_NO_KRB5 -DOPENSSL_NO_JPAKE -DOPENSSL_NO_STATIC_ENGINE /Zi /Fdtmp32dll/lib -D_WINDLL  -DOPENSSL_BUILD_SHLIBCRYPTO -c .\crypto\ripemd\rmd_dgst.c
rmd_dgst.c
	cl /Fotmp32dll\rmd_one.obj  -Iinc32 -Itmp32dll /MD /Ox /O2 /Ob2 -DOPENSSL_THREADS  -DDSO_WIN32 -W3 -Gs0 -GF -Gy -nologo -DOPENSSL_SYSNAME_WIN32 -DWIN32_LEAN_AND_MEAN -DL_ENDIAN -D_CRT_SECURE_NO_DEPRECATE -DOPENSSL_USE_APPLINK -I. -DOPENSSL_NO_RC5 -DOPENSSL_NO_MD2 -DOPENSSL_NO_KRB5 -DOPENSSL_NO_JPAKE -DOPENSSL_NO_STATIC_ENGINE /Zi /Fdtmp32dll/lib -D_WINDLL  -DOPENSSL_BUILD_SHLIBCRYPTO -c .\crypto\ripemd\rmd_one.c
rmd_one.c
	cl /Fotmp32dll\set_key.obj  -Iinc32 -Itmp32dll /MD /Ox /O2 /Ob2 -DOPENSSL_THREADS  -DDSO_WIN32 -W3 -Gs0 -GF -Gy -nologo -DOPENSSL_SYSNAME_WIN32 -DWIN32_LEAN_AND_MEAN -DL_ENDIAN -D_CRT_SECURE_NO_DEPRECATE -DOPENSSL_USE_APPLINK -I. -DOPENSSL_NO_RC5 -DOPENSSL_NO_MD2 -DOPENSSL_NO_KRB5 -DOPENSSL_NO_JPAKE -DOPENSSL_NO_STATIC_ENGINE /Zi /Fdtmp32dll/lib -D_WINDLL  -DOPENSSL_BUILD_SHLIBCRYPTO -c .\crypto\des\set_key.c
set_key.c
	cl /Fotmp32dll\ecb_enc.obj  -Iinc32 -Itmp32dll /MD /Ox /O2 /Ob2 -DOPENSSL_THREADS  -DDSO_WIN32 -W3 -Gs0 -GF -Gy -nologo -DOPENSSL_SYSNAME_WIN32 -DWIN32_LEAN_AND_MEAN -DL_ENDIAN -D_CRT_SECURE_NO_DEPRECATE -DOPENSSL_USE_APPLINK -I. -DOPENSSL_NO_RC5 -DOPENSSL_NO_MD2 -DOPENSSL_NO_KRB5 -DOPENSSL_NO_JPAKE -DOPENSSL_NO_STATIC_ENGINE /Zi /Fdtmp32dll/lib -D_WINDLL  -DOPENSSL_BUILD_SHLIBCRYPTO -c .\crypto\des\ecb_enc.c
ecb_enc.c
	cl /Fotmp32dll\cbc_enc.obj  -Iinc32 -Itmp32dll /MD /Ox /O2 /Ob2 -DOPENSSL_THREADS  -DDSO_WIN32 -W3 -Gs0 -GF -Gy -nologo -DOPENSSL_SYSNAME_WIN32 -DWIN32_LEAN_AND_MEAN -DL_ENDIAN -D_CRT_SECURE_NO_DEPRECATE -DOPENSSL_USE_APPLINK -I. -DOPENSSL_NO_RC5 -DOPENSSL_NO_MD2 -DOPENSSL_NO_KRB5 -DOPENSSL_NO_JPAKE -DOPENSSL_NO_STATIC_ENGINE /Zi /Fdtmp32dll/lib -D_WINDLL  -DOPENSSL_BUILD_SHLIBCRYPTO -c .\crypto\des\cbc_enc.c
cbc_enc.c
	cl /Fotmp32dll\ecb3_enc.obj  -Iinc32 -Itmp32dll /MD /Ox /O2 /Ob2 -DOPENSSL_THREADS  -DDSO_WIN32 -W3 -Gs0 -GF -Gy -nologo -DOPENSSL_SYSNAME_WIN32 -DWIN32_LEAN_AND_MEAN -DL_ENDIAN -D_CRT_SECURE_NO_DEPRECATE -DOPENSSL_USE_APPLINK -I. -DOPENSSL_NO_RC5 -DOPENSSL_NO_MD2 -DOPENSSL_NO_KRB5 -DOPENSSL_NO_JPAKE -DOPENSSL_NO_STATIC_ENGINE /Zi /Fdtmp32dll/lib -D_WINDLL  -DOPENSSL_BUILD_SHLIBCRYPTO -c .\crypto\des\ecb3_enc.c
ecb3_enc.c
	cl /Fotmp32dll\cfb64enc.obj  -Iinc32 -Itmp32dll /MD /Ox /O2 /Ob2 -DOPENSSL_THREADS  -DDSO_WIN32 -W3 -Gs0 -GF -Gy -nologo -DOPENSSL_SYSNAME_WIN32 -DWIN32_LEAN_AND_MEAN -DL_ENDIAN -D_CRT_SECURE_NO_DEPRECATE -DOPENSSL_USE_APPLINK -I. -DOPENSSL_NO_RC5 -DOPENSSL_NO_MD2 -DOPENSSL_NO_KRB5 -DOPENSSL_NO_JPAKE -DOPENSSL_NO_STATIC_ENGINE /Zi /Fdtmp32dll/lib -D_WINDLL  -DOPENSSL_BUILD_SHLIBCRYPTO -c .\crypto\des\cfb64enc.c
cfb64enc.c
	cl /Fotmp32dll\cfb64ede.obj  -Iinc32 -Itmp32dll /MD /Ox /O2 /Ob2 -DOPENSSL_THREADS  -DDSO_WIN32 -W3 -Gs0 -GF -Gy -nologo -DOPENSSL_SYSNAME_WIN32 -DWIN32_LEAN_AND_MEAN -DL_ENDIAN -D_CRT_SECURE_NO_DEPRECATE -DOPENSSL_USE_APPLINK -I. -DOPENSSL_NO_RC5 -DOPENSSL_NO_MD2 -DOPENSSL_NO_KRB5 -DOPENSSL_NO_JPAKE -DOPENSSL_NO_STATIC_ENGINE /Zi /Fdtmp32dll/lib -D_WINDLL  -DOPENSSL_BUILD_SHLIBCRYPTO -c .\crypto\des\cfb64ede.c
cfb64ede.c
c:\program files (x86)\microsoft sdks\windows\v7.1a\include\sal_supp.h(57) : warning C4005: '__useHeader' : macro redefinition
        C:\Program Files (x86)\Microsoft Visual Studio 12.0\VC\include\sal.h(2886) : see previous definition of '__useHeader'
c:\program files (x86)\microsoft sdks\windows\v7.1a\include\specstrings_supp.h(77) : warning C4005: '__on_failure' : macro redefinition
        C:\Program Files (x86)\Microsoft Visual Studio 12.0\VC\include\sal.h(2896) : see previous definition of '__on_failure'
	cl /Fotmp32dll\cfb_enc.obj  -Iinc32 -Itmp32dll /MD /Ox /O2 /Ob2 -DOPENSSL_THREADS  -DDSO_WIN32 -W3 -Gs0 -GF -Gy -nologo -DOPENSSL_SYSNAME_WIN32 -DWIN32_LEAN_AND_MEAN -DL_ENDIAN -D_CRT_SECURE_NO_DEPRECATE -DOPENSSL_USE_APPLINK -I. -DOPENSSL_NO_RC5 -DOPENSSL_NO_MD2 -DOPENSSL_NO_KRB5 -DOPENSSL_NO_JPAKE -DOPENSSL_NO_STATIC_ENGINE /Zi /Fdtmp32dll/lib -D_WINDLL  -DOPENSSL_BUILD_SHLIBCRYPTO -c .\crypto\des\cfb_enc.c
cfb_enc.c
c:\program files (x86)\microsoft sdks\windows\v7.1a\include\sal_supp.h(57) : warning C4005: '__useHeader' : macro redefinition
        C:\Program Files (x86)\Microsoft Visual Studio 12.0\VC\include\sal.h(2886) : see previous definition of '__useHeader'
c:\program files (x86)\microsoft sdks\windows\v7.1a\include\specstrings_supp.h(77) : warning C4005: '__on_failure' : macro redefinition
        C:\Program Files (x86)\Microsoft Visual Studio 12.0\VC\include\sal.h(2896) : see previous definition of '__on_failure'
	cl /Fotmp32dll\ofb64ede.obj  -Iinc32 -Itmp32dll /MD /Ox /O2 /Ob2 -DOPENSSL_THREADS  -DDSO_WIN32 -W3 -Gs0 -GF -Gy -nologo -DOPENSSL_SYSNAME_WIN32 -DWIN32_LEAN_AND_MEAN -DL_ENDIAN -D_CRT_SECURE_NO_DEPRECATE -DOPENSSL_USE_APPLINK -I. -DOPENSSL_NO_RC5 -DOPENSSL_NO_MD2 -DOPENSSL_NO_KRB5 -DOPENSSL_NO_JPAKE -DOPENSSL_NO_STATIC_ENGINE /Zi /Fdtmp32dll/lib -D_WINDLL  -DOPENSSL_BUILD_SHLIBCRYPTO -c .\crypto\des\ofb64ede.c
ofb64ede.c
	cl /Fotmp32dll\enc_read.obj  -Iinc32 -Itmp32dll /MD /Ox /O2 /Ob2 -DOPENSSL_THREADS  -DDSO_WIN32 -W3 -Gs0 -GF -Gy -nologo -DOPENSSL_SYSNAME_WIN32 -DWIN32_LEAN_AND_MEAN -DL_ENDIAN -D_CRT_SECURE_NO_DEPRECATE -DOPENSSL_USE_APPLINK -I. -DOPENSSL_NO_RC5 -DOPENSSL_NO_MD2 -DOPENSSL_NO_KRB5 -DOPENSSL_NO_JPAKE -DOPENSSL_NO_STATIC_ENGINE /Zi /Fdtmp32dll/lib -D_WINDLL  -DOPENSSL_BUILD_SHLIBCRYPTO -c .\crypto\des\enc_read.c
enc_read.c
c:\program files (x86)\microsoft sdks\windows\v7.1a\include\sal_supp.h(57) : warning C4005: '__useHeader' : macro redefinition
        C:\Program Files (x86)\Microsoft Visual Studio 12.0\VC\include\sal.h(2886) : see previous definition of '__useHeader'
c:\program files (x86)\microsoft sdks\windows\v7.1a\include\specstrings_supp.h(77) : warning C4005: '__on_failure' : macro redefinition
        C:\Program Files (x86)\Microsoft Visual Studio 12.0\VC\include\sal.h(2896) : see previous definition of '__on_failure'
	cl /Fotmp32dll\enc_writ.obj  -Iinc32 -Itmp32dll /MD /Ox /O2 /Ob2 -DOPENSSL_THREADS  -DDSO_WIN32 -W3 -Gs0 -GF -Gy -nologo -DOPENSSL_SYSNAME_WIN32 -DWIN32_LEAN_AND_MEAN -DL_ENDIAN -D_CRT_SECURE_NO_DEPRECATE -DOPENSSL_USE_APPLINK -I. -DOPENSSL_NO_RC5 -DOPENSSL_NO_MD2 -DOPENSSL_NO_KRB5 -DOPENSSL_NO_JPAKE -DOPENSSL_NO_STATIC_ENGINE /Zi /Fdtmp32dll/lib -D_WINDLL  -DOPENSSL_BUILD_SHLIBCRYPTO -c .\crypto\des\enc_writ.c
enc_writ.c
c:\program files (x86)\microsoft sdks\windows\v7.1a\include\sal_supp.h(57) : warning C4005: '__useHeader' : macro redefinition
        C:\Program Files (x86)\Microsoft Visual Studio 12.0\VC\include\sal.h(2886) : see previous definition of '__useHeader'
c:\program files (x86)\microsoft sdks\windows\v7.1a\include\specstrings_supp.h(77) : warning C4005: '__on_failure' : macro redefinition
        C:\Program Files (x86)\Microsoft Visual Studio 12.0\VC\include\sal.h(2896) : see previous definition of '__on_failure'
	cl /Fotmp32dll\ofb64enc.obj  -Iinc32 -Itmp32dll /MD /Ox /O2 /Ob2 -DOPENSSL_THREADS  -DDSO_WIN32 -W3 -Gs0 -GF -Gy -nologo -DOPENSSL_SYSNAME_WIN32 -DWIN32_LEAN_AND_MEAN -DL_ENDIAN -D_CRT_SECURE_NO_DEPRECATE -DOPENSSL_USE_APPLINK -I. -DOPENSSL_NO_RC5 -DOPENSSL_NO_MD2 -DOPENSSL_NO_KRB5 -DOPENSSL_NO_JPAKE -DOPENSSL_NO_STATIC_ENGINE /Zi /Fdtmp32dll/lib -D_WINDLL  -DOPENSSL_BUILD_SHLIBCRYPTO -c .\crypto\des\ofb64enc.c
ofb64enc.c
	cl /Fotmp32dll\ofb_enc.obj  -Iinc32 -Itmp32dll /MD /Ox /O2 /Ob2 -DOPENSSL_THREADS  -DDSO_WIN32 -W3 -Gs0 -GF -Gy -nologo -DOPENSSL_SYSNAME_WIN32 -DWIN32_LEAN_AND_MEAN -DL_ENDIAN -D_CRT_SECURE_NO_DEPRECATE -DOPENSSL_USE_APPLINK -I. -DOPENSSL_NO_RC5 -DOPENSSL_NO_MD2 -DOPENSSL_NO_KRB5 -DOPENSSL_NO_JPAKE -DOPENSSL_NO_STATIC_ENGINE /Zi /Fdtmp32dll/lib -D_WINDLL  -DOPENSSL_BUILD_SHLIBCRYPTO -c .\crypto\des\ofb_enc.c
ofb_enc.c
	cl /Fotmp32dll\str2key.obj  -Iinc32 -Itmp32dll /MD /Ox /O2 /Ob2 -DOPENSSL_THREADS  -DDSO_WIN32 -W3 -Gs0 -GF -Gy -nologo -DOPENSSL_SYSNAME_WIN32 -DWIN32_LEAN_AND_MEAN -DL_ENDIAN -D_CRT_SECURE_NO_DEPRECATE -DOPENSSL_USE_APPLINK -I. -DOPENSSL_NO_RC5 -DOPENSSL_NO_MD2 -DOPENSSL_NO_KRB5 -DOPENSSL_NO_JPAKE -DOPENSSL_NO_STATIC_ENGINE /Zi /Fdtmp32dll/lib -D_WINDLL  -DOPENSSL_BUILD_SHLIBCRYPTO -c .\crypto\des\str2key.c
str2key.c
	cl /Fotmp32dll\pcbc_enc.obj  -Iinc32 -Itmp32dll /MD /Ox /O2 /Ob2 -DOPENSSL_THREADS  -DDSO_WIN32 -W3 -Gs0 -GF -Gy -nologo -DOPENSSL_SYSNAME_WIN32 -DWIN32_LEAN_AND_MEAN -DL_ENDIAN -D_CRT_SECURE_NO_DEPRECATE -DOPENSSL_USE_APPLINK -I. -DOPENSSL_NO_RC5 -DOPENSSL_NO_MD2 -DOPENSSL_NO_KRB5 -DOPENSSL_NO_JPAKE -DOPENSSL_NO_STATIC_ENGINE /Zi /Fdtmp32dll/lib -D_WINDLL  -DOPENSSL_BUILD_SHLIBCRYPTO -c .\crypto\des\pcbc_enc.c
pcbc_enc.c
	cl /Fotmp32dll\qud_cksm.obj  -Iinc32 -Itmp32dll /MD /Ox /O2 /Ob2 -DOPENSSL_THREADS  -DDSO_WIN32 -W3 -Gs0 -GF -Gy -nologo -DOPENSSL_SYSNAME_WIN32 -DWIN32_LEAN_AND_MEAN -DL_ENDIAN -D_CRT_SECURE_NO_DEPRECATE -DOPENSSL_USE_APPLINK -I. -DOPENSSL_NO_RC5 -DOPENSSL_NO_MD2 -DOPENSSL_NO_KRB5 -DOPENSSL_NO_JPAKE -DOPENSSL_NO_STATIC_ENGINE /Zi /Fdtmp32dll/lib -D_WINDLL  -DOPENSSL_BUILD_SHLIBCRYPTO -c .\crypto\des\qud_cksm.c
qud_cksm.c
	cl /Fotmp32dll\rand_key.obj  -Iinc32 -Itmp32dll /MD /Ox /O2 /Ob2 -DOPENSSL_THREADS  -DDSO_WIN32 -W3 -Gs0 -GF -Gy -nologo -DOPENSSL_SYSNAME_WIN32 -DWIN32_LEAN_AND_MEAN -DL_ENDIAN -D_CRT_SECURE_NO_DEPRECATE -DOPENSSL_USE_APPLINK -I. -DOPENSSL_NO_RC5 -DOPENSSL_NO_MD2 -DOPENSSL_NO_KRB5 -DOPENSSL_NO_JPAKE -DOPENSSL_NO_STATIC_ENGINE /Zi /Fdtmp32dll/lib -D_WINDLL  -DOPENSSL_BUILD_SHLIBCRYPTO -c .\crypto\des\rand_key.c
rand_key.c
c:\program files (x86)\microsoft sdks\windows\v7.1a\include\sal_supp.h(57) : warning C4005: '__useHeader' : macro redefinition
        C:\Program Files (x86)\Microsoft Visual Studio 12.0\VC\include\sal.h(2886) : see previous definition of '__useHeader'
c:\program files (x86)\microsoft sdks\windows\v7.1a\include\specstrings_supp.h(77) : warning C4005: '__on_failure' : macro redefinition
        C:\Program Files (x86)\Microsoft Visual Studio 12.0\VC\include\sal.h(2896) : see previous definition of '__on_failure'
	cl /Fotmp32dll\des_enc.obj  -Iinc32 -Itmp32dll /MD /Ox /O2 /Ob2 -DOPENSSL_THREADS  -DDSO_WIN32 -W3 -Gs0 -GF -Gy -nologo -DOPENSSL_SYSNAME_WIN32 -DWIN32_LEAN_AND_MEAN -DL_ENDIAN -D_CRT_SECURE_NO_DEPRECATE -DOPENSSL_USE_APPLINK -I. -DOPENSSL_NO_RC5 -DOPENSSL_NO_MD2 -DOPENSSL_NO_KRB5 -DOPENSSL_NO_JPAKE -DOPENSSL_NO_STATIC_ENGINE /Zi /Fdtmp32dll/lib -D_WINDLL  -DOPENSSL_BUILD_SHLIBCRYPTO -c .\crypto\des\des_enc.c
des_enc.c
	cl /Fotmp32dll\fcrypt_b.obj  -Iinc32 -Itmp32dll /MD /Ox /O2 /Ob2 -DOPENSSL_THREADS  -DDSO_WIN32 -W3 -Gs0 -GF -Gy -nologo -DOPENSSL_SYSNAME_WIN32 -DWIN32_LEAN_AND_MEAN -DL_ENDIAN -D_CRT_SECURE_NO_DEPRECATE -DOPENSSL_USE_APPLINK -I. -DOPENSSL_NO_RC5 -DOPENSSL_NO_MD2 -DOPENSSL_NO_KRB5 -DOPENSSL_NO_JPAKE -DOPENSSL_NO_STATIC_ENGINE /Zi /Fdtmp32dll/lib -D_WINDLL  -DOPENSSL_BUILD_SHLIBCRYPTO -c .\crypto\des\fcrypt_b.c
fcrypt_b.c
	cl /Fotmp32dll\fcrypt.obj  -Iinc32 -Itmp32dll /MD /Ox /O2 /Ob2 -DOPENSSL_THREADS  -DDSO_WIN32 -W3 -Gs0 -GF -Gy -nologo -DOPENSSL_SYSNAME_WIN32 -DWIN32_LEAN_AND_MEAN -DL_ENDIAN -D_CRT_SECURE_NO_DEPRECATE -DOPENSSL_USE_APPLINK -I. -DOPENSSL_NO_RC5 -DOPENSSL_NO_MD2 -DOPENSSL_NO_KRB5 -DOPENSSL_NO_JPAKE -DOPENSSL_NO_STATIC_ENGINE /Zi /Fdtmp32dll/lib -D_WINDLL  -DOPENSSL_BUILD_SHLIBCRYPTO -c .\crypto\des\fcrypt.c
fcrypt.c
	cl /Fotmp32dll\xcbc_enc.obj  -Iinc32 -Itmp32dll /MD /Ox /O2 /Ob2 -DOPENSSL_THREADS  -DDSO_WIN32 -W3 -Gs0 -GF -Gy -nologo -DOPENSSL_SYSNAME_WIN32 -DWIN32_LEAN_AND_MEAN -DL_ENDIAN -D_CRT_SECURE_NO_DEPRECATE -DOPENSSL_USE_APPLINK -I. -DOPENSSL_NO_RC5 -DOPENSSL_NO_MD2 -DOPENSSL_NO_KRB5 -DOPENSSL_NO_JPAKE -DOPENSSL_NO_STATIC_ENGINE /Zi /Fdtmp32dll/lib -D_WINDLL  -DOPENSSL_BUILD_SHLIBCRYPTO -c .\crypto\des\xcbc_enc.c
xcbc_enc.c
	cl /Fotmp32dll\rpc_enc.obj  -Iinc32 -Itmp32dll /MD /Ox /O2 /Ob2 -DOPENSSL_THREADS  -DDSO_WIN32 -W3 -Gs0 -GF -Gy -nologo -DOPENSSL_SYSNAME_WIN32 -DWIN32_LEAN_AND_MEAN -DL_ENDIAN -D_CRT_SECURE_NO_DEPRECATE -DOPENSSL_USE_APPLINK -I. -DOPENSSL_NO_RC5 -DOPENSSL_NO_MD2 -DOPENSSL_NO_KRB5 -DOPENSSL_NO_JPAKE -DOPENSSL_NO_STATIC_ENGINE /Zi /Fdtmp32dll/lib -D_WINDLL  -DOPENSSL_BUILD_SHLIBCRYPTO -c .\crypto\des\rpc_enc.c
rpc_enc.c
	cl /Fotmp32dll\cbc_cksm.obj  -Iinc32 -Itmp32dll /MD /Ox /O2 /Ob2 -DOPENSSL_THREADS  -DDSO_WIN32 -W3 -Gs0 -GF -Gy -nologo -DOPENSSL_SYSNAME_WIN32 -DWIN32_LEAN_AND_MEAN -DL_ENDIAN -D_CRT_SECURE_NO_DEPRECATE -DOPENSSL_USE_APPLINK -I. -DOPENSSL_NO_RC5 -DOPENSSL_NO_MD2 -DOPENSSL_NO_KRB5 -DOPENSSL_NO_JPAKE -DOPENSSL_NO_STATIC_ENGINE /Zi /Fdtmp32dll/lib -D_WINDLL  -DOPENSSL_BUILD_SHLIBCRYPTO -c .\crypto\des\cbc_cksm.c
cbc_cksm.c
	cl /Fotmp32dll\ede_cbcm_enc.obj  -Iinc32 -Itmp32dll /MD /Ox /O2 /Ob2 -DOPENSSL_THREADS  -DDSO_WIN32 -W3 -Gs0 -GF -Gy -nologo -DOPENSSL_SYSNAME_WIN32 -DWIN32_LEAN_AND_MEAN -DL_ENDIAN -D_CRT_SECURE_NO_DEPRECATE -DOPENSSL_USE_APPLINK -I. -DOPENSSL_NO_RC5 -DOPENSSL_NO_MD2 -DOPENSSL_NO_KRB5 -DOPENSSL_NO_JPAKE -DOPENSSL_NO_STATIC_ENGINE /Zi /Fdtmp32dll/lib -D_WINDLL  -DOPENSSL_BUILD_SHLIBCRYPTO -c .\crypto\des\ede_cbcm_enc.c
ede_cbcm_enc.c
	cl /Fotmp32dll\des_old.obj  -Iinc32 -Itmp32dll /MD /Ox /O2 /Ob2 -DOPENSSL_THREADS  -DDSO_WIN32 -W3 -Gs0 -GF -Gy -nologo -DOPENSSL_SYSNAME_WIN32 -DWIN32_LEAN_AND_MEAN -DL_ENDIAN -D_CRT_SECURE_NO_DEPRECATE -DOPENSSL_USE_APPLINK -I. -DOPENSSL_NO_RC5 -DOPENSSL_NO_MD2 -DOPENSSL_NO_KRB5 -DOPENSSL_NO_JPAKE -DOPENSSL_NO_STATIC_ENGINE /Zi /Fdtmp32dll/lib -D_WINDLL  -DOPENSSL_BUILD_SHLIBCRYPTO -c .\crypto\des\des_old.c
des_old.c
c:\program files (x86)\microsoft sdks\windows\v7.1a\include\sal_supp.h(57) : warning C4005: '__useHeader' : macro redefinition
        C:\Program Files (x86)\Microsoft Visual Studio 12.0\VC\include\sal.h(2886) : see previous definition of '__useHeader'
c:\program files (x86)\microsoft sdks\windows\v7.1a\include\specstrings_supp.h(77) : warning C4005: '__on_failure' : macro redefinition
        C:\Program Files (x86)\Microsoft Visual Studio 12.0\VC\include\sal.h(2896) : see previous definition of '__on_failure'
	cl /Fotmp32dll\des_old2.obj  -Iinc32 -Itmp32dll /MD /Ox /O2 /Ob2 -DOPENSSL_THREADS  -DDSO_WIN32 -W3 -Gs0 -GF -Gy -nologo -DOPENSSL_SYSNAME_WIN32 -DWIN32_LEAN_AND_MEAN -DL_ENDIAN -D_CRT_SECURE_NO_DEPRECATE -DOPENSSL_USE_APPLINK -I. -DOPENSSL_NO_RC5 -DOPENSSL_NO_MD2 -DOPENSSL_NO_KRB5 -DOPENSSL_NO_JPAKE -DOPENSSL_NO_STATIC_ENGINE /Zi /Fdtmp32dll/lib -D_WINDLL  -DOPENSSL_BUILD_SHLIBCRYPTO -c .\crypto\des\des_old2.c
des_old2.c
c:\program files (x86)\microsoft sdks\windows\v7.1a\include\sal_supp.h(57) : warning C4005: '__useHeader' : macro redefinition
        C:\Program Files (x86)\Microsoft Visual Studio 12.0\VC\include\sal.h(2886) : see previous definition of '__useHeader'
c:\program files (x86)\microsoft sdks\windows\v7.1a\include\specstrings_supp.h(77) : warning C4005: '__on_failure' : macro redefinition
        C:\Program Files (x86)\Microsoft Visual Studio 12.0\VC\include\sal.h(2896) : see previous definition of '__on_failure'
	cl /Fotmp32dll\read2pwd.obj  -Iinc32 -Itmp32dll /MD /Ox /O2 /Ob2 -DOPENSSL_THREADS  -DDSO_WIN32 -W3 -Gs0 -GF -Gy -nologo -DOPENSSL_SYSNAME_WIN32 -DWIN32_LEAN_AND_MEAN -DL_ENDIAN -D_CRT_SECURE_NO_DEPRECATE -DOPENSSL_USE_APPLINK -I. -DOPENSSL_NO_RC5 -DOPENSSL_NO_MD2 -DOPENSSL_NO_KRB5 -DOPENSSL_NO_JPAKE -DOPENSSL_NO_STATIC_ENGINE /Zi /Fdtmp32dll/lib -D_WINDLL  -DOPENSSL_BUILD_SHLIBCRYPTO -c .\crypto\des\read2pwd.c
read2pwd.c
	cl /Fotmp32dll\rc2_ecb.obj  -Iinc32 -Itmp32dll /MD /Ox /O2 /Ob2 -DOPENSSL_THREADS  -DDSO_WIN32 -W3 -Gs0 -GF -Gy -nologo -DOPENSSL_SYSNAME_WIN32 -DWIN32_LEAN_AND_MEAN -DL_ENDIAN -D_CRT_SECURE_NO_DEPRECATE -DOPENSSL_USE_APPLINK -I. -DOPENSSL_NO_RC5 -DOPENSSL_NO_MD2 -DOPENSSL_NO_KRB5 -DOPENSSL_NO_JPAKE -DOPENSSL_NO_STATIC_ENGINE /Zi /Fdtmp32dll/lib -D_WINDLL  -DOPENSSL_BUILD_SHLIBCRYPTO -c .\crypto\rc2\rc2_ecb.c
rc2_ecb.c
	cl /Fotmp32dll\rc2_skey.obj  -Iinc32 -Itmp32dll /MD /Ox /O2 /Ob2 -DOPENSSL_THREADS  -DDSO_WIN32 -W3 -Gs0 -GF -Gy -nologo -DOPENSSL_SYSNAME_WIN32 -DWIN32_LEAN_AND_MEAN -DL_ENDIAN -D_CRT_SECURE_NO_DEPRECATE -DOPENSSL_USE_APPLINK -I. -DOPENSSL_NO_RC5 -DOPENSSL_NO_MD2 -DOPENSSL_NO_KRB5 -DOPENSSL_NO_JPAKE -DOPENSSL_NO_STATIC_ENGINE /Zi /Fdtmp32dll/lib -D_WINDLL  -DOPENSSL_BUILD_SHLIBCRYPTO -c .\crypto\rc2\rc2_skey.c
rc2_skey.c
	cl /Fotmp32dll\rc2_cbc.obj  -Iinc32 -Itmp32dll /MD /Ox /O2 /Ob2 -DOPENSSL_THREADS  -DDSO_WIN32 -W3 -Gs0 -GF -Gy -nologo -DOPENSSL_SYSNAME_WIN32 -DWIN32_LEAN_AND_MEAN -DL_ENDIAN -D_CRT_SECURE_NO_DEPRECATE -DOPENSSL_USE_APPLINK -I. -DOPENSSL_NO_RC5 -DOPENSSL_NO_MD2 -DOPENSSL_NO_KRB5 -DOPENSSL_NO_JPAKE -DOPENSSL_NO_STATIC_ENGINE /Zi /Fdtmp32dll/lib -D_WINDLL  -DOPENSSL_BUILD_SHLIBCRYPTO -c .\crypto\rc2\rc2_cbc.c
rc2_cbc.c
	cl /Fotmp32dll\rc2cfb64.obj  -Iinc32 -Itmp32dll /MD /Ox /O2 /Ob2 -DOPENSSL_THREADS  -DDSO_WIN32 -W3 -Gs0 -GF -Gy -nologo -DOPENSSL_SYSNAME_WIN32 -DWIN32_LEAN_AND_MEAN -DL_ENDIAN -D_CRT_SECURE_NO_DEPRECATE -DOPENSSL_USE_APPLINK -I. -DOPENSSL_NO_RC5 -DOPENSSL_NO_MD2 -DOPENSSL_NO_KRB5 -DOPENSSL_NO_JPAKE -DOPENSSL_NO_STATIC_ENGINE /Zi /Fdtmp32dll/lib -D_WINDLL  -DOPENSSL_BUILD_SHLIBCRYPTO -c .\crypto\rc2\rc2cfb64.c
rc2cfb64.c
	cl /Fotmp32dll\rc2ofb64.obj  -Iinc32 -Itmp32dll /MD /Ox /O2 /Ob2 -DOPENSSL_THREADS  -DDSO_WIN32 -W3 -Gs0 -GF -Gy -nologo -DOPENSSL_SYSNAME_WIN32 -DWIN32_LEAN_AND_MEAN -DL_ENDIAN -D_CRT_SECURE_NO_DEPRECATE -DOPENSSL_USE_APPLINK -I. -DOPENSSL_NO_RC5 -DOPENSSL_NO_MD2 -DOPENSSL_NO_KRB5 -DOPENSSL_NO_JPAKE -DOPENSSL_NO_STATIC_ENGINE /Zi /Fdtmp32dll/lib -D_WINDLL  -DOPENSSL_BUILD_SHLIBCRYPTO -c .\crypto\rc2\rc2ofb64.c
rc2ofb64.c
	cl /Fotmp32dll\rc4_enc.obj  -Iinc32 -Itmp32dll /MD /Ox /O2 /Ob2 -DOPENSSL_THREADS  -DDSO_WIN32 -W3 -Gs0 -GF -Gy -nologo -DOPENSSL_SYSNAME_WIN32 -DWIN32_LEAN_AND_MEAN -DL_ENDIAN -D_CRT_SECURE_NO_DEPRECATE -DOPENSSL_USE_APPLINK -I. -DOPENSSL_NO_RC5 -DOPENSSL_NO_MD2 -DOPENSSL_NO_KRB5 -DOPENSSL_NO_JPAKE -DOPENSSL_NO_STATIC_ENGINE /Zi /Fdtmp32dll/lib -D_WINDLL  -DOPENSSL_BUILD_SHLIBCRYPTO -c .\crypto\rc4\rc4_enc.c
rc4_enc.c
c:\program files (x86)\microsoft sdks\windows\v7.1a\include\sal_supp.h(57) : warning C4005: '__useHeader' : macro redefinition
        C:\Program Files (x86)\Microsoft Visual Studio 12.0\VC\include\sal.h(2886) : see previous definition of '__useHeader'
c:\program files (x86)\microsoft sdks\windows\v7.1a\include\specstrings_supp.h(77) : warning C4005: '__on_failure' : macro redefinition
        C:\Program Files (x86)\Microsoft Visual Studio 12.0\VC\include\sal.h(2896) : see previous definition of '__on_failure'
	cl /Fotmp32dll\rc4_skey.obj  -Iinc32 -Itmp32dll /MD /Ox /O2 /Ob2 -DOPENSSL_THREADS  -DDSO_WIN32 -W3 -Gs0 -GF -Gy -nologo -DOPENSSL_SYSNAME_WIN32 -DWIN32_LEAN_AND_MEAN -DL_ENDIAN -D_CRT_SECURE_NO_DEPRECATE -DOPENSSL_USE_APPLINK -I. -DOPENSSL_NO_RC5 -DOPENSSL_NO_MD2 -DOPENSSL_NO_KRB5 -DOPENSSL_NO_JPAKE -DOPENSSL_NO_STATIC_ENGINE /Zi /Fdtmp32dll/lib -D_WINDLL  -DOPENSSL_BUILD_SHLIBCRYPTO -c .\crypto\rc4\rc4_skey.c
rc4_skey.c
c:\program files (x86)\microsoft sdks\windows\v7.1a\include\sal_supp.h(57) : warning C4005: '__useHeader' : macro redefinition
        C:\Program Files (x86)\Microsoft Visual Studio 12.0\VC\include\sal.h(2886) : see previous definition of '__useHeader'
c:\program files (x86)\microsoft sdks\windows\v7.1a\include\specstrings_supp.h(77) : warning C4005: '__on_failure' : macro redefinition
        C:\Program Files (x86)\Microsoft Visual Studio 12.0\VC\include\sal.h(2896) : see previous definition of '__on_failure'
	cl /Fotmp32dll\rc4_utl.obj  -Iinc32 -Itmp32dll /MD /Ox /O2 /Ob2 -DOPENSSL_THREADS  -DDSO_WIN32 -W3 -Gs0 -GF -Gy -nologo -DOPENSSL_SYSNAME_WIN32 -DWIN32_LEAN_AND_MEAN -DL_ENDIAN -D_CRT_SECURE_NO_DEPRECATE -DOPENSSL_USE_APPLINK -I. -DOPENSSL_NO_RC5 -DOPENSSL_NO_MD2 -DOPENSSL_NO_KRB5 -DOPENSSL_NO_JPAKE -DOPENSSL_NO_STATIC_ENGINE /Zi /Fdtmp32dll/lib -D_WINDLL  -DOPENSSL_BUILD_SHLIBCRYPTO -c .\crypto\rc4\rc4_utl.c
rc4_utl.c
	cl /Fotmp32dll\i_cbc.obj  -Iinc32 -Itmp32dll /MD /Ox /O2 /Ob2 -DOPENSSL_THREADS  -DDSO_WIN32 -W3 -Gs0 -GF -Gy -nologo -DOPENSSL_SYSNAME_WIN32 -DWIN32_LEAN_AND_MEAN -DL_ENDIAN -D_CRT_SECURE_NO_DEPRECATE -DOPENSSL_USE_APPLINK -I. -DOPENSSL_NO_RC5 -DOPENSSL_NO_MD2 -DOPENSSL_NO_KRB5 -DOPENSSL_NO_JPAKE -DOPENSSL_NO_STATIC_ENGINE /Zi /Fdtmp32dll/lib -D_WINDLL  -DOPENSSL_BUILD_SHLIBCRYPTO -c .\crypto\idea\i_cbc.c
i_cbc.c
	cl /Fotmp32dll\i_cfb64.obj  -Iinc32 -Itmp32dll /MD /Ox /O2 /Ob2 -DOPENSSL_THREADS  -DDSO_WIN32 -W3 -Gs0 -GF -Gy -nologo -DOPENSSL_SYSNAME_WIN32 -DWIN32_LEAN_AND_MEAN -DL_ENDIAN -D_CRT_SECURE_NO_DEPRECATE -DOPENSSL_USE_APPLINK -I. -DOPENSSL_NO_RC5 -DOPENSSL_NO_MD2 -DOPENSSL_NO_KRB5 -DOPENSSL_NO_JPAKE -DOPENSSL_NO_STATIC_ENGINE /Zi /Fdtmp32dll/lib -D_WINDLL  -DOPENSSL_BUILD_SHLIBCRYPTO -c .\crypto\idea\i_cfb64.c
i_cfb64.c
	cl /Fotmp32dll\i_ofb64.obj  -Iinc32 -Itmp32dll /MD /Ox /O2 /Ob2 -DOPENSSL_THREADS  -DDSO_WIN32 -W3 -Gs0 -GF -Gy -nologo -DOPENSSL_SYSNAME_WIN32 -DWIN32_LEAN_AND_MEAN -DL_ENDIAN -D_CRT_SECURE_NO_DEPRECATE -DOPENSSL_USE_APPLINK -I. -DOPENSSL_NO_RC5 -DOPENSSL_NO_MD2 -DOPENSSL_NO_KRB5 -DOPENSSL_NO_JPAKE -DOPENSSL_NO_STATIC_ENGINE /Zi /Fdtmp32dll/lib -D_WINDLL  -DOPENSSL_BUILD_SHLIBCRYPTO -c .\crypto\idea\i_ofb64.c
i_ofb64.c
	cl /Fotmp32dll\i_ecb.obj  -Iinc32 -Itmp32dll /MD /Ox /O2 /Ob2 -DOPENSSL_THREADS  -DDSO_WIN32 -W3 -Gs0 -GF -Gy -nologo -DOPENSSL_SYSNAME_WIN32 -DWIN32_LEAN_AND_MEAN -DL_ENDIAN -D_CRT_SECURE_NO_DEPRECATE -DOPENSSL_USE_APPLINK -I. -DOPENSSL_NO_RC5 -DOPENSSL_NO_MD2 -DOPENSSL_NO_KRB5 -DOPENSSL_NO_JPAKE -DOPENSSL_NO_STATIC_ENGINE /Zi /Fdtmp32dll/lib -D_WINDLL  -DOPENSSL_BUILD_SHLIBCRYPTO -c .\crypto\idea\i_ecb.c
i_ecb.c
	cl /Fotmp32dll\i_skey.obj  -Iinc32 -Itmp32dll /MD /Ox /O2 /Ob2 -DOPENSSL_THREADS  -DDSO_WIN32 -W3 -Gs0 -GF -Gy -nologo -DOPENSSL_SYSNAME_WIN32 -DWIN32_LEAN_AND_MEAN -DL_ENDIAN -D_CRT_SECURE_NO_DEPRECATE -DOPENSSL_USE_APPLINK -I. -DOPENSSL_NO_RC5 -DOPENSSL_NO_MD2 -DOPENSSL_NO_KRB5 -DOPENSSL_NO_JPAKE -DOPENSSL_NO_STATIC_ENGINE /Zi /Fdtmp32dll/lib -D_WINDLL  -DOPENSSL_BUILD_SHLIBCRYPTO -c .\crypto\idea\i_skey.c
i_skey.c
	cl /Fotmp32dll\bf_skey.obj  -Iinc32 -Itmp32dll /MD /Ox /O2 /Ob2 -DOPENSSL_THREADS  -DDSO_WIN32 -W3 -Gs0 -GF -Gy -nologo -DOPENSSL_SYSNAME_WIN32 -DWIN32_LEAN_AND_MEAN -DL_ENDIAN -D_CRT_SECURE_NO_DEPRECATE -DOPENSSL_USE_APPLINK -I. -DOPENSSL_NO_RC5 -DOPENSSL_NO_MD2 -DOPENSSL_NO_KRB5 -DOPENSSL_NO_JPAKE -DOPENSSL_NO_STATIC_ENGINE /Zi /Fdtmp32dll/lib -D_WINDLL  -DOPENSSL_BUILD_SHLIBCRYPTO -c .\crypto\bf\bf_skey.c
bf_skey.c
	cl /Fotmp32dll\bf_ecb.obj  -Iinc32 -Itmp32dll /MD /Ox /O2 /Ob2 -DOPENSSL_THREADS  -DDSO_WIN32 -W3 -Gs0 -GF -Gy -nologo -DOPENSSL_SYSNAME_WIN32 -DWIN32_LEAN_AND_MEAN -DL_ENDIAN -D_CRT_SECURE_NO_DEPRECATE -DOPENSSL_USE_APPLINK -I. -DOPENSSL_NO_RC5 -DOPENSSL_NO_MD2 -DOPENSSL_NO_KRB5 -DOPENSSL_NO_JPAKE -DOPENSSL_NO_STATIC_ENGINE /Zi /Fdtmp32dll/lib -D_WINDLL  -DOPENSSL_BUILD_SHLIBCRYPTO -c .\crypto\bf\bf_ecb.c
bf_ecb.c
	cl /Fotmp32dll\bf_enc.obj  -Iinc32 -Itmp32dll /MD /Ox /O2 /Ob2 -DOPENSSL_THREADS  -DDSO_WIN32 -W3 -Gs0 -GF -Gy -nologo -DOPENSSL_SYSNAME_WIN32 -DWIN32_LEAN_AND_MEAN -DL_ENDIAN -D_CRT_SECURE_NO_DEPRECATE -DOPENSSL_USE_APPLINK -I. -DOPENSSL_NO_RC5 -DOPENSSL_NO_MD2 -DOPENSSL_NO_KRB5 -DOPENSSL_NO_JPAKE -DOPENSSL_NO_STATIC_ENGINE /Zi /Fdtmp32dll/lib -D_WINDLL  -DOPENSSL_BUILD_SHLIBCRYPTO -c .\crypto\bf\bf_enc.c
bf_enc.c
	cl /Fotmp32dll\bf_cfb64.obj  -Iinc32 -Itmp32dll /MD /Ox /O2 /Ob2 -DOPENSSL_THREADS  -DDSO_WIN32 -W3 -Gs0 -GF -Gy -nologo -DOPENSSL_SYSNAME_WIN32 -DWIN32_LEAN_AND_MEAN -DL_ENDIAN -D_CRT_SECURE_NO_DEPRECATE -DOPENSSL_USE_APPLINK -I. -DOPENSSL_NO_RC5 -DOPENSSL_NO_MD2 -DOPENSSL_NO_KRB5 -DOPENSSL_NO_JPAKE -DOPENSSL_NO_STATIC_ENGINE /Zi /Fdtmp32dll/lib -D_WINDLL  -DOPENSSL_BUILD_SHLIBCRYPTO -c .\crypto\bf\bf_cfb64.c
bf_cfb64.c
	cl /Fotmp32dll\bf_ofb64.obj  -Iinc32 -Itmp32dll /MD /Ox /O2 /Ob2 -DOPENSSL_THREADS  -DDSO_WIN32 -W3 -Gs0 -GF -Gy -nologo -DOPENSSL_SYSNAME_WIN32 -DWIN32_LEAN_AND_MEAN -DL_ENDIAN -D_CRT_SECURE_NO_DEPRECATE -DOPENSSL_USE_APPLINK -I. -DOPENSSL_NO_RC5 -DOPENSSL_NO_MD2 -DOPENSSL_NO_KRB5 -DOPENSSL_NO_JPAKE -DOPENSSL_NO_STATIC_ENGINE /Zi /Fdtmp32dll/lib -D_WINDLL  -DOPENSSL_BUILD_SHLIBCRYPTO -c .\crypto\bf\bf_ofb64.c
bf_ofb64.c
	cl /Fotmp32dll\c_skey.obj  -Iinc32 -Itmp32dll /MD /Ox /O2 /Ob2 -DOPENSSL_THREADS  -DDSO_WIN32 -W3 -Gs0 -GF -Gy -nologo -DOPENSSL_SYSNAME_WIN32 -DWIN32_LEAN_AND_MEAN -DL_ENDIAN -D_CRT_SECURE_NO_DEPRECATE -DOPENSSL_USE_APPLINK -I. -DOPENSSL_NO_RC5 -DOPENSSL_NO_MD2 -DOPENSSL_NO_KRB5 -DOPENSSL_NO_JPAKE -DOPENSSL_NO_STATIC_ENGINE /Zi /Fdtmp32dll/lib -D_WINDLL  -DOPENSSL_BUILD_SHLIBCRYPTO -c .\crypto\cast\c_skey.c
c_skey.c
c:\program files (x86)\microsoft sdks\windows\v7.1a\include\sal_supp.h(57) : warning C4005: '__useHeader' : macro redefinition
        C:\Program Files (x86)\Microsoft Visual Studio 12.0\VC\include\sal.h(2886) : see previous definition of '__useHeader'
c:\program files (x86)\microsoft sdks\windows\v7.1a\include\specstrings_supp.h(77) : warning C4005: '__on_failure' : macro redefinition
        C:\Program Files (x86)\Microsoft Visual Studio 12.0\VC\include\sal.h(2896) : see previous definition of '__on_failure'
	cl /Fotmp32dll\c_ecb.obj  -Iinc32 -Itmp32dll /MD /Ox /O2 /Ob2 -DOPENSSL_THREADS  -DDSO_WIN32 -W3 -Gs0 -GF -Gy -nologo -DOPENSSL_SYSNAME_WIN32 -DWIN32_LEAN_AND_MEAN -DL_ENDIAN -D_CRT_SECURE_NO_DEPRECATE -DOPENSSL_USE_APPLINK -I. -DOPENSSL_NO_RC5 -DOPENSSL_NO_MD2 -DOPENSSL_NO_KRB5 -DOPENSSL_NO_JPAKE -DOPENSSL_NO_STATIC_ENGINE /Zi /Fdtmp32dll/lib -D_WINDLL  -DOPENSSL_BUILD_SHLIBCRYPTO -c .\crypto\cast\c_ecb.c
c_ecb.c
c:\program files (x86)\microsoft sdks\windows\v7.1a\include\sal_supp.h(57) : warning C4005: '__useHeader' : macro redefinition
        C:\Program Files (x86)\Microsoft Visual Studio 12.0\VC\include\sal.h(2886) : see previous definition of '__useHeader'
c:\program files (x86)\microsoft sdks\windows\v7.1a\include\specstrings_supp.h(77) : warning C4005: '__on_failure' : macro redefinition
        C:\Program Files (x86)\Microsoft Visual Studio 12.0\VC\include\sal.h(2896) : see previous definition of '__on_failure'
	cl /Fotmp32dll\c_enc.obj  -Iinc32 -Itmp32dll /MD /Ox /O2 /Ob2 -DOPENSSL_THREADS  -DDSO_WIN32 -W3 -Gs0 -GF -Gy -nologo -DOPENSSL_SYSNAME_WIN32 -DWIN32_LEAN_AND_MEAN -DL_ENDIAN -D_CRT_SECURE_NO_DEPRECATE -DOPENSSL_USE_APPLINK -I. -DOPENSSL_NO_RC5 -DOPENSSL_NO_MD2 -DOPENSSL_NO_KRB5 -DOPENSSL_NO_JPAKE -DOPENSSL_NO_STATIC_ENGINE /Zi /Fdtmp32dll/lib -D_WINDLL  -DOPENSSL_BUILD_SHLIBCRYPTO -c .\crypto\cast\c_enc.c
c_enc.c
c:\program files (x86)\microsoft sdks\windows\v7.1a\include\sal_supp.h(57) : warning C4005: '__useHeader' : macro redefinition
        C:\Program Files (x86)\Microsoft Visual Studio 12.0\VC\include\sal.h(2886) : see previous definition of '__useHeader'
c:\program files (x86)\microsoft sdks\windows\v7.1a\include\specstrings_supp.h(77) : warning C4005: '__on_failure' : macro redefinition
        C:\Program Files (x86)\Microsoft Visual Studio 12.0\VC\include\sal.h(2896) : see previous definition of '__on_failure'
	cl /Fotmp32dll\c_cfb64.obj  -Iinc32 -Itmp32dll /MD /Ox /O2 /Ob2 -DOPENSSL_THREADS  -DDSO_WIN32 -W3 -Gs0 -GF -Gy -nologo -DOPENSSL_SYSNAME_WIN32 -DWIN32_LEAN_AND_MEAN -DL_ENDIAN -D_CRT_SECURE_NO_DEPRECATE -DOPENSSL_USE_APPLINK -I. -DOPENSSL_NO_RC5 -DOPENSSL_NO_MD2 -DOPENSSL_NO_KRB5 -DOPENSSL_NO_JPAKE -DOPENSSL_NO_STATIC_ENGINE /Zi /Fdtmp32dll/lib -D_WINDLL  -DOPENSSL_BUILD_SHLIBCRYPTO -c .\crypto\cast\c_cfb64.c
c_cfb64.c
c:\program files (x86)\microsoft sdks\windows\v7.1a\include\sal_supp.h(57) : warning C4005: '__useHeader' : macro redefinition
        C:\Program Files (x86)\Microsoft Visual Studio 12.0\VC\include\sal.h(2886) : see previous definition of '__useHeader'
c:\program files (x86)\microsoft sdks\windows\v7.1a\include\specstrings_supp.h(77) : warning C4005: '__on_failure' : macro redefinition
        C:\Program Files (x86)\Microsoft Visual Studio 12.0\VC\include\sal.h(2896) : see previous definition of '__on_failure'
	cl /Fotmp32dll\c_ofb64.obj  -Iinc32 -Itmp32dll /MD /Ox /O2 /Ob2 -DOPENSSL_THREADS  -DDSO_WIN32 -W3 -Gs0 -GF -Gy -nologo -DOPENSSL_SYSNAME_WIN32 -DWIN32_LEAN_AND_MEAN -DL_ENDIAN -D_CRT_SECURE_NO_DEPRECATE -DOPENSSL_USE_APPLINK -I. -DOPENSSL_NO_RC5 -DOPENSSL_NO_MD2 -DOPENSSL_NO_KRB5 -DOPENSSL_NO_JPAKE -DOPENSSL_NO_STATIC_ENGINE /Zi /Fdtmp32dll/lib -D_WINDLL  -DOPENSSL_BUILD_SHLIBCRYPTO -c .\crypto\cast\c_ofb64.c
c_ofb64.c
c:\program files (x86)\microsoft sdks\windows\v7.1a\include\sal_supp.h(57) : warning C4005: '__useHeader' : macro redefinition
        C:\Program Files (x86)\Microsoft Visual Studio 12.0\VC\include\sal.h(2886) : see previous definition of '__useHeader'
c:\program files (x86)\microsoft sdks\windows\v7.1a\include\specstrings_supp.h(77) : warning C4005: '__on_failure' : macro redefinition
        C:\Program Files (x86)\Microsoft Visual Studio 12.0\VC\include\sal.h(2896) : see previous definition of '__on_failure'
	cl /Fotmp32dll\aes_misc.obj  -Iinc32 -Itmp32dll /MD /Ox /O2 /Ob2 -DOPENSSL_THREADS  -DDSO_WIN32 -W3 -Gs0 -GF -Gy -nologo -DOPENSSL_SYSNAME_WIN32 -DWIN32_LEAN_AND_MEAN -DL_ENDIAN -D_CRT_SECURE_NO_DEPRECATE -DOPENSSL_USE_APPLINK -I. -DOPENSSL_NO_RC5 -DOPENSSL_NO_MD2 -DOPENSSL_NO_KRB5 -DOPENSSL_NO_JPAKE -DOPENSSL_NO_STATIC_ENGINE /Zi /Fdtmp32dll/lib -D_WINDLL  -DOPENSSL_BUILD_SHLIBCRYPTO -c .\crypto\aes\aes_misc.c
aes_misc.c
	cl /Fotmp32dll\aes_ecb.obj  -Iinc32 -Itmp32dll /MD /Ox /O2 /Ob2 -DOPENSSL_THREADS  -DDSO_WIN32 -W3 -Gs0 -GF -Gy -nologo -DOPENSSL_SYSNAME_WIN32 -DWIN32_LEAN_AND_MEAN -DL_ENDIAN -D_CRT_SECURE_NO_DEPRECATE -DOPENSSL_USE_APPLINK -I. -DOPENSSL_NO_RC5 -DOPENSSL_NO_MD2 -DOPENSSL_NO_KRB5 -DOPENSSL_NO_JPAKE -DOPENSSL_NO_STATIC_ENGINE /Zi /Fdtmp32dll/lib -D_WINDLL  -DOPENSSL_BUILD_SHLIBCRYPTO -c .\crypto\aes\aes_ecb.c
aes_ecb.c
	cl /Fotmp32dll\aes_cfb.obj  -Iinc32 -Itmp32dll /MD /Ox /O2 /Ob2 -DOPENSSL_THREADS  -DDSO_WIN32 -W3 -Gs0 -GF -Gy -nologo -DOPENSSL_SYSNAME_WIN32 -DWIN32_LEAN_AND_MEAN -DL_ENDIAN -D_CRT_SECURE_NO_DEPRECATE -DOPENSSL_USE_APPLINK -I. -DOPENSSL_NO_RC5 -DOPENSSL_NO_MD2 -DOPENSSL_NO_KRB5 -DOPENSSL_NO_JPAKE -DOPENSSL_NO_STATIC_ENGINE /Zi /Fdtmp32dll/lib -D_WINDLL  -DOPENSSL_BUILD_SHLIBCRYPTO -c .\crypto\aes\aes_cfb.c
aes_cfb.c
	cl /Fotmp32dll\aes_ofb.obj  -Iinc32 -Itmp32dll /MD /Ox /O2 /Ob2 -DOPENSSL_THREADS  -DDSO_WIN32 -W3 -Gs0 -GF -Gy -nologo -DOPENSSL_SYSNAME_WIN32 -DWIN32_LEAN_AND_MEAN -DL_ENDIAN -D_CRT_SECURE_NO_DEPRECATE -DOPENSSL_USE_APPLINK -I. -DOPENSSL_NO_RC5 -DOPENSSL_NO_MD2 -DOPENSSL_NO_KRB5 -DOPENSSL_NO_JPAKE -DOPENSSL_NO_STATIC_ENGINE /Zi /Fdtmp32dll/lib -D_WINDLL  -DOPENSSL_BUILD_SHLIBCRYPTO -c .\crypto\aes\aes_ofb.c
aes_ofb.c
	cl /Fotmp32dll\aes_ctr.obj  -Iinc32 -Itmp32dll /MD /Ox /O2 /Ob2 -DOPENSSL_THREADS  -DDSO_WIN32 -W3 -Gs0 -GF -Gy -nologo -DOPENSSL_SYSNAME_WIN32 -DWIN32_LEAN_AND_MEAN -DL_ENDIAN -D_CRT_SECURE_NO_DEPRECATE -DOPENSSL_USE_APPLINK -I. -DOPENSSL_NO_RC5 -DOPENSSL_NO_MD2 -DOPENSSL_NO_KRB5 -DOPENSSL_NO_JPAKE -DOPENSSL_NO_STATIC_ENGINE /Zi /Fdtmp32dll/lib -D_WINDLL  -DOPENSSL_BUILD_SHLIBCRYPTO -c .\crypto\aes\aes_ctr.c
aes_ctr.c
	cl /Fotmp32dll\aes_ige.obj  -Iinc32 -Itmp32dll /MD /Ox /O2 /Ob2 -DOPENSSL_THREADS  -DDSO_WIN32 -W3 -Gs0 -GF -Gy -nologo -DOPENSSL_SYSNAME_WIN32 -DWIN32_LEAN_AND_MEAN -DL_ENDIAN -D_CRT_SECURE_NO_DEPRECATE -DOPENSSL_USE_APPLINK -I. -DOPENSSL_NO_RC5 -DOPENSSL_NO_MD2 -DOPENSSL_NO_KRB5 -DOPENSSL_NO_JPAKE -DOPENSSL_NO_STATIC_ENGINE /Zi /Fdtmp32dll/lib -D_WINDLL  -DOPENSSL_BUILD_SHLIBCRYPTO -c .\crypto\aes\aes_ige.c
aes_ige.c
c:\program files (x86)\microsoft sdks\windows\v7.1a\include\sal_supp.h(57) : warning C4005: '__useHeader' : macro redefinition
        C:\Program Files (x86)\Microsoft Visual Studio 12.0\VC\include\sal.h(2886) : see previous definition of '__useHeader'
c:\program files (x86)\microsoft sdks\windows\v7.1a\include\specstrings_supp.h(77) : warning C4005: '__on_failure' : macro redefinition
        C:\Program Files (x86)\Microsoft Visual Studio 12.0\VC\include\sal.h(2896) : see previous definition of '__on_failure'
	cl /Fotmp32dll\aes_wrap.obj  -Iinc32 -Itmp32dll /MD /Ox /O2 /Ob2 -DOPENSSL_THREADS  -DDSO_WIN32 -W3 -Gs0 -GF -Gy -nologo -DOPENSSL_SYSNAME_WIN32 -DWIN32_LEAN_AND_MEAN -DL_ENDIAN -D_CRT_SECURE_NO_DEPRECATE -DOPENSSL_USE_APPLINK -I. -DOPENSSL_NO_RC5 -DOPENSSL_NO_MD2 -DOPENSSL_NO_KRB5 -DOPENSSL_NO_JPAKE -DOPENSSL_NO_STATIC_ENGINE /Zi /Fdtmp32dll/lib -D_WINDLL  -DOPENSSL_BUILD_SHLIBCRYPTO -c .\crypto\aes\aes_wrap.c
aes_wrap.c
c:\program files (x86)\microsoft sdks\windows\v7.1a\include\sal_supp.h(57) : warning C4005: '__useHeader' : macro redefinition
        C:\Program Files (x86)\Microsoft Visual Studio 12.0\VC\include\sal.h(2886) : see previous definition of '__useHeader'
c:\program files (x86)\microsoft sdks\windows\v7.1a\include\specstrings_supp.h(77) : warning C4005: '__on_failure' : macro redefinition
        C:\Program Files (x86)\Microsoft Visual Studio 12.0\VC\include\sal.h(2896) : see previous definition of '__on_failure'
	cl /Fotmp32dll\aes_core.obj  -Iinc32 -Itmp32dll /MD /Ox /O2 /Ob2 -DOPENSSL_THREADS  -DDSO_WIN32 -W3 -Gs0 -GF -Gy -nologo -DOPENSSL_SYSNAME_WIN32 -DWIN32_LEAN_AND_MEAN -DL_ENDIAN -D_CRT_SECURE_NO_DEPRECATE -DOPENSSL_USE_APPLINK -I. -DOPENSSL_NO_RC5 -DOPENSSL_NO_MD2 -DOPENSSL_NO_KRB5 -DOPENSSL_NO_JPAKE -DOPENSSL_NO_STATIC_ENGINE /Zi /Fdtmp32dll/lib -D_WINDLL  -DOPENSSL_BUILD_SHLIBCRYPTO -c .\crypto\aes\aes_core.c
aes_core.c
	cl /Fotmp32dll\aes_cbc.obj  -Iinc32 -Itmp32dll /MD /Ox /O2 /Ob2 -DOPENSSL_THREADS  -DDSO_WIN32 -W3 -Gs0 -GF -Gy -nologo -DOPENSSL_SYSNAME_WIN32 -DWIN32_LEAN_AND_MEAN -DL_ENDIAN -D_CRT_SECURE_NO_DEPRECATE -DOPENSSL_USE_APPLINK -I. -DOPENSSL_NO_RC5 -DOPENSSL_NO_MD2 -DOPENSSL_NO_KRB5 -DOPENSSL_NO_JPAKE -DOPENSSL_NO_STATIC_ENGINE /Zi /Fdtmp32dll/lib -D_WINDLL  -DOPENSSL_BUILD_SHLIBCRYPTO -c .\crypto\aes\aes_cbc.c
aes_cbc.c
	cl /Fotmp32dll\cmll_ecb.obj  -Iinc32 -Itmp32dll /MD /Ox /O2 /Ob2 -DOPENSSL_THREADS  -DDSO_WIN32 -W3 -Gs0 -GF -Gy -nologo -DOPENSSL_SYSNAME_WIN32 -DWIN32_LEAN_AND_MEAN -DL_ENDIAN -D_CRT_SECURE_NO_DEPRECATE -DOPENSSL_USE_APPLINK -I. -DOPENSSL_NO_RC5 -DOPENSSL_NO_MD2 -DOPENSSL_NO_KRB5 -DOPENSSL_NO_JPAKE -DOPENSSL_NO_STATIC_ENGINE /Zi /Fdtmp32dll/lib -D_WINDLL  -DOPENSSL_BUILD_SHLIBCRYPTO -c .\crypto\camellia\cmll_ecb.c
cmll_ecb.c
	cl /Fotmp32dll\cmll_ofb.obj  -Iinc32 -Itmp32dll /MD /Ox /O2 /Ob2 -DOPENSSL_THREADS  -DDSO_WIN32 -W3 -Gs0 -GF -Gy -nologo -DOPENSSL_SYSNAME_WIN32 -DWIN32_LEAN_AND_MEAN -DL_ENDIAN -D_CRT_SECURE_NO_DEPRECATE -DOPENSSL_USE_APPLINK -I. -DOPENSSL_NO_RC5 -DOPENSSL_NO_MD2 -DOPENSSL_NO_KRB5 -DOPENSSL_NO_JPAKE -DOPENSSL_NO_STATIC_ENGINE /Zi /Fdtmp32dll/lib -D_WINDLL  -DOPENSSL_BUILD_SHLIBCRYPTO -c .\crypto\camellia\cmll_ofb.c
cmll_ofb.c
	cl /Fotmp32dll\cmll_cfb.obj  -Iinc32 -Itmp32dll /MD /Ox /O2 /Ob2 -DOPENSSL_THREADS  -DDSO_WIN32 -W3 -Gs0 -GF -Gy -nologo -DOPENSSL_SYSNAME_WIN32 -DWIN32_LEAN_AND_MEAN -DL_ENDIAN -D_CRT_SECURE_NO_DEPRECATE -DOPENSSL_USE_APPLINK -I. -DOPENSSL_NO_RC5 -DOPENSSL_NO_MD2 -DOPENSSL_NO_KRB5 -DOPENSSL_NO_JPAKE -DOPENSSL_NO_STATIC_ENGINE /Zi /Fdtmp32dll/lib -D_WINDLL  -DOPENSSL_BUILD_SHLIBCRYPTO -c .\crypto\camellia\cmll_cfb.c
cmll_cfb.c
	cl /Fotmp32dll\cmll_ctr.obj  -Iinc32 -Itmp32dll /MD /Ox /O2 /Ob2 -DOPENSSL_THREADS  -DDSO_WIN32 -W3 -Gs0 -GF -Gy -nologo -DOPENSSL_SYSNAME_WIN32 -DWIN32_LEAN_AND_MEAN -DL_ENDIAN -D_CRT_SECURE_NO_DEPRECATE -DOPENSSL_USE_APPLINK -I. -DOPENSSL_NO_RC5 -DOPENSSL_NO_MD2 -DOPENSSL_NO_KRB5 -DOPENSSL_NO_JPAKE -DOPENSSL_NO_STATIC_ENGINE /Zi /Fdtmp32dll/lib -D_WINDLL  -DOPENSSL_BUILD_SHLIBCRYPTO -c .\crypto\camellia\cmll_ctr.c
cmll_ctr.c
	cl /Fotmp32dll\cmll_utl.obj  -Iinc32 -Itmp32dll /MD /Ox /O2 /Ob2 -DOPENSSL_THREADS  -DDSO_WIN32 -W3 -Gs0 -GF -Gy -nologo -DOPENSSL_SYSNAME_WIN32 -DWIN32_LEAN_AND_MEAN -DL_ENDIAN -D_CRT_SECURE_NO_DEPRECATE -DOPENSSL_USE_APPLINK -I. -DOPENSSL_NO_RC5 -DOPENSSL_NO_MD2 -DOPENSSL_NO_KRB5 -DOPENSSL_NO_JPAKE -DOPENSSL_NO_STATIC_ENGINE /Zi /Fdtmp32dll/lib -D_WINDLL  -DOPENSSL_BUILD_SHLIBCRYPTO -c .\crypto\camellia\cmll_utl.c
cmll_utl.c
	cl /Fotmp32dll\camellia.obj  -Iinc32 -Itmp32dll /MD /Ox /O2 /Ob2 -DOPENSSL_THREADS  -DDSO_WIN32 -W3 -Gs0 -GF -Gy -nologo -DOPENSSL_SYSNAME_WIN32 -DWIN32_LEAN_AND_MEAN -DL_ENDIAN -D_CRT_SECURE_NO_DEPRECATE -DOPENSSL_USE_APPLINK -I. -DOPENSSL_NO_RC5 -DOPENSSL_NO_MD2 -DOPENSSL_NO_KRB5 -DOPENSSL_NO_JPAKE -DOPENSSL_NO_STATIC_ENGINE /Zi /Fdtmp32dll/lib -D_WINDLL  -DOPENSSL_BUILD_SHLIBCRYPTO -c .\crypto\camellia\camellia.c
camellia.c
	cl /Fotmp32dll\cmll_misc.obj  -Iinc32 -Itmp32dll /MD /Ox /O2 /Ob2 -DOPENSSL_THREADS  -DDSO_WIN32 -W3 -Gs0 -GF -Gy -nologo -DOPENSSL_SYSNAME_WIN32 -DWIN32_LEAN_AND_MEAN -DL_ENDIAN -D_CRT_SECURE_NO_DEPRECATE -DOPENSSL_USE_APPLINK -I. -DOPENSSL_NO_RC5 -DOPENSSL_NO_MD2 -DOPENSSL_NO_KRB5 -DOPENSSL_NO_JPAKE -DOPENSSL_NO_STATIC_ENGINE /Zi /Fdtmp32dll/lib -D_WINDLL  -DOPENSSL_BUILD_SHLIBCRYPTO -c .\crypto\camellia\cmll_misc.c
cmll_misc.c
	cl /Fotmp32dll\cmll_cbc.obj  -Iinc32 -Itmp32dll /MD /Ox /O2 /Ob2 -DOPENSSL_THREADS  -DDSO_WIN32 -W3 -Gs0 -GF -Gy -nologo -DOPENSSL_SYSNAME_WIN32 -DWIN32_LEAN_AND_MEAN -DL_ENDIAN -D_CRT_SECURE_NO_DEPRECATE -DOPENSSL_USE_APPLINK -I. -DOPENSSL_NO_RC5 -DOPENSSL_NO_MD2 -DOPENSSL_NO_KRB5 -DOPENSSL_NO_JPAKE -DOPENSSL_NO_STATIC_ENGINE /Zi /Fdtmp32dll/lib -D_WINDLL  -DOPENSSL_BUILD_SHLIBCRYPTO -c .\crypto\camellia\cmll_cbc.c
cmll_cbc.c
	cl /Fotmp32dll\seed.obj  -Iinc32 -Itmp32dll /MD /Ox /O2 /Ob2 -DOPENSSL_THREADS  -DDSO_WIN32 -W3 -Gs0 -GF -Gy -nologo -DOPENSSL_SYSNAME_WIN32 -DWIN32_LEAN_AND_MEAN -DL_ENDIAN -D_CRT_SECURE_NO_DEPRECATE -DOPENSSL_USE_APPLINK -I. -DOPENSSL_NO_RC5 -DOPENSSL_NO_MD2 -DOPENSSL_NO_KRB5 -DOPENSSL_NO_JPAKE -DOPENSSL_NO_STATIC_ENGINE /Zi /Fdtmp32dll/lib -D_WINDLL  -DOPENSSL_BUILD_SHLIBCRYPTO -c .\crypto\seed\seed.c
seed.c
	cl /Fotmp32dll\seed_ecb.obj  -Iinc32 -Itmp32dll /MD /Ox /O2 /Ob2 -DOPENSSL_THREADS  -DDSO_WIN32 -W3 -Gs0 -GF -Gy -nologo -DOPENSSL_SYSNAME_WIN32 -DWIN32_LEAN_AND_MEAN -DL_ENDIAN -D_CRT_SECURE_NO_DEPRECATE -DOPENSSL_USE_APPLINK -I. -DOPENSSL_NO_RC5 -DOPENSSL_NO_MD2 -DOPENSSL_NO_KRB5 -DOPENSSL_NO_JPAKE -DOPENSSL_NO_STATIC_ENGINE /Zi /Fdtmp32dll/lib -D_WINDLL  -DOPENSSL_BUILD_SHLIBCRYPTO -c .\crypto\seed\seed_ecb.c
seed_ecb.c
	cl /Fotmp32dll\seed_cbc.obj  -Iinc32 -Itmp32dll /MD /Ox /O2 /Ob2 -DOPENSSL_THREADS  -DDSO_WIN32 -W3 -Gs0 -GF -Gy -nologo -DOPENSSL_SYSNAME_WIN32 -DWIN32_LEAN_AND_MEAN -DL_ENDIAN -D_CRT_SECURE_NO_DEPRECATE -DOPENSSL_USE_APPLINK -I. -DOPENSSL_NO_RC5 -DOPENSSL_NO_MD2 -DOPENSSL_NO_KRB5 -DOPENSSL_NO_JPAKE -DOPENSSL_NO_STATIC_ENGINE /Zi /Fdtmp32dll/lib -D_WINDLL  -DOPENSSL_BUILD_SHLIBCRYPTO -c .\crypto\seed\seed_cbc.c
seed_cbc.c
	cl /Fotmp32dll\seed_cfb.obj  -Iinc32 -Itmp32dll /MD /Ox /O2 /Ob2 -DOPENSSL_THREADS  -DDSO_WIN32 -W3 -Gs0 -GF -Gy -nologo -DOPENSSL_SYSNAME_WIN32 -DWIN32_LEAN_AND_MEAN -DL_ENDIAN -D_CRT_SECURE_NO_DEPRECATE -DOPENSSL_USE_APPLINK -I. -DOPENSSL_NO_RC5 -DOPENSSL_NO_MD2 -DOPENSSL_NO_KRB5 -DOPENSSL_NO_JPAKE -DOPENSSL_NO_STATIC_ENGINE /Zi /Fdtmp32dll/lib -D_WINDLL  -DOPENSSL_BUILD_SHLIBCRYPTO -c .\crypto\seed\seed_cfb.c
seed_cfb.c
	cl /Fotmp32dll\seed_ofb.obj  -Iinc32 -Itmp32dll /MD /Ox /O2 /Ob2 -DOPENSSL_THREADS  -DDSO_WIN32 -W3 -Gs0 -GF -Gy -nologo -DOPENSSL_SYSNAME_WIN32 -DWIN32_LEAN_AND_MEAN -DL_ENDIAN -D_CRT_SECURE_NO_DEPRECATE -DOPENSSL_USE_APPLINK -I. -DOPENSSL_NO_RC5 -DOPENSSL_NO_MD2 -DOPENSSL_NO_KRB5 -DOPENSSL_NO_JPAKE -DOPENSSL_NO_STATIC_ENGINE /Zi /Fdtmp32dll/lib -D_WINDLL  -DOPENSSL_BUILD_SHLIBCRYPTO -c .\crypto\seed\seed_ofb.c
seed_ofb.c
	cl /Fotmp32dll\cbc128.obj  -Iinc32 -Itmp32dll /MD /Ox /O2 /Ob2 -DOPENSSL_THREADS  -DDSO_WIN32 -W3 -Gs0 -GF -Gy -nologo -DOPENSSL_SYSNAME_WIN32 -DWIN32_LEAN_AND_MEAN -DL_ENDIAN -D_CRT_SECURE_NO_DEPRECATE -DOPENSSL_USE_APPLINK -I. -DOPENSSL_NO_RC5 -DOPENSSL_NO_MD2 -DOPENSSL_NO_KRB5 -DOPENSSL_NO_JPAKE -DOPENSSL_NO_STATIC_ENGINE /Zi /Fdtmp32dll/lib -D_WINDLL  -DOPENSSL_BUILD_SHLIBCRYPTO -c .\crypto\modes\cbc128.c
cbc128.c
	cl /Fotmp32dll\ctr128.obj  -Iinc32 -Itmp32dll /MD /Ox /O2 /Ob2 -DOPENSSL_THREADS  -DDSO_WIN32 -W3 -Gs0 -GF -Gy -nologo -DOPENSSL_SYSNAME_WIN32 -DWIN32_LEAN_AND_MEAN -DL_ENDIAN -D_CRT_SECURE_NO_DEPRECATE -DOPENSSL_USE_APPLINK -I. -DOPENSSL_NO_RC5 -DOPENSSL_NO_MD2 -DOPENSSL_NO_KRB5 -DOPENSSL_NO_JPAKE -DOPENSSL_NO_STATIC_ENGINE /Zi /Fdtmp32dll/lib -D_WINDLL  -DOPENSSL_BUILD_SHLIBCRYPTO -c .\crypto\modes\ctr128.c
ctr128.c
	cl /Fotmp32dll\cts128.obj  -Iinc32 -Itmp32dll /MD /Ox /O2 /Ob2 -DOPENSSL_THREADS  -DDSO_WIN32 -W3 -Gs0 -GF -Gy -nologo -DOPENSSL_SYSNAME_WIN32 -DWIN32_LEAN_AND_MEAN -DL_ENDIAN -D_CRT_SECURE_NO_DEPRECATE -DOPENSSL_USE_APPLINK -I. -DOPENSSL_NO_RC5 -DOPENSSL_NO_MD2 -DOPENSSL_NO_KRB5 -DOPENSSL_NO_JPAKE -DOPENSSL_NO_STATIC_ENGINE /Zi /Fdtmp32dll/lib -D_WINDLL  -DOPENSSL_BUILD_SHLIBCRYPTO -c .\crypto\modes\cts128.c
cts128.c
	cl /Fotmp32dll\cfb128.obj  -Iinc32 -Itmp32dll /MD /Ox /O2 /Ob2 -DOPENSSL_THREADS  -DDSO_WIN32 -W3 -Gs0 -GF -Gy -nologo -DOPENSSL_SYSNAME_WIN32 -DWIN32_LEAN_AND_MEAN -DL_ENDIAN -D_CRT_SECURE_NO_DEPRECATE -DOPENSSL_USE_APPLINK -I. -DOPENSSL_NO_RC5 -DOPENSSL_NO_MD2 -DOPENSSL_NO_KRB5 -DOPENSSL_NO_JPAKE -DOPENSSL_NO_STATIC_ENGINE /Zi /Fdtmp32dll/lib -D_WINDLL  -DOPENSSL_BUILD_SHLIBCRYPTO -c .\crypto\modes\cfb128.c
cfb128.c
	cl /Fotmp32dll\ofb128.obj  -Iinc32 -Itmp32dll /MD /Ox /O2 /Ob2 -DOPENSSL_THREADS  -DDSO_WIN32 -W3 -Gs0 -GF -Gy -nologo -DOPENSSL_SYSNAME_WIN32 -DWIN32_LEAN_AND_MEAN -DL_ENDIAN -D_CRT_SECURE_NO_DEPRECATE -DOPENSSL_USE_APPLINK -I. -DOPENSSL_NO_RC5 -DOPENSSL_NO_MD2 -DOPENSSL_NO_KRB5 -DOPENSSL_NO_JPAKE -DOPENSSL_NO_STATIC_ENGINE /Zi /Fdtmp32dll/lib -D_WINDLL  -DOPENSSL_BUILD_SHLIBCRYPTO -c .\crypto\modes\ofb128.c
ofb128.c
	cl /Fotmp32dll\gcm128.obj  -Iinc32 -Itmp32dll /MD /Ox /O2 /Ob2 -DOPENSSL_THREADS  -DDSO_WIN32 -W3 -Gs0 -GF -Gy -nologo -DOPENSSL_SYSNAME_WIN32 -DWIN32_LEAN_AND_MEAN -DL_ENDIAN -D_CRT_SECURE_NO_DEPRECATE -DOPENSSL_USE_APPLINK -I. -DOPENSSL_NO_RC5 -DOPENSSL_NO_MD2 -DOPENSSL_NO_KRB5 -DOPENSSL_NO_JPAKE -DOPENSSL_NO_STATIC_ENGINE /Zi /Fdtmp32dll/lib -D_WINDLL  -DOPENSSL_BUILD_SHLIBCRYPTO -c .\crypto\modes\gcm128.c
gcm128.c
	cl /Fotmp32dll\ccm128.obj  -Iinc32 -Itmp32dll /MD /Ox /O2 /Ob2 -DOPENSSL_THREADS  -DDSO_WIN32 -W3 -Gs0 -GF -Gy -nologo -DOPENSSL_SYSNAME_WIN32 -DWIN32_LEAN_AND_MEAN -DL_ENDIAN -D_CRT_SECURE_NO_DEPRECATE -DOPENSSL_USE_APPLINK -I. -DOPENSSL_NO_RC5 -DOPENSSL_NO_MD2 -DOPENSSL_NO_KRB5 -DOPENSSL_NO_JPAKE -DOPENSSL_NO_STATIC_ENGINE /Zi /Fdtmp32dll/lib -D_WINDLL  -DOPENSSL_BUILD_SHLIBCRYPTO -c .\crypto\modes\ccm128.c
ccm128.c
	cl /Fotmp32dll\xts128.obj  -Iinc32 -Itmp32dll /MD /Ox /O2 /Ob2 -DOPENSSL_THREADS  -DDSO_WIN32 -W3 -Gs0 -GF -Gy -nologo -DOPENSSL_SYSNAME_WIN32 -DWIN32_LEAN_AND_MEAN -DL_ENDIAN -D_CRT_SECURE_NO_DEPRECATE -DOPENSSL_USE_APPLINK -I. -DOPENSSL_NO_RC5 -DOPENSSL_NO_MD2 -DOPENSSL_NO_KRB5 -DOPENSSL_NO_JPAKE -DOPENSSL_NO_STATIC_ENGINE /Zi /Fdtmp32dll/lib -D_WINDLL  -DOPENSSL_BUILD_SHLIBCRYPTO -c .\crypto\modes\xts128.c
xts128.c
	cl /Fotmp32dll\wrap128.obj  -Iinc32 -Itmp32dll /MD /Ox /O2 /Ob2 -DOPENSSL_THREADS  -DDSO_WIN32 -W3 -Gs0 -GF -Gy -nologo -DOPENSSL_SYSNAME_WIN32 -DWIN32_LEAN_AND_MEAN -DL_ENDIAN -D_CRT_SECURE_NO_DEPRECATE -DOPENSSL_USE_APPLINK -I. -DOPENSSL_NO_RC5 -DOPENSSL_NO_MD2 -DOPENSSL_NO_KRB5 -DOPENSSL_NO_JPAKE -DOPENSSL_NO_STATIC_ENGINE /Zi /Fdtmp32dll/lib -D_WINDLL  -DOPENSSL_BUILD_SHLIBCRYPTO -c .\crypto\modes\wrap128.c
wrap128.c
c:\program files (x86)\microsoft sdks\windows\v7.1a\include\sal_supp.h(57) : warning C4005: '__useHeader' : macro redefinition
        C:\Program Files (x86)\Microsoft Visual Studio 12.0\VC\include\sal.h(2886) : see previous definition of '__useHeader'
c:\program files (x86)\microsoft sdks\windows\v7.1a\include\specstrings_supp.h(77) : warning C4005: '__on_failure' : macro redefinition
        C:\Program Files (x86)\Microsoft Visual Studio 12.0\VC\include\sal.h(2896) : see previous definition of '__on_failure'
	cl /Fotmp32dll\bn_add.obj  -Iinc32 -Itmp32dll /MD /Ox /O2 /Ob2 -DOPENSSL_THREADS  -DDSO_WIN32 -W3 -Gs0 -GF -Gy -nologo -DOPENSSL_SYSNAME_WIN32 -DWIN32_LEAN_AND_MEAN -DL_ENDIAN -D_CRT_SECURE_NO_DEPRECATE -DOPENSSL_USE_APPLINK -I. -DOPENSSL_NO_RC5 -DOPENSSL_NO_MD2 -DOPENSSL_NO_KRB5 -DOPENSSL_NO_JPAKE -DOPENSSL_NO_STATIC_ENGINE /Zi /Fdtmp32dll/lib -D_WINDLL  -DOPENSSL_BUILD_SHLIBCRYPTO -c .\crypto\bn\bn_add.c
bn_add.c
c:\program files (x86)\microsoft sdks\windows\v7.1a\include\sal_supp.h(57) : warning C4005: '__useHeader' : macro redefinition
        C:\Program Files (x86)\Microsoft Visual Studio 12.0\VC\include\sal.h(2886) : see previous definition of '__useHeader'
c:\program files (x86)\microsoft sdks\windows\v7.1a\include\specstrings_supp.h(77) : warning C4005: '__on_failure' : macro redefinition
        C:\Program Files (x86)\Microsoft Visual Studio 12.0\VC\include\sal.h(2896) : see previous definition of '__on_failure'
	cl /Fotmp32dll\bn_div.obj  -Iinc32 -Itmp32dll /MD /Ox /O2 /Ob2 -DOPENSSL_THREADS  -DDSO_WIN32 -W3 -Gs0 -GF -Gy -nologo -DOPENSSL_SYSNAME_WIN32 -DWIN32_LEAN_AND_MEAN -DL_ENDIAN -D_CRT_SECURE_NO_DEPRECATE -DOPENSSL_USE_APPLINK -I. -DOPENSSL_NO_RC5 -DOPENSSL_NO_MD2 -DOPENSSL_NO_KRB5 -DOPENSSL_NO_JPAKE -DOPENSSL_NO_STATIC_ENGINE /Zi /Fdtmp32dll/lib -D_WINDLL  -DOPENSSL_BUILD_SHLIBCRYPTO -c .\crypto\bn\bn_div.c
bn_div.c
c:\program files (x86)\microsoft sdks\windows\v7.1a\include\sal_supp.h(57) : warning C4005: '__useHeader' : macro redefinition
        C:\Program Files (x86)\Microsoft Visual Studio 12.0\VC\include\sal.h(2886) : see previous definition of '__useHeader'
c:\program files (x86)\microsoft sdks\windows\v7.1a\include\specstrings_supp.h(77) : warning C4005: '__on_failure' : macro redefinition
        C:\Program Files (x86)\Microsoft Visual Studio 12.0\VC\include\sal.h(2896) : see previous definition of '__on_failure'
	cl /Fotmp32dll\bn_exp.obj  -Iinc32 -Itmp32dll /MD /Ox /O2 /Ob2 -DOPENSSL_THREADS  -DDSO_WIN32 -W3 -Gs0 -GF -Gy -nologo -DOPENSSL_SYSNAME_WIN32 -DWIN32_LEAN_AND_MEAN -DL_ENDIAN -D_CRT_SECURE_NO_DEPRECATE -DOPENSSL_USE_APPLINK -I. -DOPENSSL_NO_RC5 -DOPENSSL_NO_MD2 -DOPENSSL_NO_KRB5 -DOPENSSL_NO_JPAKE -DOPENSSL_NO_STATIC_ENGINE /Zi /Fdtmp32dll/lib -D_WINDLL  -DOPENSSL_BUILD_SHLIBCRYPTO -c .\crypto\bn\bn_exp.c
bn_exp.c
c:\program files (x86)\microsoft sdks\windows\v7.1a\include\sal_supp.h(57) : warning C4005: '__useHeader' : macro redefinition
        C:\Program Files (x86)\Microsoft Visual Studio 12.0\VC\include\sal.h(2886) : see previous definition of '__useHeader'
c:\program files (x86)\microsoft sdks\windows\v7.1a\include\specstrings_supp.h(77) : warning C4005: '__on_failure' : macro redefinition
        C:\Program Files (x86)\Microsoft Visual Studio 12.0\VC\include\sal.h(2896) : see previous definition of '__on_failure'
	cl /Fotmp32dll\bn_lib.obj  -Iinc32 -Itmp32dll /MD /Ox /O2 /Ob2 -DOPENSSL_THREADS  -DDSO_WIN32 -W3 -Gs0 -GF -Gy -nologo -DOPENSSL_SYSNAME_WIN32 -DWIN32_LEAN_AND_MEAN -DL_ENDIAN -D_CRT_SECURE_NO_DEPRECATE -DOPENSSL_USE_APPLINK -I. -DOPENSSL_NO_RC5 -DOPENSSL_NO_MD2 -DOPENSSL_NO_KRB5 -DOPENSSL_NO_JPAKE -DOPENSSL_NO_STATIC_ENGINE /Zi /Fdtmp32dll/lib -D_WINDLL  -DOPENSSL_BUILD_SHLIBCRYPTO -c .\crypto\bn\bn_lib.c
bn_lib.c
c:\program files (x86)\microsoft sdks\windows\v7.1a\include\sal_supp.h(57) : warning C4005: '__useHeader' : macro redefinition
        C:\Program Files (x86)\Microsoft Visual Studio 12.0\VC\include\sal.h(2886) : see previous definition of '__useHeader'
c:\program files (x86)\microsoft sdks\windows\v7.1a\include\specstrings_supp.h(77) : warning C4005: '__on_failure' : macro redefinition
        C:\Program Files (x86)\Microsoft Visual Studio 12.0\VC\include\sal.h(2896) : see previous definition of '__on_failure'
	cl /Fotmp32dll\bn_ctx.obj  -Iinc32 -Itmp32dll /MD /Ox /O2 /Ob2 -DOPENSSL_THREADS  -DDSO_WIN32 -W3 -Gs0 -GF -Gy -nologo -DOPENSSL_SYSNAME_WIN32 -DWIN32_LEAN_AND_MEAN -DL_ENDIAN -D_CRT_SECURE_NO_DEPRECATE -DOPENSSL_USE_APPLINK -I. -DOPENSSL_NO_RC5 -DOPENSSL_NO_MD2 -DOPENSSL_NO_KRB5 -DOPENSSL_NO_JPAKE -DOPENSSL_NO_STATIC_ENGINE /Zi /Fdtmp32dll/lib -D_WINDLL  -DOPENSSL_BUILD_SHLIBCRYPTO -c .\crypto\bn\bn_ctx.c
bn_ctx.c
c:\program files (x86)\microsoft sdks\windows\v7.1a\include\sal_supp.h(57) : warning C4005: '__useHeader' : macro redefinition
        C:\Program Files (x86)\Microsoft Visual Studio 12.0\VC\include\sal.h(2886) : see previous definition of '__useHeader'
c:\program files (x86)\microsoft sdks\windows\v7.1a\include\specstrings_supp.h(77) : warning C4005: '__on_failure' : macro redefinition
        C:\Program Files (x86)\Microsoft Visual Studio 12.0\VC\include\sal.h(2896) : see previous definition of '__on_failure'
	cl /Fotmp32dll\bn_mul.obj  -Iinc32 -Itmp32dll /MD /Ox /O2 /Ob2 -DOPENSSL_THREADS  -DDSO_WIN32 -W3 -Gs0 -GF -Gy -nologo -DOPENSSL_SYSNAME_WIN32 -DWIN32_LEAN_AND_MEAN -DL_ENDIAN -D_CRT_SECURE_NO_DEPRECATE -DOPENSSL_USE_APPLINK -I. -DOPENSSL_NO_RC5 -DOPENSSL_NO_MD2 -DOPENSSL_NO_KRB5 -DOPENSSL_NO_JPAKE -DOPENSSL_NO_STATIC_ENGINE /Zi /Fdtmp32dll/lib -D_WINDLL  -DOPENSSL_BUILD_SHLIBCRYPTO -c .\crypto\bn\bn_mul.c
bn_mul.c
c:\program files (x86)\microsoft sdks\windows\v7.1a\include\sal_supp.h(57) : warning C4005: '__useHeader' : macro redefinition
        C:\Program Files (x86)\Microsoft Visual Studio 12.0\VC\include\sal.h(2886) : see previous definition of '__useHeader'
c:\program files (x86)\microsoft sdks\windows\v7.1a\include\specstrings_supp.h(77) : warning C4005: '__on_failure' : macro redefinition
        C:\Program Files (x86)\Microsoft Visual Studio 12.0\VC\include\sal.h(2896) : see previous definition of '__on_failure'
	cl /Fotmp32dll\bn_mod.obj  -Iinc32 -Itmp32dll /MD /Ox /O2 /Ob2 -DOPENSSL_THREADS  -DDSO_WIN32 -W3 -Gs0 -GF -Gy -nologo -DOPENSSL_SYSNAME_WIN32 -DWIN32_LEAN_AND_MEAN -DL_ENDIAN -D_CRT_SECURE_NO_DEPRECATE -DOPENSSL_USE_APPLINK -I. -DOPENSSL_NO_RC5 -DOPENSSL_NO_MD2 -DOPENSSL_NO_KRB5 -DOPENSSL_NO_JPAKE -DOPENSSL_NO_STATIC_ENGINE /Zi /Fdtmp32dll/lib -D_WINDLL  -DOPENSSL_BUILD_SHLIBCRYPTO -c .\crypto\bn\bn_mod.c
bn_mod.c
c:\program files (x86)\microsoft sdks\windows\v7.1a\include\sal_supp.h(57) : warning C4005: '__useHeader' : macro redefinition
        C:\Program Files (x86)\Microsoft Visual Studio 12.0\VC\include\sal.h(2886) : see previous definition of '__useHeader'
c:\program files (x86)\microsoft sdks\windows\v7.1a\include\specstrings_supp.h(77) : warning C4005: '__on_failure' : macro redefinition
        C:\Program Files (x86)\Microsoft Visual Studio 12.0\VC\include\sal.h(2896) : see previous definition of '__on_failure'
	cl /Fotmp32dll\bn_print.obj  -Iinc32 -Itmp32dll /MD /Ox /O2 /Ob2 -DOPENSSL_THREADS  -DDSO_WIN32 -W3 -Gs0 -GF -Gy -nologo -DOPENSSL_SYSNAME_WIN32 -DWIN32_LEAN_AND_MEAN -DL_ENDIAN -D_CRT_SECURE_NO_DEPRECATE -DOPENSSL_USE_APPLINK -I. -DOPENSSL_NO_RC5 -DOPENSSL_NO_MD2 -DOPENSSL_NO_KRB5 -DOPENSSL_NO_JPAKE -DOPENSSL_NO_STATIC_ENGINE /Zi /Fdtmp32dll/lib -D_WINDLL  -DOPENSSL_BUILD_SHLIBCRYPTO -c .\crypto\bn\bn_print.c
bn_print.c
c:\program files (x86)\microsoft sdks\windows\v7.1a\include\sal_supp.h(57) : warning C4005: '__useHeader' : macro redefinition
        C:\Program Files (x86)\Microsoft Visual Studio 12.0\VC\include\sal.h(2886) : see previous definition of '__useHeader'
c:\program files (x86)\microsoft sdks\windows\v7.1a\include\specstrings_supp.h(77) : warning C4005: '__on_failure' : macro redefinition
        C:\Program Files (x86)\Microsoft Visual Studio 12.0\VC\include\sal.h(2896) : see previous definition of '__on_failure'
	cl /Fotmp32dll\bn_rand.obj  -Iinc32 -Itmp32dll /MD /Ox /O2 /Ob2 -DOPENSSL_THREADS  -DDSO_WIN32 -W3 -Gs0 -GF -Gy -nologo -DOPENSSL_SYSNAME_WIN32 -DWIN32_LEAN_AND_MEAN -DL_ENDIAN -D_CRT_SECURE_NO_DEPRECATE -DOPENSSL_USE_APPLINK -I. -DOPENSSL_NO_RC5 -DOPENSSL_NO_MD2 -DOPENSSL_NO_KRB5 -DOPENSSL_NO_JPAKE -DOPENSSL_NO_STATIC_ENGINE /Zi /Fdtmp32dll/lib -D_WINDLL  -DOPENSSL_BUILD_SHLIBCRYPTO -c .\crypto\bn\bn_rand.c
bn_rand.c
c:\program files (x86)\microsoft sdks\windows\v7.1a\include\sal_supp.h(57) : warning C4005: '__useHeader' : macro redefinition
        C:\Program Files (x86)\Microsoft Visual Studio 12.0\VC\include\sal.h(2886) : see previous definition of '__useHeader'
c:\program files (x86)\microsoft sdks\windows\v7.1a\include\specstrings_supp.h(77) : warning C4005: '__on_failure' : macro redefinition
        C:\Program Files (x86)\Microsoft Visual Studio 12.0\VC\include\sal.h(2896) : see previous definition of '__on_failure'
	cl /Fotmp32dll\bn_shift.obj  -Iinc32 -Itmp32dll /MD /Ox /O2 /Ob2 -DOPENSSL_THREADS  -DDSO_WIN32 -W3 -Gs0 -GF -Gy -nologo -DOPENSSL_SYSNAME_WIN32 -DWIN32_LEAN_AND_MEAN -DL_ENDIAN -D_CRT_SECURE_NO_DEPRECATE -DOPENSSL_USE_APPLINK -I. -DOPENSSL_NO_RC5 -DOPENSSL_NO_MD2 -DOPENSSL_NO_KRB5 -DOPENSSL_NO_JPAKE -DOPENSSL_NO_STATIC_ENGINE /Zi /Fdtmp32dll/lib -D_WINDLL  -DOPENSSL_BUILD_SHLIBCRYPTO -c .\crypto\bn\bn_shift.c
bn_shift.c
c:\program files (x86)\microsoft sdks\windows\v7.1a\include\sal_supp.h(57) : warning C4005: '__useHeader' : macro redefinition
        C:\Program Files (x86)\Microsoft Visual Studio 12.0\VC\include\sal.h(2886) : see previous definition of '__useHeader'
c:\program files (x86)\microsoft sdks\windows\v7.1a\include\specstrings_supp.h(77) : warning C4005: '__on_failure' : macro redefinition
        C:\Program Files (x86)\Microsoft Visual Studio 12.0\VC\include\sal.h(2896) : see previous definition of '__on_failure'
	cl /Fotmp32dll\bn_word.obj  -Iinc32 -Itmp32dll /MD /Ox /O2 /Ob2 -DOPENSSL_THREADS  -DDSO_WIN32 -W3 -Gs0 -GF -Gy -nologo -DOPENSSL_SYSNAME_WIN32 -DWIN32_LEAN_AND_MEAN -DL_ENDIAN -D_CRT_SECURE_NO_DEPRECATE -DOPENSSL_USE_APPLINK -I. -DOPENSSL_NO_RC5 -DOPENSSL_NO_MD2 -DOPENSSL_NO_KRB5 -DOPENSSL_NO_JPAKE -DOPENSSL_NO_STATIC_ENGINE /Zi /Fdtmp32dll/lib -D_WINDLL  -DOPENSSL_BUILD_SHLIBCRYPTO -c .\crypto\bn\bn_word.c
bn_word.c
c:\program files (x86)\microsoft sdks\windows\v7.1a\include\sal_supp.h(57) : warning C4005: '__useHeader' : macro redefinition
        C:\Program Files (x86)\Microsoft Visual Studio 12.0\VC\include\sal.h(2886) : see previous definition of '__useHeader'
c:\program files (x86)\microsoft sdks\windows\v7.1a\include\specstrings_supp.h(77) : warning C4005: '__on_failure' : macro redefinition
        C:\Program Files (x86)\Microsoft Visual Studio 12.0\VC\include\sal.h(2896) : see previous definition of '__on_failure'
	cl /Fotmp32dll\bn_blind.obj  -Iinc32 -Itmp32dll /MD /Ox /O2 /Ob2 -DOPENSSL_THREADS  -DDSO_WIN32 -W3 -Gs0 -GF -Gy -nologo -DOPENSSL_SYSNAME_WIN32 -DWIN32_LEAN_AND_MEAN -DL_ENDIAN -D_CRT_SECURE_NO_DEPRECATE -DOPENSSL_USE_APPLINK -I. -DOPENSSL_NO_RC5 -DOPENSSL_NO_MD2 -DOPENSSL_NO_KRB5 -DOPENSSL_NO_JPAKE -DOPENSSL_NO_STATIC_ENGINE /Zi /Fdtmp32dll/lib -D_WINDLL  -DOPENSSL_BUILD_SHLIBCRYPTO -c .\crypto\bn\bn_blind.c
bn_blind.c
c:\program files (x86)\microsoft sdks\windows\v7.1a\include\sal_supp.h(57) : warning C4005: '__useHeader' : macro redefinition
        C:\Program Files (x86)\Microsoft Visual Studio 12.0\VC\include\sal.h(2886) : see previous definition of '__useHeader'
c:\program files (x86)\microsoft sdks\windows\v7.1a\include\specstrings_supp.h(77) : warning C4005: '__on_failure' : macro redefinition
        C:\Program Files (x86)\Microsoft Visual Studio 12.0\VC\include\sal.h(2896) : see previous definition of '__on_failure'
	cl /Fotmp32dll\bn_kron.obj  -Iinc32 -Itmp32dll /MD /Ox /O2 /Ob2 -DOPENSSL_THREADS  -DDSO_WIN32 -W3 -Gs0 -GF -Gy -nologo -DOPENSSL_SYSNAME_WIN32 -DWIN32_LEAN_AND_MEAN -DL_ENDIAN -D_CRT_SECURE_NO_DEPRECATE -DOPENSSL_USE_APPLINK -I. -DOPENSSL_NO_RC5 -DOPENSSL_NO_MD2 -DOPENSSL_NO_KRB5 -DOPENSSL_NO_JPAKE -DOPENSSL_NO_STATIC_ENGINE /Zi /Fdtmp32dll/lib -D_WINDLL  -DOPENSSL_BUILD_SHLIBCRYPTO -c .\crypto\bn\bn_kron.c
bn_kron.c
c:\program files (x86)\microsoft sdks\windows\v7.1a\include\sal_supp.h(57) : warning C4005: '__useHeader' : macro redefinition
        C:\Program Files (x86)\Microsoft Visual Studio 12.0\VC\include\sal.h(2886) : see previous definition of '__useHeader'
c:\program files (x86)\microsoft sdks\windows\v7.1a\include\specstrings_supp.h(77) : warning C4005: '__on_failure' : macro redefinition
        C:\Program Files (x86)\Microsoft Visual Studio 12.0\VC\include\sal.h(2896) : see previous definition of '__on_failure'
	cl /Fotmp32dll\bn_sqrt.obj  -Iinc32 -Itmp32dll /MD /Ox /O2 /Ob2 -DOPENSSL_THREADS  -DDSO_WIN32 -W3 -Gs0 -GF -Gy -nologo -DOPENSSL_SYSNAME_WIN32 -DWIN32_LEAN_AND_MEAN -DL_ENDIAN -D_CRT_SECURE_NO_DEPRECATE -DOPENSSL_USE_APPLINK -I. -DOPENSSL_NO_RC5 -DOPENSSL_NO_MD2 -DOPENSSL_NO_KRB5 -DOPENSSL_NO_JPAKE -DOPENSSL_NO_STATIC_ENGINE /Zi /Fdtmp32dll/lib -D_WINDLL  -DOPENSSL_BUILD_SHLIBCRYPTO -c .\crypto\bn\bn_sqrt.c
bn_sqrt.c
c:\program files (x86)\microsoft sdks\windows\v7.1a\include\sal_supp.h(57) : warning C4005: '__useHeader' : macro redefinition
        C:\Program Files (x86)\Microsoft Visual Studio 12.0\VC\include\sal.h(2886) : see previous definition of '__useHeader'
c:\program files (x86)\microsoft sdks\windows\v7.1a\include\specstrings_supp.h(77) : warning C4005: '__on_failure' : macro redefinition
        C:\Program Files (x86)\Microsoft Visual Studio 12.0\VC\include\sal.h(2896) : see previous definition of '__on_failure'
	cl /Fotmp32dll\bn_gcd.obj  -Iinc32 -Itmp32dll /MD /Ox /O2 /Ob2 -DOPENSSL_THREADS  -DDSO_WIN32 -W3 -Gs0 -GF -Gy -nologo -DOPENSSL_SYSNAME_WIN32 -DWIN32_LEAN_AND_MEAN -DL_ENDIAN -D_CRT_SECURE_NO_DEPRECATE -DOPENSSL_USE_APPLINK -I. -DOPENSSL_NO_RC5 -DOPENSSL_NO_MD2 -DOPENSSL_NO_KRB5 -DOPENSSL_NO_JPAKE -DOPENSSL_NO_STATIC_ENGINE /Zi /Fdtmp32dll/lib -D_WINDLL  -DOPENSSL_BUILD_SHLIBCRYPTO -c .\crypto\bn\bn_gcd.c
bn_gcd.c
c:\program files (x86)\microsoft sdks\windows\v7.1a\include\sal_supp.h(57) : warning C4005: '__useHeader' : macro redefinition
        C:\Program Files (x86)\Microsoft Visual Studio 12.0\VC\include\sal.h(2886) : see previous definition of '__useHeader'
c:\program files (x86)\microsoft sdks\windows\v7.1a\include\specstrings_supp.h(77) : warning C4005: '__on_failure' : macro redefinition
        C:\Program Files (x86)\Microsoft Visual Studio 12.0\VC\include\sal.h(2896) : see previous definition of '__on_failure'
	cl /Fotmp32dll\bn_prime.obj  -Iinc32 -Itmp32dll /MD /Ox /O2 /Ob2 -DOPENSSL_THREADS  -DDSO_WIN32 -W3 -Gs0 -GF -Gy -nologo -DOPENSSL_SYSNAME_WIN32 -DWIN32_LEAN_AND_MEAN -DL_ENDIAN -D_CRT_SECURE_NO_DEPRECATE -DOPENSSL_USE_APPLINK -I. -DOPENSSL_NO_RC5 -DOPENSSL_NO_MD2 -DOPENSSL_NO_KRB5 -DOPENSSL_NO_JPAKE -DOPENSSL_NO_STATIC_ENGINE /Zi /Fdtmp32dll/lib -D_WINDLL  -DOPENSSL_BUILD_SHLIBCRYPTO -c .\crypto\bn\bn_prime.c
bn_prime.c
c:\program files (x86)\microsoft sdks\windows\v7.1a\include\sal_supp.h(57) : warning C4005: '__useHeader' : macro redefinition
        C:\Program Files (x86)\Microsoft Visual Studio 12.0\VC\include\sal.h(2886) : see previous definition of '__useHeader'
c:\program files (x86)\microsoft sdks\windows\v7.1a\include\specstrings_supp.h(77) : warning C4005: '__on_failure' : macro redefinition
        C:\Program Files (x86)\Microsoft Visual Studio 12.0\VC\include\sal.h(2896) : see previous definition of '__on_failure'
	cl /Fotmp32dll\bn_err.obj  -Iinc32 -Itmp32dll /MD /Ox /O2 /Ob2 -DOPENSSL_THREADS  -DDSO_WIN32 -W3 -Gs0 -GF -Gy -nologo -DOPENSSL_SYSNAME_WIN32 -DWIN32_LEAN_AND_MEAN -DL_ENDIAN -D_CRT_SECURE_NO_DEPRECATE -DOPENSSL_USE_APPLINK -I. -DOPENSSL_NO_RC5 -DOPENSSL_NO_MD2 -DOPENSSL_NO_KRB5 -DOPENSSL_NO_JPAKE -DOPENSSL_NO_STATIC_ENGINE /Zi /Fdtmp32dll/lib -D_WINDLL  -DOPENSSL_BUILD_SHLIBCRYPTO -c .\crypto\bn\bn_err.c
bn_err.c
	cl /Fotmp32dll\bn_sqr.obj  -Iinc32 -Itmp32dll /MD /Ox /O2 /Ob2 -DOPENSSL_THREADS  -DDSO_WIN32 -W3 -Gs0 -GF -Gy -nologo -DOPENSSL_SYSNAME_WIN32 -DWIN32_LEAN_AND_MEAN -DL_ENDIAN -D_CRT_SECURE_NO_DEPRECATE -DOPENSSL_USE_APPLINK -I. -DOPENSSL_NO_RC5 -DOPENSSL_NO_MD2 -DOPENSSL_NO_KRB5 -DOPENSSL_NO_JPAKE -DOPENSSL_NO_STATIC_ENGINE /Zi /Fdtmp32dll/lib -D_WINDLL  -DOPENSSL_BUILD_SHLIBCRYPTO -c .\crypto\bn\bn_sqr.c
bn_sqr.c
c:\program files (x86)\microsoft sdks\windows\v7.1a\include\sal_supp.h(57) : warning C4005: '__useHeader' : macro redefinition
        C:\Program Files (x86)\Microsoft Visual Studio 12.0\VC\include\sal.h(2886) : see previous definition of '__useHeader'
c:\program files (x86)\microsoft sdks\windows\v7.1a\include\specstrings_supp.h(77) : warning C4005: '__on_failure' : macro redefinition
        C:\Program Files (x86)\Microsoft Visual Studio 12.0\VC\include\sal.h(2896) : see previous definition of '__on_failure'
	cl /Fotmp32dll\bn_asm.obj  -Iinc32 -Itmp32dll /MD /Ox /O2 /Ob2 -DOPENSSL_THREADS  -DDSO_WIN32 -W3 -Gs0 -GF -Gy -nologo -DOPENSSL_SYSNAME_WIN32 -DWIN32_LEAN_AND_MEAN -DL_ENDIAN -D_CRT_SECURE_NO_DEPRECATE -DOPENSSL_USE_APPLINK -I. -DOPENSSL_NO_RC5 -DOPENSSL_NO_MD2 -DOPENSSL_NO_KRB5 -DOPENSSL_NO_JPAKE -DOPENSSL_NO_STATIC_ENGINE /Zi /Fdtmp32dll/lib -D_WINDLL  -DOPENSSL_BUILD_SHLIBCRYPTO -c .\crypto\bn\bn_asm.c
bn_asm.c
c:\program files (x86)\microsoft sdks\windows\v7.1a\include\sal_supp.h(57) : warning C4005: '__useHeader' : macro redefinition
        C:\Program Files (x86)\Microsoft Visual Studio 12.0\VC\include\sal.h(2886) : see previous definition of '__useHeader'
c:\program files (x86)\microsoft sdks\windows\v7.1a\include\specstrings_supp.h(77) : warning C4005: '__on_failure' : macro redefinition
        C:\Program Files (x86)\Microsoft Visual Studio 12.0\VC\include\sal.h(2896) : see previous definition of '__on_failure'
	cl /Fotmp32dll\bn_recp.obj  -Iinc32 -Itmp32dll /MD /Ox /O2 /Ob2 -DOPENSSL_THREADS  -DDSO_WIN32 -W3 -Gs0 -GF -Gy -nologo -DOPENSSL_SYSNAME_WIN32 -DWIN32_LEAN_AND_MEAN -DL_ENDIAN -D_CRT_SECURE_NO_DEPRECATE -DOPENSSL_USE_APPLINK -I. -DOPENSSL_NO_RC5 -DOPENSSL_NO_MD2 -DOPENSSL_NO_KRB5 -DOPENSSL_NO_JPAKE -DOPENSSL_NO_STATIC_ENGINE /Zi /Fdtmp32dll/lib -D_WINDLL  -DOPENSSL_BUILD_SHLIBCRYPTO -c .\crypto\bn\bn_recp.c
bn_recp.c
c:\program files (x86)\microsoft sdks\windows\v7.1a\include\sal_supp.h(57) : warning C4005: '__useHeader' : macro redefinition
        C:\Program Files (x86)\Microsoft Visual Studio 12.0\VC\include\sal.h(2886) : see previous definition of '__useHeader'
c:\program files (x86)\microsoft sdks\windows\v7.1a\include\specstrings_supp.h(77) : warning C4005: '__on_failure' : macro redefinition
        C:\Program Files (x86)\Microsoft Visual Studio 12.0\VC\include\sal.h(2896) : see previous definition of '__on_failure'
	cl /Fotmp32dll\bn_mont.obj  -Iinc32 -Itmp32dll /MD /Ox /O2 /Ob2 -DOPENSSL_THREADS  -DDSO_WIN32 -W3 -Gs0 -GF -Gy -nologo -DOPENSSL_SYSNAME_WIN32 -DWIN32_LEAN_AND_MEAN -DL_ENDIAN -D_CRT_SECURE_NO_DEPRECATE -DOPENSSL_USE_APPLINK -I. -DOPENSSL_NO_RC5 -DOPENSSL_NO_MD2 -DOPENSSL_NO_KRB5 -DOPENSSL_NO_JPAKE -DOPENSSL_NO_STATIC_ENGINE /Zi /Fdtmp32dll/lib -D_WINDLL  -DOPENSSL_BUILD_SHLIBCRYPTO -c .\crypto\bn\bn_mont.c
bn_mont.c
c:\program files (x86)\microsoft sdks\windows\v7.1a\include\sal_supp.h(57) : warning C4005: '__useHeader' : macro redefinition
        C:\Program Files (x86)\Microsoft Visual Studio 12.0\VC\include\sal.h(2886) : see previous definition of '__useHeader'
c:\program files (x86)\microsoft sdks\windows\v7.1a\include\specstrings_supp.h(77) : warning C4005: '__on_failure' : macro redefinition
        C:\Program Files (x86)\Microsoft Visual Studio 12.0\VC\include\sal.h(2896) : see previous definition of '__on_failure'
	cl /Fotmp32dll\bn_mpi.obj  -Iinc32 -Itmp32dll /MD /Ox /O2 /Ob2 -DOPENSSL_THREADS  -DDSO_WIN32 -W3 -Gs0 -GF -Gy -nologo -DOPENSSL_SYSNAME_WIN32 -DWIN32_LEAN_AND_MEAN -DL_ENDIAN -D_CRT_SECURE_NO_DEPRECATE -DOPENSSL_USE_APPLINK -I. -DOPENSSL_NO_RC5 -DOPENSSL_NO_MD2 -DOPENSSL_NO_KRB5 -DOPENSSL_NO_JPAKE -DOPENSSL_NO_STATIC_ENGINE /Zi /Fdtmp32dll/lib -D_WINDLL  -DOPENSSL_BUILD_SHLIBCRYPTO -c .\crypto\bn\bn_mpi.c
bn_mpi.c
c:\program files (x86)\microsoft sdks\windows\v7.1a\include\sal_supp.h(57) : warning C4005: '__useHeader' : macro redefinition
        C:\Program Files (x86)\Microsoft Visual Studio 12.0\VC\include\sal.h(2886) : see previous definition of '__useHeader'
c:\program files (x86)\microsoft sdks\windows\v7.1a\include\specstrings_supp.h(77) : warning C4005: '__on_failure' : macro redefinition
        C:\Program Files (x86)\Microsoft Visual Studio 12.0\VC\include\sal.h(2896) : see previous definition of '__on_failure'
	cl /Fotmp32dll\bn_exp2.obj  -Iinc32 -Itmp32dll /MD /Ox /O2 /Ob2 -DOPENSSL_THREADS  -DDSO_WIN32 -W3 -Gs0 -GF -Gy -nologo -DOPENSSL_SYSNAME_WIN32 -DWIN32_LEAN_AND_MEAN -DL_ENDIAN -D_CRT_SECURE_NO_DEPRECATE -DOPENSSL_USE_APPLINK -I. -DOPENSSL_NO_RC5 -DOPENSSL_NO_MD2 -DOPENSSL_NO_KRB5 -DOPENSSL_NO_JPAKE -DOPENSSL_NO_STATIC_ENGINE /Zi /Fdtmp32dll/lib -D_WINDLL  -DOPENSSL_BUILD_SHLIBCRYPTO -c .\crypto\bn\bn_exp2.c
bn_exp2.c
c:\program files (x86)\microsoft sdks\windows\v7.1a\include\sal_supp.h(57) : warning C4005: '__useHeader' : macro redefinition
        C:\Program Files (x86)\Microsoft Visual Studio 12.0\VC\include\sal.h(2886) : see previous definition of '__useHeader'
c:\program files (x86)\microsoft sdks\windows\v7.1a\include\specstrings_supp.h(77) : warning C4005: '__on_failure' : macro redefinition
        C:\Program Files (x86)\Microsoft Visual Studio 12.0\VC\include\sal.h(2896) : see previous definition of '__on_failure'
	cl /Fotmp32dll\bn_gf2m.obj  -Iinc32 -Itmp32dll /MD /Ox /O2 /Ob2 -DOPENSSL_THREADS  -DDSO_WIN32 -W3 -Gs0 -GF -Gy -nologo -DOPENSSL_SYSNAME_WIN32 -DWIN32_LEAN_AND_MEAN -DL_ENDIAN -D_CRT_SECURE_NO_DEPRECATE -DOPENSSL_USE_APPLINK -I. -DOPENSSL_NO_RC5 -DOPENSSL_NO_MD2 -DOPENSSL_NO_KRB5 -DOPENSSL_NO_JPAKE -DOPENSSL_NO_STATIC_ENGINE /Zi /Fdtmp32dll/lib -D_WINDLL  -DOPENSSL_BUILD_SHLIBCRYPTO -c .\crypto\bn\bn_gf2m.c
bn_gf2m.c
c:\program files (x86)\microsoft sdks\windows\v7.1a\include\sal_supp.h(57) : warning C4005: '__useHeader' : macro redefinition
        C:\Program Files (x86)\Microsoft Visual Studio 12.0\VC\include\sal.h(2886) : see previous definition of '__useHeader'
c:\program files (x86)\microsoft sdks\windows\v7.1a\include\specstrings_supp.h(77) : warning C4005: '__on_failure' : macro redefinition
        C:\Program Files (x86)\Microsoft Visual Studio 12.0\VC\include\sal.h(2896) : see previous definition of '__on_failure'
	cl /Fotmp32dll\bn_nist.obj  -Iinc32 -Itmp32dll /MD /Ox /O2 /Ob2 -DOPENSSL_THREADS  -DDSO_WIN32 -W3 -Gs0 -GF -Gy -nologo -DOPENSSL_SYSNAME_WIN32 -DWIN32_LEAN_AND_MEAN -DL_ENDIAN -D_CRT_SECURE_NO_DEPRECATE -DOPENSSL_USE_APPLINK -I. -DOPENSSL_NO_RC5 -DOPENSSL_NO_MD2 -DOPENSSL_NO_KRB5 -DOPENSSL_NO_JPAKE -DOPENSSL_NO_STATIC_ENGINE /Zi /Fdtmp32dll/lib -D_WINDLL  -DOPENSSL_BUILD_SHLIBCRYPTO -c .\crypto\bn\bn_nist.c
bn_nist.c
c:\program files (x86)\microsoft sdks\windows\v7.1a\include\sal_supp.h(57) : warning C4005: '__useHeader' : macro redefinition
        C:\Program Files (x86)\Microsoft Visual Studio 12.0\VC\include\sal.h(2886) : see previous definition of '__useHeader'
c:\program files (x86)\microsoft sdks\windows\v7.1a\include\specstrings_supp.h(77) : warning C4005: '__on_failure' : macro redefinition
        C:\Program Files (x86)\Microsoft Visual Studio 12.0\VC\include\sal.h(2896) : see previous definition of '__on_failure'
	cl /Fotmp32dll\bn_depr.obj  -Iinc32 -Itmp32dll /MD /Ox /O2 /Ob2 -DOPENSSL_THREADS  -DDSO_WIN32 -W3 -Gs0 -GF -Gy -nologo -DOPENSSL_SYSNAME_WIN32 -DWIN32_LEAN_AND_MEAN -DL_ENDIAN -D_CRT_SECURE_NO_DEPRECATE -DOPENSSL_USE_APPLINK -I. -DOPENSSL_NO_RC5 -DOPENSSL_NO_MD2 -DOPENSSL_NO_KRB5 -DOPENSSL_NO_JPAKE -DOPENSSL_NO_STATIC_ENGINE /Zi /Fdtmp32dll/lib -D_WINDLL  -DOPENSSL_BUILD_SHLIBCRYPTO -c .\crypto\bn\bn_depr.c
bn_depr.c
c:\program files (x86)\microsoft sdks\windows\v7.1a\include\sal_supp.h(57) : warning C4005: '__useHeader' : macro redefinition
        C:\Program Files (x86)\Microsoft Visual Studio 12.0\VC\include\sal.h(2886) : see previous definition of '__useHeader'
c:\program files (x86)\microsoft sdks\windows\v7.1a\include\specstrings_supp.h(77) : warning C4005: '__on_failure' : macro redefinition
        C:\Program Files (x86)\Microsoft Visual Studio 12.0\VC\include\sal.h(2896) : see previous definition of '__on_failure'
	cl /Fotmp32dll\bn_const.obj  -Iinc32 -Itmp32dll /MD /Ox /O2 /Ob2 -DOPENSSL_THREADS  -DDSO_WIN32 -W3 -Gs0 -GF -Gy -nologo -DOPENSSL_SYSNAME_WIN32 -DWIN32_LEAN_AND_MEAN -DL_ENDIAN -D_CRT_SECURE_NO_DEPRECATE -DOPENSSL_USE_APPLINK -I. -DOPENSSL_NO_RC5 -DOPENSSL_NO_MD2 -DOPENSSL_NO_KRB5 -DOPENSSL_NO_JPAKE -DOPENSSL_NO_STATIC_ENGINE /Zi /Fdtmp32dll/lib -D_WINDLL  -DOPENSSL_BUILD_SHLIBCRYPTO -c .\crypto\bn\bn_const.c
bn_const.c
	cl /Fotmp32dll\bn_x931p.obj  -Iinc32 -Itmp32dll /MD /Ox /O2 /Ob2 -DOPENSSL_THREADS  -DDSO_WIN32 -W3 -Gs0 -GF -Gy -nologo -DOPENSSL_SYSNAME_WIN32 -DWIN32_LEAN_AND_MEAN -DL_ENDIAN -D_CRT_SECURE_NO_DEPRECATE -DOPENSSL_USE_APPLINK -I. -DOPENSSL_NO_RC5 -DOPENSSL_NO_MD2 -DOPENSSL_NO_KRB5 -DOPENSSL_NO_JPAKE -DOPENSSL_NO_STATIC_ENGINE /Zi /Fdtmp32dll/lib -D_WINDLL  -DOPENSSL_BUILD_SHLIBCRYPTO -c .\crypto\bn\bn_x931p.c
bn_x931p.c
	cl /Fotmp32dll\rsa_eay.obj  -Iinc32 -Itmp32dll /MD /Ox /O2 /Ob2 -DOPENSSL_THREADS  -DDSO_WIN32 -W3 -Gs0 -GF -Gy -nologo -DOPENSSL_SYSNAME_WIN32 -DWIN32_LEAN_AND_MEAN -DL_ENDIAN -D_CRT_SECURE_NO_DEPRECATE -DOPENSSL_USE_APPLINK -I. -DOPENSSL_NO_RC5 -DOPENSSL_NO_MD2 -DOPENSSL_NO_KRB5 -DOPENSSL_NO_JPAKE -DOPENSSL_NO_STATIC_ENGINE /Zi /Fdtmp32dll/lib -D_WINDLL  -DOPENSSL_BUILD_SHLIBCRYPTO -c .\crypto\rsa\rsa_eay.c
rsa_eay.c
c:\program files (x86)\microsoft sdks\windows\v7.1a\include\sal_supp.h(57) : warning C4005: '__useHeader' : macro redefinition
        C:\Program Files (x86)\Microsoft Visual Studio 12.0\VC\include\sal.h(2886) : see previous definition of '__useHeader'
c:\program files (x86)\microsoft sdks\windows\v7.1a\include\specstrings_supp.h(77) : warning C4005: '__on_failure' : macro redefinition
        C:\Program Files (x86)\Microsoft Visual Studio 12.0\VC\include\sal.h(2896) : see previous definition of '__on_failure'
	cl /Fotmp32dll\rsa_gen.obj  -Iinc32 -Itmp32dll /MD /Ox /O2 /Ob2 -DOPENSSL_THREADS  -DDSO_WIN32 -W3 -Gs0 -GF -Gy -nologo -DOPENSSL_SYSNAME_WIN32 -DWIN32_LEAN_AND_MEAN -DL_ENDIAN -D_CRT_SECURE_NO_DEPRECATE -DOPENSSL_USE_APPLINK -I. -DOPENSSL_NO_RC5 -DOPENSSL_NO_MD2 -DOPENSSL_NO_KRB5 -DOPENSSL_NO_JPAKE -DOPENSSL_NO_STATIC_ENGINE /Zi /Fdtmp32dll/lib -D_WINDLL  -DOPENSSL_BUILD_SHLIBCRYPTO -c .\crypto\rsa\rsa_gen.c
rsa_gen.c
c:\program files (x86)\microsoft sdks\windows\v7.1a\include\sal_supp.h(57) : warning C4005: '__useHeader' : macro redefinition
        C:\Program Files (x86)\Microsoft Visual Studio 12.0\VC\include\sal.h(2886) : see previous definition of '__useHeader'
c:\program files (x86)\microsoft sdks\windows\v7.1a\include\specstrings_supp.h(77) : warning C4005: '__on_failure' : macro redefinition
        C:\Program Files (x86)\Microsoft Visual Studio 12.0\VC\include\sal.h(2896) : see previous definition of '__on_failure'
	cl /Fotmp32dll\rsa_lib.obj  -Iinc32 -Itmp32dll /MD /Ox /O2 /Ob2 -DOPENSSL_THREADS  -DDSO_WIN32 -W3 -Gs0 -GF -Gy -nologo -DOPENSSL_SYSNAME_WIN32 -DWIN32_LEAN_AND_MEAN -DL_ENDIAN -D_CRT_SECURE_NO_DEPRECATE -DOPENSSL_USE_APPLINK -I. -DOPENSSL_NO_RC5 -DOPENSSL_NO_MD2 -DOPENSSL_NO_KRB5 -DOPENSSL_NO_JPAKE -DOPENSSL_NO_STATIC_ENGINE /Zi /Fdtmp32dll/lib -D_WINDLL  -DOPENSSL_BUILD_SHLIBCRYPTO -c .\crypto\rsa\rsa_lib.c
rsa_lib.c
c:\program files (x86)\microsoft sdks\windows\v7.1a\include\sal_supp.h(57) : warning C4005: '__useHeader' : macro redefinition
        C:\Program Files (x86)\Microsoft Visual Studio 12.0\VC\include\sal.h(2886) : see previous definition of '__useHeader'
c:\program files (x86)\microsoft sdks\windows\v7.1a\include\specstrings_supp.h(77) : warning C4005: '__on_failure' : macro redefinition
        C:\Program Files (x86)\Microsoft Visual Studio 12.0\VC\include\sal.h(2896) : see previous definition of '__on_failure'
	cl /Fotmp32dll\rsa_sign.obj  -Iinc32 -Itmp32dll /MD /Ox /O2 /Ob2 -DOPENSSL_THREADS  -DDSO_WIN32 -W3 -Gs0 -GF -Gy -nologo -DOPENSSL_SYSNAME_WIN32 -DWIN32_LEAN_AND_MEAN -DL_ENDIAN -D_CRT_SECURE_NO_DEPRECATE -DOPENSSL_USE_APPLINK -I. -DOPENSSL_NO_RC5 -DOPENSSL_NO_MD2 -DOPENSSL_NO_KRB5 -DOPENSSL_NO_JPAKE -DOPENSSL_NO_STATIC_ENGINE /Zi /Fdtmp32dll/lib -D_WINDLL  -DOPENSSL_BUILD_SHLIBCRYPTO -c .\crypto\rsa\rsa_sign.c
rsa_sign.c
c:\program files (x86)\microsoft sdks\windows\v7.1a\include\sal_supp.h(57) : warning C4005: '__useHeader' : macro redefinition
        C:\Program Files (x86)\Microsoft Visual Studio 12.0\VC\include\sal.h(2886) : see previous definition of '__useHeader'
c:\program files (x86)\microsoft sdks\windows\v7.1a\include\specstrings_supp.h(77) : warning C4005: '__on_failure' : macro redefinition
        C:\Program Files (x86)\Microsoft Visual Studio 12.0\VC\include\sal.h(2896) : see previous definition of '__on_failure'
	cl /Fotmp32dll\rsa_saos.obj  -Iinc32 -Itmp32dll /MD /Ox /O2 /Ob2 -DOPENSSL_THREADS  -DDSO_WIN32 -W3 -Gs0 -GF -Gy -nologo -DOPENSSL_SYSNAME_WIN32 -DWIN32_LEAN_AND_MEAN -DL_ENDIAN -D_CRT_SECURE_NO_DEPRECATE -DOPENSSL_USE_APPLINK -I. -DOPENSSL_NO_RC5 -DOPENSSL_NO_MD2 -DOPENSSL_NO_KRB5 -DOPENSSL_NO_JPAKE -DOPENSSL_NO_STATIC_ENGINE /Zi /Fdtmp32dll/lib -D_WINDLL  -DOPENSSL_BUILD_SHLIBCRYPTO -c .\crypto\rsa\rsa_saos.c
rsa_saos.c
c:\program files (x86)\microsoft sdks\windows\v7.1a\include\sal_supp.h(57) : warning C4005: '__useHeader' : macro redefinition
        C:\Program Files (x86)\Microsoft Visual Studio 12.0\VC\include\sal.h(2886) : see previous definition of '__useHeader'
c:\program files (x86)\microsoft sdks\windows\v7.1a\include\specstrings_supp.h(77) : warning C4005: '__on_failure' : macro redefinition
        C:\Program Files (x86)\Microsoft Visual Studio 12.0\VC\include\sal.h(2896) : see previous definition of '__on_failure'
	cl /Fotmp32dll\rsa_err.obj  -Iinc32 -Itmp32dll /MD /Ox /O2 /Ob2 -DOPENSSL_THREADS  -DDSO_WIN32 -W3 -Gs0 -GF -Gy -nologo -DOPENSSL_SYSNAME_WIN32 -DWIN32_LEAN_AND_MEAN -DL_ENDIAN -D_CRT_SECURE_NO_DEPRECATE -DOPENSSL_USE_APPLINK -I. -DOPENSSL_NO_RC5 -DOPENSSL_NO_MD2 -DOPENSSL_NO_KRB5 -DOPENSSL_NO_JPAKE -DOPENSSL_NO_STATIC_ENGINE /Zi /Fdtmp32dll/lib -D_WINDLL  -DOPENSSL_BUILD_SHLIBCRYPTO -c .\crypto\rsa\rsa_err.c
rsa_err.c
	cl /Fotmp32dll\rsa_pk1.obj  -Iinc32 -Itmp32dll /MD /Ox /O2 /Ob2 -DOPENSSL_THREADS  -DDSO_WIN32 -W3 -Gs0 -GF -Gy -nologo -DOPENSSL_SYSNAME_WIN32 -DWIN32_LEAN_AND_MEAN -DL_ENDIAN -D_CRT_SECURE_NO_DEPRECATE -DOPENSSL_USE_APPLINK -I. -DOPENSSL_NO_RC5 -DOPENSSL_NO_MD2 -DOPENSSL_NO_KRB5 -DOPENSSL_NO_JPAKE -DOPENSSL_NO_STATIC_ENGINE /Zi /Fdtmp32dll/lib -D_WINDLL  -DOPENSSL_BUILD_SHLIBCRYPTO -c .\crypto\rsa\rsa_pk1.c
rsa_pk1.c
c:\program files (x86)\microsoft sdks\windows\v7.1a\include\sal_supp.h(57) : warning C4005: '__useHeader' : macro redefinition
        C:\Program Files (x86)\Microsoft Visual Studio 12.0\VC\include\sal.h(2886) : see previous definition of '__useHeader'
c:\program files (x86)\microsoft sdks\windows\v7.1a\include\specstrings_supp.h(77) : warning C4005: '__on_failure' : macro redefinition
        C:\Program Files (x86)\Microsoft Visual Studio 12.0\VC\include\sal.h(2896) : see previous definition of '__on_failure'
	cl /Fotmp32dll\rsa_ssl.obj  -Iinc32 -Itmp32dll /MD /Ox /O2 /Ob2 -DOPENSSL_THREADS  -DDSO_WIN32 -W3 -Gs0 -GF -Gy -nologo -DOPENSSL_SYSNAME_WIN32 -DWIN32_LEAN_AND_MEAN -DL_ENDIAN -D_CRT_SECURE_NO_DEPRECATE -DOPENSSL_USE_APPLINK -I. -DOPENSSL_NO_RC5 -DOPENSSL_NO_MD2 -DOPENSSL_NO_KRB5 -DOPENSSL_NO_JPAKE -DOPENSSL_NO_STATIC_ENGINE /Zi /Fdtmp32dll/lib -D_WINDLL  -DOPENSSL_BUILD_SHLIBCRYPTO -c .\crypto\rsa\rsa_ssl.c
rsa_ssl.c
c:\program files (x86)\microsoft sdks\windows\v7.1a\include\sal_supp.h(57) : warning C4005: '__useHeader' : macro redefinition
        C:\Program Files (x86)\Microsoft Visual Studio 12.0\VC\include\sal.h(2886) : see previous definition of '__useHeader'
c:\program files (x86)\microsoft sdks\windows\v7.1a\include\specstrings_supp.h(77) : warning C4005: '__on_failure' : macro redefinition
        C:\Program Files (x86)\Microsoft Visual Studio 12.0\VC\include\sal.h(2896) : see previous definition of '__on_failure'
	cl /Fotmp32dll\rsa_none.obj  -Iinc32 -Itmp32dll /MD /Ox /O2 /Ob2 -DOPENSSL_THREADS  -DDSO_WIN32 -W3 -Gs0 -GF -Gy -nologo -DOPENSSL_SYSNAME_WIN32 -DWIN32_LEAN_AND_MEAN -DL_ENDIAN -D_CRT_SECURE_NO_DEPRECATE -DOPENSSL_USE_APPLINK -I. -DOPENSSL_NO_RC5 -DOPENSSL_NO_MD2 -DOPENSSL_NO_KRB5 -DOPENSSL_NO_JPAKE -DOPENSSL_NO_STATIC_ENGINE /Zi /Fdtmp32dll/lib -D_WINDLL  -DOPENSSL_BUILD_SHLIBCRYPTO -c .\crypto\rsa\rsa_none.c
rsa_none.c
c:\program files (x86)\microsoft sdks\windows\v7.1a\include\sal_supp.h(57) : warning C4005: '__useHeader' : macro redefinition
        C:\Program Files (x86)\Microsoft Visual Studio 12.0\VC\include\sal.h(2886) : see previous definition of '__useHeader'
c:\program files (x86)\microsoft sdks\windows\v7.1a\include\specstrings_supp.h(77) : warning C4005: '__on_failure' : macro redefinition
        C:\Program Files (x86)\Microsoft Visual Studio 12.0\VC\include\sal.h(2896) : see previous definition of '__on_failure'
	cl /Fotmp32dll\rsa_oaep.obj  -Iinc32 -Itmp32dll /MD /Ox /O2 /Ob2 -DOPENSSL_THREADS  -DDSO_WIN32 -W3 -Gs0 -GF -Gy -nologo -DOPENSSL_SYSNAME_WIN32 -DWIN32_LEAN_AND_MEAN -DL_ENDIAN -D_CRT_SECURE_NO_DEPRECATE -DOPENSSL_USE_APPLINK -I. -DOPENSSL_NO_RC5 -DOPENSSL_NO_MD2 -DOPENSSL_NO_KRB5 -DOPENSSL_NO_JPAKE -DOPENSSL_NO_STATIC_ENGINE /Zi /Fdtmp32dll/lib -D_WINDLL  -DOPENSSL_BUILD_SHLIBCRYPTO -c .\crypto\rsa\rsa_oaep.c
rsa_oaep.c
c:\program files (x86)\microsoft sdks\windows\v7.1a\include\sal_supp.h(57) : warning C4005: '__useHeader' : macro redefinition
        C:\Program Files (x86)\Microsoft Visual Studio 12.0\VC\include\sal.h(2886) : see previous definition of '__useHeader'
c:\program files (x86)\microsoft sdks\windows\v7.1a\include\specstrings_supp.h(77) : warning C4005: '__on_failure' : macro redefinition
        C:\Program Files (x86)\Microsoft Visual Studio 12.0\VC\include\sal.h(2896) : see previous definition of '__on_failure'
	cl /Fotmp32dll\rsa_chk.obj  -Iinc32 -Itmp32dll /MD /Ox /O2 /Ob2 -DOPENSSL_THREADS  -DDSO_WIN32 -W3 -Gs0 -GF -Gy -nologo -DOPENSSL_SYSNAME_WIN32 -DWIN32_LEAN_AND_MEAN -DL_ENDIAN -D_CRT_SECURE_NO_DEPRECATE -DOPENSSL_USE_APPLINK -I. -DOPENSSL_NO_RC5 -DOPENSSL_NO_MD2 -DOPENSSL_NO_KRB5 -DOPENSSL_NO_JPAKE -DOPENSSL_NO_STATIC_ENGINE /Zi /Fdtmp32dll/lib -D_WINDLL  -DOPENSSL_BUILD_SHLIBCRYPTO -c .\crypto\rsa\rsa_chk.c
rsa_chk.c
	cl /Fotmp32dll\rsa_null.obj  -Iinc32 -Itmp32dll /MD /Ox /O2 /Ob2 -DOPENSSL_THREADS  -DDSO_WIN32 -W3 -Gs0 -GF -Gy -nologo -DOPENSSL_SYSNAME_WIN32 -DWIN32_LEAN_AND_MEAN -DL_ENDIAN -D_CRT_SECURE_NO_DEPRECATE -DOPENSSL_USE_APPLINK -I. -DOPENSSL_NO_RC5 -DOPENSSL_NO_MD2 -DOPENSSL_NO_KRB5 -DOPENSSL_NO_JPAKE -DOPENSSL_NO_STATIC_ENGINE /Zi /Fdtmp32dll/lib -D_WINDLL  -DOPENSSL_BUILD_SHLIBCRYPTO -c .\crypto\rsa\rsa_null.c
rsa_null.c
c:\program files (x86)\microsoft sdks\windows\v7.1a\include\sal_supp.h(57) : warning C4005: '__useHeader' : macro redefinition
        C:\Program Files (x86)\Microsoft Visual Studio 12.0\VC\include\sal.h(2886) : see previous definition of '__useHeader'
c:\program files (x86)\microsoft sdks\windows\v7.1a\include\specstrings_supp.h(77) : warning C4005: '__on_failure' : macro redefinition
        C:\Program Files (x86)\Microsoft Visual Studio 12.0\VC\include\sal.h(2896) : see previous definition of '__on_failure'
	cl /Fotmp32dll\rsa_pss.obj  -Iinc32 -Itmp32dll /MD /Ox /O2 /Ob2 -DOPENSSL_THREADS  -DDSO_WIN32 -W3 -Gs0 -GF -Gy -nologo -DOPENSSL_SYSNAME_WIN32 -DWIN32_LEAN_AND_MEAN -DL_ENDIAN -D_CRT_SECURE_NO_DEPRECATE -DOPENSSL_USE_APPLINK -I. -DOPENSSL_NO_RC5 -DOPENSSL_NO_MD2 -DOPENSSL_NO_KRB5 -DOPENSSL_NO_JPAKE -DOPENSSL_NO_STATIC_ENGINE /Zi /Fdtmp32dll/lib -D_WINDLL  -DOPENSSL_BUILD_SHLIBCRYPTO -c .\crypto\rsa\rsa_pss.c
rsa_pss.c
c:\program files (x86)\microsoft sdks\windows\v7.1a\include\sal_supp.h(57) : warning C4005: '__useHeader' : macro redefinition
        C:\Program Files (x86)\Microsoft Visual Studio 12.0\VC\include\sal.h(2886) : see previous definition of '__useHeader'
c:\program files (x86)\microsoft sdks\windows\v7.1a\include\specstrings_supp.h(77) : warning C4005: '__on_failure' : macro redefinition
        C:\Program Files (x86)\Microsoft Visual Studio 12.0\VC\include\sal.h(2896) : see previous definition of '__on_failure'
	cl /Fotmp32dll\rsa_x931.obj  -Iinc32 -Itmp32dll /MD /Ox /O2 /Ob2 -DOPENSSL_THREADS  -DDSO_WIN32 -W3 -Gs0 -GF -Gy -nologo -DOPENSSL_SYSNAME_WIN32 -DWIN32_LEAN_AND_MEAN -DL_ENDIAN -D_CRT_SECURE_NO_DEPRECATE -DOPENSSL_USE_APPLINK -I. -DOPENSSL_NO_RC5 -DOPENSSL_NO_MD2 -DOPENSSL_NO_KRB5 -DOPENSSL_NO_JPAKE -DOPENSSL_NO_STATIC_ENGINE /Zi /Fdtmp32dll/lib -D_WINDLL  -DOPENSSL_BUILD_SHLIBCRYPTO -c .\crypto\rsa\rsa_x931.c
rsa_x931.c
c:\program files (x86)\microsoft sdks\windows\v7.1a\include\sal_supp.h(57) : warning C4005: '__useHeader' : macro redefinition
        C:\Program Files (x86)\Microsoft Visual Studio 12.0\VC\include\sal.h(2886) : see previous definition of '__useHeader'
c:\program files (x86)\microsoft sdks\windows\v7.1a\include\specstrings_supp.h(77) : warning C4005: '__on_failure' : macro redefinition
        C:\Program Files (x86)\Microsoft Visual Studio 12.0\VC\include\sal.h(2896) : see previous definition of '__on_failure'
	cl /Fotmp32dll\rsa_asn1.obj  -Iinc32 -Itmp32dll /MD /Ox /O2 /Ob2 -DOPENSSL_THREADS  -DDSO_WIN32 -W3 -Gs0 -GF -Gy -nologo -DOPENSSL_SYSNAME_WIN32 -DWIN32_LEAN_AND_MEAN -DL_ENDIAN -D_CRT_SECURE_NO_DEPRECATE -DOPENSSL_USE_APPLINK -I. -DOPENSSL_NO_RC5 -DOPENSSL_NO_MD2 -DOPENSSL_NO_KRB5 -DOPENSSL_NO_JPAKE -DOPENSSL_NO_STATIC_ENGINE /Zi /Fdtmp32dll/lib -D_WINDLL  -DOPENSSL_BUILD_SHLIBCRYPTO -c .\crypto\rsa\rsa_asn1.c
rsa_asn1.c
c:\program files (x86)\microsoft sdks\windows\v7.1a\include\sal_supp.h(57) : warning C4005: '__useHeader' : macro redefinition
        C:\Program Files (x86)\Microsoft Visual Studio 12.0\VC\include\sal.h(2886) : see previous definition of '__useHeader'
c:\program files (x86)\microsoft sdks\windows\v7.1a\include\specstrings_supp.h(77) : warning C4005: '__on_failure' : macro redefinition
        C:\Program Files (x86)\Microsoft Visual Studio 12.0\VC\include\sal.h(2896) : see previous definition of '__on_failure'
	cl /Fotmp32dll\rsa_depr.obj  -Iinc32 -Itmp32dll /MD /Ox /O2 /Ob2 -DOPENSSL_THREADS  -DDSO_WIN32 -W3 -Gs0 -GF -Gy -nologo -DOPENSSL_SYSNAME_WIN32 -DWIN32_LEAN_AND_MEAN -DL_ENDIAN -D_CRT_SECURE_NO_DEPRECATE -DOPENSSL_USE_APPLINK -I. -DOPENSSL_NO_RC5 -DOPENSSL_NO_MD2 -DOPENSSL_NO_KRB5 -DOPENSSL_NO_JPAKE -DOPENSSL_NO_STATIC_ENGINE /Zi /Fdtmp32dll/lib -D_WINDLL  -DOPENSSL_BUILD_SHLIBCRYPTO -c .\crypto\rsa\rsa_depr.c
rsa_depr.c
c:\program files (x86)\microsoft sdks\windows\v7.1a\include\sal_supp.h(57) : warning C4005: '__useHeader' : macro redefinition
        C:\Program Files (x86)\Microsoft Visual Studio 12.0\VC\include\sal.h(2886) : see previous definition of '__useHeader'
c:\program files (x86)\microsoft sdks\windows\v7.1a\include\specstrings_supp.h(77) : warning C4005: '__on_failure' : macro redefinition
        C:\Program Files (x86)\Microsoft Visual Studio 12.0\VC\include\sal.h(2896) : see previous definition of '__on_failure'
	cl /Fotmp32dll\rsa_ameth.obj  -Iinc32 -Itmp32dll /MD /Ox /O2 /Ob2 -DOPENSSL_THREADS  -DDSO_WIN32 -W3 -Gs0 -GF -Gy -nologo -DOPENSSL_SYSNAME_WIN32 -DWIN32_LEAN_AND_MEAN -DL_ENDIAN -D_CRT_SECURE_NO_DEPRECATE -DOPENSSL_USE_APPLINK -I. -DOPENSSL_NO_RC5 -DOPENSSL_NO_MD2 -DOPENSSL_NO_KRB5 -DOPENSSL_NO_JPAKE -DOPENSSL_NO_STATIC_ENGINE /Zi /Fdtmp32dll/lib -D_WINDLL  -DOPENSSL_BUILD_SHLIBCRYPTO -c .\crypto\rsa\rsa_ameth.c
rsa_ameth.c
c:\program files (x86)\microsoft sdks\windows\v7.1a\include\sal_supp.h(57) : warning C4005: '__useHeader' : macro redefinition
        C:\Program Files (x86)\Microsoft Visual Studio 12.0\VC\include\sal.h(2886) : see previous definition of '__useHeader'
c:\program files (x86)\microsoft sdks\windows\v7.1a\include\specstrings_supp.h(77) : warning C4005: '__on_failure' : macro redefinition
        C:\Program Files (x86)\Microsoft Visual Studio 12.0\VC\include\sal.h(2896) : see previous definition of '__on_failure'
	cl /Fotmp32dll\rsa_prn.obj  -Iinc32 -Itmp32dll /MD /Ox /O2 /Ob2 -DOPENSSL_THREADS  -DDSO_WIN32 -W3 -Gs0 -GF -Gy -nologo -DOPENSSL_SYSNAME_WIN32 -DWIN32_LEAN_AND_MEAN -DL_ENDIAN -D_CRT_SECURE_NO_DEPRECATE -DOPENSSL_USE_APPLINK -I. -DOPENSSL_NO_RC5 -DOPENSSL_NO_MD2 -DOPENSSL_NO_KRB5 -DOPENSSL_NO_JPAKE -DOPENSSL_NO_STATIC_ENGINE /Zi /Fdtmp32dll/lib -D_WINDLL  -DOPENSSL_BUILD_SHLIBCRYPTO -c .\crypto\rsa\rsa_prn.c
rsa_prn.c
c:\program files (x86)\microsoft sdks\windows\v7.1a\include\sal_supp.h(57) : warning C4005: '__useHeader' : macro redefinition
        C:\Program Files (x86)\Microsoft Visual Studio 12.0\VC\include\sal.h(2886) : see previous definition of '__useHeader'
c:\program files (x86)\microsoft sdks\windows\v7.1a\include\specstrings_supp.h(77) : warning C4005: '__on_failure' : macro redefinition
        C:\Program Files (x86)\Microsoft Visual Studio 12.0\VC\include\sal.h(2896) : see previous definition of '__on_failure'
	cl /Fotmp32dll\rsa_pmeth.obj  -Iinc32 -Itmp32dll /MD /Ox /O2 /Ob2 -DOPENSSL_THREADS  -DDSO_WIN32 -W3 -Gs0 -GF -Gy -nologo -DOPENSSL_SYSNAME_WIN32 -DWIN32_LEAN_AND_MEAN -DL_ENDIAN -D_CRT_SECURE_NO_DEPRECATE -DOPENSSL_USE_APPLINK -I. -DOPENSSL_NO_RC5 -DOPENSSL_NO_MD2 -DOPENSSL_NO_KRB5 -DOPENSSL_NO_JPAKE -DOPENSSL_NO_STATIC_ENGINE /Zi /Fdtmp32dll/lib -D_WINDLL  -DOPENSSL_BUILD_SHLIBCRYPTO -c .\crypto\rsa\rsa_pmeth.c
rsa_pmeth.c
c:\program files (x86)\microsoft sdks\windows\v7.1a\include\sal_supp.h(57) : warning C4005: '__useHeader' : macro redefinition
        C:\Program Files (x86)\Microsoft Visual Studio 12.0\VC\include\sal.h(2886) : see previous definition of '__useHeader'
c:\program files (x86)\microsoft sdks\windows\v7.1a\include\specstrings_supp.h(77) : warning C4005: '__on_failure' : macro redefinition
        C:\Program Files (x86)\Microsoft Visual Studio 12.0\VC\include\sal.h(2896) : see previous definition of '__on_failure'
	cl /Fotmp32dll\rsa_crpt.obj  -Iinc32 -Itmp32dll /MD /Ox /O2 /Ob2 -DOPENSSL_THREADS  -DDSO_WIN32 -W3 -Gs0 -GF -Gy -nologo -DOPENSSL_SYSNAME_WIN32 -DWIN32_LEAN_AND_MEAN -DL_ENDIAN -D_CRT_SECURE_NO_DEPRECATE -DOPENSSL_USE_APPLINK -I. -DOPENSSL_NO_RC5 -DOPENSSL_NO_MD2 -DOPENSSL_NO_KRB5 -DOPENSSL_NO_JPAKE -DOPENSSL_NO_STATIC_ENGINE /Zi /Fdtmp32dll/lib -D_WINDLL  -DOPENSSL_BUILD_SHLIBCRYPTO -c .\crypto\rsa\rsa_crpt.c
rsa_crpt.c
c:\program files (x86)\microsoft sdks\windows\v7.1a\include\sal_supp.h(57) : warning C4005: '__useHeader' : macro redefinition
        C:\Program Files (x86)\Microsoft Visual Studio 12.0\VC\include\sal.h(2886) : see previous definition of '__useHeader'
c:\program files (x86)\microsoft sdks\windows\v7.1a\include\specstrings_supp.h(77) : warning C4005: '__on_failure' : macro redefinition
        C:\Program Files (x86)\Microsoft Visual Studio 12.0\VC\include\sal.h(2896) : see previous definition of '__on_failure'
	cl /Fotmp32dll\dsa_gen.obj  -Iinc32 -Itmp32dll /MD /Ox /O2 /Ob2 -DOPENSSL_THREADS  -DDSO_WIN32 -W3 -Gs0 -GF -Gy -nologo -DOPENSSL_SYSNAME_WIN32 -DWIN32_LEAN_AND_MEAN -DL_ENDIAN -D_CRT_SECURE_NO_DEPRECATE -DOPENSSL_USE_APPLINK -I. -DOPENSSL_NO_RC5 -DOPENSSL_NO_MD2 -DOPENSSL_NO_KRB5 -DOPENSSL_NO_JPAKE -DOPENSSL_NO_STATIC_ENGINE /Zi /Fdtmp32dll/lib -D_WINDLL  -DOPENSSL_BUILD_SHLIBCRYPTO -c .\crypto\dsa\dsa_gen.c
dsa_gen.c
c:\program files (x86)\microsoft sdks\windows\v7.1a\include\sal_supp.h(57) : warning C4005: '__useHeader' : macro redefinition
        C:\Program Files (x86)\Microsoft Visual Studio 12.0\VC\include\sal.h(2886) : see previous definition of '__useHeader'
c:\program files (x86)\microsoft sdks\windows\v7.1a\include\specstrings_supp.h(77) : warning C4005: '__on_failure' : macro redefinition
        C:\Program Files (x86)\Microsoft Visual Studio 12.0\VC\include\sal.h(2896) : see previous definition of '__on_failure'
	cl /Fotmp32dll\dsa_key.obj  -Iinc32 -Itmp32dll /MD /Ox /O2 /Ob2 -DOPENSSL_THREADS  -DDSO_WIN32 -W3 -Gs0 -GF -Gy -nologo -DOPENSSL_SYSNAME_WIN32 -DWIN32_LEAN_AND_MEAN -DL_ENDIAN -D_CRT_SECURE_NO_DEPRECATE -DOPENSSL_USE_APPLINK -I. -DOPENSSL_NO_RC5 -DOPENSSL_NO_MD2 -DOPENSSL_NO_KRB5 -DOPENSSL_NO_JPAKE -DOPENSSL_NO_STATIC_ENGINE /Zi /Fdtmp32dll/lib -D_WINDLL  -DOPENSSL_BUILD_SHLIBCRYPTO -c .\crypto\dsa\dsa_key.c
dsa_key.c
c:\program files (x86)\microsoft sdks\windows\v7.1a\include\sal_supp.h(57) : warning C4005: '__useHeader' : macro redefinition
        C:\Program Files (x86)\Microsoft Visual Studio 12.0\VC\include\sal.h(2886) : see previous definition of '__useHeader'
c:\program files (x86)\microsoft sdks\windows\v7.1a\include\specstrings_supp.h(77) : warning C4005: '__on_failure' : macro redefinition
        C:\Program Files (x86)\Microsoft Visual Studio 12.0\VC\include\sal.h(2896) : see previous definition of '__on_failure'
	cl /Fotmp32dll\dsa_lib.obj  -Iinc32 -Itmp32dll /MD /Ox /O2 /Ob2 -DOPENSSL_THREADS  -DDSO_WIN32 -W3 -Gs0 -GF -Gy -nologo -DOPENSSL_SYSNAME_WIN32 -DWIN32_LEAN_AND_MEAN -DL_ENDIAN -D_CRT_SECURE_NO_DEPRECATE -DOPENSSL_USE_APPLINK -I. -DOPENSSL_NO_RC5 -DOPENSSL_NO_MD2 -DOPENSSL_NO_KRB5 -DOPENSSL_NO_JPAKE -DOPENSSL_NO_STATIC_ENGINE /Zi /Fdtmp32dll/lib -D_WINDLL  -DOPENSSL_BUILD_SHLIBCRYPTO -c .\crypto\dsa\dsa_lib.c
dsa_lib.c
c:\program files (x86)\microsoft sdks\windows\v7.1a\include\sal_supp.h(57) : warning C4005: '__useHeader' : macro redefinition
        C:\Program Files (x86)\Microsoft Visual Studio 12.0\VC\include\sal.h(2886) : see previous definition of '__useHeader'
c:\program files (x86)\microsoft sdks\windows\v7.1a\include\specstrings_supp.h(77) : warning C4005: '__on_failure' : macro redefinition
        C:\Program Files (x86)\Microsoft Visual Studio 12.0\VC\include\sal.h(2896) : see previous definition of '__on_failure'
	cl /Fotmp32dll\dsa_asn1.obj  -Iinc32 -Itmp32dll /MD /Ox /O2 /Ob2 -DOPENSSL_THREADS  -DDSO_WIN32 -W3 -Gs0 -GF -Gy -nologo -DOPENSSL_SYSNAME_WIN32 -DWIN32_LEAN_AND_MEAN -DL_ENDIAN -D_CRT_SECURE_NO_DEPRECATE -DOPENSSL_USE_APPLINK -I. -DOPENSSL_NO_RC5 -DOPENSSL_NO_MD2 -DOPENSSL_NO_KRB5 -DOPENSSL_NO_JPAKE -DOPENSSL_NO_STATIC_ENGINE /Zi /Fdtmp32dll/lib -D_WINDLL  -DOPENSSL_BUILD_SHLIBCRYPTO -c .\crypto\dsa\dsa_asn1.c
dsa_asn1.c
c:\program files (x86)\microsoft sdks\windows\v7.1a\include\sal_supp.h(57) : warning C4005: '__useHeader' : macro redefinition
        C:\Program Files (x86)\Microsoft Visual Studio 12.0\VC\include\sal.h(2886) : see previous definition of '__useHeader'
c:\program files (x86)\microsoft sdks\windows\v7.1a\include\specstrings_supp.h(77) : warning C4005: '__on_failure' : macro redefinition
        C:\Program Files (x86)\Microsoft Visual Studio 12.0\VC\include\sal.h(2896) : see previous definition of '__on_failure'
	cl /Fotmp32dll\dsa_vrf.obj  -Iinc32 -Itmp32dll /MD /Ox /O2 /Ob2 -DOPENSSL_THREADS  -DDSO_WIN32 -W3 -Gs0 -GF -Gy -nologo -DOPENSSL_SYSNAME_WIN32 -DWIN32_LEAN_AND_MEAN -DL_ENDIAN -D_CRT_SECURE_NO_DEPRECATE -DOPENSSL_USE_APPLINK -I. -DOPENSSL_NO_RC5 -DOPENSSL_NO_MD2 -DOPENSSL_NO_KRB5 -DOPENSSL_NO_JPAKE -DOPENSSL_NO_STATIC_ENGINE /Zi /Fdtmp32dll/lib -D_WINDLL  -DOPENSSL_BUILD_SHLIBCRYPTO -c .\crypto\dsa\dsa_vrf.c
dsa_vrf.c
c:\program files (x86)\microsoft sdks\windows\v7.1a\include\sal_supp.h(57) : warning C4005: '__useHeader' : macro redefinition
        C:\Program Files (x86)\Microsoft Visual Studio 12.0\VC\include\sal.h(2886) : see previous definition of '__useHeader'
c:\program files (x86)\microsoft sdks\windows\v7.1a\include\specstrings_supp.h(77) : warning C4005: '__on_failure' : macro redefinition
        C:\Program Files (x86)\Microsoft Visual Studio 12.0\VC\include\sal.h(2896) : see previous definition of '__on_failure'
	cl /Fotmp32dll\dsa_sign.obj  -Iinc32 -Itmp32dll /MD /Ox /O2 /Ob2 -DOPENSSL_THREADS  -DDSO_WIN32 -W3 -Gs0 -GF -Gy -nologo -DOPENSSL_SYSNAME_WIN32 -DWIN32_LEAN_AND_MEAN -DL_ENDIAN -D_CRT_SECURE_NO_DEPRECATE -DOPENSSL_USE_APPLINK -I. -DOPENSSL_NO_RC5 -DOPENSSL_NO_MD2 -DOPENSSL_NO_KRB5 -DOPENSSL_NO_JPAKE -DOPENSSL_NO_STATIC_ENGINE /Zi /Fdtmp32dll/lib -D_WINDLL  -DOPENSSL_BUILD_SHLIBCRYPTO -c .\crypto\dsa\dsa_sign.c
dsa_sign.c
c:\program files (x86)\microsoft sdks\windows\v7.1a\include\sal_supp.h(57) : warning C4005: '__useHeader' : macro redefinition
        C:\Program Files (x86)\Microsoft Visual Studio 12.0\VC\include\sal.h(2886) : see previous definition of '__useHeader'
c:\program files (x86)\microsoft sdks\windows\v7.1a\include\specstrings_supp.h(77) : warning C4005: '__on_failure' : macro redefinition
        C:\Program Files (x86)\Microsoft Visual Studio 12.0\VC\include\sal.h(2896) : see previous definition of '__on_failure'
	cl /Fotmp32dll\dsa_err.obj  -Iinc32 -Itmp32dll /MD /Ox /O2 /Ob2 -DOPENSSL_THREADS  -DDSO_WIN32 -W3 -Gs0 -GF -Gy -nologo -DOPENSSL_SYSNAME_WIN32 -DWIN32_LEAN_AND_MEAN -DL_ENDIAN -D_CRT_SECURE_NO_DEPRECATE -DOPENSSL_USE_APPLINK -I. -DOPENSSL_NO_RC5 -DOPENSSL_NO_MD2 -DOPENSSL_NO_KRB5 -DOPENSSL_NO_JPAKE -DOPENSSL_NO_STATIC_ENGINE /Zi /Fdtmp32dll/lib -D_WINDLL  -DOPENSSL_BUILD_SHLIBCRYPTO -c .\crypto\dsa\dsa_err.c
dsa_err.c
	cl /Fotmp32dll\dsa_ossl.obj  -Iinc32 -Itmp32dll /MD /Ox /O2 /Ob2 -DOPENSSL_THREADS  -DDSO_WIN32 -W3 -Gs0 -GF -Gy -nologo -DOPENSSL_SYSNAME_WIN32 -DWIN32_LEAN_AND_MEAN -DL_ENDIAN -D_CRT_SECURE_NO_DEPRECATE -DOPENSSL_USE_APPLINK -I. -DOPENSSL_NO_RC5 -DOPENSSL_NO_MD2 -DOPENSSL_NO_KRB5 -DOPENSSL_NO_JPAKE -DOPENSSL_NO_STATIC_ENGINE /Zi /Fdtmp32dll/lib -D_WINDLL  -DOPENSSL_BUILD_SHLIBCRYPTO -c .\crypto\dsa\dsa_ossl.c
dsa_ossl.c
c:\program files (x86)\microsoft sdks\windows\v7.1a\include\sal_supp.h(57) : warning C4005: '__useHeader' : macro redefinition
        C:\Program Files (x86)\Microsoft Visual Studio 12.0\VC\include\sal.h(2886) : see previous definition of '__useHeader'
c:\program files (x86)\microsoft sdks\windows\v7.1a\include\specstrings_supp.h(77) : warning C4005: '__on_failure' : macro redefinition
        C:\Program Files (x86)\Microsoft Visual Studio 12.0\VC\include\sal.h(2896) : see previous definition of '__on_failure'
	cl /Fotmp32dll\dsa_depr.obj  -Iinc32 -Itmp32dll /MD /Ox /O2 /Ob2 -DOPENSSL_THREADS  -DDSO_WIN32 -W3 -Gs0 -GF -Gy -nologo -DOPENSSL_SYSNAME_WIN32 -DWIN32_LEAN_AND_MEAN -DL_ENDIAN -D_CRT_SECURE_NO_DEPRECATE -DOPENSSL_USE_APPLINK -I. -DOPENSSL_NO_RC5 -DOPENSSL_NO_MD2 -DOPENSSL_NO_KRB5 -DOPENSSL_NO_JPAKE -DOPENSSL_NO_STATIC_ENGINE /Zi /Fdtmp32dll/lib -D_WINDLL  -DOPENSSL_BUILD_SHLIBCRYPTO -c .\crypto\dsa\dsa_depr.c
dsa_depr.c
c:\program files (x86)\microsoft sdks\windows\v7.1a\include\sal_supp.h(57) : warning C4005: '__useHeader' : macro redefinition
        C:\Program Files (x86)\Microsoft Visual Studio 12.0\VC\include\sal.h(2886) : see previous definition of '__useHeader'
c:\program files (x86)\microsoft sdks\windows\v7.1a\include\specstrings_supp.h(77) : warning C4005: '__on_failure' : macro redefinition
        C:\Program Files (x86)\Microsoft Visual Studio 12.0\VC\include\sal.h(2896) : see previous definition of '__on_failure'
	cl /Fotmp32dll\dsa_ameth.obj  -Iinc32 -Itmp32dll /MD /Ox /O2 /Ob2 -DOPENSSL_THREADS  -DDSO_WIN32 -W3 -Gs0 -GF -Gy -nologo -DOPENSSL_SYSNAME_WIN32 -DWIN32_LEAN_AND_MEAN -DL_ENDIAN -D_CRT_SECURE_NO_DEPRECATE -DOPENSSL_USE_APPLINK -I. -DOPENSSL_NO_RC5 -DOPENSSL_NO_MD2 -DOPENSSL_NO_KRB5 -DOPENSSL_NO_JPAKE -DOPENSSL_NO_STATIC_ENGINE /Zi /Fdtmp32dll/lib -D_WINDLL  -DOPENSSL_BUILD_SHLIBCRYPTO -c .\crypto\dsa\dsa_ameth.c
dsa_ameth.c
c:\program files (x86)\microsoft sdks\windows\v7.1a\include\sal_supp.h(57) : warning C4005: '__useHeader' : macro redefinition
        C:\Program Files (x86)\Microsoft Visual Studio 12.0\VC\include\sal.h(2886) : see previous definition of '__useHeader'
c:\program files (x86)\microsoft sdks\windows\v7.1a\include\specstrings_supp.h(77) : warning C4005: '__on_failure' : macro redefinition
        C:\Program Files (x86)\Microsoft Visual Studio 12.0\VC\include\sal.h(2896) : see previous definition of '__on_failure'
	cl /Fotmp32dll\dsa_pmeth.obj  -Iinc32 -Itmp32dll /MD /Ox /O2 /Ob2 -DOPENSSL_THREADS  -DDSO_WIN32 -W3 -Gs0 -GF -Gy -nologo -DOPENSSL_SYSNAME_WIN32 -DWIN32_LEAN_AND_MEAN -DL_ENDIAN -D_CRT_SECURE_NO_DEPRECATE -DOPENSSL_USE_APPLINK -I. -DOPENSSL_NO_RC5 -DOPENSSL_NO_MD2 -DOPENSSL_NO_KRB5 -DOPENSSL_NO_JPAKE -DOPENSSL_NO_STATIC_ENGINE /Zi /Fdtmp32dll/lib -D_WINDLL  -DOPENSSL_BUILD_SHLIBCRYPTO -c .\crypto\dsa\dsa_pmeth.c
dsa_pmeth.c
c:\program files (x86)\microsoft sdks\windows\v7.1a\include\sal_supp.h(57) : warning C4005: '__useHeader' : macro redefinition
        C:\Program Files (x86)\Microsoft Visual Studio 12.0\VC\include\sal.h(2886) : see previous definition of '__useHeader'
c:\program files (x86)\microsoft sdks\windows\v7.1a\include\specstrings_supp.h(77) : warning C4005: '__on_failure' : macro redefinition
        C:\Program Files (x86)\Microsoft Visual Studio 12.0\VC\include\sal.h(2896) : see previous definition of '__on_failure'
	cl /Fotmp32dll\dsa_prn.obj  -Iinc32 -Itmp32dll /MD /Ox /O2 /Ob2 -DOPENSSL_THREADS  -DDSO_WIN32 -W3 -Gs0 -GF -Gy -nologo -DOPENSSL_SYSNAME_WIN32 -DWIN32_LEAN_AND_MEAN -DL_ENDIAN -D_CRT_SECURE_NO_DEPRECATE -DOPENSSL_USE_APPLINK -I. -DOPENSSL_NO_RC5 -DOPENSSL_NO_MD2 -DOPENSSL_NO_KRB5 -DOPENSSL_NO_JPAKE -DOPENSSL_NO_STATIC_ENGINE /Zi /Fdtmp32dll/lib -D_WINDLL  -DOPENSSL_BUILD_SHLIBCRYPTO -c .\crypto\dsa\dsa_prn.c
dsa_prn.c
c:\program files (x86)\microsoft sdks\windows\v7.1a\include\sal_supp.h(57) : warning C4005: '__useHeader' : macro redefinition
        C:\Program Files (x86)\Microsoft Visual Studio 12.0\VC\include\sal.h(2886) : see previous definition of '__useHeader'
c:\program files (x86)\microsoft sdks\windows\v7.1a\include\specstrings_supp.h(77) : warning C4005: '__on_failure' : macro redefinition
        C:\Program Files (x86)\Microsoft Visual Studio 12.0\VC\include\sal.h(2896) : see previous definition of '__on_failure'
	cl /Fotmp32dll\dso_dl.obj  -Iinc32 -Itmp32dll /MD /Ox /O2 /Ob2 -DOPENSSL_THREADS  -DDSO_WIN32 -W3 -Gs0 -GF -Gy -nologo -DOPENSSL_SYSNAME_WIN32 -DWIN32_LEAN_AND_MEAN -DL_ENDIAN -D_CRT_SECURE_NO_DEPRECATE -DOPENSSL_USE_APPLINK -I. -DOPENSSL_NO_RC5 -DOPENSSL_NO_MD2 -DOPENSSL_NO_KRB5 -DOPENSSL_NO_JPAKE -DOPENSSL_NO_STATIC_ENGINE /Zi /Fdtmp32dll/lib -D_WINDLL  -DOPENSSL_BUILD_SHLIBCRYPTO -c .\crypto\dso\dso_dl.c
dso_dl.c
c:\program files (x86)\microsoft sdks\windows\v7.1a\include\sal_supp.h(57) : warning C4005: '__useHeader' : macro redefinition
        C:\Program Files (x86)\Microsoft Visual Studio 12.0\VC\include\sal.h(2886) : see previous definition of '__useHeader'
c:\program files (x86)\microsoft sdks\windows\v7.1a\include\specstrings_supp.h(77) : warning C4005: '__on_failure' : macro redefinition
        C:\Program Files (x86)\Microsoft Visual Studio 12.0\VC\include\sal.h(2896) : see previous definition of '__on_failure'
	cl /Fotmp32dll\dso_dlfcn.obj  -Iinc32 -Itmp32dll /MD /Ox /O2 /Ob2 -DOPENSSL_THREADS  -DDSO_WIN32 -W3 -Gs0 -GF -Gy -nologo -DOPENSSL_SYSNAME_WIN32 -DWIN32_LEAN_AND_MEAN -DL_ENDIAN -D_CRT_SECURE_NO_DEPRECATE -DOPENSSL_USE_APPLINK -I. -DOPENSSL_NO_RC5 -DOPENSSL_NO_MD2 -DOPENSSL_NO_KRB5 -DOPENSSL_NO_JPAKE -DOPENSSL_NO_STATIC_ENGINE /Zi /Fdtmp32dll/lib -D_WINDLL  -DOPENSSL_BUILD_SHLIBCRYPTO -c .\crypto\dso\dso_dlfcn.c
dso_dlfcn.c
c:\program files (x86)\microsoft sdks\windows\v7.1a\include\sal_supp.h(57) : warning C4005: '__useHeader' : macro redefinition
        C:\Program Files (x86)\Microsoft Visual Studio 12.0\VC\include\sal.h(2886) : see previous definition of '__useHeader'
c:\program files (x86)\microsoft sdks\windows\v7.1a\include\specstrings_supp.h(77) : warning C4005: '__on_failure' : macro redefinition
        C:\Program Files (x86)\Microsoft Visual Studio 12.0\VC\include\sal.h(2896) : see previous definition of '__on_failure'
	cl /Fotmp32dll\dso_err.obj  -Iinc32 -Itmp32dll /MD /Ox /O2 /Ob2 -DOPENSSL_THREADS  -DDSO_WIN32 -W3 -Gs0 -GF -Gy -nologo -DOPENSSL_SYSNAME_WIN32 -DWIN32_LEAN_AND_MEAN -DL_ENDIAN -D_CRT_SECURE_NO_DEPRECATE -DOPENSSL_USE_APPLINK -I. -DOPENSSL_NO_RC5 -DOPENSSL_NO_MD2 -DOPENSSL_NO_KRB5 -DOPENSSL_NO_JPAKE -DOPENSSL_NO_STATIC_ENGINE /Zi /Fdtmp32dll/lib -D_WINDLL  -DOPENSSL_BUILD_SHLIBCRYPTO -c .\crypto\dso\dso_err.c
dso_err.c
	cl /Fotmp32dll\dso_lib.obj  -Iinc32 -Itmp32dll /MD /Ox /O2 /Ob2 -DOPENSSL_THREADS  -DDSO_WIN32 -W3 -Gs0 -GF -Gy -nologo -DOPENSSL_SYSNAME_WIN32 -DWIN32_LEAN_AND_MEAN -DL_ENDIAN -D_CRT_SECURE_NO_DEPRECATE -DOPENSSL_USE_APPLINK -I. -DOPENSSL_NO_RC5 -DOPENSSL_NO_MD2 -DOPENSSL_NO_KRB5 -DOPENSSL_NO_JPAKE -DOPENSSL_NO_STATIC_ENGINE /Zi /Fdtmp32dll/lib -D_WINDLL  -DOPENSSL_BUILD_SHLIBCRYPTO -c .\crypto\dso\dso_lib.c
dso_lib.c
c:\program files (x86)\microsoft sdks\windows\v7.1a\include\sal_supp.h(57) : warning C4005: '__useHeader' : macro redefinition
        C:\Program Files (x86)\Microsoft Visual Studio 12.0\VC\include\sal.h(2886) : see previous definition of '__useHeader'
c:\program files (x86)\microsoft sdks\windows\v7.1a\include\specstrings_supp.h(77) : warning C4005: '__on_failure' : macro redefinition
        C:\Program Files (x86)\Microsoft Visual Studio 12.0\VC\include\sal.h(2896) : see previous definition of '__on_failure'
	cl /Fotmp32dll\dso_null.obj  -Iinc32 -Itmp32dll /MD /Ox /O2 /Ob2 -DOPENSSL_THREADS  -DDSO_WIN32 -W3 -Gs0 -GF -Gy -nologo -DOPENSSL_SYSNAME_WIN32 -DWIN32_LEAN_AND_MEAN -DL_ENDIAN -D_CRT_SECURE_NO_DEPRECATE -DOPENSSL_USE_APPLINK -I. -DOPENSSL_NO_RC5 -DOPENSSL_NO_MD2 -DOPENSSL_NO_KRB5 -DOPENSSL_NO_JPAKE -DOPENSSL_NO_STATIC_ENGINE /Zi /Fdtmp32dll/lib -D_WINDLL  -DOPENSSL_BUILD_SHLIBCRYPTO -c .\crypto\dso\dso_null.c
dso_null.c
c:\program files (x86)\microsoft sdks\windows\v7.1a\include\sal_supp.h(57) : warning C4005: '__useHeader' : macro redefinition
        C:\Program Files (x86)\Microsoft Visual Studio 12.0\VC\include\sal.h(2886) : see previous definition of '__useHeader'
c:\program files (x86)\microsoft sdks\windows\v7.1a\include\specstrings_supp.h(77) : warning C4005: '__on_failure' : macro redefinition
        C:\Program Files (x86)\Microsoft Visual Studio 12.0\VC\include\sal.h(2896) : see previous definition of '__on_failure'
	cl /Fotmp32dll\dso_openssl.obj  -Iinc32 -Itmp32dll /MD /Ox /O2 /Ob2 -DOPENSSL_THREADS  -DDSO_WIN32 -W3 -Gs0 -GF -Gy -nologo -DOPENSSL_SYSNAME_WIN32 -DWIN32_LEAN_AND_MEAN -DL_ENDIAN -D_CRT_SECURE_NO_DEPRECATE -DOPENSSL_USE_APPLINK -I. -DOPENSSL_NO_RC5 -DOPENSSL_NO_MD2 -DOPENSSL_NO_KRB5 -DOPENSSL_NO_JPAKE -DOPENSSL_NO_STATIC_ENGINE /Zi /Fdtmp32dll/lib -D_WINDLL  -DOPENSSL_BUILD_SHLIBCRYPTO -c .\crypto\dso\dso_openssl.c
dso_openssl.c
c:\program files (x86)\microsoft sdks\windows\v7.1a\include\sal_supp.h(57) : warning C4005: '__useHeader' : macro redefinition
        C:\Program Files (x86)\Microsoft Visual Studio 12.0\VC\include\sal.h(2886) : see previous definition of '__useHeader'
c:\program files (x86)\microsoft sdks\windows\v7.1a\include\specstrings_supp.h(77) : warning C4005: '__on_failure' : macro redefinition
        C:\Program Files (x86)\Microsoft Visual Studio 12.0\VC\include\sal.h(2896) : see previous definition of '__on_failure'
	cl /Fotmp32dll\dso_win32.obj  -Iinc32 -Itmp32dll /MD /Ox /O2 /Ob2 -DOPENSSL_THREADS  -DDSO_WIN32 -W3 -Gs0 -GF -Gy -nologo -DOPENSSL_SYSNAME_WIN32 -DWIN32_LEAN_AND_MEAN -DL_ENDIAN -D_CRT_SECURE_NO_DEPRECATE -DOPENSSL_USE_APPLINK -I. -DOPENSSL_NO_RC5 -DOPENSSL_NO_MD2 -DOPENSSL_NO_KRB5 -DOPENSSL_NO_JPAKE -DOPENSSL_NO_STATIC_ENGINE /Zi /Fdtmp32dll/lib -D_WINDLL  -DOPENSSL_BUILD_SHLIBCRYPTO -c .\crypto\dso\dso_win32.c
dso_win32.c
c:\program files (x86)\microsoft sdks\windows\v7.1a\include\sal_supp.h(57) : warning C4005: '__useHeader' : macro redefinition
        C:\Program Files (x86)\Microsoft Visual Studio 12.0\VC\include\sal.h(2886) : see previous definition of '__useHeader'
c:\program files (x86)\microsoft sdks\windows\v7.1a\include\specstrings_supp.h(77) : warning C4005: '__on_failure' : macro redefinition
        C:\Program Files (x86)\Microsoft Visual Studio 12.0\VC\include\sal.h(2896) : see previous definition of '__on_failure'
	cl /Fotmp32dll\dso_vms.obj  -Iinc32 -Itmp32dll /MD /Ox /O2 /Ob2 -DOPENSSL_THREADS  -DDSO_WIN32 -W3 -Gs0 -GF -Gy -nologo -DOPENSSL_SYSNAME_WIN32 -DWIN32_LEAN_AND_MEAN -DL_ENDIAN -D_CRT_SECURE_NO_DEPRECATE -DOPENSSL_USE_APPLINK -I. -DOPENSSL_NO_RC5 -DOPENSSL_NO_MD2 -DOPENSSL_NO_KRB5 -DOPENSSL_NO_JPAKE -DOPENSSL_NO_STATIC_ENGINE /Zi /Fdtmp32dll/lib -D_WINDLL  -DOPENSSL_BUILD_SHLIBCRYPTO -c .\crypto\dso\dso_vms.c
dso_vms.c
c:\program files (x86)\microsoft sdks\windows\v7.1a\include\sal_supp.h(57) : warning C4005: '__useHeader' : macro redefinition
        C:\Program Files (x86)\Microsoft Visual Studio 12.0\VC\include\sal.h(2886) : see previous definition of '__useHeader'
c:\program files (x86)\microsoft sdks\windows\v7.1a\include\specstrings_supp.h(77) : warning C4005: '__on_failure' : macro redefinition
        C:\Program Files (x86)\Microsoft Visual Studio 12.0\VC\include\sal.h(2896) : see previous definition of '__on_failure'
	cl /Fotmp32dll\dso_beos.obj  -Iinc32 -Itmp32dll /MD /Ox /O2 /Ob2 -DOPENSSL_THREADS  -DDSO_WIN32 -W3 -Gs0 -GF -Gy -nologo -DOPENSSL_SYSNAME_WIN32 -DWIN32_LEAN_AND_MEAN -DL_ENDIAN -D_CRT_SECURE_NO_DEPRECATE -DOPENSSL_USE_APPLINK -I. -DOPENSSL_NO_RC5 -DOPENSSL_NO_MD2 -DOPENSSL_NO_KRB5 -DOPENSSL_NO_JPAKE -DOPENSSL_NO_STATIC_ENGINE /Zi /Fdtmp32dll/lib -D_WINDLL  -DOPENSSL_BUILD_SHLIBCRYPTO -c .\crypto\dso\dso_beos.c
dso_beos.c
c:\program files (x86)\microsoft sdks\windows\v7.1a\include\sal_supp.h(57) : warning C4005: '__useHeader' : macro redefinition
        C:\Program Files (x86)\Microsoft Visual Studio 12.0\VC\include\sal.h(2886) : see previous definition of '__useHeader'
c:\program files (x86)\microsoft sdks\windows\v7.1a\include\specstrings_supp.h(77) : warning C4005: '__on_failure' : macro redefinition
        C:\Program Files (x86)\Microsoft Visual Studio 12.0\VC\include\sal.h(2896) : see previous definition of '__on_failure'
	cl /Fotmp32dll\dh_asn1.obj  -Iinc32 -Itmp32dll /MD /Ox /O2 /Ob2 -DOPENSSL_THREADS  -DDSO_WIN32 -W3 -Gs0 -GF -Gy -nologo -DOPENSSL_SYSNAME_WIN32 -DWIN32_LEAN_AND_MEAN -DL_ENDIAN -D_CRT_SECURE_NO_DEPRECATE -DOPENSSL_USE_APPLINK -I. -DOPENSSL_NO_RC5 -DOPENSSL_NO_MD2 -DOPENSSL_NO_KRB5 -DOPENSSL_NO_JPAKE -DOPENSSL_NO_STATIC_ENGINE /Zi /Fdtmp32dll/lib -D_WINDLL  -DOPENSSL_BUILD_SHLIBCRYPTO -c .\crypto\dh\dh_asn1.c
dh_asn1.c
c:\program files (x86)\microsoft sdks\windows\v7.1a\include\sal_supp.h(57) : warning C4005: '__useHeader' : macro redefinition
        C:\Program Files (x86)\Microsoft Visual Studio 12.0\VC\include\sal.h(2886) : see previous definition of '__useHeader'
c:\program files (x86)\microsoft sdks\windows\v7.1a\include\specstrings_supp.h(77) : warning C4005: '__on_failure' : macro redefinition
        C:\Program Files (x86)\Microsoft Visual Studio 12.0\VC\include\sal.h(2896) : see previous definition of '__on_failure'
	cl /Fotmp32dll\dh_gen.obj  -Iinc32 -Itmp32dll /MD /Ox /O2 /Ob2 -DOPENSSL_THREADS  -DDSO_WIN32 -W3 -Gs0 -GF -Gy -nologo -DOPENSSL_SYSNAME_WIN32 -DWIN32_LEAN_AND_MEAN -DL_ENDIAN -D_CRT_SECURE_NO_DEPRECATE -DOPENSSL_USE_APPLINK -I. -DOPENSSL_NO_RC5 -DOPENSSL_NO_MD2 -DOPENSSL_NO_KRB5 -DOPENSSL_NO_JPAKE -DOPENSSL_NO_STATIC_ENGINE /Zi /Fdtmp32dll/lib -D_WINDLL  -DOPENSSL_BUILD_SHLIBCRYPTO -c .\crypto\dh\dh_gen.c
dh_gen.c
c:\program files (x86)\microsoft sdks\windows\v7.1a\include\sal_supp.h(57) : warning C4005: '__useHeader' : macro redefinition
        C:\Program Files (x86)\Microsoft Visual Studio 12.0\VC\include\sal.h(2886) : see previous definition of '__useHeader'
c:\program files (x86)\microsoft sdks\windows\v7.1a\include\specstrings_supp.h(77) : warning C4005: '__on_failure' : macro redefinition
        C:\Program Files (x86)\Microsoft Visual Studio 12.0\VC\include\sal.h(2896) : see previous definition of '__on_failure'
	cl /Fotmp32dll\dh_key.obj  -Iinc32 -Itmp32dll /MD /Ox /O2 /Ob2 -DOPENSSL_THREADS  -DDSO_WIN32 -W3 -Gs0 -GF -Gy -nologo -DOPENSSL_SYSNAME_WIN32 -DWIN32_LEAN_AND_MEAN -DL_ENDIAN -D_CRT_SECURE_NO_DEPRECATE -DOPENSSL_USE_APPLINK -I. -DOPENSSL_NO_RC5 -DOPENSSL_NO_MD2 -DOPENSSL_NO_KRB5 -DOPENSSL_NO_JPAKE -DOPENSSL_NO_STATIC_ENGINE /Zi /Fdtmp32dll/lib -D_WINDLL  -DOPENSSL_BUILD_SHLIBCRYPTO -c .\crypto\dh\dh_key.c
dh_key.c
c:\program files (x86)\microsoft sdks\windows\v7.1a\include\sal_supp.h(57) : warning C4005: '__useHeader' : macro redefinition
        C:\Program Files (x86)\Microsoft Visual Studio 12.0\VC\include\sal.h(2886) : see previous definition of '__useHeader'
c:\program files (x86)\microsoft sdks\windows\v7.1a\include\specstrings_supp.h(77) : warning C4005: '__on_failure' : macro redefinition
        C:\Program Files (x86)\Microsoft Visual Studio 12.0\VC\include\sal.h(2896) : see previous definition of '__on_failure'
	cl /Fotmp32dll\dh_lib.obj  -Iinc32 -Itmp32dll /MD /Ox /O2 /Ob2 -DOPENSSL_THREADS  -DDSO_WIN32 -W3 -Gs0 -GF -Gy -nologo -DOPENSSL_SYSNAME_WIN32 -DWIN32_LEAN_AND_MEAN -DL_ENDIAN -D_CRT_SECURE_NO_DEPRECATE -DOPENSSL_USE_APPLINK -I. -DOPENSSL_NO_RC5 -DOPENSSL_NO_MD2 -DOPENSSL_NO_KRB5 -DOPENSSL_NO_JPAKE -DOPENSSL_NO_STATIC_ENGINE /Zi /Fdtmp32dll/lib -D_WINDLL  -DOPENSSL_BUILD_SHLIBCRYPTO -c .\crypto\dh\dh_lib.c
dh_lib.c
c:\program files (x86)\microsoft sdks\windows\v7.1a\include\sal_supp.h(57) : warning C4005: '__useHeader' : macro redefinition
        C:\Program Files (x86)\Microsoft Visual Studio 12.0\VC\include\sal.h(2886) : see previous definition of '__useHeader'
c:\program files (x86)\microsoft sdks\windows\v7.1a\include\specstrings_supp.h(77) : warning C4005: '__on_failure' : macro redefinition
        C:\Program Files (x86)\Microsoft Visual Studio 12.0\VC\include\sal.h(2896) : see previous definition of '__on_failure'
	cl /Fotmp32dll\dh_check.obj  -Iinc32 -Itmp32dll /MD /Ox /O2 /Ob2 -DOPENSSL_THREADS  -DDSO_WIN32 -W3 -Gs0 -GF -Gy -nologo -DOPENSSL_SYSNAME_WIN32 -DWIN32_LEAN_AND_MEAN -DL_ENDIAN -D_CRT_SECURE_NO_DEPRECATE -DOPENSSL_USE_APPLINK -I. -DOPENSSL_NO_RC5 -DOPENSSL_NO_MD2 -DOPENSSL_NO_KRB5 -DOPENSSL_NO_JPAKE -DOPENSSL_NO_STATIC_ENGINE /Zi /Fdtmp32dll/lib -D_WINDLL  -DOPENSSL_BUILD_SHLIBCRYPTO -c .\crypto\dh\dh_check.c
dh_check.c
c:\program files (x86)\microsoft sdks\windows\v7.1a\include\sal_supp.h(57) : warning C4005: '__useHeader' : macro redefinition
        C:\Program Files (x86)\Microsoft Visual Studio 12.0\VC\include\sal.h(2886) : see previous definition of '__useHeader'
c:\program files (x86)\microsoft sdks\windows\v7.1a\include\specstrings_supp.h(77) : warning C4005: '__on_failure' : macro redefinition
        C:\Program Files (x86)\Microsoft Visual Studio 12.0\VC\include\sal.h(2896) : see previous definition of '__on_failure'
	cl /Fotmp32dll\dh_err.obj  -Iinc32 -Itmp32dll /MD /Ox /O2 /Ob2 -DOPENSSL_THREADS  -DDSO_WIN32 -W3 -Gs0 -GF -Gy -nologo -DOPENSSL_SYSNAME_WIN32 -DWIN32_LEAN_AND_MEAN -DL_ENDIAN -D_CRT_SECURE_NO_DEPRECATE -DOPENSSL_USE_APPLINK -I. -DOPENSSL_NO_RC5 -DOPENSSL_NO_MD2 -DOPENSSL_NO_KRB5 -DOPENSSL_NO_JPAKE -DOPENSSL_NO_STATIC_ENGINE /Zi /Fdtmp32dll/lib -D_WINDLL  -DOPENSSL_BUILD_SHLIBCRYPTO -c .\crypto\dh\dh_err.c
dh_err.c
	cl /Fotmp32dll\dh_depr.obj  -Iinc32 -Itmp32dll /MD /Ox /O2 /Ob2 -DOPENSSL_THREADS  -DDSO_WIN32 -W3 -Gs0 -GF -Gy -nologo -DOPENSSL_SYSNAME_WIN32 -DWIN32_LEAN_AND_MEAN -DL_ENDIAN -D_CRT_SECURE_NO_DEPRECATE -DOPENSSL_USE_APPLINK -I. -DOPENSSL_NO_RC5 -DOPENSSL_NO_MD2 -DOPENSSL_NO_KRB5 -DOPENSSL_NO_JPAKE -DOPENSSL_NO_STATIC_ENGINE /Zi /Fdtmp32dll/lib -D_WINDLL  -DOPENSSL_BUILD_SHLIBCRYPTO -c .\crypto\dh\dh_depr.c
dh_depr.c
c:\program files (x86)\microsoft sdks\windows\v7.1a\include\sal_supp.h(57) : warning C4005: '__useHeader' : macro redefinition
        C:\Program Files (x86)\Microsoft Visual Studio 12.0\VC\include\sal.h(2886) : see previous definition of '__useHeader'
c:\program files (x86)\microsoft sdks\windows\v7.1a\include\specstrings_supp.h(77) : warning C4005: '__on_failure' : macro redefinition
        C:\Program Files (x86)\Microsoft Visual Studio 12.0\VC\include\sal.h(2896) : see previous definition of '__on_failure'
	cl /Fotmp32dll\dh_ameth.obj  -Iinc32 -Itmp32dll /MD /Ox /O2 /Ob2 -DOPENSSL_THREADS  -DDSO_WIN32 -W3 -Gs0 -GF -Gy -nologo -DOPENSSL_SYSNAME_WIN32 -DWIN32_LEAN_AND_MEAN -DL_ENDIAN -D_CRT_SECURE_NO_DEPRECATE -DOPENSSL_USE_APPLINK -I. -DOPENSSL_NO_RC5 -DOPENSSL_NO_MD2 -DOPENSSL_NO_KRB5 -DOPENSSL_NO_JPAKE -DOPENSSL_NO_STATIC_ENGINE /Zi /Fdtmp32dll/lib -D_WINDLL  -DOPENSSL_BUILD_SHLIBCRYPTO -c .\crypto\dh\dh_ameth.c
dh_ameth.c
c:\program files (x86)\microsoft sdks\windows\v7.1a\include\sal_supp.h(57) : warning C4005: '__useHeader' : macro redefinition
        C:\Program Files (x86)\Microsoft Visual Studio 12.0\VC\include\sal.h(2886) : see previous definition of '__useHeader'
c:\program files (x86)\microsoft sdks\windows\v7.1a\include\specstrings_supp.h(77) : warning C4005: '__on_failure' : macro redefinition
        C:\Program Files (x86)\Microsoft Visual Studio 12.0\VC\include\sal.h(2896) : see previous definition of '__on_failure'
	cl /Fotmp32dll\dh_pmeth.obj  -Iinc32 -Itmp32dll /MD /Ox /O2 /Ob2 -DOPENSSL_THREADS  -DDSO_WIN32 -W3 -Gs0 -GF -Gy -nologo -DOPENSSL_SYSNAME_WIN32 -DWIN32_LEAN_AND_MEAN -DL_ENDIAN -D_CRT_SECURE_NO_DEPRECATE -DOPENSSL_USE_APPLINK -I. -DOPENSSL_NO_RC5 -DOPENSSL_NO_MD2 -DOPENSSL_NO_KRB5 -DOPENSSL_NO_JPAKE -DOPENSSL_NO_STATIC_ENGINE /Zi /Fdtmp32dll/lib -D_WINDLL  -DOPENSSL_BUILD_SHLIBCRYPTO -c .\crypto\dh\dh_pmeth.c
dh_pmeth.c
c:\program files (x86)\microsoft sdks\windows\v7.1a\include\sal_supp.h(57) : warning C4005: '__useHeader' : macro redefinition
        C:\Program Files (x86)\Microsoft Visual Studio 12.0\VC\include\sal.h(2886) : see previous definition of '__useHeader'
c:\program files (x86)\microsoft sdks\windows\v7.1a\include\specstrings_supp.h(77) : warning C4005: '__on_failure' : macro redefinition
        C:\Program Files (x86)\Microsoft Visual Studio 12.0\VC\include\sal.h(2896) : see previous definition of '__on_failure'
	cl /Fotmp32dll\dh_prn.obj  -Iinc32 -Itmp32dll /MD /Ox /O2 /Ob2 -DOPENSSL_THREADS  -DDSO_WIN32 -W3 -Gs0 -GF -Gy -nologo -DOPENSSL_SYSNAME_WIN32 -DWIN32_LEAN_AND_MEAN -DL_ENDIAN -D_CRT_SECURE_NO_DEPRECATE -DOPENSSL_USE_APPLINK -I. -DOPENSSL_NO_RC5 -DOPENSSL_NO_MD2 -DOPENSSL_NO_KRB5 -DOPENSSL_NO_JPAKE -DOPENSSL_NO_STATIC_ENGINE /Zi /Fdtmp32dll/lib -D_WINDLL  -DOPENSSL_BUILD_SHLIBCRYPTO -c .\crypto\dh\dh_prn.c
dh_prn.c
c:\program files (x86)\microsoft sdks\windows\v7.1a\include\sal_supp.h(57) : warning C4005: '__useHeader' : macro redefinition
        C:\Program Files (x86)\Microsoft Visual Studio 12.0\VC\include\sal.h(2886) : see previous definition of '__useHeader'
c:\program files (x86)\microsoft sdks\windows\v7.1a\include\specstrings_supp.h(77) : warning C4005: '__on_failure' : macro redefinition
        C:\Program Files (x86)\Microsoft Visual Studio 12.0\VC\include\sal.h(2896) : see previous definition of '__on_failure'
	cl /Fotmp32dll\dh_rfc5114.obj  -Iinc32 -Itmp32dll /MD /Ox /O2 /Ob2 -DOPENSSL_THREADS  -DDSO_WIN32 -W3 -Gs0 -GF -Gy -nologo -DOPENSSL_SYSNAME_WIN32 -DWIN32_LEAN_AND_MEAN -DL_ENDIAN -D_CRT_SECURE_NO_DEPRECATE -DOPENSSL_USE_APPLINK -I. -DOPENSSL_NO_RC5 -DOPENSSL_NO_MD2 -DOPENSSL_NO_KRB5 -DOPENSSL_NO_JPAKE -DOPENSSL_NO_STATIC_ENGINE /Zi /Fdtmp32dll/lib -D_WINDLL  -DOPENSSL_BUILD_SHLIBCRYPTO -c .\crypto\dh\dh_rfc5114.c
dh_rfc5114.c
c:\program files (x86)\microsoft sdks\windows\v7.1a\include\sal_supp.h(57) : warning C4005: '__useHeader' : macro redefinition
        C:\Program Files (x86)\Microsoft Visual Studio 12.0\VC\include\sal.h(2886) : see previous definition of '__useHeader'
c:\program files (x86)\microsoft sdks\windows\v7.1a\include\specstrings_supp.h(77) : warning C4005: '__on_failure' : macro redefinition
        C:\Program Files (x86)\Microsoft Visual Studio 12.0\VC\include\sal.h(2896) : see previous definition of '__on_failure'
	cl /Fotmp32dll\dh_kdf.obj  -Iinc32 -Itmp32dll /MD /Ox /O2 /Ob2 -DOPENSSL_THREADS  -DDSO_WIN32 -W3 -Gs0 -GF -Gy -nologo -DOPENSSL_SYSNAME_WIN32 -DWIN32_LEAN_AND_MEAN -DL_ENDIAN -D_CRT_SECURE_NO_DEPRECATE -DOPENSSL_USE_APPLINK -I. -DOPENSSL_NO_RC5 -DOPENSSL_NO_MD2 -DOPENSSL_NO_KRB5 -DOPENSSL_NO_JPAKE -DOPENSSL_NO_STATIC_ENGINE /Zi /Fdtmp32dll/lib -D_WINDLL  -DOPENSSL_BUILD_SHLIBCRYPTO -c .\crypto\dh\dh_kdf.c
dh_kdf.c
	cl /Fotmp32dll\ec_lib.obj  -Iinc32 -Itmp32dll /MD /Ox /O2 /Ob2 -DOPENSSL_THREADS  -DDSO_WIN32 -W3 -Gs0 -GF -Gy -nologo -DOPENSSL_SYSNAME_WIN32 -DWIN32_LEAN_AND_MEAN -DL_ENDIAN -D_CRT_SECURE_NO_DEPRECATE -DOPENSSL_USE_APPLINK -I. -DOPENSSL_NO_RC5 -DOPENSSL_NO_MD2 -DOPENSSL_NO_KRB5 -DOPENSSL_NO_JPAKE -DOPENSSL_NO_STATIC_ENGINE /Zi /Fdtmp32dll/lib -D_WINDLL  -DOPENSSL_BUILD_SHLIBCRYPTO -c .\crypto\ec\ec_lib.c
ec_lib.c
	cl /Fotmp32dll\ecp_smpl.obj  -Iinc32 -Itmp32dll /MD /Ox /O2 /Ob2 -DOPENSSL_THREADS  -DDSO_WIN32 -W3 -Gs0 -GF -Gy -nologo -DOPENSSL_SYSNAME_WIN32 -DWIN32_LEAN_AND_MEAN -DL_ENDIAN -D_CRT_SECURE_NO_DEPRECATE -DOPENSSL_USE_APPLINK -I. -DOPENSSL_NO_RC5 -DOPENSSL_NO_MD2 -DOPENSSL_NO_KRB5 -DOPENSSL_NO_JPAKE -DOPENSSL_NO_STATIC_ENGINE /Zi /Fdtmp32dll/lib -D_WINDLL  -DOPENSSL_BUILD_SHLIBCRYPTO -c .\crypto\ec\ecp_smpl.c
ecp_smpl.c
	cl /Fotmp32dll\ecp_mont.obj  -Iinc32 -Itmp32dll /MD /Ox /O2 /Ob2 -DOPENSSL_THREADS  -DDSO_WIN32 -W3 -Gs0 -GF -Gy -nologo -DOPENSSL_SYSNAME_WIN32 -DWIN32_LEAN_AND_MEAN -DL_ENDIAN -D_CRT_SECURE_NO_DEPRECATE -DOPENSSL_USE_APPLINK -I. -DOPENSSL_NO_RC5 -DOPENSSL_NO_MD2 -DOPENSSL_NO_KRB5 -DOPENSSL_NO_JPAKE -DOPENSSL_NO_STATIC_ENGINE /Zi /Fdtmp32dll/lib -D_WINDLL  -DOPENSSL_BUILD_SHLIBCRYPTO -c .\crypto\ec\ecp_mont.c
ecp_mont.c
	cl /Fotmp32dll\ecp_nist.obj  -Iinc32 -Itmp32dll /MD /Ox /O2 /Ob2 -DOPENSSL_THREADS  -DDSO_WIN32 -W3 -Gs0 -GF -Gy -nologo -DOPENSSL_SYSNAME_WIN32 -DWIN32_LEAN_AND_MEAN -DL_ENDIAN -D_CRT_SECURE_NO_DEPRECATE -DOPENSSL_USE_APPLINK -I. -DOPENSSL_NO_RC5 -DOPENSSL_NO_MD2 -DOPENSSL_NO_KRB5 -DOPENSSL_NO_JPAKE -DOPENSSL_NO_STATIC_ENGINE /Zi /Fdtmp32dll/lib -D_WINDLL  -DOPENSSL_BUILD_SHLIBCRYPTO -c .\crypto\ec\ecp_nist.c
ecp_nist.c
	cl /Fotmp32dll\ec_cvt.obj  -Iinc32 -Itmp32dll /MD /Ox /O2 /Ob2 -DOPENSSL_THREADS  -DDSO_WIN32 -W3 -Gs0 -GF -Gy -nologo -DOPENSSL_SYSNAME_WIN32 -DWIN32_LEAN_AND_MEAN -DL_ENDIAN -D_CRT_SECURE_NO_DEPRECATE -DOPENSSL_USE_APPLINK -I. -DOPENSSL_NO_RC5 -DOPENSSL_NO_MD2 -DOPENSSL_NO_KRB5 -DOPENSSL_NO_JPAKE -DOPENSSL_NO_STATIC_ENGINE /Zi /Fdtmp32dll/lib -D_WINDLL  -DOPENSSL_BUILD_SHLIBCRYPTO -c .\crypto\ec\ec_cvt.c
ec_cvt.c
	cl /Fotmp32dll\ec_mult.obj  -Iinc32 -Itmp32dll /MD /Ox /O2 /Ob2 -DOPENSSL_THREADS  -DDSO_WIN32 -W3 -Gs0 -GF -Gy -nologo -DOPENSSL_SYSNAME_WIN32 -DWIN32_LEAN_AND_MEAN -DL_ENDIAN -D_CRT_SECURE_NO_DEPRECATE -DOPENSSL_USE_APPLINK -I. -DOPENSSL_NO_RC5 -DOPENSSL_NO_MD2 -DOPENSSL_NO_KRB5 -DOPENSSL_NO_JPAKE -DOPENSSL_NO_STATIC_ENGINE /Zi /Fdtmp32dll/lib -D_WINDLL  -DOPENSSL_BUILD_SHLIBCRYPTO -c .\crypto\ec\ec_mult.c
ec_mult.c
	cl /Fotmp32dll\ec_err.obj  -Iinc32 -Itmp32dll /MD /Ox /O2 /Ob2 -DOPENSSL_THREADS  -DDSO_WIN32 -W3 -Gs0 -GF -Gy -nologo -DOPENSSL_SYSNAME_WIN32 -DWIN32_LEAN_AND_MEAN -DL_ENDIAN -D_CRT_SECURE_NO_DEPRECATE -DOPENSSL_USE_APPLINK -I. -DOPENSSL_NO_RC5 -DOPENSSL_NO_MD2 -DOPENSSL_NO_KRB5 -DOPENSSL_NO_JPAKE -DOPENSSL_NO_STATIC_ENGINE /Zi /Fdtmp32dll/lib -D_WINDLL  -DOPENSSL_BUILD_SHLIBCRYPTO -c .\crypto\ec\ec_err.c
ec_err.c
	cl /Fotmp32dll\ec_curve.obj  -Iinc32 -Itmp32dll /MD /Ox /O2 /Ob2 -DOPENSSL_THREADS  -DDSO_WIN32 -W3 -Gs0 -GF -Gy -nologo -DOPENSSL_SYSNAME_WIN32 -DWIN32_LEAN_AND_MEAN -DL_ENDIAN -D_CRT_SECURE_NO_DEPRECATE -DOPENSSL_USE_APPLINK -I. -DOPENSSL_NO_RC5 -DOPENSSL_NO_MD2 -DOPENSSL_NO_KRB5 -DOPENSSL_NO_JPAKE -DOPENSSL_NO_STATIC_ENGINE /Zi /Fdtmp32dll/lib -D_WINDLL  -DOPENSSL_BUILD_SHLIBCRYPTO -c .\crypto\ec\ec_curve.c
ec_curve.c
	cl /Fotmp32dll\ec_check.obj  -Iinc32 -Itmp32dll /MD /Ox /O2 /Ob2 -DOPENSSL_THREADS  -DDSO_WIN32 -W3 -Gs0 -GF -Gy -nologo -DOPENSSL_SYSNAME_WIN32 -DWIN32_LEAN_AND_MEAN -DL_ENDIAN -D_CRT_SECURE_NO_DEPRECATE -DOPENSSL_USE_APPLINK -I. -DOPENSSL_NO_RC5 -DOPENSSL_NO_MD2 -DOPENSSL_NO_KRB5 -DOPENSSL_NO_JPAKE -DOPENSSL_NO_STATIC_ENGINE /Zi /Fdtmp32dll/lib -D_WINDLL  -DOPENSSL_BUILD_SHLIBCRYPTO -c .\crypto\ec\ec_check.c
ec_check.c
	cl /Fotmp32dll\ec_print.obj  -Iinc32 -Itmp32dll /MD /Ox /O2 /Ob2 -DOPENSSL_THREADS  -DDSO_WIN32 -W3 -Gs0 -GF -Gy -nologo -DOPENSSL_SYSNAME_WIN32 -DWIN32_LEAN_AND_MEAN -DL_ENDIAN -D_CRT_SECURE_NO_DEPRECATE -DOPENSSL_USE_APPLINK -I. -DOPENSSL_NO_RC5 -DOPENSSL_NO_MD2 -DOPENSSL_NO_KRB5 -DOPENSSL_NO_JPAKE -DOPENSSL_NO_STATIC_ENGINE /Zi /Fdtmp32dll/lib -D_WINDLL  -DOPENSSL_BUILD_SHLIBCRYPTO -c .\crypto\ec\ec_print.c
ec_print.c
	cl /Fotmp32dll\ec_asn1.obj  -Iinc32 -Itmp32dll /MD /Ox /O2 /Ob2 -DOPENSSL_THREADS  -DDSO_WIN32 -W3 -Gs0 -GF -Gy -nologo -DOPENSSL_SYSNAME_WIN32 -DWIN32_LEAN_AND_MEAN -DL_ENDIAN -D_CRT_SECURE_NO_DEPRECATE -DOPENSSL_USE_APPLINK -I. -DOPENSSL_NO_RC5 -DOPENSSL_NO_MD2 -DOPENSSL_NO_KRB5 -DOPENSSL_NO_JPAKE -DOPENSSL_NO_STATIC_ENGINE /Zi /Fdtmp32dll/lib -D_WINDLL  -DOPENSSL_BUILD_SHLIBCRYPTO -c .\crypto\ec\ec_asn1.c
ec_asn1.c
	cl /Fotmp32dll\ec_key.obj  -Iinc32 -Itmp32dll /MD /Ox /O2 /Ob2 -DOPENSSL_THREADS  -DDSO_WIN32 -W3 -Gs0 -GF -Gy -nologo -DOPENSSL_SYSNAME_WIN32 -DWIN32_LEAN_AND_MEAN -DL_ENDIAN -D_CRT_SECURE_NO_DEPRECATE -DOPENSSL_USE_APPLINK -I. -DOPENSSL_NO_RC5 -DOPENSSL_NO_MD2 -DOPENSSL_NO_KRB5 -DOPENSSL_NO_JPAKE -DOPENSSL_NO_STATIC_ENGINE /Zi /Fdtmp32dll/lib -D_WINDLL  -DOPENSSL_BUILD_SHLIBCRYPTO -c .\crypto\ec\ec_key.c
ec_key.c
	cl /Fotmp32dll\ec2_smpl.obj  -Iinc32 -Itmp32dll /MD /Ox /O2 /Ob2 -DOPENSSL_THREADS  -DDSO_WIN32 -W3 -Gs0 -GF -Gy -nologo -DOPENSSL_SYSNAME_WIN32 -DWIN32_LEAN_AND_MEAN -DL_ENDIAN -D_CRT_SECURE_NO_DEPRECATE -DOPENSSL_USE_APPLINK -I. -DOPENSSL_NO_RC5 -DOPENSSL_NO_MD2 -DOPENSSL_NO_KRB5 -DOPENSSL_NO_JPAKE -DOPENSSL_NO_STATIC_ENGINE /Zi /Fdtmp32dll/lib -D_WINDLL  -DOPENSSL_BUILD_SHLIBCRYPTO -c .\crypto\ec\ec2_smpl.c
ec2_smpl.c
	cl /Fotmp32dll\ec2_mult.obj  -Iinc32 -Itmp32dll /MD /Ox /O2 /Ob2 -DOPENSSL_THREADS  -DDSO_WIN32 -W3 -Gs0 -GF -Gy -nologo -DOPENSSL_SYSNAME_WIN32 -DWIN32_LEAN_AND_MEAN -DL_ENDIAN -D_CRT_SECURE_NO_DEPRECATE -DOPENSSL_USE_APPLINK -I. -DOPENSSL_NO_RC5 -DOPENSSL_NO_MD2 -DOPENSSL_NO_KRB5 -DOPENSSL_NO_JPAKE -DOPENSSL_NO_STATIC_ENGINE /Zi /Fdtmp32dll/lib -D_WINDLL  -DOPENSSL_BUILD_SHLIBCRYPTO -c .\crypto\ec\ec2_mult.c
ec2_mult.c
	cl /Fotmp32dll\ec_ameth.obj  -Iinc32 -Itmp32dll /MD /Ox /O2 /Ob2 -DOPENSSL_THREADS  -DDSO_WIN32 -W3 -Gs0 -GF -Gy -nologo -DOPENSSL_SYSNAME_WIN32 -DWIN32_LEAN_AND_MEAN -DL_ENDIAN -D_CRT_SECURE_NO_DEPRECATE -DOPENSSL_USE_APPLINK -I. -DOPENSSL_NO_RC5 -DOPENSSL_NO_MD2 -DOPENSSL_NO_KRB5 -DOPENSSL_NO_JPAKE -DOPENSSL_NO_STATIC_ENGINE /Zi /Fdtmp32dll/lib -D_WINDLL  -DOPENSSL_BUILD_SHLIBCRYPTO -c .\crypto\ec\ec_ameth.c
ec_ameth.c
c:\program files (x86)\microsoft sdks\windows\v7.1a\include\sal_supp.h(57) : warning C4005: '__useHeader' : macro redefinition
        C:\Program Files (x86)\Microsoft Visual Studio 12.0\VC\include\sal.h(2886) : see previous definition of '__useHeader'
c:\program files (x86)\microsoft sdks\windows\v7.1a\include\specstrings_supp.h(77) : warning C4005: '__on_failure' : macro redefinition
        C:\Program Files (x86)\Microsoft Visual Studio 12.0\VC\include\sal.h(2896) : see previous definition of '__on_failure'
	cl /Fotmp32dll\ec_pmeth.obj  -Iinc32 -Itmp32dll /MD /Ox /O2 /Ob2 -DOPENSSL_THREADS  -DDSO_WIN32 -W3 -Gs0 -GF -Gy -nologo -DOPENSSL_SYSNAME_WIN32 -DWIN32_LEAN_AND_MEAN -DL_ENDIAN -D_CRT_SECURE_NO_DEPRECATE -DOPENSSL_USE_APPLINK -I. -DOPENSSL_NO_RC5 -DOPENSSL_NO_MD2 -DOPENSSL_NO_KRB5 -DOPENSSL_NO_JPAKE -DOPENSSL_NO_STATIC_ENGINE /Zi /Fdtmp32dll/lib -D_WINDLL  -DOPENSSL_BUILD_SHLIBCRYPTO -c .\crypto\ec\ec_pmeth.c
ec_pmeth.c
c:\program files (x86)\microsoft sdks\windows\v7.1a\include\sal_supp.h(57) : warning C4005: '__useHeader' : macro redefinition
        C:\Program Files (x86)\Microsoft Visual Studio 12.0\VC\include\sal.h(2886) : see previous definition of '__useHeader'
c:\program files (x86)\microsoft sdks\windows\v7.1a\include\specstrings_supp.h(77) : warning C4005: '__on_failure' : macro redefinition
        C:\Program Files (x86)\Microsoft Visual Studio 12.0\VC\include\sal.h(2896) : see previous definition of '__on_failure'
	cl /Fotmp32dll\eck_prn.obj  -Iinc32 -Itmp32dll /MD /Ox /O2 /Ob2 -DOPENSSL_THREADS  -DDSO_WIN32 -W3 -Gs0 -GF -Gy -nologo -DOPENSSL_SYSNAME_WIN32 -DWIN32_LEAN_AND_MEAN -DL_ENDIAN -D_CRT_SECURE_NO_DEPRECATE -DOPENSSL_USE_APPLINK -I. -DOPENSSL_NO_RC5 -DOPENSSL_NO_MD2 -DOPENSSL_NO_KRB5 -DOPENSSL_NO_JPAKE -DOPENSSL_NO_STATIC_ENGINE /Zi /Fdtmp32dll/lib -D_WINDLL  -DOPENSSL_BUILD_SHLIBCRYPTO -c .\crypto\ec\eck_prn.c
eck_prn.c
c:\program files (x86)\microsoft sdks\windows\v7.1a\include\sal_supp.h(57) : warning C4005: '__useHeader' : macro redefinition
        C:\Program Files (x86)\Microsoft Visual Studio 12.0\VC\include\sal.h(2886) : see previous definition of '__useHeader'
c:\program files (x86)\microsoft sdks\windows\v7.1a\include\specstrings_supp.h(77) : warning C4005: '__on_failure' : macro redefinition
        C:\Program Files (x86)\Microsoft Visual Studio 12.0\VC\include\sal.h(2896) : see previous definition of '__on_failure'
	cl /Fotmp32dll\ecp_nistp224.obj  -Iinc32 -Itmp32dll /MD /Ox /O2 /Ob2 -DOPENSSL_THREADS  -DDSO_WIN32 -W3 -Gs0 -GF -Gy -nologo -DOPENSSL_SYSNAME_WIN32 -DWIN32_LEAN_AND_MEAN -DL_ENDIAN -D_CRT_SECURE_NO_DEPRECATE -DOPENSSL_USE_APPLINK -I. -DOPENSSL_NO_RC5 -DOPENSSL_NO_MD2 -DOPENSSL_NO_KRB5 -DOPENSSL_NO_JPAKE -DOPENSSL_NO_STATIC_ENGINE /Zi /Fdtmp32dll/lib -D_WINDLL  -DOPENSSL_BUILD_SHLIBCRYPTO -c .\crypto\ec\ecp_nistp224.c
ecp_nistp224.c
	cl /Fotmp32dll\ecp_nistp256.obj  -Iinc32 -Itmp32dll /MD /Ox /O2 /Ob2 -DOPENSSL_THREADS  -DDSO_WIN32 -W3 -Gs0 -GF -Gy -nologo -DOPENSSL_SYSNAME_WIN32 -DWIN32_LEAN_AND_MEAN -DL_ENDIAN -D_CRT_SECURE_NO_DEPRECATE -DOPENSSL_USE_APPLINK -I. -DOPENSSL_NO_RC5 -DOPENSSL_NO_MD2 -DOPENSSL_NO_KRB5 -DOPENSSL_NO_JPAKE -DOPENSSL_NO_STATIC_ENGINE /Zi /Fdtmp32dll/lib -D_WINDLL  -DOPENSSL_BUILD_SHLIBCRYPTO -c .\crypto\ec\ecp_nistp256.c
ecp_nistp256.c
	cl /Fotmp32dll\ecp_nistp521.obj  -Iinc32 -Itmp32dll /MD /Ox /O2 /Ob2 -DOPENSSL_THREADS  -DDSO_WIN32 -W3 -Gs0 -GF -Gy -nologo -DOPENSSL_SYSNAME_WIN32 -DWIN32_LEAN_AND_MEAN -DL_ENDIAN -D_CRT_SECURE_NO_DEPRECATE -DOPENSSL_USE_APPLINK -I. -DOPENSSL_NO_RC5 -DOPENSSL_NO_MD2 -DOPENSSL_NO_KRB5 -DOPENSSL_NO_JPAKE -DOPENSSL_NO_STATIC_ENGINE /Zi /Fdtmp32dll/lib -D_WINDLL  -DOPENSSL_BUILD_SHLIBCRYPTO -c .\crypto\ec\ecp_nistp521.c
ecp_nistp521.c
	cl /Fotmp32dll\ecp_nistputil.obj  -Iinc32 -Itmp32dll /MD /Ox /O2 /Ob2 -DOPENSSL_THREADS  -DDSO_WIN32 -W3 -Gs0 -GF -Gy -nologo -DOPENSSL_SYSNAME_WIN32 -DWIN32_LEAN_AND_MEAN -DL_ENDIAN -D_CRT_SECURE_NO_DEPRECATE -DOPENSSL_USE_APPLINK -I. -DOPENSSL_NO_RC5 -DOPENSSL_NO_MD2 -DOPENSSL_NO_KRB5 -DOPENSSL_NO_JPAKE -DOPENSSL_NO_STATIC_ENGINE /Zi /Fdtmp32dll/lib -D_WINDLL  -DOPENSSL_BUILD_SHLIBCRYPTO -c .\crypto\ec\ecp_nistputil.c
ecp_nistputil.c
	cl /Fotmp32dll\ecp_oct.obj  -Iinc32 -Itmp32dll /MD /Ox /O2 /Ob2 -DOPENSSL_THREADS  -DDSO_WIN32 -W3 -Gs0 -GF -Gy -nologo -DOPENSSL_SYSNAME_WIN32 -DWIN32_LEAN_AND_MEAN -DL_ENDIAN -D_CRT_SECURE_NO_DEPRECATE -DOPENSSL_USE_APPLINK -I. -DOPENSSL_NO_RC5 -DOPENSSL_NO_MD2 -DOPENSSL_NO_KRB5 -DOPENSSL_NO_JPAKE -DOPENSSL_NO_STATIC_ENGINE /Zi /Fdtmp32dll/lib -D_WINDLL  -DOPENSSL_BUILD_SHLIBCRYPTO -c .\crypto\ec\ecp_oct.c
ecp_oct.c
	cl /Fotmp32dll\ec2_oct.obj  -Iinc32 -Itmp32dll /MD /Ox /O2 /Ob2 -DOPENSSL_THREADS  -DDSO_WIN32 -W3 -Gs0 -GF -Gy -nologo -DOPENSSL_SYSNAME_WIN32 -DWIN32_LEAN_AND_MEAN -DL_ENDIAN -D_CRT_SECURE_NO_DEPRECATE -DOPENSSL_USE_APPLINK -I. -DOPENSSL_NO_RC5 -DOPENSSL_NO_MD2 -DOPENSSL_NO_KRB5 -DOPENSSL_NO_JPAKE -DOPENSSL_NO_STATIC_ENGINE /Zi /Fdtmp32dll/lib -D_WINDLL  -DOPENSSL_BUILD_SHLIBCRYPTO -c .\crypto\ec\ec2_oct.c
ec2_oct.c
	cl /Fotmp32dll\ec_oct.obj  -Iinc32 -Itmp32dll /MD /Ox /O2 /Ob2 -DOPENSSL_THREADS  -DDSO_WIN32 -W3 -Gs0 -GF -Gy -nologo -DOPENSSL_SYSNAME_WIN32 -DWIN32_LEAN_AND_MEAN -DL_ENDIAN -D_CRT_SECURE_NO_DEPRECATE -DOPENSSL_USE_APPLINK -I. -DOPENSSL_NO_RC5 -DOPENSSL_NO_MD2 -DOPENSSL_NO_KRB5 -DOPENSSL_NO_JPAKE -DOPENSSL_NO_STATIC_ENGINE /Zi /Fdtmp32dll/lib -D_WINDLL  -DOPENSSL_BUILD_SHLIBCRYPTO -c .\crypto\ec\ec_oct.c
ec_oct.c
	cl /Fotmp32dll\ech_lib.obj  -Iinc32 -Itmp32dll /MD /Ox /O2 /Ob2 -DOPENSSL_THREADS  -DDSO_WIN32 -W3 -Gs0 -GF -Gy -nologo -DOPENSSL_SYSNAME_WIN32 -DWIN32_LEAN_AND_MEAN -DL_ENDIAN -D_CRT_SECURE_NO_DEPRECATE -DOPENSSL_USE_APPLINK -I. -DOPENSSL_NO_RC5 -DOPENSSL_NO_MD2 -DOPENSSL_NO_KRB5 -DOPENSSL_NO_JPAKE -DOPENSSL_NO_STATIC_ENGINE /Zi /Fdtmp32dll/lib -D_WINDLL  -DOPENSSL_BUILD_SHLIBCRYPTO -c .\crypto\ecdh\ech_lib.c
ech_lib.c
c:\program files (x86)\microsoft sdks\windows\v7.1a\include\sal_supp.h(57) : warning C4005: '__useHeader' : macro redefinition
        C:\Program Files (x86)\Microsoft Visual Studio 12.0\VC\include\sal.h(2886) : see previous definition of '__useHeader'
c:\program files (x86)\microsoft sdks\windows\v7.1a\include\specstrings_supp.h(77) : warning C4005: '__on_failure' : macro redefinition
        C:\Program Files (x86)\Microsoft Visual Studio 12.0\VC\include\sal.h(2896) : see previous definition of '__on_failure'
	cl /Fotmp32dll\ech_ossl.obj  -Iinc32 -Itmp32dll /MD /Ox /O2 /Ob2 -DOPENSSL_THREADS  -DDSO_WIN32 -W3 -Gs0 -GF -Gy -nologo -DOPENSSL_SYSNAME_WIN32 -DWIN32_LEAN_AND_MEAN -DL_ENDIAN -D_CRT_SECURE_NO_DEPRECATE -DOPENSSL_USE_APPLINK -I. -DOPENSSL_NO_RC5 -DOPENSSL_NO_MD2 -DOPENSSL_NO_KRB5 -DOPENSSL_NO_JPAKE -DOPENSSL_NO_STATIC_ENGINE /Zi /Fdtmp32dll/lib -D_WINDLL  -DOPENSSL_BUILD_SHLIBCRYPTO -c .\crypto\ecdh\ech_ossl.c
ech_ossl.c
c:\program files (x86)\microsoft sdks\windows\v7.1a\include\sal_supp.h(57) : warning C4005: '__useHeader' : macro redefinition
        C:\Program Files (x86)\Microsoft Visual Studio 12.0\VC\include\sal.h(2886) : see previous definition of '__useHeader'
c:\program files (x86)\microsoft sdks\windows\v7.1a\include\specstrings_supp.h(77) : warning C4005: '__on_failure' : macro redefinition
        C:\Program Files (x86)\Microsoft Visual Studio 12.0\VC\include\sal.h(2896) : see previous definition of '__on_failure'
	cl /Fotmp32dll\ech_key.obj  -Iinc32 -Itmp32dll /MD /Ox /O2 /Ob2 -DOPENSSL_THREADS  -DDSO_WIN32 -W3 -Gs0 -GF -Gy -nologo -DOPENSSL_SYSNAME_WIN32 -DWIN32_LEAN_AND_MEAN -DL_ENDIAN -D_CRT_SECURE_NO_DEPRECATE -DOPENSSL_USE_APPLINK -I. -DOPENSSL_NO_RC5 -DOPENSSL_NO_MD2 -DOPENSSL_NO_KRB5 -DOPENSSL_NO_JPAKE -DOPENSSL_NO_STATIC_ENGINE /Zi /Fdtmp32dll/lib -D_WINDLL  -DOPENSSL_BUILD_SHLIBCRYPTO -c .\crypto\ecdh\ech_key.c
ech_key.c
	cl /Fotmp32dll\ech_err.obj  -Iinc32 -Itmp32dll /MD /Ox /O2 /Ob2 -DOPENSSL_THREADS  -DDSO_WIN32 -W3 -Gs0 -GF -Gy -nologo -DOPENSSL_SYSNAME_WIN32 -DWIN32_LEAN_AND_MEAN -DL_ENDIAN -D_CRT_SECURE_NO_DEPRECATE -DOPENSSL_USE_APPLINK -I. -DOPENSSL_NO_RC5 -DOPENSSL_NO_MD2 -DOPENSSL_NO_KRB5 -DOPENSSL_NO_JPAKE -DOPENSSL_NO_STATIC_ENGINE /Zi /Fdtmp32dll/lib -D_WINDLL  -DOPENSSL_BUILD_SHLIBCRYPTO -c .\crypto\ecdh\ech_err.c
ech_err.c
	cl /Fotmp32dll\ech_kdf.obj  -Iinc32 -Itmp32dll /MD /Ox /O2 /Ob2 -DOPENSSL_THREADS  -DDSO_WIN32 -W3 -Gs0 -GF -Gy -nologo -DOPENSSL_SYSNAME_WIN32 -DWIN32_LEAN_AND_MEAN -DL_ENDIAN -D_CRT_SECURE_NO_DEPRECATE -DOPENSSL_USE_APPLINK -I. -DOPENSSL_NO_RC5 -DOPENSSL_NO_MD2 -DOPENSSL_NO_KRB5 -DOPENSSL_NO_JPAKE -DOPENSSL_NO_STATIC_ENGINE /Zi /Fdtmp32dll/lib -D_WINDLL  -DOPENSSL_BUILD_SHLIBCRYPTO -c .\crypto\ecdh\ech_kdf.c
ech_kdf.c
	cl /Fotmp32dll\ecs_lib.obj  -Iinc32 -Itmp32dll /MD /Ox /O2 /Ob2 -DOPENSSL_THREADS  -DDSO_WIN32 -W3 -Gs0 -GF -Gy -nologo -DOPENSSL_SYSNAME_WIN32 -DWIN32_LEAN_AND_MEAN -DL_ENDIAN -D_CRT_SECURE_NO_DEPRECATE -DOPENSSL_USE_APPLINK -I. -DOPENSSL_NO_RC5 -DOPENSSL_NO_MD2 -DOPENSSL_NO_KRB5 -DOPENSSL_NO_JPAKE -DOPENSSL_NO_STATIC_ENGINE /Zi /Fdtmp32dll/lib -D_WINDLL  -DOPENSSL_BUILD_SHLIBCRYPTO -c .\crypto\ecdsa\ecs_lib.c
ecs_lib.c
c:\program files (x86)\microsoft sdks\windows\v7.1a\include\sal_supp.h(57) : warning C4005: '__useHeader' : macro redefinition
        C:\Program Files (x86)\Microsoft Visual Studio 12.0\VC\include\sal.h(2886) : see previous definition of '__useHeader'
c:\program files (x86)\microsoft sdks\windows\v7.1a\include\specstrings_supp.h(77) : warning C4005: '__on_failure' : macro redefinition
        C:\Program Files (x86)\Microsoft Visual Studio 12.0\VC\include\sal.h(2896) : see previous definition of '__on_failure'
	cl /Fotmp32dll\ecs_asn1.obj  -Iinc32 -Itmp32dll /MD /Ox /O2 /Ob2 -DOPENSSL_THREADS  -DDSO_WIN32 -W3 -Gs0 -GF -Gy -nologo -DOPENSSL_SYSNAME_WIN32 -DWIN32_LEAN_AND_MEAN -DL_ENDIAN -D_CRT_SECURE_NO_DEPRECATE -DOPENSSL_USE_APPLINK -I. -DOPENSSL_NO_RC5 -DOPENSSL_NO_MD2 -DOPENSSL_NO_KRB5 -DOPENSSL_NO_JPAKE -DOPENSSL_NO_STATIC_ENGINE /Zi /Fdtmp32dll/lib -D_WINDLL  -DOPENSSL_BUILD_SHLIBCRYPTO -c .\crypto\ecdsa\ecs_asn1.c
ecs_asn1.c
	cl /Fotmp32dll\ecs_ossl.obj  -Iinc32 -Itmp32dll /MD /Ox /O2 /Ob2 -DOPENSSL_THREADS  -DDSO_WIN32 -W3 -Gs0 -GF -Gy -nologo -DOPENSSL_SYSNAME_WIN32 -DWIN32_LEAN_AND_MEAN -DL_ENDIAN -D_CRT_SECURE_NO_DEPRECATE -DOPENSSL_USE_APPLINK -I. -DOPENSSL_NO_RC5 -DOPENSSL_NO_MD2 -DOPENSSL_NO_KRB5 -DOPENSSL_NO_JPAKE -DOPENSSL_NO_STATIC_ENGINE /Zi /Fdtmp32dll/lib -D_WINDLL  -DOPENSSL_BUILD_SHLIBCRYPTO -c .\crypto\ecdsa\ecs_ossl.c
ecs_ossl.c
	cl /Fotmp32dll\ecs_sign.obj  -Iinc32 -Itmp32dll /MD /Ox /O2 /Ob2 -DOPENSSL_THREADS  -DDSO_WIN32 -W3 -Gs0 -GF -Gy -nologo -DOPENSSL_SYSNAME_WIN32 -DWIN32_LEAN_AND_MEAN -DL_ENDIAN -D_CRT_SECURE_NO_DEPRECATE -DOPENSSL_USE_APPLINK -I. -DOPENSSL_NO_RC5 -DOPENSSL_NO_MD2 -DOPENSSL_NO_KRB5 -DOPENSSL_NO_JPAKE -DOPENSSL_NO_STATIC_ENGINE /Zi /Fdtmp32dll/lib -D_WINDLL  -DOPENSSL_BUILD_SHLIBCRYPTO -c .\crypto\ecdsa\ecs_sign.c
ecs_sign.c
c:\program files (x86)\microsoft sdks\windows\v7.1a\include\sal_supp.h(57) : warning C4005: '__useHeader' : macro redefinition
        C:\Program Files (x86)\Microsoft Visual Studio 12.0\VC\include\sal.h(2886) : see previous definition of '__useHeader'
c:\program files (x86)\microsoft sdks\windows\v7.1a\include\specstrings_supp.h(77) : warning C4005: '__on_failure' : macro redefinition
        C:\Program Files (x86)\Microsoft Visual Studio 12.0\VC\include\sal.h(2896) : see previous definition of '__on_failure'
	cl /Fotmp32dll\ecs_vrf.obj  -Iinc32 -Itmp32dll /MD /Ox /O2 /Ob2 -DOPENSSL_THREADS  -DDSO_WIN32 -W3 -Gs0 -GF -Gy -nologo -DOPENSSL_SYSNAME_WIN32 -DWIN32_LEAN_AND_MEAN -DL_ENDIAN -D_CRT_SECURE_NO_DEPRECATE -DOPENSSL_USE_APPLINK -I. -DOPENSSL_NO_RC5 -DOPENSSL_NO_MD2 -DOPENSSL_NO_KRB5 -DOPENSSL_NO_JPAKE -DOPENSSL_NO_STATIC_ENGINE /Zi /Fdtmp32dll/lib -D_WINDLL  -DOPENSSL_BUILD_SHLIBCRYPTO -c .\crypto\ecdsa\ecs_vrf.c
ecs_vrf.c
c:\program files (x86)\microsoft sdks\windows\v7.1a\include\sal_supp.h(57) : warning C4005: '__useHeader' : macro redefinition
        C:\Program Files (x86)\Microsoft Visual Studio 12.0\VC\include\sal.h(2886) : see previous definition of '__useHeader'
c:\program files (x86)\microsoft sdks\windows\v7.1a\include\specstrings_supp.h(77) : warning C4005: '__on_failure' : macro redefinition
        C:\Program Files (x86)\Microsoft Visual Studio 12.0\VC\include\sal.h(2896) : see previous definition of '__on_failure'
	cl /Fotmp32dll\ecs_err.obj  -Iinc32 -Itmp32dll /MD /Ox /O2 /Ob2 -DOPENSSL_THREADS  -DDSO_WIN32 -W3 -Gs0 -GF -Gy -nologo -DOPENSSL_SYSNAME_WIN32 -DWIN32_LEAN_AND_MEAN -DL_ENDIAN -D_CRT_SECURE_NO_DEPRECATE -DOPENSSL_USE_APPLINK -I. -DOPENSSL_NO_RC5 -DOPENSSL_NO_MD2 -DOPENSSL_NO_KRB5 -DOPENSSL_NO_JPAKE -DOPENSSL_NO_STATIC_ENGINE /Zi /Fdtmp32dll/lib -D_WINDLL  -DOPENSSL_BUILD_SHLIBCRYPTO -c .\crypto\ecdsa\ecs_err.c
ecs_err.c
	cl /Fotmp32dll\buffer.obj  -Iinc32 -Itmp32dll /MD /Ox /O2 /Ob2 -DOPENSSL_THREADS  -DDSO_WIN32 -W3 -Gs0 -GF -Gy -nologo -DOPENSSL_SYSNAME_WIN32 -DWIN32_LEAN_AND_MEAN -DL_ENDIAN -D_CRT_SECURE_NO_DEPRECATE -DOPENSSL_USE_APPLINK -I. -DOPENSSL_NO_RC5 -DOPENSSL_NO_MD2 -DOPENSSL_NO_KRB5 -DOPENSSL_NO_JPAKE -DOPENSSL_NO_STATIC_ENGINE /Zi /Fdtmp32dll/lib -D_WINDLL  -DOPENSSL_BUILD_SHLIBCRYPTO -c .\crypto\buffer\buffer.c
buffer.c
c:\program files (x86)\microsoft sdks\windows\v7.1a\include\sal_supp.h(57) : warning C4005: '__useHeader' : macro redefinition
        C:\Program Files (x86)\Microsoft Visual Studio 12.0\VC\include\sal.h(2886) : see previous definition of '__useHeader'
c:\program files (x86)\microsoft sdks\windows\v7.1a\include\specstrings_supp.h(77) : warning C4005: '__on_failure' : macro redefinition
        C:\Program Files (x86)\Microsoft Visual Studio 12.0\VC\include\sal.h(2896) : see previous definition of '__on_failure'
	cl /Fotmp32dll\buf_str.obj  -Iinc32 -Itmp32dll /MD /Ox /O2 /Ob2 -DOPENSSL_THREADS  -DDSO_WIN32 -W3 -Gs0 -GF -Gy -nologo -DOPENSSL_SYSNAME_WIN32 -DWIN32_LEAN_AND_MEAN -DL_ENDIAN -D_CRT_SECURE_NO_DEPRECATE -DOPENSSL_USE_APPLINK -I. -DOPENSSL_NO_RC5 -DOPENSSL_NO_MD2 -DOPENSSL_NO_KRB5 -DOPENSSL_NO_JPAKE -DOPENSSL_NO_STATIC_ENGINE /Zi /Fdtmp32dll/lib -D_WINDLL  -DOPENSSL_BUILD_SHLIBCRYPTO -c .\crypto\buffer\buf_str.c
buf_str.c
c:\program files (x86)\microsoft sdks\windows\v7.1a\include\sal_supp.h(57) : warning C4005: '__useHeader' : macro redefinition
        C:\Program Files (x86)\Microsoft Visual Studio 12.0\VC\include\sal.h(2886) : see previous definition of '__useHeader'
c:\program files (x86)\microsoft sdks\windows\v7.1a\include\specstrings_supp.h(77) : warning C4005: '__on_failure' : macro redefinition
        C:\Program Files (x86)\Microsoft Visual Studio 12.0\VC\include\sal.h(2896) : see previous definition of '__on_failure'
	cl /Fotmp32dll\buf_err.obj  -Iinc32 -Itmp32dll /MD /Ox /O2 /Ob2 -DOPENSSL_THREADS  -DDSO_WIN32 -W3 -Gs0 -GF -Gy -nologo -DOPENSSL_SYSNAME_WIN32 -DWIN32_LEAN_AND_MEAN -DL_ENDIAN -D_CRT_SECURE_NO_DEPRECATE -DOPENSSL_USE_APPLINK -I. -DOPENSSL_NO_RC5 -DOPENSSL_NO_MD2 -DOPENSSL_NO_KRB5 -DOPENSSL_NO_JPAKE -DOPENSSL_NO_STATIC_ENGINE /Zi /Fdtmp32dll/lib -D_WINDLL  -DOPENSSL_BUILD_SHLIBCRYPTO -c .\crypto\buffer\buf_err.c
buf_err.c
	cl /Fotmp32dll\bio_lib.obj  -Iinc32 -Itmp32dll /MD /Ox /O2 /Ob2 -DOPENSSL_THREADS  -DDSO_WIN32 -W3 -Gs0 -GF -Gy -nologo -DOPENSSL_SYSNAME_WIN32 -DWIN32_LEAN_AND_MEAN -DL_ENDIAN -D_CRT_SECURE_NO_DEPRECATE -DOPENSSL_USE_APPLINK -I. -DOPENSSL_NO_RC5 -DOPENSSL_NO_MD2 -DOPENSSL_NO_KRB5 -DOPENSSL_NO_JPAKE -DOPENSSL_NO_STATIC_ENGINE /Zi /Fdtmp32dll/lib -D_WINDLL  -DOPENSSL_BUILD_SHLIBCRYPTO -c .\crypto\bio\bio_lib.c
bio_lib.c
c:\program files (x86)\microsoft sdks\windows\v7.1a\include\sal_supp.h(57) : warning C4005: '__useHeader' : macro redefinition
        C:\Program Files (x86)\Microsoft Visual Studio 12.0\VC\include\sal.h(2886) : see previous definition of '__useHeader'
c:\program files (x86)\microsoft sdks\windows\v7.1a\include\specstrings_supp.h(77) : warning C4005: '__on_failure' : macro redefinition
        C:\Program Files (x86)\Microsoft Visual Studio 12.0\VC\include\sal.h(2896) : see previous definition of '__on_failure'
	cl /Fotmp32dll\bio_cb.obj  -Iinc32 -Itmp32dll /MD /Ox /O2 /Ob2 -DOPENSSL_THREADS  -DDSO_WIN32 -W3 -Gs0 -GF -Gy -nologo -DOPENSSL_SYSNAME_WIN32 -DWIN32_LEAN_AND_MEAN -DL_ENDIAN -D_CRT_SECURE_NO_DEPRECATE -DOPENSSL_USE_APPLINK -I. -DOPENSSL_NO_RC5 -DOPENSSL_NO_MD2 -DOPENSSL_NO_KRB5 -DOPENSSL_NO_JPAKE -DOPENSSL_NO_STATIC_ENGINE /Zi /Fdtmp32dll/lib -D_WINDLL  -DOPENSSL_BUILD_SHLIBCRYPTO -c .\crypto\bio\bio_cb.c
bio_cb.c
c:\program files (x86)\microsoft sdks\windows\v7.1a\include\sal_supp.h(57) : warning C4005: '__useHeader' : macro redefinition
        C:\Program Files (x86)\Microsoft Visual Studio 12.0\VC\include\sal.h(2886) : see previous definition of '__useHeader'
c:\program files (x86)\microsoft sdks\windows\v7.1a\include\specstrings_supp.h(77) : warning C4005: '__on_failure' : macro redefinition
        C:\Program Files (x86)\Microsoft Visual Studio 12.0\VC\include\sal.h(2896) : see previous definition of '__on_failure'
	cl /Fotmp32dll\bio_err.obj  -Iinc32 -Itmp32dll /MD /Ox /O2 /Ob2 -DOPENSSL_THREADS  -DDSO_WIN32 -W3 -Gs0 -GF -Gy -nologo -DOPENSSL_SYSNAME_WIN32 -DWIN32_LEAN_AND_MEAN -DL_ENDIAN -D_CRT_SECURE_NO_DEPRECATE -DOPENSSL_USE_APPLINK -I. -DOPENSSL_NO_RC5 -DOPENSSL_NO_MD2 -DOPENSSL_NO_KRB5 -DOPENSSL_NO_JPAKE -DOPENSSL_NO_STATIC_ENGINE /Zi /Fdtmp32dll/lib -D_WINDLL  -DOPENSSL_BUILD_SHLIBCRYPTO -c .\crypto\bio\bio_err.c
bio_err.c
	cl /Fotmp32dll\bss_mem.obj  -Iinc32 -Itmp32dll /MD /Ox /O2 /Ob2 -DOPENSSL_THREADS  -DDSO_WIN32 -W3 -Gs0 -GF -Gy -nologo -DOPENSSL_SYSNAME_WIN32 -DWIN32_LEAN_AND_MEAN -DL_ENDIAN -D_CRT_SECURE_NO_DEPRECATE -DOPENSSL_USE_APPLINK -I. -DOPENSSL_NO_RC5 -DOPENSSL_NO_MD2 -DOPENSSL_NO_KRB5 -DOPENSSL_NO_JPAKE -DOPENSSL_NO_STATIC_ENGINE /Zi /Fdtmp32dll/lib -D_WINDLL  -DOPENSSL_BUILD_SHLIBCRYPTO -c .\crypto\bio\bss_mem.c
bss_mem.c
c:\program files (x86)\microsoft sdks\windows\v7.1a\include\sal_supp.h(57) : warning C4005: '__useHeader' : macro redefinition
        C:\Program Files (x86)\Microsoft Visual Studio 12.0\VC\include\sal.h(2886) : see previous definition of '__useHeader'
c:\program files (x86)\microsoft sdks\windows\v7.1a\include\specstrings_supp.h(77) : warning C4005: '__on_failure' : macro redefinition
        C:\Program Files (x86)\Microsoft Visual Studio 12.0\VC\include\sal.h(2896) : see previous definition of '__on_failure'
	cl /Fotmp32dll\bss_null.obj  -Iinc32 -Itmp32dll /MD /Ox /O2 /Ob2 -DOPENSSL_THREADS  -DDSO_WIN32 -W3 -Gs0 -GF -Gy -nologo -DOPENSSL_SYSNAME_WIN32 -DWIN32_LEAN_AND_MEAN -DL_ENDIAN -D_CRT_SECURE_NO_DEPRECATE -DOPENSSL_USE_APPLINK -I. -DOPENSSL_NO_RC5 -DOPENSSL_NO_MD2 -DOPENSSL_NO_KRB5 -DOPENSSL_NO_JPAKE -DOPENSSL_NO_STATIC_ENGINE /Zi /Fdtmp32dll/lib -D_WINDLL  -DOPENSSL_BUILD_SHLIBCRYPTO -c .\crypto\bio\bss_null.c
bss_null.c
c:\program files (x86)\microsoft sdks\windows\v7.1a\include\sal_supp.h(57) : warning C4005: '__useHeader' : macro redefinition
        C:\Program Files (x86)\Microsoft Visual Studio 12.0\VC\include\sal.h(2886) : see previous definition of '__useHeader'
c:\program files (x86)\microsoft sdks\windows\v7.1a\include\specstrings_supp.h(77) : warning C4005: '__on_failure' : macro redefinition
        C:\Program Files (x86)\Microsoft Visual Studio 12.0\VC\include\sal.h(2896) : see previous definition of '__on_failure'
	cl /Fotmp32dll\bss_fd.obj  -Iinc32 -Itmp32dll /MD /Ox /O2 /Ob2 -DOPENSSL_THREADS  -DDSO_WIN32 -W3 -Gs0 -GF -Gy -nologo -DOPENSSL_SYSNAME_WIN32 -DWIN32_LEAN_AND_MEAN -DL_ENDIAN -D_CRT_SECURE_NO_DEPRECATE -DOPENSSL_USE_APPLINK -I. -DOPENSSL_NO_RC5 -DOPENSSL_NO_MD2 -DOPENSSL_NO_KRB5 -DOPENSSL_NO_JPAKE -DOPENSSL_NO_STATIC_ENGINE /Zi /Fdtmp32dll/lib -D_WINDLL  -DOPENSSL_BUILD_SHLIBCRYPTO -c .\crypto\bio\bss_fd.c
bss_fd.c
c:\program files (x86)\microsoft sdks\windows\v7.1a\include\sal_supp.h(57) : warning C4005: '__useHeader' : macro redefinition
        C:\Program Files (x86)\Microsoft Visual Studio 12.0\VC\include\sal.h(2886) : see previous definition of '__useHeader'
c:\program files (x86)\microsoft sdks\windows\v7.1a\include\specstrings_supp.h(77) : warning C4005: '__on_failure' : macro redefinition
        C:\Program Files (x86)\Microsoft Visual Studio 12.0\VC\include\sal.h(2896) : see previous definition of '__on_failure'
	cl /Fotmp32dll\bss_file.obj  -Iinc32 -Itmp32dll /MD /Ox /O2 /Ob2 -DOPENSSL_THREADS  -DDSO_WIN32 -W3 -Gs0 -GF -Gy -nologo -DOPENSSL_SYSNAME_WIN32 -DWIN32_LEAN_AND_MEAN -DL_ENDIAN -D_CRT_SECURE_NO_DEPRECATE -DOPENSSL_USE_APPLINK -I. -DOPENSSL_NO_RC5 -DOPENSSL_NO_MD2 -DOPENSSL_NO_KRB5 -DOPENSSL_NO_JPAKE -DOPENSSL_NO_STATIC_ENGINE /Zi /Fdtmp32dll/lib -D_WINDLL  -DOPENSSL_BUILD_SHLIBCRYPTO -c .\crypto\bio\bss_file.c
bss_file.c
c:\program files (x86)\microsoft sdks\windows\v7.1a\include\sal_supp.h(57) : warning C4005: '__useHeader' : macro redefinition
        C:\Program Files (x86)\Microsoft Visual Studio 12.0\VC\include\sal.h(2886) : see previous definition of '__useHeader'
c:\program files (x86)\microsoft sdks\windows\v7.1a\include\specstrings_supp.h(77) : warning C4005: '__on_failure' : macro redefinition
        C:\Program Files (x86)\Microsoft Visual Studio 12.0\VC\include\sal.h(2896) : see previous definition of '__on_failure'
	cl /Fotmp32dll\bss_sock.obj  -Iinc32 -Itmp32dll /MD /Ox /O2 /Ob2 -DOPENSSL_THREADS  -DDSO_WIN32 -W3 -Gs0 -GF -Gy -nologo -DOPENSSL_SYSNAME_WIN32 -DWIN32_LEAN_AND_MEAN -DL_ENDIAN -D_CRT_SECURE_NO_DEPRECATE -DOPENSSL_USE_APPLINK -I. -DOPENSSL_NO_RC5 -DOPENSSL_NO_MD2 -DOPENSSL_NO_KRB5 -DOPENSSL_NO_JPAKE -DOPENSSL_NO_STATIC_ENGINE /Zi /Fdtmp32dll/lib -D_WINDLL  -DOPENSSL_BUILD_SHLIBCRYPTO -c .\crypto\bio\bss_sock.c
bss_sock.c
c:\program files (x86)\microsoft sdks\windows\v7.1a\include\sal_supp.h(57) : warning C4005: '__useHeader' : macro redefinition
        C:\Program Files (x86)\Microsoft Visual Studio 12.0\VC\include\sal.h(2886) : see previous definition of '__useHeader'
c:\program files (x86)\microsoft sdks\windows\v7.1a\include\specstrings_supp.h(77) : warning C4005: '__on_failure' : macro redefinition
        C:\Program Files (x86)\Microsoft Visual Studio 12.0\VC\include\sal.h(2896) : see previous definition of '__on_failure'
	cl /Fotmp32dll\bss_conn.obj  -Iinc32 -Itmp32dll /MD /Ox /O2 /Ob2 -DOPENSSL_THREADS  -DDSO_WIN32 -W3 -Gs0 -GF -Gy -nologo -DOPENSSL_SYSNAME_WIN32 -DWIN32_LEAN_AND_MEAN -DL_ENDIAN -D_CRT_SECURE_NO_DEPRECATE -DOPENSSL_USE_APPLINK -I. -DOPENSSL_NO_RC5 -DOPENSSL_NO_MD2 -DOPENSSL_NO_KRB5 -DOPENSSL_NO_JPAKE -DOPENSSL_NO_STATIC_ENGINE /Zi /Fdtmp32dll/lib -D_WINDLL  -DOPENSSL_BUILD_SHLIBCRYPTO -c .\crypto\bio\bss_conn.c
bss_conn.c
c:\program files (x86)\microsoft sdks\windows\v7.1a\include\sal_supp.h(57) : warning C4005: '__useHeader' : macro redefinition
        C:\Program Files (x86)\Microsoft Visual Studio 12.0\VC\include\sal.h(2886) : see previous definition of '__useHeader'
c:\program files (x86)\microsoft sdks\windows\v7.1a\include\specstrings_supp.h(77) : warning C4005: '__on_failure' : macro redefinition
        C:\Program Files (x86)\Microsoft Visual Studio 12.0\VC\include\sal.h(2896) : see previous definition of '__on_failure'
	cl /Fotmp32dll\bf_null.obj  -Iinc32 -Itmp32dll /MD /Ox /O2 /Ob2 -DOPENSSL_THREADS  -DDSO_WIN32 -W3 -Gs0 -GF -Gy -nologo -DOPENSSL_SYSNAME_WIN32 -DWIN32_LEAN_AND_MEAN -DL_ENDIAN -D_CRT_SECURE_NO_DEPRECATE -DOPENSSL_USE_APPLINK -I. -DOPENSSL_NO_RC5 -DOPENSSL_NO_MD2 -DOPENSSL_NO_KRB5 -DOPENSSL_NO_JPAKE -DOPENSSL_NO_STATIC_ENGINE /Zi /Fdtmp32dll/lib -D_WINDLL  -DOPENSSL_BUILD_SHLIBCRYPTO -c .\crypto\bio\bf_null.c
bf_null.c
c:\program files (x86)\microsoft sdks\windows\v7.1a\include\sal_supp.h(57) : warning C4005: '__useHeader' : macro redefinition
        C:\Program Files (x86)\Microsoft Visual Studio 12.0\VC\include\sal.h(2886) : see previous definition of '__useHeader'
c:\program files (x86)\microsoft sdks\windows\v7.1a\include\specstrings_supp.h(77) : warning C4005: '__on_failure' : macro redefinition
        C:\Program Files (x86)\Microsoft Visual Studio 12.0\VC\include\sal.h(2896) : see previous definition of '__on_failure'
	cl /Fotmp32dll\bf_buff.obj  -Iinc32 -Itmp32dll /MD /Ox /O2 /Ob2 -DOPENSSL_THREADS  -DDSO_WIN32 -W3 -Gs0 -GF -Gy -nologo -DOPENSSL_SYSNAME_WIN32 -DWIN32_LEAN_AND_MEAN -DL_ENDIAN -D_CRT_SECURE_NO_DEPRECATE -DOPENSSL_USE_APPLINK -I. -DOPENSSL_NO_RC5 -DOPENSSL_NO_MD2 -DOPENSSL_NO_KRB5 -DOPENSSL_NO_JPAKE -DOPENSSL_NO_STATIC_ENGINE /Zi /Fdtmp32dll/lib -D_WINDLL  -DOPENSSL_BUILD_SHLIBCRYPTO -c .\crypto\bio\bf_buff.c
bf_buff.c
c:\program files (x86)\microsoft sdks\windows\v7.1a\include\sal_supp.h(57) : warning C4005: '__useHeader' : macro redefinition
        C:\Program Files (x86)\Microsoft Visual Studio 12.0\VC\include\sal.h(2886) : see previous definition of '__useHeader'
c:\program files (x86)\microsoft sdks\windows\v7.1a\include\specstrings_supp.h(77) : warning C4005: '__on_failure' : macro redefinition
        C:\Program Files (x86)\Microsoft Visual Studio 12.0\VC\include\sal.h(2896) : see previous definition of '__on_failure'
	cl /Fotmp32dll\b_print.obj  -Iinc32 -Itmp32dll /MD /Ox /O2 /Ob2 -DOPENSSL_THREADS  -DDSO_WIN32 -W3 -Gs0 -GF -Gy -nologo -DOPENSSL_SYSNAME_WIN32 -DWIN32_LEAN_AND_MEAN -DL_ENDIAN -D_CRT_SECURE_NO_DEPRECATE -DOPENSSL_USE_APPLINK -I. -DOPENSSL_NO_RC5 -DOPENSSL_NO_MD2 -DOPENSSL_NO_KRB5 -DOPENSSL_NO_JPAKE -DOPENSSL_NO_STATIC_ENGINE /Zi /Fdtmp32dll/lib -D_WINDLL  -DOPENSSL_BUILD_SHLIBCRYPTO -c .\crypto\bio\b_print.c
b_print.c
c:\program files (x86)\microsoft sdks\windows\v7.1a\include\sal_supp.h(57) : warning C4005: '__useHeader' : macro redefinition
        C:\Program Files (x86)\Microsoft Visual Studio 12.0\VC\include\sal.h(2886) : see previous definition of '__useHeader'
c:\program files (x86)\microsoft sdks\windows\v7.1a\include\specstrings_supp.h(77) : warning C4005: '__on_failure' : macro redefinition
        C:\Program Files (x86)\Microsoft Visual Studio 12.0\VC\include\sal.h(2896) : see previous definition of '__on_failure'
	cl /Fotmp32dll\b_dump.obj  -Iinc32 -Itmp32dll /MD /Ox /O2 /Ob2 -DOPENSSL_THREADS  -DDSO_WIN32 -W3 -Gs0 -GF -Gy -nologo -DOPENSSL_SYSNAME_WIN32 -DWIN32_LEAN_AND_MEAN -DL_ENDIAN -D_CRT_SECURE_NO_DEPRECATE -DOPENSSL_USE_APPLINK -I. -DOPENSSL_NO_RC5 -DOPENSSL_NO_MD2 -DOPENSSL_NO_KRB5 -DOPENSSL_NO_JPAKE -DOPENSSL_NO_STATIC_ENGINE /Zi /Fdtmp32dll/lib -D_WINDLL  -DOPENSSL_BUILD_SHLIBCRYPTO -c .\crypto\bio\b_dump.c
b_dump.c
c:\program files (x86)\microsoft sdks\windows\v7.1a\include\sal_supp.h(57) : warning C4005: '__useHeader' : macro redefinition
        C:\Program Files (x86)\Microsoft Visual Studio 12.0\VC\include\sal.h(2886) : see previous definition of '__useHeader'
c:\program files (x86)\microsoft sdks\windows\v7.1a\include\specstrings_supp.h(77) : warning C4005: '__on_failure' : macro redefinition
        C:\Program Files (x86)\Microsoft Visual Studio 12.0\VC\include\sal.h(2896) : see previous definition of '__on_failure'
	cl /Fotmp32dll\b_sock.obj  -Iinc32 -Itmp32dll /MD /Ox /O2 /Ob2 -DOPENSSL_THREADS  -DDSO_WIN32 -W3 -Gs0 -GF -Gy -nologo -DOPENSSL_SYSNAME_WIN32 -DWIN32_LEAN_AND_MEAN -DL_ENDIAN -D_CRT_SECURE_NO_DEPRECATE -DOPENSSL_USE_APPLINK -I. -DOPENSSL_NO_RC5 -DOPENSSL_NO_MD2 -DOPENSSL_NO_KRB5 -DOPENSSL_NO_JPAKE -DOPENSSL_NO_STATIC_ENGINE /Zi /Fdtmp32dll/lib -D_WINDLL  -DOPENSSL_BUILD_SHLIBCRYPTO -c .\crypto\bio\b_sock.c
b_sock.c
c:\program files (x86)\microsoft sdks\windows\v7.1a\include\sal_supp.h(57) : warning C4005: '__useHeader' : macro redefinition
        C:\Program Files (x86)\Microsoft Visual Studio 12.0\VC\include\sal.h(2886) : see previous definition of '__useHeader'
c:\program files (x86)\microsoft sdks\windows\v7.1a\include\specstrings_supp.h(77) : warning C4005: '__on_failure' : macro redefinition
        C:\Program Files (x86)\Microsoft Visual Studio 12.0\VC\include\sal.h(2896) : see previous definition of '__on_failure'
	cl /Fotmp32dll\bss_acpt.obj  -Iinc32 -Itmp32dll /MD /Ox /O2 /Ob2 -DOPENSSL_THREADS  -DDSO_WIN32 -W3 -Gs0 -GF -Gy -nologo -DOPENSSL_SYSNAME_WIN32 -DWIN32_LEAN_AND_MEAN -DL_ENDIAN -D_CRT_SECURE_NO_DEPRECATE -DOPENSSL_USE_APPLINK -I. -DOPENSSL_NO_RC5 -DOPENSSL_NO_MD2 -DOPENSSL_NO_KRB5 -DOPENSSL_NO_JPAKE -DOPENSSL_NO_STATIC_ENGINE /Zi /Fdtmp32dll/lib -D_WINDLL  -DOPENSSL_BUILD_SHLIBCRYPTO -c .\crypto\bio\bss_acpt.c
bss_acpt.c
c:\program files (x86)\microsoft sdks\windows\v7.1a\include\sal_supp.h(57) : warning C4005: '__useHeader' : macro redefinition
        C:\Program Files (x86)\Microsoft Visual Studio 12.0\VC\include\sal.h(2886) : see previous definition of '__useHeader'
c:\program files (x86)\microsoft sdks\windows\v7.1a\include\specstrings_supp.h(77) : warning C4005: '__on_failure' : macro redefinition
        C:\Program Files (x86)\Microsoft Visual Studio 12.0\VC\include\sal.h(2896) : see previous definition of '__on_failure'
	cl /Fotmp32dll\bf_nbio.obj  -Iinc32 -Itmp32dll /MD /Ox /O2 /Ob2 -DOPENSSL_THREADS  -DDSO_WIN32 -W3 -Gs0 -GF -Gy -nologo -DOPENSSL_SYSNAME_WIN32 -DWIN32_LEAN_AND_MEAN -DL_ENDIAN -D_CRT_SECURE_NO_DEPRECATE -DOPENSSL_USE_APPLINK -I. -DOPENSSL_NO_RC5 -DOPENSSL_NO_MD2 -DOPENSSL_NO_KRB5 -DOPENSSL_NO_JPAKE -DOPENSSL_NO_STATIC_ENGINE /Zi /Fdtmp32dll/lib -D_WINDLL  -DOPENSSL_BUILD_SHLIBCRYPTO -c .\crypto\bio\bf_nbio.c
bf_nbio.c
c:\program files (x86)\microsoft sdks\windows\v7.1a\include\sal_supp.h(57) : warning C4005: '__useHeader' : macro redefinition
        C:\Program Files (x86)\Microsoft Visual Studio 12.0\VC\include\sal.h(2886) : see previous definition of '__useHeader'
c:\program files (x86)\microsoft sdks\windows\v7.1a\include\specstrings_supp.h(77) : warning C4005: '__on_failure' : macro redefinition
        C:\Program Files (x86)\Microsoft Visual Studio 12.0\VC\include\sal.h(2896) : see previous definition of '__on_failure'
	cl /Fotmp32dll\bss_log.obj  -Iinc32 -Itmp32dll /MD /Ox /O2 /Ob2 -DOPENSSL_THREADS  -DDSO_WIN32 -W3 -Gs0 -GF -Gy -nologo -DOPENSSL_SYSNAME_WIN32 -DWIN32_LEAN_AND_MEAN -DL_ENDIAN -D_CRT_SECURE_NO_DEPRECATE -DOPENSSL_USE_APPLINK -I. -DOPENSSL_NO_RC5 -DOPENSSL_NO_MD2 -DOPENSSL_NO_KRB5 -DOPENSSL_NO_JPAKE -DOPENSSL_NO_STATIC_ENGINE /Zi /Fdtmp32dll/lib -D_WINDLL  -DOPENSSL_BUILD_SHLIBCRYPTO -c .\crypto\bio\bss_log.c
bss_log.c
c:\program files (x86)\microsoft sdks\windows\v7.1a\include\sal_supp.h(57) : warning C4005: '__useHeader' : macro redefinition
        C:\Program Files (x86)\Microsoft Visual Studio 12.0\VC\include\sal.h(2886) : see previous definition of '__useHeader'
c:\program files (x86)\microsoft sdks\windows\v7.1a\include\specstrings_supp.h(77) : warning C4005: '__on_failure' : macro redefinition
        C:\Program Files (x86)\Microsoft Visual Studio 12.0\VC\include\sal.h(2896) : see previous definition of '__on_failure'
	cl /Fotmp32dll\bss_bio.obj  -Iinc32 -Itmp32dll /MD /Ox /O2 /Ob2 -DOPENSSL_THREADS  -DDSO_WIN32 -W3 -Gs0 -GF -Gy -nologo -DOPENSSL_SYSNAME_WIN32 -DWIN32_LEAN_AND_MEAN -DL_ENDIAN -D_CRT_SECURE_NO_DEPRECATE -DOPENSSL_USE_APPLINK -I. -DOPENSSL_NO_RC5 -DOPENSSL_NO_MD2 -DOPENSSL_NO_KRB5 -DOPENSSL_NO_JPAKE -DOPENSSL_NO_STATIC_ENGINE /Zi /Fdtmp32dll/lib -D_WINDLL  -DOPENSSL_BUILD_SHLIBCRYPTO -c .\crypto\bio\bss_bio.c
bss_bio.c
c:\program files (x86)\microsoft sdks\windows\v7.1a\include\sal_supp.h(57) : warning C4005: '__useHeader' : macro redefinition
        C:\Program Files (x86)\Microsoft Visual Studio 12.0\VC\include\sal.h(2886) : see previous definition of '__useHeader'
c:\program files (x86)\microsoft sdks\windows\v7.1a\include\specstrings_supp.h(77) : warning C4005: '__on_failure' : macro redefinition
        C:\Program Files (x86)\Microsoft Visual Studio 12.0\VC\include\sal.h(2896) : see previous definition of '__on_failure'
	cl /Fotmp32dll\bss_dgram.obj  -Iinc32 -Itmp32dll /MD /Ox /O2 /Ob2 -DOPENSSL_THREADS  -DDSO_WIN32 -W3 -Gs0 -GF -Gy -nologo -DOPENSSL_SYSNAME_WIN32 -DWIN32_LEAN_AND_MEAN -DL_ENDIAN -D_CRT_SECURE_NO_DEPRECATE -DOPENSSL_USE_APPLINK -I. -DOPENSSL_NO_RC5 -DOPENSSL_NO_MD2 -DOPENSSL_NO_KRB5 -DOPENSSL_NO_JPAKE -DOPENSSL_NO_STATIC_ENGINE /Zi /Fdtmp32dll/lib -D_WINDLL  -DOPENSSL_BUILD_SHLIBCRYPTO -c .\crypto\bio\bss_dgram.c
bss_dgram.c
c:\program files (x86)\microsoft sdks\windows\v7.1a\include\sal_supp.h(57) : warning C4005: '__useHeader' : macro redefinition
        C:\Program Files (x86)\Microsoft Visual Studio 12.0\VC\include\sal.h(2886) : see previous definition of '__useHeader'
c:\program files (x86)\microsoft sdks\windows\v7.1a\include\specstrings_supp.h(77) : warning C4005: '__on_failure' : macro redefinition
        C:\Program Files (x86)\Microsoft Visual Studio 12.0\VC\include\sal.h(2896) : see previous definition of '__on_failure'
	cl /Fotmp32dll\stack.obj  -Iinc32 -Itmp32dll /MD /Ox /O2 /Ob2 -DOPENSSL_THREADS  -DDSO_WIN32 -W3 -Gs0 -GF -Gy -nologo -DOPENSSL_SYSNAME_WIN32 -DWIN32_LEAN_AND_MEAN -DL_ENDIAN -D_CRT_SECURE_NO_DEPRECATE -DOPENSSL_USE_APPLINK -I. -DOPENSSL_NO_RC5 -DOPENSSL_NO_MD2 -DOPENSSL_NO_KRB5 -DOPENSSL_NO_JPAKE -DOPENSSL_NO_STATIC_ENGINE /Zi /Fdtmp32dll/lib -D_WINDLL  -DOPENSSL_BUILD_SHLIBCRYPTO -c .\crypto\stack\stack.c
stack.c
c:\program files (x86)\microsoft sdks\windows\v7.1a\include\sal_supp.h(57) : warning C4005: '__useHeader' : macro redefinition
        C:\Program Files (x86)\Microsoft Visual Studio 12.0\VC\include\sal.h(2886) : see previous definition of '__useHeader'
c:\program files (x86)\microsoft sdks\windows\v7.1a\include\specstrings_supp.h(77) : warning C4005: '__on_failure' : macro redefinition
        C:\Program Files (x86)\Microsoft Visual Studio 12.0\VC\include\sal.h(2896) : see previous definition of '__on_failure'
	cl /Fotmp32dll\lhash.obj  -Iinc32 -Itmp32dll /MD /Ox /O2 /Ob2 -DOPENSSL_THREADS  -DDSO_WIN32 -W3 -Gs0 -GF -Gy -nologo -DOPENSSL_SYSNAME_WIN32 -DWIN32_LEAN_AND_MEAN -DL_ENDIAN -D_CRT_SECURE_NO_DEPRECATE -DOPENSSL_USE_APPLINK -I. -DOPENSSL_NO_RC5 -DOPENSSL_NO_MD2 -DOPENSSL_NO_KRB5 -DOPENSSL_NO_JPAKE -DOPENSSL_NO_STATIC_ENGINE /Zi /Fdtmp32dll/lib -D_WINDLL  -DOPENSSL_BUILD_SHLIBCRYPTO -c .\crypto\lhash\lhash.c
lhash.c
	cl /Fotmp32dll\lh_stats.obj  -Iinc32 -Itmp32dll /MD /Ox /O2 /Ob2 -DOPENSSL_THREADS  -DDSO_WIN32 -W3 -Gs0 -GF -Gy -nologo -DOPENSSL_SYSNAME_WIN32 -DWIN32_LEAN_AND_MEAN -DL_ENDIAN -D_CRT_SECURE_NO_DEPRECATE -DOPENSSL_USE_APPLINK -I. -DOPENSSL_NO_RC5 -DOPENSSL_NO_MD2 -DOPENSSL_NO_KRB5 -DOPENSSL_NO_JPAKE -DOPENSSL_NO_STATIC_ENGINE /Zi /Fdtmp32dll/lib -D_WINDLL  -DOPENSSL_BUILD_SHLIBCRYPTO -c .\crypto\lhash\lh_stats.c
lh_stats.c
c:\program files (x86)\microsoft sdks\windows\v7.1a\include\sal_supp.h(57) : warning C4005: '__useHeader' : macro redefinition
        C:\Program Files (x86)\Microsoft Visual Studio 12.0\VC\include\sal.h(2886) : see previous definition of '__useHeader'
c:\program files (x86)\microsoft sdks\windows\v7.1a\include\specstrings_supp.h(77) : warning C4005: '__on_failure' : macro redefinition
        C:\Program Files (x86)\Microsoft Visual Studio 12.0\VC\include\sal.h(2896) : see previous definition of '__on_failure'
	cl /Fotmp32dll\md_rand.obj  -Iinc32 -Itmp32dll /MD /Ox /O2 /Ob2 -DOPENSSL_THREADS  -DDSO_WIN32 -W3 -Gs0 -GF -Gy -nologo -DOPENSSL_SYSNAME_WIN32 -DWIN32_LEAN_AND_MEAN -DL_ENDIAN -D_CRT_SECURE_NO_DEPRECATE -DOPENSSL_USE_APPLINK -I. -DOPENSSL_NO_RC5 -DOPENSSL_NO_MD2 -DOPENSSL_NO_KRB5 -DOPENSSL_NO_JPAKE -DOPENSSL_NO_STATIC_ENGINE /Zi /Fdtmp32dll/lib -D_WINDLL  -DOPENSSL_BUILD_SHLIBCRYPTO -c .\crypto\rand\md_rand.c
md_rand.c
c:\program files (x86)\microsoft sdks\windows\v7.1a\include\sal_supp.h(57) : warning C4005: '__useHeader' : macro redefinition
        C:\Program Files (x86)\Microsoft Visual Studio 12.0\VC\include\sal.h(2886) : see previous definition of '__useHeader'
c:\program files (x86)\microsoft sdks\windows\v7.1a\include\specstrings_supp.h(77) : warning C4005: '__on_failure' : macro redefinition
        C:\Program Files (x86)\Microsoft Visual Studio 12.0\VC\include\sal.h(2896) : see previous definition of '__on_failure'
	cl /Fotmp32dll\randfile.obj  -Iinc32 -Itmp32dll /MD /Ox /O2 /Ob2 -DOPENSSL_THREADS  -DDSO_WIN32 -W3 -Gs0 -GF -Gy -nologo -DOPENSSL_SYSNAME_WIN32 -DWIN32_LEAN_AND_MEAN -DL_ENDIAN -D_CRT_SECURE_NO_DEPRECATE -DOPENSSL_USE_APPLINK -I. -DOPENSSL_NO_RC5 -DOPENSSL_NO_MD2 -DOPENSSL_NO_KRB5 -DOPENSSL_NO_JPAKE -DOPENSSL_NO_STATIC_ENGINE /Zi /Fdtmp32dll/lib -D_WINDLL  -DOPENSSL_BUILD_SHLIBCRYPTO -c .\crypto\rand\randfile.c
randfile.c
c:\program files (x86)\microsoft sdks\windows\v7.1a\include\sal_supp.h(57) : warning C4005: '__useHeader' : macro redefinition
        C:\Program Files (x86)\Microsoft Visual Studio 12.0\VC\include\sal.h(2886) : see previous definition of '__useHeader'
c:\program files (x86)\microsoft sdks\windows\v7.1a\include\specstrings_supp.h(77) : warning C4005: '__on_failure' : macro redefinition
        C:\Program Files (x86)\Microsoft Visual Studio 12.0\VC\include\sal.h(2896) : see previous definition of '__on_failure'
	cl /Fotmp32dll\rand_lib.obj  -Iinc32 -Itmp32dll /MD /Ox /O2 /Ob2 -DOPENSSL_THREADS  -DDSO_WIN32 -W3 -Gs0 -GF -Gy -nologo -DOPENSSL_SYSNAME_WIN32 -DWIN32_LEAN_AND_MEAN -DL_ENDIAN -D_CRT_SECURE_NO_DEPRECATE -DOPENSSL_USE_APPLINK -I. -DOPENSSL_NO_RC5 -DOPENSSL_NO_MD2 -DOPENSSL_NO_KRB5 -DOPENSSL_NO_JPAKE -DOPENSSL_NO_STATIC_ENGINE /Zi /Fdtmp32dll/lib -D_WINDLL  -DOPENSSL_BUILD_SHLIBCRYPTO -c .\crypto\rand\rand_lib.c
rand_lib.c
c:\program files (x86)\microsoft sdks\windows\v7.1a\include\sal_supp.h(57) : warning C4005: '__useHeader' : macro redefinition
        C:\Program Files (x86)\Microsoft Visual Studio 12.0\VC\include\sal.h(2886) : see previous definition of '__useHeader'
c:\program files (x86)\microsoft sdks\windows\v7.1a\include\specstrings_supp.h(77) : warning C4005: '__on_failure' : macro redefinition
        C:\Program Files (x86)\Microsoft Visual Studio 12.0\VC\include\sal.h(2896) : see previous definition of '__on_failure'
	cl /Fotmp32dll\rand_err.obj  -Iinc32 -Itmp32dll /MD /Ox /O2 /Ob2 -DOPENSSL_THREADS  -DDSO_WIN32 -W3 -Gs0 -GF -Gy -nologo -DOPENSSL_SYSNAME_WIN32 -DWIN32_LEAN_AND_MEAN -DL_ENDIAN -D_CRT_SECURE_NO_DEPRECATE -DOPENSSL_USE_APPLINK -I. -DOPENSSL_NO_RC5 -DOPENSSL_NO_MD2 -DOPENSSL_NO_KRB5 -DOPENSSL_NO_JPAKE -DOPENSSL_NO_STATIC_ENGINE /Zi /Fdtmp32dll/lib -D_WINDLL  -DOPENSSL_BUILD_SHLIBCRYPTO -c .\crypto\rand\rand_err.c
rand_err.c
c:\program files (x86)\microsoft sdks\windows\v7.1a\include\sal_supp.h(57) : warning C4005: '__useHeader' : macro redefinition
        C:\Program Files (x86)\Microsoft Visual Studio 12.0\VC\include\sal.h(2886) : see previous definition of '__useHeader'
c:\program files (x86)\microsoft sdks\windows\v7.1a\include\specstrings_supp.h(77) : warning C4005: '__on_failure' : macro redefinition
        C:\Program Files (x86)\Microsoft Visual Studio 12.0\VC\include\sal.h(2896) : see previous definition of '__on_failure'
	cl /Fotmp32dll\rand_egd.obj  -Iinc32 -Itmp32dll /MD /Ox /O2 /Ob2 -DOPENSSL_THREADS  -DDSO_WIN32 -W3 -Gs0 -GF -Gy -nologo -DOPENSSL_SYSNAME_WIN32 -DWIN32_LEAN_AND_MEAN -DL_ENDIAN -D_CRT_SECURE_NO_DEPRECATE -DOPENSSL_USE_APPLINK -I. -DOPENSSL_NO_RC5 -DOPENSSL_NO_MD2 -DOPENSSL_NO_KRB5 -DOPENSSL_NO_JPAKE -DOPENSSL_NO_STATIC_ENGINE /Zi /Fdtmp32dll/lib -D_WINDLL  -DOPENSSL_BUILD_SHLIBCRYPTO -c .\crypto\rand\rand_egd.c
rand_egd.c
c:\program files (x86)\microsoft sdks\windows\v7.1a\include\sal_supp.h(57) : warning C4005: '__useHeader' : macro redefinition
        C:\Program Files (x86)\Microsoft Visual Studio 12.0\VC\include\sal.h(2886) : see previous definition of '__useHeader'
c:\program files (x86)\microsoft sdks\windows\v7.1a\include\specstrings_supp.h(77) : warning C4005: '__on_failure' : macro redefinition
        C:\Program Files (x86)\Microsoft Visual Studio 12.0\VC\include\sal.h(2896) : see previous definition of '__on_failure'
	cl /Fotmp32dll\rand_win.obj  -Iinc32 -Itmp32dll /MD /Ox /O2 /Ob2 -DOPENSSL_THREADS  -DDSO_WIN32 -W3 -Gs0 -GF -Gy -nologo -DOPENSSL_SYSNAME_WIN32 -DWIN32_LEAN_AND_MEAN -DL_ENDIAN -D_CRT_SECURE_NO_DEPRECATE -DOPENSSL_USE_APPLINK -I. -DOPENSSL_NO_RC5 -DOPENSSL_NO_MD2 -DOPENSSL_NO_KRB5 -DOPENSSL_NO_JPAKE -DOPENSSL_NO_STATIC_ENGINE /Zi /Fdtmp32dll/lib -D_WINDLL  -DOPENSSL_BUILD_SHLIBCRYPTO -c .\crypto\rand\rand_win.c
rand_win.c
c:\program files (x86)\microsoft sdks\windows\v7.1a\include\sal_supp.h(57) : warning C4005: '__useHeader' : macro redefinition
        C:\Program Files (x86)\Microsoft Visual Studio 12.0\VC\include\sal.h(2886) : see previous definition of '__useHeader'
c:\program files (x86)\microsoft sdks\windows\v7.1a\include\specstrings_supp.h(77) : warning C4005: '__on_failure' : macro redefinition
        C:\Program Files (x86)\Microsoft Visual Studio 12.0\VC\include\sal.h(2896) : see previous definition of '__on_failure'
	cl /Fotmp32dll\rand_unix.obj  -Iinc32 -Itmp32dll /MD /Ox /O2 /Ob2 -DOPENSSL_THREADS  -DDSO_WIN32 -W3 -Gs0 -GF -Gy -nologo -DOPENSSL_SYSNAME_WIN32 -DWIN32_LEAN_AND_MEAN -DL_ENDIAN -D_CRT_SECURE_NO_DEPRECATE -DOPENSSL_USE_APPLINK -I. -DOPENSSL_NO_RC5 -DOPENSSL_NO_MD2 -DOPENSSL_NO_KRB5 -DOPENSSL_NO_JPAKE -DOPENSSL_NO_STATIC_ENGINE /Zi /Fdtmp32dll/lib -D_WINDLL  -DOPENSSL_BUILD_SHLIBCRYPTO -c .\crypto\rand\rand_unix.c
rand_unix.c
c:\program files (x86)\microsoft sdks\windows\v7.1a\include\sal_supp.h(57) : warning C4005: '__useHeader' : macro redefinition
        C:\Program Files (x86)\Microsoft Visual Studio 12.0\VC\include\sal.h(2886) : see previous definition of '__useHeader'
c:\program files (x86)\microsoft sdks\windows\v7.1a\include\specstrings_supp.h(77) : warning C4005: '__on_failure' : macro redefinition
        C:\Program Files (x86)\Microsoft Visual Studio 12.0\VC\include\sal.h(2896) : see previous definition of '__on_failure'
	cl /Fotmp32dll\rand_os2.obj  -Iinc32 -Itmp32dll /MD /Ox /O2 /Ob2 -DOPENSSL_THREADS  -DDSO_WIN32 -W3 -Gs0 -GF -Gy -nologo -DOPENSSL_SYSNAME_WIN32 -DWIN32_LEAN_AND_MEAN -DL_ENDIAN -D_CRT_SECURE_NO_DEPRECATE -DOPENSSL_USE_APPLINK -I. -DOPENSSL_NO_RC5 -DOPENSSL_NO_MD2 -DOPENSSL_NO_KRB5 -DOPENSSL_NO_JPAKE -DOPENSSL_NO_STATIC_ENGINE /Zi /Fdtmp32dll/lib -D_WINDLL  -DOPENSSL_BUILD_SHLIBCRYPTO -c .\crypto\rand\rand_os2.c
rand_os2.c
c:\program files (x86)\microsoft sdks\windows\v7.1a\include\sal_supp.h(57) : warning C4005: '__useHeader' : macro redefinition
        C:\Program Files (x86)\Microsoft Visual Studio 12.0\VC\include\sal.h(2886) : see previous definition of '__useHeader'
c:\program files (x86)\microsoft sdks\windows\v7.1a\include\specstrings_supp.h(77) : warning C4005: '__on_failure' : macro redefinition
        C:\Program Files (x86)\Microsoft Visual Studio 12.0\VC\include\sal.h(2896) : see previous definition of '__on_failure'
	cl /Fotmp32dll\rand_nw.obj  -Iinc32 -Itmp32dll /MD /Ox /O2 /Ob2 -DOPENSSL_THREADS  -DDSO_WIN32 -W3 -Gs0 -GF -Gy -nologo -DOPENSSL_SYSNAME_WIN32 -DWIN32_LEAN_AND_MEAN -DL_ENDIAN -D_CRT_SECURE_NO_DEPRECATE -DOPENSSL_USE_APPLINK -I. -DOPENSSL_NO_RC5 -DOPENSSL_NO_MD2 -DOPENSSL_NO_KRB5 -DOPENSSL_NO_JPAKE -DOPENSSL_NO_STATIC_ENGINE /Zi /Fdtmp32dll/lib -D_WINDLL  -DOPENSSL_BUILD_SHLIBCRYPTO -c .\crypto\rand\rand_nw.c
rand_nw.c
c:\program files (x86)\microsoft sdks\windows\v7.1a\include\sal_supp.h(57) : warning C4005: '__useHeader' : macro redefinition
        C:\Program Files (x86)\Microsoft Visual Studio 12.0\VC\include\sal.h(2886) : see previous definition of '__useHeader'
c:\program files (x86)\microsoft sdks\windows\v7.1a\include\specstrings_supp.h(77) : warning C4005: '__on_failure' : macro redefinition
        C:\Program Files (x86)\Microsoft Visual Studio 12.0\VC\include\sal.h(2896) : see previous definition of '__on_failure'
	cl /Fotmp32dll\err.obj  -Iinc32 -Itmp32dll /MD /Ox /O2 /Ob2 -DOPENSSL_THREADS  -DDSO_WIN32 -W3 -Gs0 -GF -Gy -nologo -DOPENSSL_SYSNAME_WIN32 -DWIN32_LEAN_AND_MEAN -DL_ENDIAN -D_CRT_SECURE_NO_DEPRECATE -DOPENSSL_USE_APPLINK -I. -DOPENSSL_NO_RC5 -DOPENSSL_NO_MD2 -DOPENSSL_NO_KRB5 -DOPENSSL_NO_JPAKE -DOPENSSL_NO_STATIC_ENGINE /Zi /Fdtmp32dll/lib -D_WINDLL  -DOPENSSL_BUILD_SHLIBCRYPTO -c .\crypto\err\err.c
err.c
c:\program files (x86)\microsoft sdks\windows\v7.1a\include\sal_supp.h(57) : warning C4005: '__useHeader' : macro redefinition
        C:\Program Files (x86)\Microsoft Visual Studio 12.0\VC\include\sal.h(2886) : see previous definition of '__useHeader'
c:\program files (x86)\microsoft sdks\windows\v7.1a\include\specstrings_supp.h(77) : warning C4005: '__on_failure' : macro redefinition
        C:\Program Files (x86)\Microsoft Visual Studio 12.0\VC\include\sal.h(2896) : see previous definition of '__on_failure'
	cl /Fotmp32dll\err_all.obj  -Iinc32 -Itmp32dll /MD /Ox /O2 /Ob2 -DOPENSSL_THREADS  -DDSO_WIN32 -W3 -Gs0 -GF -Gy -nologo -DOPENSSL_SYSNAME_WIN32 -DWIN32_LEAN_AND_MEAN -DL_ENDIAN -D_CRT_SECURE_NO_DEPRECATE -DOPENSSL_USE_APPLINK -I. -DOPENSSL_NO_RC5 -DOPENSSL_NO_MD2 -DOPENSSL_NO_KRB5 -DOPENSSL_NO_JPAKE -DOPENSSL_NO_STATIC_ENGINE /Zi /Fdtmp32dll/lib -D_WINDLL  -DOPENSSL_BUILD_SHLIBCRYPTO -c .\crypto\err\err_all.c
err_all.c
c:\program files (x86)\microsoft sdks\windows\v7.1a\include\sal_supp.h(57) : warning C4005: '__useHeader' : macro redefinition
        C:\Program Files (x86)\Microsoft Visual Studio 12.0\VC\include\sal.h(2886) : see previous definition of '__useHeader'
c:\program files (x86)\microsoft sdks\windows\v7.1a\include\specstrings_supp.h(77) : warning C4005: '__on_failure' : macro redefinition
        C:\Program Files (x86)\Microsoft Visual Studio 12.0\VC\include\sal.h(2896) : see previous definition of '__on_failure'
	cl /Fotmp32dll\err_prn.obj  -Iinc32 -Itmp32dll /MD /Ox /O2 /Ob2 -DOPENSSL_THREADS  -DDSO_WIN32 -W3 -Gs0 -GF -Gy -nologo -DOPENSSL_SYSNAME_WIN32 -DWIN32_LEAN_AND_MEAN -DL_ENDIAN -D_CRT_SECURE_NO_DEPRECATE -DOPENSSL_USE_APPLINK -I. -DOPENSSL_NO_RC5 -DOPENSSL_NO_MD2 -DOPENSSL_NO_KRB5 -DOPENSSL_NO_JPAKE -DOPENSSL_NO_STATIC_ENGINE /Zi /Fdtmp32dll/lib -D_WINDLL  -DOPENSSL_BUILD_SHLIBCRYPTO -c .\crypto\err\err_prn.c
err_prn.c
c:\program files (x86)\microsoft sdks\windows\v7.1a\include\sal_supp.h(57) : warning C4005: '__useHeader' : macro redefinition
        C:\Program Files (x86)\Microsoft Visual Studio 12.0\VC\include\sal.h(2886) : see previous definition of '__useHeader'
c:\program files (x86)\microsoft sdks\windows\v7.1a\include\specstrings_supp.h(77) : warning C4005: '__on_failure' : macro redefinition
        C:\Program Files (x86)\Microsoft Visual Studio 12.0\VC\include\sal.h(2896) : see previous definition of '__on_failure'
	cl /Fotmp32dll\o_names.obj  -Iinc32 -Itmp32dll /MD /Ox /O2 /Ob2 -DOPENSSL_THREADS  -DDSO_WIN32 -W3 -Gs0 -GF -Gy -nologo -DOPENSSL_SYSNAME_WIN32 -DWIN32_LEAN_AND_MEAN -DL_ENDIAN -D_CRT_SECURE_NO_DEPRECATE -DOPENSSL_USE_APPLINK -I. -DOPENSSL_NO_RC5 -DOPENSSL_NO_MD2 -DOPENSSL_NO_KRB5 -DOPENSSL_NO_JPAKE -DOPENSSL_NO_STATIC_ENGINE /Zi /Fdtmp32dll/lib -D_WINDLL  -DOPENSSL_BUILD_SHLIBCRYPTO -c .\crypto\objects\o_names.c
o_names.c
	cl /Fotmp32dll\obj_dat.obj  -Iinc32 -Itmp32dll /MD /Ox /O2 /Ob2 -DOPENSSL_THREADS  -DDSO_WIN32 -W3 -Gs0 -GF -Gy -nologo -DOPENSSL_SYSNAME_WIN32 -DWIN32_LEAN_AND_MEAN -DL_ENDIAN -D_CRT_SECURE_NO_DEPRECATE -DOPENSSL_USE_APPLINK -I. -DOPENSSL_NO_RC5 -DOPENSSL_NO_MD2 -DOPENSSL_NO_KRB5 -DOPENSSL_NO_JPAKE -DOPENSSL_NO_STATIC_ENGINE /Zi /Fdtmp32dll/lib -D_WINDLL  -DOPENSSL_BUILD_SHLIBCRYPTO -c .\crypto\objects\obj_dat.c
obj_dat.c
c:\program files (x86)\microsoft sdks\windows\v7.1a\include\sal_supp.h(57) : warning C4005: '__useHeader' : macro redefinition
        C:\Program Files (x86)\Microsoft Visual Studio 12.0\VC\include\sal.h(2886) : see previous definition of '__useHeader'
c:\program files (x86)\microsoft sdks\windows\v7.1a\include\specstrings_supp.h(77) : warning C4005: '__on_failure' : macro redefinition
        C:\Program Files (x86)\Microsoft Visual Studio 12.0\VC\include\sal.h(2896) : see previous definition of '__on_failure'
	cl /Fotmp32dll\obj_lib.obj  -Iinc32 -Itmp32dll /MD /Ox /O2 /Ob2 -DOPENSSL_THREADS  -DDSO_WIN32 -W3 -Gs0 -GF -Gy -nologo -DOPENSSL_SYSNAME_WIN32 -DWIN32_LEAN_AND_MEAN -DL_ENDIAN -D_CRT_SECURE_NO_DEPRECATE -DOPENSSL_USE_APPLINK -I. -DOPENSSL_NO_RC5 -DOPENSSL_NO_MD2 -DOPENSSL_NO_KRB5 -DOPENSSL_NO_JPAKE -DOPENSSL_NO_STATIC_ENGINE /Zi /Fdtmp32dll/lib -D_WINDLL  -DOPENSSL_BUILD_SHLIBCRYPTO -c .\crypto\objects\obj_lib.c
obj_lib.c
c:\program files (x86)\microsoft sdks\windows\v7.1a\include\sal_supp.h(57) : warning C4005: '__useHeader' : macro redefinition
        C:\Program Files (x86)\Microsoft Visual Studio 12.0\VC\include\sal.h(2886) : see previous definition of '__useHeader'
c:\program files (x86)\microsoft sdks\windows\v7.1a\include\specstrings_supp.h(77) : warning C4005: '__on_failure' : macro redefinition
        C:\Program Files (x86)\Microsoft Visual Studio 12.0\VC\include\sal.h(2896) : see previous definition of '__on_failure'
	cl /Fotmp32dll\obj_err.obj  -Iinc32 -Itmp32dll /MD /Ox /O2 /Ob2 -DOPENSSL_THREADS  -DDSO_WIN32 -W3 -Gs0 -GF -Gy -nologo -DOPENSSL_SYSNAME_WIN32 -DWIN32_LEAN_AND_MEAN -DL_ENDIAN -D_CRT_SECURE_NO_DEPRECATE -DOPENSSL_USE_APPLINK -I. -DOPENSSL_NO_RC5 -DOPENSSL_NO_MD2 -DOPENSSL_NO_KRB5 -DOPENSSL_NO_JPAKE -DOPENSSL_NO_STATIC_ENGINE /Zi /Fdtmp32dll/lib -D_WINDLL  -DOPENSSL_BUILD_SHLIBCRYPTO -c .\crypto\objects\obj_err.c
obj_err.c
	cl /Fotmp32dll\obj_xref.obj  -Iinc32 -Itmp32dll /MD /Ox /O2 /Ob2 -DOPENSSL_THREADS  -DDSO_WIN32 -W3 -Gs0 -GF -Gy -nologo -DOPENSSL_SYSNAME_WIN32 -DWIN32_LEAN_AND_MEAN -DL_ENDIAN -D_CRT_SECURE_NO_DEPRECATE -DOPENSSL_USE_APPLINK -I. -DOPENSSL_NO_RC5 -DOPENSSL_NO_MD2 -DOPENSSL_NO_KRB5 -DOPENSSL_NO_JPAKE -DOPENSSL_NO_STATIC_ENGINE /Zi /Fdtmp32dll/lib -D_WINDLL  -DOPENSSL_BUILD_SHLIBCRYPTO -c .\crypto\objects\obj_xref.c
obj_xref.c
	cl /Fotmp32dll\encode.obj  -Iinc32 -Itmp32dll /MD /Ox /O2 /Ob2 -DOPENSSL_THREADS  -DDSO_WIN32 -W3 -Gs0 -GF -Gy -nologo -DOPENSSL_SYSNAME_WIN32 -DWIN32_LEAN_AND_MEAN -DL_ENDIAN -D_CRT_SECURE_NO_DEPRECATE -DOPENSSL_USE_APPLINK -I. -DOPENSSL_NO_RC5 -DOPENSSL_NO_MD2 -DOPENSSL_NO_KRB5 -DOPENSSL_NO_JPAKE -DOPENSSL_NO_STATIC_ENGINE /Zi /Fdtmp32dll/lib -D_WINDLL  -DOPENSSL_BUILD_SHLIBCRYPTO -c .\crypto\evp\encode.c
encode.c
c:\program files (x86)\microsoft sdks\windows\v7.1a\include\sal_supp.h(57) : warning C4005: '__useHeader' : macro redefinition
        C:\Program Files (x86)\Microsoft Visual Studio 12.0\VC\include\sal.h(2886) : see previous definition of '__useHeader'
c:\program files (x86)\microsoft sdks\windows\v7.1a\include\specstrings_supp.h(77) : warning C4005: '__on_failure' : macro redefinition
        C:\Program Files (x86)\Microsoft Visual Studio 12.0\VC\include\sal.h(2896) : see previous definition of '__on_failure'
	cl /Fotmp32dll\digest.obj  -Iinc32 -Itmp32dll /MD /Ox /O2 /Ob2 -DOPENSSL_THREADS  -DDSO_WIN32 -W3 -Gs0 -GF -Gy -nologo -DOPENSSL_SYSNAME_WIN32 -DWIN32_LEAN_AND_MEAN -DL_ENDIAN -D_CRT_SECURE_NO_DEPRECATE -DOPENSSL_USE_APPLINK -I. -DOPENSSL_NO_RC5 -DOPENSSL_NO_MD2 -DOPENSSL_NO_KRB5 -DOPENSSL_NO_JPAKE -DOPENSSL_NO_STATIC_ENGINE /Zi /Fdtmp32dll/lib -D_WINDLL  -DOPENSSL_BUILD_SHLIBCRYPTO -c .\crypto\evp\digest.c
digest.c
c:\program files (x86)\microsoft sdks\windows\v7.1a\include\sal_supp.h(57) : warning C4005: '__useHeader' : macro redefinition
        C:\Program Files (x86)\Microsoft Visual Studio 12.0\VC\include\sal.h(2886) : see previous definition of '__useHeader'
c:\program files (x86)\microsoft sdks\windows\v7.1a\include\specstrings_supp.h(77) : warning C4005: '__on_failure' : macro redefinition
        C:\Program Files (x86)\Microsoft Visual Studio 12.0\VC\include\sal.h(2896) : see previous definition of '__on_failure'
	cl /Fotmp32dll\evp_enc.obj  -Iinc32 -Itmp32dll /MD /Ox /O2 /Ob2 -DOPENSSL_THREADS  -DDSO_WIN32 -W3 -Gs0 -GF -Gy -nologo -DOPENSSL_SYSNAME_WIN32 -DWIN32_LEAN_AND_MEAN -DL_ENDIAN -D_CRT_SECURE_NO_DEPRECATE -DOPENSSL_USE_APPLINK -I. -DOPENSSL_NO_RC5 -DOPENSSL_NO_MD2 -DOPENSSL_NO_KRB5 -DOPENSSL_NO_JPAKE -DOPENSSL_NO_STATIC_ENGINE /Zi /Fdtmp32dll/lib -D_WINDLL  -DOPENSSL_BUILD_SHLIBCRYPTO -c .\crypto\evp\evp_enc.c
evp_enc.c
c:\program files (x86)\microsoft sdks\windows\v7.1a\include\sal_supp.h(57) : warning C4005: '__useHeader' : macro redefinition
        C:\Program Files (x86)\Microsoft Visual Studio 12.0\VC\include\sal.h(2886) : see previous definition of '__useHeader'
c:\program files (x86)\microsoft sdks\windows\v7.1a\include\specstrings_supp.h(77) : warning C4005: '__on_failure' : macro redefinition
        C:\Program Files (x86)\Microsoft Visual Studio 12.0\VC\include\sal.h(2896) : see previous definition of '__on_failure'
	cl /Fotmp32dll\evp_key.obj  -Iinc32 -Itmp32dll /MD /Ox /O2 /Ob2 -DOPENSSL_THREADS  -DDSO_WIN32 -W3 -Gs0 -GF -Gy -nologo -DOPENSSL_SYSNAME_WIN32 -DWIN32_LEAN_AND_MEAN -DL_ENDIAN -D_CRT_SECURE_NO_DEPRECATE -DOPENSSL_USE_APPLINK -I. -DOPENSSL_NO_RC5 -DOPENSSL_NO_MD2 -DOPENSSL_NO_KRB5 -DOPENSSL_NO_JPAKE -DOPENSSL_NO_STATIC_ENGINE /Zi /Fdtmp32dll/lib -D_WINDLL  -DOPENSSL_BUILD_SHLIBCRYPTO -c .\crypto\evp\evp_key.c
evp_key.c
c:\program files (x86)\microsoft sdks\windows\v7.1a\include\sal_supp.h(57) : warning C4005: '__useHeader' : macro redefinition
        C:\Program Files (x86)\Microsoft Visual Studio 12.0\VC\include\sal.h(2886) : see previous definition of '__useHeader'
c:\program files (x86)\microsoft sdks\windows\v7.1a\include\specstrings_supp.h(77) : warning C4005: '__on_failure' : macro redefinition
        C:\Program Files (x86)\Microsoft Visual Studio 12.0\VC\include\sal.h(2896) : see previous definition of '__on_failure'
	cl /Fotmp32dll\evp_acnf.obj  -Iinc32 -Itmp32dll /MD /Ox /O2 /Ob2 -DOPENSSL_THREADS  -DDSO_WIN32 -W3 -Gs0 -GF -Gy -nologo -DOPENSSL_SYSNAME_WIN32 -DWIN32_LEAN_AND_MEAN -DL_ENDIAN -D_CRT_SECURE_NO_DEPRECATE -DOPENSSL_USE_APPLINK -I. -DOPENSSL_NO_RC5 -DOPENSSL_NO_MD2 -DOPENSSL_NO_KRB5 -DOPENSSL_NO_JPAKE -DOPENSSL_NO_STATIC_ENGINE /Zi /Fdtmp32dll/lib -D_WINDLL  -DOPENSSL_BUILD_SHLIBCRYPTO -c .\crypto\evp\evp_acnf.c
evp_acnf.c
c:\program files (x86)\microsoft sdks\windows\v7.1a\include\sal_supp.h(57) : warning C4005: '__useHeader' : macro redefinition
        C:\Program Files (x86)\Microsoft Visual Studio 12.0\VC\include\sal.h(2886) : see previous definition of '__useHeader'
c:\program files (x86)\microsoft sdks\windows\v7.1a\include\specstrings_supp.h(77) : warning C4005: '__on_failure' : macro redefinition
        C:\Program Files (x86)\Microsoft Visual Studio 12.0\VC\include\sal.h(2896) : see previous definition of '__on_failure'
	cl /Fotmp32dll\evp_cnf.obj  -Iinc32 -Itmp32dll /MD /Ox /O2 /Ob2 -DOPENSSL_THREADS  -DDSO_WIN32 -W3 -Gs0 -GF -Gy -nologo -DOPENSSL_SYSNAME_WIN32 -DWIN32_LEAN_AND_MEAN -DL_ENDIAN -D_CRT_SECURE_NO_DEPRECATE -DOPENSSL_USE_APPLINK -I. -DOPENSSL_NO_RC5 -DOPENSSL_NO_MD2 -DOPENSSL_NO_KRB5 -DOPENSSL_NO_JPAKE -DOPENSSL_NO_STATIC_ENGINE /Zi /Fdtmp32dll/lib -D_WINDLL  -DOPENSSL_BUILD_SHLIBCRYPTO -c .\crypto\evp\evp_cnf.c
evp_cnf.c
c:\program files (x86)\microsoft sdks\windows\v7.1a\include\sal_supp.h(57) : warning C4005: '__useHeader' : macro redefinition
        C:\Program Files (x86)\Microsoft Visual Studio 12.0\VC\include\sal.h(2886) : see previous definition of '__useHeader'
c:\program files (x86)\microsoft sdks\windows\v7.1a\include\specstrings_supp.h(77) : warning C4005: '__on_failure' : macro redefinition
        C:\Program Files (x86)\Microsoft Visual Studio 12.0\VC\include\sal.h(2896) : see previous definition of '__on_failure'
	cl /Fotmp32dll\e_des.obj  -Iinc32 -Itmp32dll /MD /Ox /O2 /Ob2 -DOPENSSL_THREADS  -DDSO_WIN32 -W3 -Gs0 -GF -Gy -nologo -DOPENSSL_SYSNAME_WIN32 -DWIN32_LEAN_AND_MEAN -DL_ENDIAN -D_CRT_SECURE_NO_DEPRECATE -DOPENSSL_USE_APPLINK -I. -DOPENSSL_NO_RC5 -DOPENSSL_NO_MD2 -DOPENSSL_NO_KRB5 -DOPENSSL_NO_JPAKE -DOPENSSL_NO_STATIC_ENGINE /Zi /Fdtmp32dll/lib -D_WINDLL  -DOPENSSL_BUILD_SHLIBCRYPTO -c .\crypto\evp\e_des.c
e_des.c
c:\program files (x86)\microsoft sdks\windows\v7.1a\include\sal_supp.h(57) : warning C4005: '__useHeader' : macro redefinition
        C:\Program Files (x86)\Microsoft Visual Studio 12.0\VC\include\sal.h(2886) : see previous definition of '__useHeader'
c:\program files (x86)\microsoft sdks\windows\v7.1a\include\specstrings_supp.h(77) : warning C4005: '__on_failure' : macro redefinition
        C:\Program Files (x86)\Microsoft Visual Studio 12.0\VC\include\sal.h(2896) : see previous definition of '__on_failure'
	cl /Fotmp32dll\e_bf.obj  -Iinc32 -Itmp32dll /MD /Ox /O2 /Ob2 -DOPENSSL_THREADS  -DDSO_WIN32 -W3 -Gs0 -GF -Gy -nologo -DOPENSSL_SYSNAME_WIN32 -DWIN32_LEAN_AND_MEAN -DL_ENDIAN -D_CRT_SECURE_NO_DEPRECATE -DOPENSSL_USE_APPLINK -I. -DOPENSSL_NO_RC5 -DOPENSSL_NO_MD2 -DOPENSSL_NO_KRB5 -DOPENSSL_NO_JPAKE -DOPENSSL_NO_STATIC_ENGINE /Zi /Fdtmp32dll/lib -D_WINDLL  -DOPENSSL_BUILD_SHLIBCRYPTO -c .\crypto\evp\e_bf.c
e_bf.c
c:\program files (x86)\microsoft sdks\windows\v7.1a\include\sal_supp.h(57) : warning C4005: '__useHeader' : macro redefinition
        C:\Program Files (x86)\Microsoft Visual Studio 12.0\VC\include\sal.h(2886) : see previous definition of '__useHeader'
c:\program files (x86)\microsoft sdks\windows\v7.1a\include\specstrings_supp.h(77) : warning C4005: '__on_failure' : macro redefinition
        C:\Program Files (x86)\Microsoft Visual Studio 12.0\VC\include\sal.h(2896) : see previous definition of '__on_failure'
	cl /Fotmp32dll\e_idea.obj  -Iinc32 -Itmp32dll /MD /Ox /O2 /Ob2 -DOPENSSL_THREADS  -DDSO_WIN32 -W3 -Gs0 -GF -Gy -nologo -DOPENSSL_SYSNAME_WIN32 -DWIN32_LEAN_AND_MEAN -DL_ENDIAN -D_CRT_SECURE_NO_DEPRECATE -DOPENSSL_USE_APPLINK -I. -DOPENSSL_NO_RC5 -DOPENSSL_NO_MD2 -DOPENSSL_NO_KRB5 -DOPENSSL_NO_JPAKE -DOPENSSL_NO_STATIC_ENGINE /Zi /Fdtmp32dll/lib -D_WINDLL  -DOPENSSL_BUILD_SHLIBCRYPTO -c .\crypto\evp\e_idea.c
e_idea.c
c:\program files (x86)\microsoft sdks\windows\v7.1a\include\sal_supp.h(57) : warning C4005: '__useHeader' : macro redefinition
        C:\Program Files (x86)\Microsoft Visual Studio 12.0\VC\include\sal.h(2886) : see previous definition of '__useHeader'
c:\program files (x86)\microsoft sdks\windows\v7.1a\include\specstrings_supp.h(77) : warning C4005: '__on_failure' : macro redefinition
        C:\Program Files (x86)\Microsoft Visual Studio 12.0\VC\include\sal.h(2896) : see previous definition of '__on_failure'
	cl /Fotmp32dll\e_des3.obj  -Iinc32 -Itmp32dll /MD /Ox /O2 /Ob2 -DOPENSSL_THREADS  -DDSO_WIN32 -W3 -Gs0 -GF -Gy -nologo -DOPENSSL_SYSNAME_WIN32 -DWIN32_LEAN_AND_MEAN -DL_ENDIAN -D_CRT_SECURE_NO_DEPRECATE -DOPENSSL_USE_APPLINK -I. -DOPENSSL_NO_RC5 -DOPENSSL_NO_MD2 -DOPENSSL_NO_KRB5 -DOPENSSL_NO_JPAKE -DOPENSSL_NO_STATIC_ENGINE /Zi /Fdtmp32dll/lib -D_WINDLL  -DOPENSSL_BUILD_SHLIBCRYPTO -c .\crypto\evp\e_des3.c
e_des3.c
c:\program files (x86)\microsoft sdks\windows\v7.1a\include\sal_supp.h(57) : warning C4005: '__useHeader' : macro redefinition
        C:\Program Files (x86)\Microsoft Visual Studio 12.0\VC\include\sal.h(2886) : see previous definition of '__useHeader'
c:\program files (x86)\microsoft sdks\windows\v7.1a\include\specstrings_supp.h(77) : warning C4005: '__on_failure' : macro redefinition
        C:\Program Files (x86)\Microsoft Visual Studio 12.0\VC\include\sal.h(2896) : see previous definition of '__on_failure'
	cl /Fotmp32dll\e_camellia.obj  -Iinc32 -Itmp32dll /MD /Ox /O2 /Ob2 -DOPENSSL_THREADS  -DDSO_WIN32 -W3 -Gs0 -GF -Gy -nologo -DOPENSSL_SYSNAME_WIN32 -DWIN32_LEAN_AND_MEAN -DL_ENDIAN -D_CRT_SECURE_NO_DEPRECATE -DOPENSSL_USE_APPLINK -I. -DOPENSSL_NO_RC5 -DOPENSSL_NO_MD2 -DOPENSSL_NO_KRB5 -DOPENSSL_NO_JPAKE -DOPENSSL_NO_STATIC_ENGINE /Zi /Fdtmp32dll/lib -D_WINDLL  -DOPENSSL_BUILD_SHLIBCRYPTO -c .\crypto\evp\e_camellia.c
e_camellia.c
	cl /Fotmp32dll\e_rc4.obj  -Iinc32 -Itmp32dll /MD /Ox /O2 /Ob2 -DOPENSSL_THREADS  -DDSO_WIN32 -W3 -Gs0 -GF -Gy -nologo -DOPENSSL_SYSNAME_WIN32 -DWIN32_LEAN_AND_MEAN -DL_ENDIAN -D_CRT_SECURE_NO_DEPRECATE -DOPENSSL_USE_APPLINK -I. -DOPENSSL_NO_RC5 -DOPENSSL_NO_MD2 -DOPENSSL_NO_KRB5 -DOPENSSL_NO_JPAKE -DOPENSSL_NO_STATIC_ENGINE /Zi /Fdtmp32dll/lib -D_WINDLL  -DOPENSSL_BUILD_SHLIBCRYPTO -c .\crypto\evp\e_rc4.c
e_rc4.c
c:\program files (x86)\microsoft sdks\windows\v7.1a\include\sal_supp.h(57) : warning C4005: '__useHeader' : macro redefinition
        C:\Program Files (x86)\Microsoft Visual Studio 12.0\VC\include\sal.h(2886) : see previous definition of '__useHeader'
c:\program files (x86)\microsoft sdks\windows\v7.1a\include\specstrings_supp.h(77) : warning C4005: '__on_failure' : macro redefinition
        C:\Program Files (x86)\Microsoft Visual Studio 12.0\VC\include\sal.h(2896) : see previous definition of '__on_failure'
	cl /Fotmp32dll\e_aes.obj  -Iinc32 -Itmp32dll /MD /Ox /O2 /Ob2 -DOPENSSL_THREADS  -DDSO_WIN32 -W3 -Gs0 -GF -Gy -nologo -DOPENSSL_SYSNAME_WIN32 -DWIN32_LEAN_AND_MEAN -DL_ENDIAN -D_CRT_SECURE_NO_DEPRECATE -DOPENSSL_USE_APPLINK -I. -DOPENSSL_NO_RC5 -DOPENSSL_NO_MD2 -DOPENSSL_NO_KRB5 -DOPENSSL_NO_JPAKE -DOPENSSL_NO_STATIC_ENGINE /Zi /Fdtmp32dll/lib -D_WINDLL  -DOPENSSL_BUILD_SHLIBCRYPTO -c .\crypto\evp\e_aes.c
e_aes.c
c:\program files (x86)\microsoft sdks\windows\v7.1a\include\sal_supp.h(57) : warning C4005: '__useHeader' : macro redefinition
        C:\Program Files (x86)\Microsoft Visual Studio 12.0\VC\include\sal.h(2886) : see previous definition of '__useHeader'
c:\program files (x86)\microsoft sdks\windows\v7.1a\include\specstrings_supp.h(77) : warning C4005: '__on_failure' : macro redefinition
        C:\Program Files (x86)\Microsoft Visual Studio 12.0\VC\include\sal.h(2896) : see previous definition of '__on_failure'
	cl /Fotmp32dll\names.obj  -Iinc32 -Itmp32dll /MD /Ox /O2 /Ob2 -DOPENSSL_THREADS  -DDSO_WIN32 -W3 -Gs0 -GF -Gy -nologo -DOPENSSL_SYSNAME_WIN32 -DWIN32_LEAN_AND_MEAN -DL_ENDIAN -D_CRT_SECURE_NO_DEPRECATE -DOPENSSL_USE_APPLINK -I. -DOPENSSL_NO_RC5 -DOPENSSL_NO_MD2 -DOPENSSL_NO_KRB5 -DOPENSSL_NO_JPAKE -DOPENSSL_NO_STATIC_ENGINE /Zi /Fdtmp32dll/lib -D_WINDLL  -DOPENSSL_BUILD_SHLIBCRYPTO -c .\crypto\evp\names.c
names.c
c:\program files (x86)\microsoft sdks\windows\v7.1a\include\sal_supp.h(57) : warning C4005: '__useHeader' : macro redefinition
        C:\Program Files (x86)\Microsoft Visual Studio 12.0\VC\include\sal.h(2886) : see previous definition of '__useHeader'
c:\program files (x86)\microsoft sdks\windows\v7.1a\include\specstrings_supp.h(77) : warning C4005: '__on_failure' : macro redefinition
        C:\Program Files (x86)\Microsoft Visual Studio 12.0\VC\include\sal.h(2896) : see previous definition of '__on_failure'
	cl /Fotmp32dll\e_seed.obj  -Iinc32 -Itmp32dll /MD /Ox /O2 /Ob2 -DOPENSSL_THREADS  -DDSO_WIN32 -W3 -Gs0 -GF -Gy -nologo -DOPENSSL_SYSNAME_WIN32 -DWIN32_LEAN_AND_MEAN -DL_ENDIAN -D_CRT_SECURE_NO_DEPRECATE -DOPENSSL_USE_APPLINK -I. -DOPENSSL_NO_RC5 -DOPENSSL_NO_MD2 -DOPENSSL_NO_KRB5 -DOPENSSL_NO_JPAKE -DOPENSSL_NO_STATIC_ENGINE /Zi /Fdtmp32dll/lib -D_WINDLL  -DOPENSSL_BUILD_SHLIBCRYPTO -c .\crypto\evp\e_seed.c
e_seed.c
	cl /Fotmp32dll\e_xcbc_d.obj  -Iinc32 -Itmp32dll /MD /Ox /O2 /Ob2 -DOPENSSL_THREADS  -DDSO_WIN32 -W3 -Gs0 -GF -Gy -nologo -DOPENSSL_SYSNAME_WIN32 -DWIN32_LEAN_AND_MEAN -DL_ENDIAN -D_CRT_SECURE_NO_DEPRECATE -DOPENSSL_USE_APPLINK -I. -DOPENSSL_NO_RC5 -DOPENSSL_NO_MD2 -DOPENSSL_NO_KRB5 -DOPENSSL_NO_JPAKE -DOPENSSL_NO_STATIC_ENGINE /Zi /Fdtmp32dll/lib -D_WINDLL  -DOPENSSL_BUILD_SHLIBCRYPTO -c .\crypto\evp\e_xcbc_d.c
e_xcbc_d.c
c:\program files (x86)\microsoft sdks\windows\v7.1a\include\sal_supp.h(57) : warning C4005: '__useHeader' : macro redefinition
        C:\Program Files (x86)\Microsoft Visual Studio 12.0\VC\include\sal.h(2886) : see previous definition of '__useHeader'
c:\program files (x86)\microsoft sdks\windows\v7.1a\include\specstrings_supp.h(77) : warning C4005: '__on_failure' : macro redefinition
        C:\Program Files (x86)\Microsoft Visual Studio 12.0\VC\include\sal.h(2896) : see previous definition of '__on_failure'
	cl /Fotmp32dll\e_rc2.obj  -Iinc32 -Itmp32dll /MD /Ox /O2 /Ob2 -DOPENSSL_THREADS  -DDSO_WIN32 -W3 -Gs0 -GF -Gy -nologo -DOPENSSL_SYSNAME_WIN32 -DWIN32_LEAN_AND_MEAN -DL_ENDIAN -D_CRT_SECURE_NO_DEPRECATE -DOPENSSL_USE_APPLINK -I. -DOPENSSL_NO_RC5 -DOPENSSL_NO_MD2 -DOPENSSL_NO_KRB5 -DOPENSSL_NO_JPAKE -DOPENSSL_NO_STATIC_ENGINE /Zi /Fdtmp32dll/lib -D_WINDLL  -DOPENSSL_BUILD_SHLIBCRYPTO -c .\crypto\evp\e_rc2.c
e_rc2.c
c:\program files (x86)\microsoft sdks\windows\v7.1a\include\sal_supp.h(57) : warning C4005: '__useHeader' : macro redefinition
        C:\Program Files (x86)\Microsoft Visual Studio 12.0\VC\include\sal.h(2886) : see previous definition of '__useHeader'
c:\program files (x86)\microsoft sdks\windows\v7.1a\include\specstrings_supp.h(77) : warning C4005: '__on_failure' : macro redefinition
        C:\Program Files (x86)\Microsoft Visual Studio 12.0\VC\include\sal.h(2896) : see previous definition of '__on_failure'
	cl /Fotmp32dll\e_cast.obj  -Iinc32 -Itmp32dll /MD /Ox /O2 /Ob2 -DOPENSSL_THREADS  -DDSO_WIN32 -W3 -Gs0 -GF -Gy -nologo -DOPENSSL_SYSNAME_WIN32 -DWIN32_LEAN_AND_MEAN -DL_ENDIAN -D_CRT_SECURE_NO_DEPRECATE -DOPENSSL_USE_APPLINK -I. -DOPENSSL_NO_RC5 -DOPENSSL_NO_MD2 -DOPENSSL_NO_KRB5 -DOPENSSL_NO_JPAKE -DOPENSSL_NO_STATIC_ENGINE /Zi /Fdtmp32dll/lib -D_WINDLL  -DOPENSSL_BUILD_SHLIBCRYPTO -c .\crypto\evp\e_cast.c
e_cast.c
c:\program files (x86)\microsoft sdks\windows\v7.1a\include\sal_supp.h(57) : warning C4005: '__useHeader' : macro redefinition
        C:\Program Files (x86)\Microsoft Visual Studio 12.0\VC\include\sal.h(2886) : see previous definition of '__useHeader'
c:\program files (x86)\microsoft sdks\windows\v7.1a\include\specstrings_supp.h(77) : warning C4005: '__on_failure' : macro redefinition
        C:\Program Files (x86)\Microsoft Visual Studio 12.0\VC\include\sal.h(2896) : see previous definition of '__on_failure'
	cl /Fotmp32dll\e_rc5.obj  -Iinc32 -Itmp32dll /MD /Ox /O2 /Ob2 -DOPENSSL_THREADS  -DDSO_WIN32 -W3 -Gs0 -GF -Gy -nologo -DOPENSSL_SYSNAME_WIN32 -DWIN32_LEAN_AND_MEAN -DL_ENDIAN -D_CRT_SECURE_NO_DEPRECATE -DOPENSSL_USE_APPLINK -I. -DOPENSSL_NO_RC5 -DOPENSSL_NO_MD2 -DOPENSSL_NO_KRB5 -DOPENSSL_NO_JPAKE -DOPENSSL_NO_STATIC_ENGINE /Zi /Fdtmp32dll/lib -D_WINDLL  -DOPENSSL_BUILD_SHLIBCRYPTO -c .\crypto\evp\e_rc5.c
e_rc5.c
c:\program files (x86)\microsoft sdks\windows\v7.1a\include\sal_supp.h(57) : warning C4005: '__useHeader' : macro redefinition
        C:\Program Files (x86)\Microsoft Visual Studio 12.0\VC\include\sal.h(2886) : see previous definition of '__useHeader'
c:\program files (x86)\microsoft sdks\windows\v7.1a\include\specstrings_supp.h(77) : warning C4005: '__on_failure' : macro redefinition
        C:\Program Files (x86)\Microsoft Visual Studio 12.0\VC\include\sal.h(2896) : see previous definition of '__on_failure'
	cl /Fotmp32dll\m_null.obj  -Iinc32 -Itmp32dll /MD /Ox /O2 /Ob2 -DOPENSSL_THREADS  -DDSO_WIN32 -W3 -Gs0 -GF -Gy -nologo -DOPENSSL_SYSNAME_WIN32 -DWIN32_LEAN_AND_MEAN -DL_ENDIAN -D_CRT_SECURE_NO_DEPRECATE -DOPENSSL_USE_APPLINK -I. -DOPENSSL_NO_RC5 -DOPENSSL_NO_MD2 -DOPENSSL_NO_KRB5 -DOPENSSL_NO_JPAKE -DOPENSSL_NO_STATIC_ENGINE /Zi /Fdtmp32dll/lib -D_WINDLL  -DOPENSSL_BUILD_SHLIBCRYPTO -c .\crypto\evp\m_null.c
m_null.c
c:\program files (x86)\microsoft sdks\windows\v7.1a\include\sal_supp.h(57) : warning C4005: '__useHeader' : macro redefinition
        C:\Program Files (x86)\Microsoft Visual Studio 12.0\VC\include\sal.h(2886) : see previous definition of '__useHeader'
c:\program files (x86)\microsoft sdks\windows\v7.1a\include\specstrings_supp.h(77) : warning C4005: '__on_failure' : macro redefinition
        C:\Program Files (x86)\Microsoft Visual Studio 12.0\VC\include\sal.h(2896) : see previous definition of '__on_failure'
	cl /Fotmp32dll\m_md4.obj  -Iinc32 -Itmp32dll /MD /Ox /O2 /Ob2 -DOPENSSL_THREADS  -DDSO_WIN32 -W3 -Gs0 -GF -Gy -nologo -DOPENSSL_SYSNAME_WIN32 -DWIN32_LEAN_AND_MEAN -DL_ENDIAN -D_CRT_SECURE_NO_DEPRECATE -DOPENSSL_USE_APPLINK -I. -DOPENSSL_NO_RC5 -DOPENSSL_NO_MD2 -DOPENSSL_NO_KRB5 -DOPENSSL_NO_JPAKE -DOPENSSL_NO_STATIC_ENGINE /Zi /Fdtmp32dll/lib -D_WINDLL  -DOPENSSL_BUILD_SHLIBCRYPTO -c .\crypto\evp\m_md4.c
m_md4.c
c:\program files (x86)\microsoft sdks\windows\v7.1a\include\sal_supp.h(57) : warning C4005: '__useHeader' : macro redefinition
        C:\Program Files (x86)\Microsoft Visual Studio 12.0\VC\include\sal.h(2886) : see previous definition of '__useHeader'
c:\program files (x86)\microsoft sdks\windows\v7.1a\include\specstrings_supp.h(77) : warning C4005: '__on_failure' : macro redefinition
        C:\Program Files (x86)\Microsoft Visual Studio 12.0\VC\include\sal.h(2896) : see previous definition of '__on_failure'
	cl /Fotmp32dll\m_md5.obj  -Iinc32 -Itmp32dll /MD /Ox /O2 /Ob2 -DOPENSSL_THREADS  -DDSO_WIN32 -W3 -Gs0 -GF -Gy -nologo -DOPENSSL_SYSNAME_WIN32 -DWIN32_LEAN_AND_MEAN -DL_ENDIAN -D_CRT_SECURE_NO_DEPRECATE -DOPENSSL_USE_APPLINK -I. -DOPENSSL_NO_RC5 -DOPENSSL_NO_MD2 -DOPENSSL_NO_KRB5 -DOPENSSL_NO_JPAKE -DOPENSSL_NO_STATIC_ENGINE /Zi /Fdtmp32dll/lib -D_WINDLL  -DOPENSSL_BUILD_SHLIBCRYPTO -c .\crypto\evp\m_md5.c
m_md5.c
c:\program files (x86)\microsoft sdks\windows\v7.1a\include\sal_supp.h(57) : warning C4005: '__useHeader' : macro redefinition
        C:\Program Files (x86)\Microsoft Visual Studio 12.0\VC\include\sal.h(2886) : see previous definition of '__useHeader'
c:\program files (x86)\microsoft sdks\windows\v7.1a\include\specstrings_supp.h(77) : warning C4005: '__on_failure' : macro redefinition
        C:\Program Files (x86)\Microsoft Visual Studio 12.0\VC\include\sal.h(2896) : see previous definition of '__on_failure'
	cl /Fotmp32dll\m_sha.obj  -Iinc32 -Itmp32dll /MD /Ox /O2 /Ob2 -DOPENSSL_THREADS  -DDSO_WIN32 -W3 -Gs0 -GF -Gy -nologo -DOPENSSL_SYSNAME_WIN32 -DWIN32_LEAN_AND_MEAN -DL_ENDIAN -D_CRT_SECURE_NO_DEPRECATE -DOPENSSL_USE_APPLINK -I. -DOPENSSL_NO_RC5 -DOPENSSL_NO_MD2 -DOPENSSL_NO_KRB5 -DOPENSSL_NO_JPAKE -DOPENSSL_NO_STATIC_ENGINE /Zi /Fdtmp32dll/lib -D_WINDLL  -DOPENSSL_BUILD_SHLIBCRYPTO -c .\crypto\evp\m_sha.c
m_sha.c
c:\program files (x86)\microsoft sdks\windows\v7.1a\include\sal_supp.h(57) : warning C4005: '__useHeader' : macro redefinition
        C:\Program Files (x86)\Microsoft Visual Studio 12.0\VC\include\sal.h(2886) : see previous definition of '__useHeader'
c:\program files (x86)\microsoft sdks\windows\v7.1a\include\specstrings_supp.h(77) : warning C4005: '__on_failure' : macro redefinition
        C:\Program Files (x86)\Microsoft Visual Studio 12.0\VC\include\sal.h(2896) : see previous definition of '__on_failure'
	cl /Fotmp32dll\m_sha1.obj  -Iinc32 -Itmp32dll /MD /Ox /O2 /Ob2 -DOPENSSL_THREADS  -DDSO_WIN32 -W3 -Gs0 -GF -Gy -nologo -DOPENSSL_SYSNAME_WIN32 -DWIN32_LEAN_AND_MEAN -DL_ENDIAN -D_CRT_SECURE_NO_DEPRECATE -DOPENSSL_USE_APPLINK -I. -DOPENSSL_NO_RC5 -DOPENSSL_NO_MD2 -DOPENSSL_NO_KRB5 -DOPENSSL_NO_JPAKE -DOPENSSL_NO_STATIC_ENGINE /Zi /Fdtmp32dll/lib -D_WINDLL  -DOPENSSL_BUILD_SHLIBCRYPTO -c .\crypto\evp\m_sha1.c
m_sha1.c
c:\program files (x86)\microsoft sdks\windows\v7.1a\include\sal_supp.h(57) : warning C4005: '__useHeader' : macro redefinition
        C:\Program Files (x86)\Microsoft Visual Studio 12.0\VC\include\sal.h(2886) : see previous definition of '__useHeader'
c:\program files (x86)\microsoft sdks\windows\v7.1a\include\specstrings_supp.h(77) : warning C4005: '__on_failure' : macro redefinition
        C:\Program Files (x86)\Microsoft Visual Studio 12.0\VC\include\sal.h(2896) : see previous definition of '__on_failure'
	cl /Fotmp32dll\m_wp.obj  -Iinc32 -Itmp32dll /MD /Ox /O2 /Ob2 -DOPENSSL_THREADS  -DDSO_WIN32 -W3 -Gs0 -GF -Gy -nologo -DOPENSSL_SYSNAME_WIN32 -DWIN32_LEAN_AND_MEAN -DL_ENDIAN -D_CRT_SECURE_NO_DEPRECATE -DOPENSSL_USE_APPLINK -I. -DOPENSSL_NO_RC5 -DOPENSSL_NO_MD2 -DOPENSSL_NO_KRB5 -DOPENSSL_NO_JPAKE -DOPENSSL_NO_STATIC_ENGINE /Zi /Fdtmp32dll/lib -D_WINDLL  -DOPENSSL_BUILD_SHLIBCRYPTO -c .\crypto\evp\m_wp.c
m_wp.c
c:\program files (x86)\microsoft sdks\windows\v7.1a\include\sal_supp.h(57) : warning C4005: '__useHeader' : macro redefinition
        C:\Program Files (x86)\Microsoft Visual Studio 12.0\VC\include\sal.h(2886) : see previous definition of '__useHeader'
c:\program files (x86)\microsoft sdks\windows\v7.1a\include\specstrings_supp.h(77) : warning C4005: '__on_failure' : macro redefinition
        C:\Program Files (x86)\Microsoft Visual Studio 12.0\VC\include\sal.h(2896) : see previous definition of '__on_failure'
	cl /Fotmp32dll\m_dss.obj  -Iinc32 -Itmp32dll /MD /Ox /O2 /Ob2 -DOPENSSL_THREADS  -DDSO_WIN32 -W3 -Gs0 -GF -Gy -nologo -DOPENSSL_SYSNAME_WIN32 -DWIN32_LEAN_AND_MEAN -DL_ENDIAN -D_CRT_SECURE_NO_DEPRECATE -DOPENSSL_USE_APPLINK -I. -DOPENSSL_NO_RC5 -DOPENSSL_NO_MD2 -DOPENSSL_NO_KRB5 -DOPENSSL_NO_JPAKE -DOPENSSL_NO_STATIC_ENGINE /Zi /Fdtmp32dll/lib -D_WINDLL  -DOPENSSL_BUILD_SHLIBCRYPTO -c .\crypto\evp\m_dss.c
m_dss.c
c:\program files (x86)\microsoft sdks\windows\v7.1a\include\sal_supp.h(57) : warning C4005: '__useHeader' : macro redefinition
        C:\Program Files (x86)\Microsoft Visual Studio 12.0\VC\include\sal.h(2886) : see previous definition of '__useHeader'
c:\program files (x86)\microsoft sdks\windows\v7.1a\include\specstrings_supp.h(77) : warning C4005: '__on_failure' : macro redefinition
        C:\Program Files (x86)\Microsoft Visual Studio 12.0\VC\include\sal.h(2896) : see previous definition of '__on_failure'
	cl /Fotmp32dll\m_dss1.obj  -Iinc32 -Itmp32dll /MD /Ox /O2 /Ob2 -DOPENSSL_THREADS  -DDSO_WIN32 -W3 -Gs0 -GF -Gy -nologo -DOPENSSL_SYSNAME_WIN32 -DWIN32_LEAN_AND_MEAN -DL_ENDIAN -D_CRT_SECURE_NO_DEPRECATE -DOPENSSL_USE_APPLINK -I. -DOPENSSL_NO_RC5 -DOPENSSL_NO_MD2 -DOPENSSL_NO_KRB5 -DOPENSSL_NO_JPAKE -DOPENSSL_NO_STATIC_ENGINE /Zi /Fdtmp32dll/lib -D_WINDLL  -DOPENSSL_BUILD_SHLIBCRYPTO -c .\crypto\evp\m_dss1.c
m_dss1.c
c:\program files (x86)\microsoft sdks\windows\v7.1a\include\sal_supp.h(57) : warning C4005: '__useHeader' : macro redefinition
        C:\Program Files (x86)\Microsoft Visual Studio 12.0\VC\include\sal.h(2886) : see previous definition of '__useHeader'
c:\program files (x86)\microsoft sdks\windows\v7.1a\include\specstrings_supp.h(77) : warning C4005: '__on_failure' : macro redefinition
        C:\Program Files (x86)\Microsoft Visual Studio 12.0\VC\include\sal.h(2896) : see previous definition of '__on_failure'
	cl /Fotmp32dll\m_mdc2.obj  -Iinc32 -Itmp32dll /MD /Ox /O2 /Ob2 -DOPENSSL_THREADS  -DDSO_WIN32 -W3 -Gs0 -GF -Gy -nologo -DOPENSSL_SYSNAME_WIN32 -DWIN32_LEAN_AND_MEAN -DL_ENDIAN -D_CRT_SECURE_NO_DEPRECATE -DOPENSSL_USE_APPLINK -I. -DOPENSSL_NO_RC5 -DOPENSSL_NO_MD2 -DOPENSSL_NO_KRB5 -DOPENSSL_NO_JPAKE -DOPENSSL_NO_STATIC_ENGINE /Zi /Fdtmp32dll/lib -D_WINDLL  -DOPENSSL_BUILD_SHLIBCRYPTO -c .\crypto\evp\m_mdc2.c
m_mdc2.c
c:\program files (x86)\microsoft sdks\windows\v7.1a\include\sal_supp.h(57) : warning C4005: '__useHeader' : macro redefinition
        C:\Program Files (x86)\Microsoft Visual Studio 12.0\VC\include\sal.h(2886) : see previous definition of '__useHeader'
c:\program files (x86)\microsoft sdks\windows\v7.1a\include\specstrings_supp.h(77) : warning C4005: '__on_failure' : macro redefinition
        C:\Program Files (x86)\Microsoft Visual Studio 12.0\VC\include\sal.h(2896) : see previous definition of '__on_failure'
	cl /Fotmp32dll\m_ripemd.obj  -Iinc32 -Itmp32dll /MD /Ox /O2 /Ob2 -DOPENSSL_THREADS  -DDSO_WIN32 -W3 -Gs0 -GF -Gy -nologo -DOPENSSL_SYSNAME_WIN32 -DWIN32_LEAN_AND_MEAN -DL_ENDIAN -D_CRT_SECURE_NO_DEPRECATE -DOPENSSL_USE_APPLINK -I. -DOPENSSL_NO_RC5 -DOPENSSL_NO_MD2 -DOPENSSL_NO_KRB5 -DOPENSSL_NO_JPAKE -DOPENSSL_NO_STATIC_ENGINE /Zi /Fdtmp32dll/lib -D_WINDLL  -DOPENSSL_BUILD_SHLIBCRYPTO -c .\crypto\evp\m_ripemd.c
m_ripemd.c
c:\program files (x86)\microsoft sdks\windows\v7.1a\include\sal_supp.h(57) : warning C4005: '__useHeader' : macro redefinition
        C:\Program Files (x86)\Microsoft Visual Studio 12.0\VC\include\sal.h(2886) : see previous definition of '__useHeader'
c:\program files (x86)\microsoft sdks\windows\v7.1a\include\specstrings_supp.h(77) : warning C4005: '__on_failure' : macro redefinition
        C:\Program Files (x86)\Microsoft Visual Studio 12.0\VC\include\sal.h(2896) : see previous definition of '__on_failure'
	cl /Fotmp32dll\m_ecdsa.obj  -Iinc32 -Itmp32dll /MD /Ox /O2 /Ob2 -DOPENSSL_THREADS  -DDSO_WIN32 -W3 -Gs0 -GF -Gy -nologo -DOPENSSL_SYSNAME_WIN32 -DWIN32_LEAN_AND_MEAN -DL_ENDIAN -D_CRT_SECURE_NO_DEPRECATE -DOPENSSL_USE_APPLINK -I. -DOPENSSL_NO_RC5 -DOPENSSL_NO_MD2 -DOPENSSL_NO_KRB5 -DOPENSSL_NO_JPAKE -DOPENSSL_NO_STATIC_ENGINE /Zi /Fdtmp32dll/lib -D_WINDLL  -DOPENSSL_BUILD_SHLIBCRYPTO -c .\crypto\evp\m_ecdsa.c
m_ecdsa.c
c:\program files (x86)\microsoft sdks\windows\v7.1a\include\sal_supp.h(57) : warning C4005: '__useHeader' : macro redefinition
        C:\Program Files (x86)\Microsoft Visual Studio 12.0\VC\include\sal.h(2886) : see previous definition of '__useHeader'
c:\program files (x86)\microsoft sdks\windows\v7.1a\include\specstrings_supp.h(77) : warning C4005: '__on_failure' : macro redefinition
        C:\Program Files (x86)\Microsoft Visual Studio 12.0\VC\include\sal.h(2896) : see previous definition of '__on_failure'
	cl /Fotmp32dll\p_open.obj  -Iinc32 -Itmp32dll /MD /Ox /O2 /Ob2 -DOPENSSL_THREADS  -DDSO_WIN32 -W3 -Gs0 -GF -Gy -nologo -DOPENSSL_SYSNAME_WIN32 -DWIN32_LEAN_AND_MEAN -DL_ENDIAN -D_CRT_SECURE_NO_DEPRECATE -DOPENSSL_USE_APPLINK -I. -DOPENSSL_NO_RC5 -DOPENSSL_NO_MD2 -DOPENSSL_NO_KRB5 -DOPENSSL_NO_JPAKE -DOPENSSL_NO_STATIC_ENGINE /Zi /Fdtmp32dll/lib -D_WINDLL  -DOPENSSL_BUILD_SHLIBCRYPTO -c .\crypto\evp\p_open.c
p_open.c
c:\program files (x86)\microsoft sdks\windows\v7.1a\include\sal_supp.h(57) : warning C4005: '__useHeader' : macro redefinition
        C:\Program Files (x86)\Microsoft Visual Studio 12.0\VC\include\sal.h(2886) : see previous definition of '__useHeader'
c:\program files (x86)\microsoft sdks\windows\v7.1a\include\specstrings_supp.h(77) : warning C4005: '__on_failure' : macro redefinition
        C:\Program Files (x86)\Microsoft Visual Studio 12.0\VC\include\sal.h(2896) : see previous definition of '__on_failure'
	cl /Fotmp32dll\p_seal.obj  -Iinc32 -Itmp32dll /MD /Ox /O2 /Ob2 -DOPENSSL_THREADS  -DDSO_WIN32 -W3 -Gs0 -GF -Gy -nologo -DOPENSSL_SYSNAME_WIN32 -DWIN32_LEAN_AND_MEAN -DL_ENDIAN -D_CRT_SECURE_NO_DEPRECATE -DOPENSSL_USE_APPLINK -I. -DOPENSSL_NO_RC5 -DOPENSSL_NO_MD2 -DOPENSSL_NO_KRB5 -DOPENSSL_NO_JPAKE -DOPENSSL_NO_STATIC_ENGINE /Zi /Fdtmp32dll/lib -D_WINDLL  -DOPENSSL_BUILD_SHLIBCRYPTO -c .\crypto\evp\p_seal.c
p_seal.c
c:\program files (x86)\microsoft sdks\windows\v7.1a\include\sal_supp.h(57) : warning C4005: '__useHeader' : macro redefinition
        C:\Program Files (x86)\Microsoft Visual Studio 12.0\VC\include\sal.h(2886) : see previous definition of '__useHeader'
c:\program files (x86)\microsoft sdks\windows\v7.1a\include\specstrings_supp.h(77) : warning C4005: '__on_failure' : macro redefinition
        C:\Program Files (x86)\Microsoft Visual Studio 12.0\VC\include\sal.h(2896) : see previous definition of '__on_failure'
	cl /Fotmp32dll\p_sign.obj  -Iinc32 -Itmp32dll /MD /Ox /O2 /Ob2 -DOPENSSL_THREADS  -DDSO_WIN32 -W3 -Gs0 -GF -Gy -nologo -DOPENSSL_SYSNAME_WIN32 -DWIN32_LEAN_AND_MEAN -DL_ENDIAN -D_CRT_SECURE_NO_DEPRECATE -DOPENSSL_USE_APPLINK -I. -DOPENSSL_NO_RC5 -DOPENSSL_NO_MD2 -DOPENSSL_NO_KRB5 -DOPENSSL_NO_JPAKE -DOPENSSL_NO_STATIC_ENGINE /Zi /Fdtmp32dll/lib -D_WINDLL  -DOPENSSL_BUILD_SHLIBCRYPTO -c .\crypto\evp\p_sign.c
p_sign.c
c:\program files (x86)\microsoft sdks\windows\v7.1a\include\sal_supp.h(57) : warning C4005: '__useHeader' : macro redefinition
        C:\Program Files (x86)\Microsoft Visual Studio 12.0\VC\include\sal.h(2886) : see previous definition of '__useHeader'
c:\program files (x86)\microsoft sdks\windows\v7.1a\include\specstrings_supp.h(77) : warning C4005: '__on_failure' : macro redefinition
        C:\Program Files (x86)\Microsoft Visual Studio 12.0\VC\include\sal.h(2896) : see previous definition of '__on_failure'
	cl /Fotmp32dll\p_verify.obj  -Iinc32 -Itmp32dll /MD /Ox /O2 /Ob2 -DOPENSSL_THREADS  -DDSO_WIN32 -W3 -Gs0 -GF -Gy -nologo -DOPENSSL_SYSNAME_WIN32 -DWIN32_LEAN_AND_MEAN -DL_ENDIAN -D_CRT_SECURE_NO_DEPRECATE -DOPENSSL_USE_APPLINK -I. -DOPENSSL_NO_RC5 -DOPENSSL_NO_MD2 -DOPENSSL_NO_KRB5 -DOPENSSL_NO_JPAKE -DOPENSSL_NO_STATIC_ENGINE /Zi /Fdtmp32dll/lib -D_WINDLL  -DOPENSSL_BUILD_SHLIBCRYPTO -c .\crypto\evp\p_verify.c
p_verify.c
c:\program files (x86)\microsoft sdks\windows\v7.1a\include\sal_supp.h(57) : warning C4005: '__useHeader' : macro redefinition
        C:\Program Files (x86)\Microsoft Visual Studio 12.0\VC\include\sal.h(2886) : see previous definition of '__useHeader'
c:\program files (x86)\microsoft sdks\windows\v7.1a\include\specstrings_supp.h(77) : warning C4005: '__on_failure' : macro redefinition
        C:\Program Files (x86)\Microsoft Visual Studio 12.0\VC\include\sal.h(2896) : see previous definition of '__on_failure'
	cl /Fotmp32dll\p_lib.obj  -Iinc32 -Itmp32dll /MD /Ox /O2 /Ob2 -DOPENSSL_THREADS  -DDSO_WIN32 -W3 -Gs0 -GF -Gy -nologo -DOPENSSL_SYSNAME_WIN32 -DWIN32_LEAN_AND_MEAN -DL_ENDIAN -D_CRT_SECURE_NO_DEPRECATE -DOPENSSL_USE_APPLINK -I. -DOPENSSL_NO_RC5 -DOPENSSL_NO_MD2 -DOPENSSL_NO_KRB5 -DOPENSSL_NO_JPAKE -DOPENSSL_NO_STATIC_ENGINE /Zi /Fdtmp32dll/lib -D_WINDLL  -DOPENSSL_BUILD_SHLIBCRYPTO -c .\crypto\evp\p_lib.c
p_lib.c
c:\program files (x86)\microsoft sdks\windows\v7.1a\include\sal_supp.h(57) : warning C4005: '__useHeader' : macro redefinition
        C:\Program Files (x86)\Microsoft Visual Studio 12.0\VC\include\sal.h(2886) : see previous definition of '__useHeader'
c:\program files (x86)\microsoft sdks\windows\v7.1a\include\specstrings_supp.h(77) : warning C4005: '__on_failure' : macro redefinition
        C:\Program Files (x86)\Microsoft Visual Studio 12.0\VC\include\sal.h(2896) : see previous definition of '__on_failure'
	cl /Fotmp32dll\p_enc.obj  -Iinc32 -Itmp32dll /MD /Ox /O2 /Ob2 -DOPENSSL_THREADS  -DDSO_WIN32 -W3 -Gs0 -GF -Gy -nologo -DOPENSSL_SYSNAME_WIN32 -DWIN32_LEAN_AND_MEAN -DL_ENDIAN -D_CRT_SECURE_NO_DEPRECATE -DOPENSSL_USE_APPLINK -I. -DOPENSSL_NO_RC5 -DOPENSSL_NO_MD2 -DOPENSSL_NO_KRB5 -DOPENSSL_NO_JPAKE -DOPENSSL_NO_STATIC_ENGINE /Zi /Fdtmp32dll/lib -D_WINDLL  -DOPENSSL_BUILD_SHLIBCRYPTO -c .\crypto\evp\p_enc.c
p_enc.c
c:\program files (x86)\microsoft sdks\windows\v7.1a\include\sal_supp.h(57) : warning C4005: '__useHeader' : macro redefinition
        C:\Program Files (x86)\Microsoft Visual Studio 12.0\VC\include\sal.h(2886) : see previous definition of '__useHeader'
c:\program files (x86)\microsoft sdks\windows\v7.1a\include\specstrings_supp.h(77) : warning C4005: '__on_failure' : macro redefinition
        C:\Program Files (x86)\Microsoft Visual Studio 12.0\VC\include\sal.h(2896) : see previous definition of '__on_failure'
	cl /Fotmp32dll\p_dec.obj  -Iinc32 -Itmp32dll /MD /Ox /O2 /Ob2 -DOPENSSL_THREADS  -DDSO_WIN32 -W3 -Gs0 -GF -Gy -nologo -DOPENSSL_SYSNAME_WIN32 -DWIN32_LEAN_AND_MEAN -DL_ENDIAN -D_CRT_SECURE_NO_DEPRECATE -DOPENSSL_USE_APPLINK -I. -DOPENSSL_NO_RC5 -DOPENSSL_NO_MD2 -DOPENSSL_NO_KRB5 -DOPENSSL_NO_JPAKE -DOPENSSL_NO_STATIC_ENGINE /Zi /Fdtmp32dll/lib -D_WINDLL  -DOPENSSL_BUILD_SHLIBCRYPTO -c .\crypto\evp\p_dec.c
p_dec.c
c:\program files (x86)\microsoft sdks\windows\v7.1a\include\sal_supp.h(57) : warning C4005: '__useHeader' : macro redefinition
        C:\Program Files (x86)\Microsoft Visual Studio 12.0\VC\include\sal.h(2886) : see previous definition of '__useHeader'
c:\program files (x86)\microsoft sdks\windows\v7.1a\include\specstrings_supp.h(77) : warning C4005: '__on_failure' : macro redefinition
        C:\Program Files (x86)\Microsoft Visual Studio 12.0\VC\include\sal.h(2896) : see previous definition of '__on_failure'
	cl /Fotmp32dll\bio_md.obj  -Iinc32 -Itmp32dll /MD /Ox /O2 /Ob2 -DOPENSSL_THREADS  -DDSO_WIN32 -W3 -Gs0 -GF -Gy -nologo -DOPENSSL_SYSNAME_WIN32 -DWIN32_LEAN_AND_MEAN -DL_ENDIAN -D_CRT_SECURE_NO_DEPRECATE -DOPENSSL_USE_APPLINK -I. -DOPENSSL_NO_RC5 -DOPENSSL_NO_MD2 -DOPENSSL_NO_KRB5 -DOPENSSL_NO_JPAKE -DOPENSSL_NO_STATIC_ENGINE /Zi /Fdtmp32dll/lib -D_WINDLL  -DOPENSSL_BUILD_SHLIBCRYPTO -c .\crypto\evp\bio_md.c
bio_md.c
c:\program files (x86)\microsoft sdks\windows\v7.1a\include\sal_supp.h(57) : warning C4005: '__useHeader' : macro redefinition
        C:\Program Files (x86)\Microsoft Visual Studio 12.0\VC\include\sal.h(2886) : see previous definition of '__useHeader'
c:\program files (x86)\microsoft sdks\windows\v7.1a\include\specstrings_supp.h(77) : warning C4005: '__on_failure' : macro redefinition
        C:\Program Files (x86)\Microsoft Visual Studio 12.0\VC\include\sal.h(2896) : see previous definition of '__on_failure'
	cl /Fotmp32dll\bio_b64.obj  -Iinc32 -Itmp32dll /MD /Ox /O2 /Ob2 -DOPENSSL_THREADS  -DDSO_WIN32 -W3 -Gs0 -GF -Gy -nologo -DOPENSSL_SYSNAME_WIN32 -DWIN32_LEAN_AND_MEAN -DL_ENDIAN -D_CRT_SECURE_NO_DEPRECATE -DOPENSSL_USE_APPLINK -I. -DOPENSSL_NO_RC5 -DOPENSSL_NO_MD2 -DOPENSSL_NO_KRB5 -DOPENSSL_NO_JPAKE -DOPENSSL_NO_STATIC_ENGINE /Zi /Fdtmp32dll/lib -D_WINDLL  -DOPENSSL_BUILD_SHLIBCRYPTO -c .\crypto\evp\bio_b64.c
bio_b64.c
c:\program files (x86)\microsoft sdks\windows\v7.1a\include\sal_supp.h(57) : warning C4005: '__useHeader' : macro redefinition
        C:\Program Files (x86)\Microsoft Visual Studio 12.0\VC\include\sal.h(2886) : see previous definition of '__useHeader'
c:\program files (x86)\microsoft sdks\windows\v7.1a\include\specstrings_supp.h(77) : warning C4005: '__on_failure' : macro redefinition
        C:\Program Files (x86)\Microsoft Visual Studio 12.0\VC\include\sal.h(2896) : see previous definition of '__on_failure'
	cl /Fotmp32dll\bio_enc.obj  -Iinc32 -Itmp32dll /MD /Ox /O2 /Ob2 -DOPENSSL_THREADS  -DDSO_WIN32 -W3 -Gs0 -GF -Gy -nologo -DOPENSSL_SYSNAME_WIN32 -DWIN32_LEAN_AND_MEAN -DL_ENDIAN -D_CRT_SECURE_NO_DEPRECATE -DOPENSSL_USE_APPLINK -I. -DOPENSSL_NO_RC5 -DOPENSSL_NO_MD2 -DOPENSSL_NO_KRB5 -DOPENSSL_NO_JPAKE -DOPENSSL_NO_STATIC_ENGINE /Zi /Fdtmp32dll/lib -D_WINDLL  -DOPENSSL_BUILD_SHLIBCRYPTO -c .\crypto\evp\bio_enc.c
bio_enc.c
c:\program files (x86)\microsoft sdks\windows\v7.1a\include\sal_supp.h(57) : warning C4005: '__useHeader' : macro redefinition
        C:\Program Files (x86)\Microsoft Visual Studio 12.0\VC\include\sal.h(2886) : see previous definition of '__useHeader'
c:\program files (x86)\microsoft sdks\windows\v7.1a\include\specstrings_supp.h(77) : warning C4005: '__on_failure' : macro redefinition
        C:\Program Files (x86)\Microsoft Visual Studio 12.0\VC\include\sal.h(2896) : see previous definition of '__on_failure'
	cl /Fotmp32dll\evp_err.obj  -Iinc32 -Itmp32dll /MD /Ox /O2 /Ob2 -DOPENSSL_THREADS  -DDSO_WIN32 -W3 -Gs0 -GF -Gy -nologo -DOPENSSL_SYSNAME_WIN32 -DWIN32_LEAN_AND_MEAN -DL_ENDIAN -D_CRT_SECURE_NO_DEPRECATE -DOPENSSL_USE_APPLINK -I. -DOPENSSL_NO_RC5 -DOPENSSL_NO_MD2 -DOPENSSL_NO_KRB5 -DOPENSSL_NO_JPAKE -DOPENSSL_NO_STATIC_ENGINE /Zi /Fdtmp32dll/lib -D_WINDLL  -DOPENSSL_BUILD_SHLIBCRYPTO -c .\crypto\evp\evp_err.c
evp_err.c
	cl /Fotmp32dll\e_null.obj  -Iinc32 -Itmp32dll /MD /Ox /O2 /Ob2 -DOPENSSL_THREADS  -DDSO_WIN32 -W3 -Gs0 -GF -Gy -nologo -DOPENSSL_SYSNAME_WIN32 -DWIN32_LEAN_AND_MEAN -DL_ENDIAN -D_CRT_SECURE_NO_DEPRECATE -DOPENSSL_USE_APPLINK -I. -DOPENSSL_NO_RC5 -DOPENSSL_NO_MD2 -DOPENSSL_NO_KRB5 -DOPENSSL_NO_JPAKE -DOPENSSL_NO_STATIC_ENGINE /Zi /Fdtmp32dll/lib -D_WINDLL  -DOPENSSL_BUILD_SHLIBCRYPTO -c .\crypto\evp\e_null.c
e_null.c
c:\program files (x86)\microsoft sdks\windows\v7.1a\include\sal_supp.h(57) : warning C4005: '__useHeader' : macro redefinition
        C:\Program Files (x86)\Microsoft Visual Studio 12.0\VC\include\sal.h(2886) : see previous definition of '__useHeader'
c:\program files (x86)\microsoft sdks\windows\v7.1a\include\specstrings_supp.h(77) : warning C4005: '__on_failure' : macro redefinition
        C:\Program Files (x86)\Microsoft Visual Studio 12.0\VC\include\sal.h(2896) : see previous definition of '__on_failure'
	cl /Fotmp32dll\c_all.obj  -Iinc32 -Itmp32dll /MD /Ox /O2 /Ob2 -DOPENSSL_THREADS  -DDSO_WIN32 -W3 -Gs0 -GF -Gy -nologo -DOPENSSL_SYSNAME_WIN32 -DWIN32_LEAN_AND_MEAN -DL_ENDIAN -D_CRT_SECURE_NO_DEPRECATE -DOPENSSL_USE_APPLINK -I. -DOPENSSL_NO_RC5 -DOPENSSL_NO_MD2 -DOPENSSL_NO_KRB5 -DOPENSSL_NO_JPAKE -DOPENSSL_NO_STATIC_ENGINE /Zi /Fdtmp32dll/lib -D_WINDLL  -DOPENSSL_BUILD_SHLIBCRYPTO -c .\crypto\evp\c_all.c
c_all.c
c:\program files (x86)\microsoft sdks\windows\v7.1a\include\sal_supp.h(57) : warning C4005: '__useHeader' : macro redefinition
        C:\Program Files (x86)\Microsoft Visual Studio 12.0\VC\include\sal.h(2886) : see previous definition of '__useHeader'
c:\program files (x86)\microsoft sdks\windows\v7.1a\include\specstrings_supp.h(77) : warning C4005: '__on_failure' : macro redefinition
        C:\Program Files (x86)\Microsoft Visual Studio 12.0\VC\include\sal.h(2896) : see previous definition of '__on_failure'
	cl /Fotmp32dll\c_allc.obj  -Iinc32 -Itmp32dll /MD /Ox /O2 /Ob2 -DOPENSSL_THREADS  -DDSO_WIN32 -W3 -Gs0 -GF -Gy -nologo -DOPENSSL_SYSNAME_WIN32 -DWIN32_LEAN_AND_MEAN -DL_ENDIAN -D_CRT_SECURE_NO_DEPRECATE -DOPENSSL_USE_APPLINK -I. -DOPENSSL_NO_RC5 -DOPENSSL_NO_MD2 -DOPENSSL_NO_KRB5 -DOPENSSL_NO_JPAKE -DOPENSSL_NO_STATIC_ENGINE /Zi /Fdtmp32dll/lib -D_WINDLL  -DOPENSSL_BUILD_SHLIBCRYPTO -c .\crypto\evp\c_allc.c
c_allc.c
c:\program files (x86)\microsoft sdks\windows\v7.1a\include\sal_supp.h(57) : warning C4005: '__useHeader' : macro redefinition
        C:\Program Files (x86)\Microsoft Visual Studio 12.0\VC\include\sal.h(2886) : see previous definition of '__useHeader'
c:\program files (x86)\microsoft sdks\windows\v7.1a\include\specstrings_supp.h(77) : warning C4005: '__on_failure' : macro redefinition
        C:\Program Files (x86)\Microsoft Visual Studio 12.0\VC\include\sal.h(2896) : see previous definition of '__on_failure'
	cl /Fotmp32dll\c_alld.obj  -Iinc32 -Itmp32dll /MD /Ox /O2 /Ob2 -DOPENSSL_THREADS  -DDSO_WIN32 -W3 -Gs0 -GF -Gy -nologo -DOPENSSL_SYSNAME_WIN32 -DWIN32_LEAN_AND_MEAN -DL_ENDIAN -D_CRT_SECURE_NO_DEPRECATE -DOPENSSL_USE_APPLINK -I. -DOPENSSL_NO_RC5 -DOPENSSL_NO_MD2 -DOPENSSL_NO_KRB5 -DOPENSSL_NO_JPAKE -DOPENSSL_NO_STATIC_ENGINE /Zi /Fdtmp32dll/lib -D_WINDLL  -DOPENSSL_BUILD_SHLIBCRYPTO -c .\crypto\evp\c_alld.c
c_alld.c
c:\program files (x86)\microsoft sdks\windows\v7.1a\include\sal_supp.h(57) : warning C4005: '__useHeader' : macro redefinition
        C:\Program Files (x86)\Microsoft Visual Studio 12.0\VC\include\sal.h(2886) : see previous definition of '__useHeader'
c:\program files (x86)\microsoft sdks\windows\v7.1a\include\specstrings_supp.h(77) : warning C4005: '__on_failure' : macro redefinition
        C:\Program Files (x86)\Microsoft Visual Studio 12.0\VC\include\sal.h(2896) : see previous definition of '__on_failure'
	cl /Fotmp32dll\evp_lib.obj  -Iinc32 -Itmp32dll /MD /Ox /O2 /Ob2 -DOPENSSL_THREADS  -DDSO_WIN32 -W3 -Gs0 -GF -Gy -nologo -DOPENSSL_SYSNAME_WIN32 -DWIN32_LEAN_AND_MEAN -DL_ENDIAN -D_CRT_SECURE_NO_DEPRECATE -DOPENSSL_USE_APPLINK -I. -DOPENSSL_NO_RC5 -DOPENSSL_NO_MD2 -DOPENSSL_NO_KRB5 -DOPENSSL_NO_JPAKE -DOPENSSL_NO_STATIC_ENGINE /Zi /Fdtmp32dll/lib -D_WINDLL  -DOPENSSL_BUILD_SHLIBCRYPTO -c .\crypto\evp\evp_lib.c
evp_lib.c
c:\program files (x86)\microsoft sdks\windows\v7.1a\include\sal_supp.h(57) : warning C4005: '__useHeader' : macro redefinition
        C:\Program Files (x86)\Microsoft Visual Studio 12.0\VC\include\sal.h(2886) : see previous definition of '__useHeader'
c:\program files (x86)\microsoft sdks\windows\v7.1a\include\specstrings_supp.h(77) : warning C4005: '__on_failure' : macro redefinition
        C:\Program Files (x86)\Microsoft Visual Studio 12.0\VC\include\sal.h(2896) : see previous definition of '__on_failure'
	cl /Fotmp32dll\bio_ok.obj  -Iinc32 -Itmp32dll /MD /Ox /O2 /Ob2 -DOPENSSL_THREADS  -DDSO_WIN32 -W3 -Gs0 -GF -Gy -nologo -DOPENSSL_SYSNAME_WIN32 -DWIN32_LEAN_AND_MEAN -DL_ENDIAN -D_CRT_SECURE_NO_DEPRECATE -DOPENSSL_USE_APPLINK -I. -DOPENSSL_NO_RC5 -DOPENSSL_NO_MD2 -DOPENSSL_NO_KRB5 -DOPENSSL_NO_JPAKE -DOPENSSL_NO_STATIC_ENGINE /Zi /Fdtmp32dll/lib -D_WINDLL  -DOPENSSL_BUILD_SHLIBCRYPTO -c .\crypto\evp\bio_ok.c
bio_ok.c
c:\program files (x86)\microsoft sdks\windows\v7.1a\include\sal_supp.h(57) : warning C4005: '__useHeader' : macro redefinition
        C:\Program Files (x86)\Microsoft Visual Studio 12.0\VC\include\sal.h(2886) : see previous definition of '__useHeader'
c:\program files (x86)\microsoft sdks\windows\v7.1a\include\specstrings_supp.h(77) : warning C4005: '__on_failure' : macro redefinition
        C:\Program Files (x86)\Microsoft Visual Studio 12.0\VC\include\sal.h(2896) : see previous definition of '__on_failure'
	cl /Fotmp32dll\evp_pkey.obj  -Iinc32 -Itmp32dll /MD /Ox /O2 /Ob2 -DOPENSSL_THREADS  -DDSO_WIN32 -W3 -Gs0 -GF -Gy -nologo -DOPENSSL_SYSNAME_WIN32 -DWIN32_LEAN_AND_MEAN -DL_ENDIAN -D_CRT_SECURE_NO_DEPRECATE -DOPENSSL_USE_APPLINK -I. -DOPENSSL_NO_RC5 -DOPENSSL_NO_MD2 -DOPENSSL_NO_KRB5 -DOPENSSL_NO_JPAKE -DOPENSSL_NO_STATIC_ENGINE /Zi /Fdtmp32dll/lib -D_WINDLL  -DOPENSSL_BUILD_SHLIBCRYPTO -c .\crypto\evp\evp_pkey.c
evp_pkey.c
c:\program files (x86)\microsoft sdks\windows\v7.1a\include\sal_supp.h(57) : warning C4005: '__useHeader' : macro redefinition
        C:\Program Files (x86)\Microsoft Visual Studio 12.0\VC\include\sal.h(2886) : see previous definition of '__useHeader'
c:\program files (x86)\microsoft sdks\windows\v7.1a\include\specstrings_supp.h(77) : warning C4005: '__on_failure' : macro redefinition
        C:\Program Files (x86)\Microsoft Visual Studio 12.0\VC\include\sal.h(2896) : see previous definition of '__on_failure'
	cl /Fotmp32dll\evp_pbe.obj  -Iinc32 -Itmp32dll /MD /Ox /O2 /Ob2 -DOPENSSL_THREADS  -DDSO_WIN32 -W3 -Gs0 -GF -Gy -nologo -DOPENSSL_SYSNAME_WIN32 -DWIN32_LEAN_AND_MEAN -DL_ENDIAN -D_CRT_SECURE_NO_DEPRECATE -DOPENSSL_USE_APPLINK -I. -DOPENSSL_NO_RC5 -DOPENSSL_NO_MD2 -DOPENSSL_NO_KRB5 -DOPENSSL_NO_JPAKE -DOPENSSL_NO_STATIC_ENGINE /Zi /Fdtmp32dll/lib -D_WINDLL  -DOPENSSL_BUILD_SHLIBCRYPTO -c .\crypto\evp\evp_pbe.c
evp_pbe.c
c:\program files (x86)\microsoft sdks\windows\v7.1a\include\sal_supp.h(57) : warning C4005: '__useHeader' : macro redefinition
        C:\Program Files (x86)\Microsoft Visual Studio 12.0\VC\include\sal.h(2886) : see previous definition of '__useHeader'
c:\program files (x86)\microsoft sdks\windows\v7.1a\include\specstrings_supp.h(77) : warning C4005: '__on_failure' : macro redefinition
        C:\Program Files (x86)\Microsoft Visual Studio 12.0\VC\include\sal.h(2896) : see previous definition of '__on_failure'
	cl /Fotmp32dll\p5_crpt.obj  -Iinc32 -Itmp32dll /MD /Ox /O2 /Ob2 -DOPENSSL_THREADS  -DDSO_WIN32 -W3 -Gs0 -GF -Gy -nologo -DOPENSSL_SYSNAME_WIN32 -DWIN32_LEAN_AND_MEAN -DL_ENDIAN -D_CRT_SECURE_NO_DEPRECATE -DOPENSSL_USE_APPLINK -I. -DOPENSSL_NO_RC5 -DOPENSSL_NO_MD2 -DOPENSSL_NO_KRB5 -DOPENSSL_NO_JPAKE -DOPENSSL_NO_STATIC_ENGINE /Zi /Fdtmp32dll/lib -D_WINDLL  -DOPENSSL_BUILD_SHLIBCRYPTO -c .\crypto\evp\p5_crpt.c
p5_crpt.c
c:\program files (x86)\microsoft sdks\windows\v7.1a\include\sal_supp.h(57) : warning C4005: '__useHeader' : macro redefinition
        C:\Program Files (x86)\Microsoft Visual Studio 12.0\VC\include\sal.h(2886) : see previous definition of '__useHeader'
c:\program files (x86)\microsoft sdks\windows\v7.1a\include\specstrings_supp.h(77) : warning C4005: '__on_failure' : macro redefinition
        C:\Program Files (x86)\Microsoft Visual Studio 12.0\VC\include\sal.h(2896) : see previous definition of '__on_failure'
	cl /Fotmp32dll\p5_crpt2.obj  -Iinc32 -Itmp32dll /MD /Ox /O2 /Ob2 -DOPENSSL_THREADS  -DDSO_WIN32 -W3 -Gs0 -GF -Gy -nologo -DOPENSSL_SYSNAME_WIN32 -DWIN32_LEAN_AND_MEAN -DL_ENDIAN -D_CRT_SECURE_NO_DEPRECATE -DOPENSSL_USE_APPLINK -I. -DOPENSSL_NO_RC5 -DOPENSSL_NO_MD2 -DOPENSSL_NO_KRB5 -DOPENSSL_NO_JPAKE -DOPENSSL_NO_STATIC_ENGINE /Zi /Fdtmp32dll/lib -D_WINDLL  -DOPENSSL_BUILD_SHLIBCRYPTO -c .\crypto\evp\p5_crpt2.c
p5_crpt2.c
c:\program files (x86)\microsoft sdks\windows\v7.1a\include\sal_supp.h(57) : warning C4005: '__useHeader' : macro redefinition
        C:\Program Files (x86)\Microsoft Visual Studio 12.0\VC\include\sal.h(2886) : see previous definition of '__useHeader'
c:\program files (x86)\microsoft sdks\windows\v7.1a\include\specstrings_supp.h(77) : warning C4005: '__on_failure' : macro redefinition
        C:\Program Files (x86)\Microsoft Visual Studio 12.0\VC\include\sal.h(2896) : see previous definition of '__on_failure'
	cl /Fotmp32dll\e_old.obj  -Iinc32 -Itmp32dll /MD /Ox /O2 /Ob2 -DOPENSSL_THREADS  -DDSO_WIN32 -W3 -Gs0 -GF -Gy -nologo -DOPENSSL_SYSNAME_WIN32 -DWIN32_LEAN_AND_MEAN -DL_ENDIAN -D_CRT_SECURE_NO_DEPRECATE -DOPENSSL_USE_APPLINK -I. -DOPENSSL_NO_RC5 -DOPENSSL_NO_MD2 -DOPENSSL_NO_KRB5 -DOPENSSL_NO_JPAKE -DOPENSSL_NO_STATIC_ENGINE /Zi /Fdtmp32dll/lib -D_WINDLL  -DOPENSSL_BUILD_SHLIBCRYPTO -c .\crypto\evp\e_old.c
e_old.c
	cl /Fotmp32dll\pmeth_lib.obj  -Iinc32 -Itmp32dll /MD /Ox /O2 /Ob2 -DOPENSSL_THREADS  -DDSO_WIN32 -W3 -Gs0 -GF -Gy -nologo -DOPENSSL_SYSNAME_WIN32 -DWIN32_LEAN_AND_MEAN -DL_ENDIAN -D_CRT_SECURE_NO_DEPRECATE -DOPENSSL_USE_APPLINK -I. -DOPENSSL_NO_RC5 -DOPENSSL_NO_MD2 -DOPENSSL_NO_KRB5 -DOPENSSL_NO_JPAKE -DOPENSSL_NO_STATIC_ENGINE /Zi /Fdtmp32dll/lib -D_WINDLL  -DOPENSSL_BUILD_SHLIBCRYPTO -c .\crypto\evp\pmeth_lib.c
pmeth_lib.c
c:\program files (x86)\microsoft sdks\windows\v7.1a\include\sal_supp.h(57) : warning C4005: '__useHeader' : macro redefinition
        C:\Program Files (x86)\Microsoft Visual Studio 12.0\VC\include\sal.h(2886) : see previous definition of '__useHeader'
c:\program files (x86)\microsoft sdks\windows\v7.1a\include\specstrings_supp.h(77) : warning C4005: '__on_failure' : macro redefinition
        C:\Program Files (x86)\Microsoft Visual Studio 12.0\VC\include\sal.h(2896) : see previous definition of '__on_failure'
	cl /Fotmp32dll\pmeth_fn.obj  -Iinc32 -Itmp32dll /MD /Ox /O2 /Ob2 -DOPENSSL_THREADS  -DDSO_WIN32 -W3 -Gs0 -GF -Gy -nologo -DOPENSSL_SYSNAME_WIN32 -DWIN32_LEAN_AND_MEAN -DL_ENDIAN -D_CRT_SECURE_NO_DEPRECATE -DOPENSSL_USE_APPLINK -I. -DOPENSSL_NO_RC5 -DOPENSSL_NO_MD2 -DOPENSSL_NO_KRB5 -DOPENSSL_NO_JPAKE -DOPENSSL_NO_STATIC_ENGINE /Zi /Fdtmp32dll/lib -D_WINDLL  -DOPENSSL_BUILD_SHLIBCRYPTO -c .\crypto\evp\pmeth_fn.c
pmeth_fn.c
c:\program files (x86)\microsoft sdks\windows\v7.1a\include\sal_supp.h(57) : warning C4005: '__useHeader' : macro redefinition
        C:\Program Files (x86)\Microsoft Visual Studio 12.0\VC\include\sal.h(2886) : see previous definition of '__useHeader'
c:\program files (x86)\microsoft sdks\windows\v7.1a\include\specstrings_supp.h(77) : warning C4005: '__on_failure' : macro redefinition
        C:\Program Files (x86)\Microsoft Visual Studio 12.0\VC\include\sal.h(2896) : see previous definition of '__on_failure'
	cl /Fotmp32dll\pmeth_gn.obj  -Iinc32 -Itmp32dll /MD /Ox /O2 /Ob2 -DOPENSSL_THREADS  -DDSO_WIN32 -W3 -Gs0 -GF -Gy -nologo -DOPENSSL_SYSNAME_WIN32 -DWIN32_LEAN_AND_MEAN -DL_ENDIAN -D_CRT_SECURE_NO_DEPRECATE -DOPENSSL_USE_APPLINK -I. -DOPENSSL_NO_RC5 -DOPENSSL_NO_MD2 -DOPENSSL_NO_KRB5 -DOPENSSL_NO_JPAKE -DOPENSSL_NO_STATIC_ENGINE /Zi /Fdtmp32dll/lib -D_WINDLL  -DOPENSSL_BUILD_SHLIBCRYPTO -c .\crypto\evp\pmeth_gn.c
pmeth_gn.c
c:\program files (x86)\microsoft sdks\windows\v7.1a\include\sal_supp.h(57) : warning C4005: '__useHeader' : macro redefinition
        C:\Program Files (x86)\Microsoft Visual Studio 12.0\VC\include\sal.h(2886) : see previous definition of '__useHeader'
c:\program files (x86)\microsoft sdks\windows\v7.1a\include\specstrings_supp.h(77) : warning C4005: '__on_failure' : macro redefinition
        C:\Program Files (x86)\Microsoft Visual Studio 12.0\VC\include\sal.h(2896) : see previous definition of '__on_failure'
	cl /Fotmp32dll\m_sigver.obj  -Iinc32 -Itmp32dll /MD /Ox /O2 /Ob2 -DOPENSSL_THREADS  -DDSO_WIN32 -W3 -Gs0 -GF -Gy -nologo -DOPENSSL_SYSNAME_WIN32 -DWIN32_LEAN_AND_MEAN -DL_ENDIAN -D_CRT_SECURE_NO_DEPRECATE -DOPENSSL_USE_APPLINK -I. -DOPENSSL_NO_RC5 -DOPENSSL_NO_MD2 -DOPENSSL_NO_KRB5 -DOPENSSL_NO_JPAKE -DOPENSSL_NO_STATIC_ENGINE /Zi /Fdtmp32dll/lib -D_WINDLL  -DOPENSSL_BUILD_SHLIBCRYPTO -c .\crypto\evp\m_sigver.c
m_sigver.c
c:\program files (x86)\microsoft sdks\windows\v7.1a\include\sal_supp.h(57) : warning C4005: '__useHeader' : macro redefinition
        C:\Program Files (x86)\Microsoft Visual Studio 12.0\VC\include\sal.h(2886) : see previous definition of '__useHeader'
c:\program files (x86)\microsoft sdks\windows\v7.1a\include\specstrings_supp.h(77) : warning C4005: '__on_failure' : macro redefinition
        C:\Program Files (x86)\Microsoft Visual Studio 12.0\VC\include\sal.h(2896) : see previous definition of '__on_failure'
	cl /Fotmp32dll\e_aes_cbc_hmac_sha1.obj  -Iinc32 -Itmp32dll /MD /Ox /O2 /Ob2 -DOPENSSL_THREADS  -DDSO_WIN32 -W3 -Gs0 -GF -Gy -nologo -DOPENSSL_SYSNAME_WIN32 -DWIN32_LEAN_AND_MEAN -DL_ENDIAN -D_CRT_SECURE_NO_DEPRECATE -DOPENSSL_USE_APPLINK -I. -DOPENSSL_NO_RC5 -DOPENSSL_NO_MD2 -DOPENSSL_NO_KRB5 -DOPENSSL_NO_JPAKE -DOPENSSL_NO_STATIC_ENGINE /Zi /Fdtmp32dll/lib -D_WINDLL  -DOPENSSL_BUILD_SHLIBCRYPTO -c .\crypto\evp\e_aes_cbc_hmac_sha1.c
e_aes_cbc_hmac_sha1.c
c:\program files (x86)\microsoft sdks\windows\v7.1a\include\sal_supp.h(57) : warning C4005: '__useHeader' : macro redefinition
        C:\Program Files (x86)\Microsoft Visual Studio 12.0\VC\include\sal.h(2886) : see previous definition of '__useHeader'
c:\program files (x86)\microsoft sdks\windows\v7.1a\include\specstrings_supp.h(77) : warning C4005: '__on_failure' : macro redefinition
        C:\Program Files (x86)\Microsoft Visual Studio 12.0\VC\include\sal.h(2896) : see previous definition of '__on_failure'
	cl /Fotmp32dll\e_aes_cbc_hmac_sha256.obj  -Iinc32 -Itmp32dll /MD /Ox /O2 /Ob2 -DOPENSSL_THREADS  -DDSO_WIN32 -W3 -Gs0 -GF -Gy -nologo -DOPENSSL_SYSNAME_WIN32 -DWIN32_LEAN_AND_MEAN -DL_ENDIAN -D_CRT_SECURE_NO_DEPRECATE -DOPENSSL_USE_APPLINK -I. -DOPENSSL_NO_RC5 -DOPENSSL_NO_MD2 -DOPENSSL_NO_KRB5 -DOPENSSL_NO_JPAKE -DOPENSSL_NO_STATIC_ENGINE /Zi /Fdtmp32dll/lib -D_WINDLL  -DOPENSSL_BUILD_SHLIBCRYPTO -c .\crypto\evp\e_aes_cbc_hmac_sha256.c
e_aes_cbc_hmac_sha256.c
c:\program files (x86)\microsoft sdks\windows\v7.1a\include\sal_supp.h(57) : warning C4005: '__useHeader' : macro redefinition
        C:\Program Files (x86)\Microsoft Visual Studio 12.0\VC\include\sal.h(2886) : see previous definition of '__useHeader'
c:\program files (x86)\microsoft sdks\windows\v7.1a\include\specstrings_supp.h(77) : warning C4005: '__on_failure' : macro redefinition
        C:\Program Files (x86)\Microsoft Visual Studio 12.0\VC\include\sal.h(2896) : see previous definition of '__on_failure'
	cl /Fotmp32dll\e_rc4_hmac_md5.obj  -Iinc32 -Itmp32dll /MD /Ox /O2 /Ob2 -DOPENSSL_THREADS  -DDSO_WIN32 -W3 -Gs0 -GF -Gy -nologo -DOPENSSL_SYSNAME_WIN32 -DWIN32_LEAN_AND_MEAN -DL_ENDIAN -D_CRT_SECURE_NO_DEPRECATE -DOPENSSL_USE_APPLINK -I. -DOPENSSL_NO_RC5 -DOPENSSL_NO_MD2 -DOPENSSL_NO_KRB5 -DOPENSSL_NO_JPAKE -DOPENSSL_NO_STATIC_ENGINE /Zi /Fdtmp32dll/lib -D_WINDLL  -DOPENSSL_BUILD_SHLIBCRYPTO -c .\crypto\evp\e_rc4_hmac_md5.c
e_rc4_hmac_md5.c
	cl /Fotmp32dll\a_object.obj  -Iinc32 -Itmp32dll /MD /Ox /O2 /Ob2 -DOPENSSL_THREADS  -DDSO_WIN32 -W3 -Gs0 -GF -Gy -nologo -DOPENSSL_SYSNAME_WIN32 -DWIN32_LEAN_AND_MEAN -DL_ENDIAN -D_CRT_SECURE_NO_DEPRECATE -DOPENSSL_USE_APPLINK -I. -DOPENSSL_NO_RC5 -DOPENSSL_NO_MD2 -DOPENSSL_NO_KRB5 -DOPENSSL_NO_JPAKE -DOPENSSL_NO_STATIC_ENGINE /Zi /Fdtmp32dll/lib -D_WINDLL  -DOPENSSL_BUILD_SHLIBCRYPTO -c .\crypto\asn1\a_object.c
a_object.c
c:\program files (x86)\microsoft sdks\windows\v7.1a\include\sal_supp.h(57) : warning C4005: '__useHeader' : macro redefinition
        C:\Program Files (x86)\Microsoft Visual Studio 12.0\VC\include\sal.h(2886) : see previous definition of '__useHeader'
c:\program files (x86)\microsoft sdks\windows\v7.1a\include\specstrings_supp.h(77) : warning C4005: '__on_failure' : macro redefinition
        C:\Program Files (x86)\Microsoft Visual Studio 12.0\VC\include\sal.h(2896) : see previous definition of '__on_failure'
	cl /Fotmp32dll\a_bitstr.obj  -Iinc32 -Itmp32dll /MD /Ox /O2 /Ob2 -DOPENSSL_THREADS  -DDSO_WIN32 -W3 -Gs0 -GF -Gy -nologo -DOPENSSL_SYSNAME_WIN32 -DWIN32_LEAN_AND_MEAN -DL_ENDIAN -D_CRT_SECURE_NO_DEPRECATE -DOPENSSL_USE_APPLINK -I. -DOPENSSL_NO_RC5 -DOPENSSL_NO_MD2 -DOPENSSL_NO_KRB5 -DOPENSSL_NO_JPAKE -DOPENSSL_NO_STATIC_ENGINE /Zi /Fdtmp32dll/lib -D_WINDLL  -DOPENSSL_BUILD_SHLIBCRYPTO -c .\crypto\asn1\a_bitstr.c
a_bitstr.c
c:\program files (x86)\microsoft sdks\windows\v7.1a\include\sal_supp.h(57) : warning C4005: '__useHeader' : macro redefinition
        C:\Program Files (x86)\Microsoft Visual Studio 12.0\VC\include\sal.h(2886) : see previous definition of '__useHeader'
c:\program files (x86)\microsoft sdks\windows\v7.1a\include\specstrings_supp.h(77) : warning C4005: '__on_failure' : macro redefinition
        C:\Program Files (x86)\Microsoft Visual Studio 12.0\VC\include\sal.h(2896) : see previous definition of '__on_failure'
	cl /Fotmp32dll\a_utctm.obj  -Iinc32 -Itmp32dll /MD /Ox /O2 /Ob2 -DOPENSSL_THREADS  -DDSO_WIN32 -W3 -Gs0 -GF -Gy -nologo -DOPENSSL_SYSNAME_WIN32 -DWIN32_LEAN_AND_MEAN -DL_ENDIAN -D_CRT_SECURE_NO_DEPRECATE -DOPENSSL_USE_APPLINK -I. -DOPENSSL_NO_RC5 -DOPENSSL_NO_MD2 -DOPENSSL_NO_KRB5 -DOPENSSL_NO_JPAKE -DOPENSSL_NO_STATIC_ENGINE /Zi /Fdtmp32dll/lib -D_WINDLL  -DOPENSSL_BUILD_SHLIBCRYPTO -c .\crypto\asn1\a_utctm.c
a_utctm.c
c:\program files (x86)\microsoft sdks\windows\v7.1a\include\sal_supp.h(57) : warning C4005: '__useHeader' : macro redefinition
        C:\Program Files (x86)\Microsoft Visual Studio 12.0\VC\include\sal.h(2886) : see previous definition of '__useHeader'
c:\program files (x86)\microsoft sdks\windows\v7.1a\include\specstrings_supp.h(77) : warning C4005: '__on_failure' : macro redefinition
        C:\Program Files (x86)\Microsoft Visual Studio 12.0\VC\include\sal.h(2896) : see previous definition of '__on_failure'
	cl /Fotmp32dll\a_gentm.obj  -Iinc32 -Itmp32dll /MD /Ox /O2 /Ob2 -DOPENSSL_THREADS  -DDSO_WIN32 -W3 -Gs0 -GF -Gy -nologo -DOPENSSL_SYSNAME_WIN32 -DWIN32_LEAN_AND_MEAN -DL_ENDIAN -D_CRT_SECURE_NO_DEPRECATE -DOPENSSL_USE_APPLINK -I. -DOPENSSL_NO_RC5 -DOPENSSL_NO_MD2 -DOPENSSL_NO_KRB5 -DOPENSSL_NO_JPAKE -DOPENSSL_NO_STATIC_ENGINE /Zi /Fdtmp32dll/lib -D_WINDLL  -DOPENSSL_BUILD_SHLIBCRYPTO -c .\crypto\asn1\a_gentm.c
a_gentm.c
c:\program files (x86)\microsoft sdks\windows\v7.1a\include\sal_supp.h(57) : warning C4005: '__useHeader' : macro redefinition
        C:\Program Files (x86)\Microsoft Visual Studio 12.0\VC\include\sal.h(2886) : see previous definition of '__useHeader'
c:\program files (x86)\microsoft sdks\windows\v7.1a\include\specstrings_supp.h(77) : warning C4005: '__on_failure' : macro redefinition
        C:\Program Files (x86)\Microsoft Visual Studio 12.0\VC\include\sal.h(2896) : see previous definition of '__on_failure'
	cl /Fotmp32dll\a_time.obj  -Iinc32 -Itmp32dll /MD /Ox /O2 /Ob2 -DOPENSSL_THREADS  -DDSO_WIN32 -W3 -Gs0 -GF -Gy -nologo -DOPENSSL_SYSNAME_WIN32 -DWIN32_LEAN_AND_MEAN -DL_ENDIAN -D_CRT_SECURE_NO_DEPRECATE -DOPENSSL_USE_APPLINK -I. -DOPENSSL_NO_RC5 -DOPENSSL_NO_MD2 -DOPENSSL_NO_KRB5 -DOPENSSL_NO_JPAKE -DOPENSSL_NO_STATIC_ENGINE /Zi /Fdtmp32dll/lib -D_WINDLL  -DOPENSSL_BUILD_SHLIBCRYPTO -c .\crypto\asn1\a_time.c
a_time.c
c:\program files (x86)\microsoft sdks\windows\v7.1a\include\sal_supp.h(57) : warning C4005: '__useHeader' : macro redefinition
        C:\Program Files (x86)\Microsoft Visual Studio 12.0\VC\include\sal.h(2886) : see previous definition of '__useHeader'
c:\program files (x86)\microsoft sdks\windows\v7.1a\include\specstrings_supp.h(77) : warning C4005: '__on_failure' : macro redefinition
        C:\Program Files (x86)\Microsoft Visual Studio 12.0\VC\include\sal.h(2896) : see previous definition of '__on_failure'
	cl /Fotmp32dll\a_int.obj  -Iinc32 -Itmp32dll /MD /Ox /O2 /Ob2 -DOPENSSL_THREADS  -DDSO_WIN32 -W3 -Gs0 -GF -Gy -nologo -DOPENSSL_SYSNAME_WIN32 -DWIN32_LEAN_AND_MEAN -DL_ENDIAN -D_CRT_SECURE_NO_DEPRECATE -DOPENSSL_USE_APPLINK -I. -DOPENSSL_NO_RC5 -DOPENSSL_NO_MD2 -DOPENSSL_NO_KRB5 -DOPENSSL_NO_JPAKE -DOPENSSL_NO_STATIC_ENGINE /Zi /Fdtmp32dll/lib -D_WINDLL  -DOPENSSL_BUILD_SHLIBCRYPTO -c .\crypto\asn1\a_int.c
a_int.c
c:\program files (x86)\microsoft sdks\windows\v7.1a\include\sal_supp.h(57) : warning C4005: '__useHeader' : macro redefinition
        C:\Program Files (x86)\Microsoft Visual Studio 12.0\VC\include\sal.h(2886) : see previous definition of '__useHeader'
c:\program files (x86)\microsoft sdks\windows\v7.1a\include\specstrings_supp.h(77) : warning C4005: '__on_failure' : macro redefinition
        C:\Program Files (x86)\Microsoft Visual Studio 12.0\VC\include\sal.h(2896) : see previous definition of '__on_failure'
	cl /Fotmp32dll\a_octet.obj  -Iinc32 -Itmp32dll /MD /Ox /O2 /Ob2 -DOPENSSL_THREADS  -DDSO_WIN32 -W3 -Gs0 -GF -Gy -nologo -DOPENSSL_SYSNAME_WIN32 -DWIN32_LEAN_AND_MEAN -DL_ENDIAN -D_CRT_SECURE_NO_DEPRECATE -DOPENSSL_USE_APPLINK -I. -DOPENSSL_NO_RC5 -DOPENSSL_NO_MD2 -DOPENSSL_NO_KRB5 -DOPENSSL_NO_JPAKE -DOPENSSL_NO_STATIC_ENGINE /Zi /Fdtmp32dll/lib -D_WINDLL  -DOPENSSL_BUILD_SHLIBCRYPTO -c .\crypto\asn1\a_octet.c
a_octet.c
c:\program files (x86)\microsoft sdks\windows\v7.1a\include\sal_supp.h(57) : warning C4005: '__useHeader' : macro redefinition
        C:\Program Files (x86)\Microsoft Visual Studio 12.0\VC\include\sal.h(2886) : see previous definition of '__useHeader'
c:\program files (x86)\microsoft sdks\windows\v7.1a\include\specstrings_supp.h(77) : warning C4005: '__on_failure' : macro redefinition
        C:\Program Files (x86)\Microsoft Visual Studio 12.0\VC\include\sal.h(2896) : see previous definition of '__on_failure'
	cl /Fotmp32dll\a_print.obj  -Iinc32 -Itmp32dll /MD /Ox /O2 /Ob2 -DOPENSSL_THREADS  -DDSO_WIN32 -W3 -Gs0 -GF -Gy -nologo -DOPENSSL_SYSNAME_WIN32 -DWIN32_LEAN_AND_MEAN -DL_ENDIAN -D_CRT_SECURE_NO_DEPRECATE -DOPENSSL_USE_APPLINK -I. -DOPENSSL_NO_RC5 -DOPENSSL_NO_MD2 -DOPENSSL_NO_KRB5 -DOPENSSL_NO_JPAKE -DOPENSSL_NO_STATIC_ENGINE /Zi /Fdtmp32dll/lib -D_WINDLL  -DOPENSSL_BUILD_SHLIBCRYPTO -c .\crypto\asn1\a_print.c
a_print.c
c:\program files (x86)\microsoft sdks\windows\v7.1a\include\sal_supp.h(57) : warning C4005: '__useHeader' : macro redefinition
        C:\Program Files (x86)\Microsoft Visual Studio 12.0\VC\include\sal.h(2886) : see previous definition of '__useHeader'
c:\program files (x86)\microsoft sdks\windows\v7.1a\include\specstrings_supp.h(77) : warning C4005: '__on_failure' : macro redefinition
        C:\Program Files (x86)\Microsoft Visual Studio 12.0\VC\include\sal.h(2896) : see previous definition of '__on_failure'
	cl /Fotmp32dll\a_type.obj  -Iinc32 -Itmp32dll /MD /Ox /O2 /Ob2 -DOPENSSL_THREADS  -DDSO_WIN32 -W3 -Gs0 -GF -Gy -nologo -DOPENSSL_SYSNAME_WIN32 -DWIN32_LEAN_AND_MEAN -DL_ENDIAN -D_CRT_SECURE_NO_DEPRECATE -DOPENSSL_USE_APPLINK -I. -DOPENSSL_NO_RC5 -DOPENSSL_NO_MD2 -DOPENSSL_NO_KRB5 -DOPENSSL_NO_JPAKE -DOPENSSL_NO_STATIC_ENGINE /Zi /Fdtmp32dll/lib -D_WINDLL  -DOPENSSL_BUILD_SHLIBCRYPTO -c .\crypto\asn1\a_type.c
a_type.c
c:\program files (x86)\microsoft sdks\windows\v7.1a\include\sal_supp.h(57) : warning C4005: '__useHeader' : macro redefinition
        C:\Program Files (x86)\Microsoft Visual Studio 12.0\VC\include\sal.h(2886) : see previous definition of '__useHeader'
c:\program files (x86)\microsoft sdks\windows\v7.1a\include\specstrings_supp.h(77) : warning C4005: '__on_failure' : macro redefinition
        C:\Program Files (x86)\Microsoft Visual Studio 12.0\VC\include\sal.h(2896) : see previous definition of '__on_failure'
	cl /Fotmp32dll\a_set.obj  -Iinc32 -Itmp32dll /MD /Ox /O2 /Ob2 -DOPENSSL_THREADS  -DDSO_WIN32 -W3 -Gs0 -GF -Gy -nologo -DOPENSSL_SYSNAME_WIN32 -DWIN32_LEAN_AND_MEAN -DL_ENDIAN -D_CRT_SECURE_NO_DEPRECATE -DOPENSSL_USE_APPLINK -I. -DOPENSSL_NO_RC5 -DOPENSSL_NO_MD2 -DOPENSSL_NO_KRB5 -DOPENSSL_NO_JPAKE -DOPENSSL_NO_STATIC_ENGINE /Zi /Fdtmp32dll/lib -D_WINDLL  -DOPENSSL_BUILD_SHLIBCRYPTO -c .\crypto\asn1\a_set.c
a_set.c
c:\program files (x86)\microsoft sdks\windows\v7.1a\include\sal_supp.h(57) : warning C4005: '__useHeader' : macro redefinition
        C:\Program Files (x86)\Microsoft Visual Studio 12.0\VC\include\sal.h(2886) : see previous definition of '__useHeader'
c:\program files (x86)\microsoft sdks\windows\v7.1a\include\specstrings_supp.h(77) : warning C4005: '__on_failure' : macro redefinition
        C:\Program Files (x86)\Microsoft Visual Studio 12.0\VC\include\sal.h(2896) : see previous definition of '__on_failure'
	cl /Fotmp32dll\a_dup.obj  -Iinc32 -Itmp32dll /MD /Ox /O2 /Ob2 -DOPENSSL_THREADS  -DDSO_WIN32 -W3 -Gs0 -GF -Gy -nologo -DOPENSSL_SYSNAME_WIN32 -DWIN32_LEAN_AND_MEAN -DL_ENDIAN -D_CRT_SECURE_NO_DEPRECATE -DOPENSSL_USE_APPLINK -I. -DOPENSSL_NO_RC5 -DOPENSSL_NO_MD2 -DOPENSSL_NO_KRB5 -DOPENSSL_NO_JPAKE -DOPENSSL_NO_STATIC_ENGINE /Zi /Fdtmp32dll/lib -D_WINDLL  -DOPENSSL_BUILD_SHLIBCRYPTO -c .\crypto\asn1\a_dup.c
a_dup.c
c:\program files (x86)\microsoft sdks\windows\v7.1a\include\sal_supp.h(57) : warning C4005: '__useHeader' : macro redefinition
        C:\Program Files (x86)\Microsoft Visual Studio 12.0\VC\include\sal.h(2886) : see previous definition of '__useHeader'
c:\program files (x86)\microsoft sdks\windows\v7.1a\include\specstrings_supp.h(77) : warning C4005: '__on_failure' : macro redefinition
        C:\Program Files (x86)\Microsoft Visual Studio 12.0\VC\include\sal.h(2896) : see previous definition of '__on_failure'
	cl /Fotmp32dll\a_d2i_fp.obj  -Iinc32 -Itmp32dll /MD /Ox /O2 /Ob2 -DOPENSSL_THREADS  -DDSO_WIN32 -W3 -Gs0 -GF -Gy -nologo -DOPENSSL_SYSNAME_WIN32 -DWIN32_LEAN_AND_MEAN -DL_ENDIAN -D_CRT_SECURE_NO_DEPRECATE -DOPENSSL_USE_APPLINK -I. -DOPENSSL_NO_RC5 -DOPENSSL_NO_MD2 -DOPENSSL_NO_KRB5 -DOPENSSL_NO_JPAKE -DOPENSSL_NO_STATIC_ENGINE /Zi /Fdtmp32dll/lib -D_WINDLL  -DOPENSSL_BUILD_SHLIBCRYPTO -c .\crypto\asn1\a_d2i_fp.c
a_d2i_fp.c
c:\program files (x86)\microsoft sdks\windows\v7.1a\include\sal_supp.h(57) : warning C4005: '__useHeader' : macro redefinition
        C:\Program Files (x86)\Microsoft Visual Studio 12.0\VC\include\sal.h(2886) : see previous definition of '__useHeader'
c:\program files (x86)\microsoft sdks\windows\v7.1a\include\specstrings_supp.h(77) : warning C4005: '__on_failure' : macro redefinition
        C:\Program Files (x86)\Microsoft Visual Studio 12.0\VC\include\sal.h(2896) : see previous definition of '__on_failure'
	cl /Fotmp32dll\a_i2d_fp.obj  -Iinc32 -Itmp32dll /MD /Ox /O2 /Ob2 -DOPENSSL_THREADS  -DDSO_WIN32 -W3 -Gs0 -GF -Gy -nologo -DOPENSSL_SYSNAME_WIN32 -DWIN32_LEAN_AND_MEAN -DL_ENDIAN -D_CRT_SECURE_NO_DEPRECATE -DOPENSSL_USE_APPLINK -I. -DOPENSSL_NO_RC5 -DOPENSSL_NO_MD2 -DOPENSSL_NO_KRB5 -DOPENSSL_NO_JPAKE -DOPENSSL_NO_STATIC_ENGINE /Zi /Fdtmp32dll/lib -D_WINDLL  -DOPENSSL_BUILD_SHLIBCRYPTO -c .\crypto\asn1\a_i2d_fp.c
a_i2d_fp.c
c:\program files (x86)\microsoft sdks\windows\v7.1a\include\sal_supp.h(57) : warning C4005: '__useHeader' : macro redefinition
        C:\Program Files (x86)\Microsoft Visual Studio 12.0\VC\include\sal.h(2886) : see previous definition of '__useHeader'
c:\program files (x86)\microsoft sdks\windows\v7.1a\include\specstrings_supp.h(77) : warning C4005: '__on_failure' : macro redefinition
        C:\Program Files (x86)\Microsoft Visual Studio 12.0\VC\include\sal.h(2896) : see previous definition of '__on_failure'
	cl /Fotmp32dll\a_enum.obj  -Iinc32 -Itmp32dll /MD /Ox /O2 /Ob2 -DOPENSSL_THREADS  -DDSO_WIN32 -W3 -Gs0 -GF -Gy -nologo -DOPENSSL_SYSNAME_WIN32 -DWIN32_LEAN_AND_MEAN -DL_ENDIAN -D_CRT_SECURE_NO_DEPRECATE -DOPENSSL_USE_APPLINK -I. -DOPENSSL_NO_RC5 -DOPENSSL_NO_MD2 -DOPENSSL_NO_KRB5 -DOPENSSL_NO_JPAKE -DOPENSSL_NO_STATIC_ENGINE /Zi /Fdtmp32dll/lib -D_WINDLL  -DOPENSSL_BUILD_SHLIBCRYPTO -c .\crypto\asn1\a_enum.c
a_enum.c
c:\program files (x86)\microsoft sdks\windows\v7.1a\include\sal_supp.h(57) : warning C4005: '__useHeader' : macro redefinition
        C:\Program Files (x86)\Microsoft Visual Studio 12.0\VC\include\sal.h(2886) : see previous definition of '__useHeader'
c:\program files (x86)\microsoft sdks\windows\v7.1a\include\specstrings_supp.h(77) : warning C4005: '__on_failure' : macro redefinition
        C:\Program Files (x86)\Microsoft Visual Studio 12.0\VC\include\sal.h(2896) : see previous definition of '__on_failure'
	cl /Fotmp32dll\a_utf8.obj  -Iinc32 -Itmp32dll /MD /Ox /O2 /Ob2 -DOPENSSL_THREADS  -DDSO_WIN32 -W3 -Gs0 -GF -Gy -nologo -DOPENSSL_SYSNAME_WIN32 -DWIN32_LEAN_AND_MEAN -DL_ENDIAN -D_CRT_SECURE_NO_DEPRECATE -DOPENSSL_USE_APPLINK -I. -DOPENSSL_NO_RC5 -DOPENSSL_NO_MD2 -DOPENSSL_NO_KRB5 -DOPENSSL_NO_JPAKE -DOPENSSL_NO_STATIC_ENGINE /Zi /Fdtmp32dll/lib -D_WINDLL  -DOPENSSL_BUILD_SHLIBCRYPTO -c .\crypto\asn1\a_utf8.c
a_utf8.c
c:\program files (x86)\microsoft sdks\windows\v7.1a\include\sal_supp.h(57) : warning C4005: '__useHeader' : macro redefinition
        C:\Program Files (x86)\Microsoft Visual Studio 12.0\VC\include\sal.h(2886) : see previous definition of '__useHeader'
c:\program files (x86)\microsoft sdks\windows\v7.1a\include\specstrings_supp.h(77) : warning C4005: '__on_failure' : macro redefinition
        C:\Program Files (x86)\Microsoft Visual Studio 12.0\VC\include\sal.h(2896) : see previous definition of '__on_failure'
	cl /Fotmp32dll\a_sign.obj  -Iinc32 -Itmp32dll /MD /Ox /O2 /Ob2 -DOPENSSL_THREADS  -DDSO_WIN32 -W3 -Gs0 -GF -Gy -nologo -DOPENSSL_SYSNAME_WIN32 -DWIN32_LEAN_AND_MEAN -DL_ENDIAN -D_CRT_SECURE_NO_DEPRECATE -DOPENSSL_USE_APPLINK -I. -DOPENSSL_NO_RC5 -DOPENSSL_NO_MD2 -DOPENSSL_NO_KRB5 -DOPENSSL_NO_JPAKE -DOPENSSL_NO_STATIC_ENGINE /Zi /Fdtmp32dll/lib -D_WINDLL  -DOPENSSL_BUILD_SHLIBCRYPTO -c .\crypto\asn1\a_sign.c
a_sign.c
c:\program files (x86)\microsoft sdks\windows\v7.1a\include\sal_supp.h(57) : warning C4005: '__useHeader' : macro redefinition
        C:\Program Files (x86)\Microsoft Visual Studio 12.0\VC\include\sal.h(2886) : see previous definition of '__useHeader'
c:\program files (x86)\microsoft sdks\windows\v7.1a\include\specstrings_supp.h(77) : warning C4005: '__on_failure' : macro redefinition
        C:\Program Files (x86)\Microsoft Visual Studio 12.0\VC\include\sal.h(2896) : see previous definition of '__on_failure'
	cl /Fotmp32dll\a_digest.obj  -Iinc32 -Itmp32dll /MD /Ox /O2 /Ob2 -DOPENSSL_THREADS  -DDSO_WIN32 -W3 -Gs0 -GF -Gy -nologo -DOPENSSL_SYSNAME_WIN32 -DWIN32_LEAN_AND_MEAN -DL_ENDIAN -D_CRT_SECURE_NO_DEPRECATE -DOPENSSL_USE_APPLINK -I. -DOPENSSL_NO_RC5 -DOPENSSL_NO_MD2 -DOPENSSL_NO_KRB5 -DOPENSSL_NO_JPAKE -DOPENSSL_NO_STATIC_ENGINE /Zi /Fdtmp32dll/lib -D_WINDLL  -DOPENSSL_BUILD_SHLIBCRYPTO -c .\crypto\asn1\a_digest.c
a_digest.c
c:\program files (x86)\microsoft sdks\windows\v7.1a\include\sal_supp.h(57) : warning C4005: '__useHeader' : macro redefinition
        C:\Program Files (x86)\Microsoft Visual Studio 12.0\VC\include\sal.h(2886) : see previous definition of '__useHeader'
c:\program files (x86)\microsoft sdks\windows\v7.1a\include\specstrings_supp.h(77) : warning C4005: '__on_failure' : macro redefinition
        C:\Program Files (x86)\Microsoft Visual Studio 12.0\VC\include\sal.h(2896) : see previous definition of '__on_failure'
	cl /Fotmp32dll\a_verify.obj  -Iinc32 -Itmp32dll /MD /Ox /O2 /Ob2 -DOPENSSL_THREADS  -DDSO_WIN32 -W3 -Gs0 -GF -Gy -nologo -DOPENSSL_SYSNAME_WIN32 -DWIN32_LEAN_AND_MEAN -DL_ENDIAN -D_CRT_SECURE_NO_DEPRECATE -DOPENSSL_USE_APPLINK -I. -DOPENSSL_NO_RC5 -DOPENSSL_NO_MD2 -DOPENSSL_NO_KRB5 -DOPENSSL_NO_JPAKE -DOPENSSL_NO_STATIC_ENGINE /Zi /Fdtmp32dll/lib -D_WINDLL  -DOPENSSL_BUILD_SHLIBCRYPTO -c .\crypto\asn1\a_verify.c
a_verify.c
c:\program files (x86)\microsoft sdks\windows\v7.1a\include\sal_supp.h(57) : warning C4005: '__useHeader' : macro redefinition
        C:\Program Files (x86)\Microsoft Visual Studio 12.0\VC\include\sal.h(2886) : see previous definition of '__useHeader'
c:\program files (x86)\microsoft sdks\windows\v7.1a\include\specstrings_supp.h(77) : warning C4005: '__on_failure' : macro redefinition
        C:\Program Files (x86)\Microsoft Visual Studio 12.0\VC\include\sal.h(2896) : see previous definition of '__on_failure'
	cl /Fotmp32dll\a_mbstr.obj  -Iinc32 -Itmp32dll /MD /Ox /O2 /Ob2 -DOPENSSL_THREADS  -DDSO_WIN32 -W3 -Gs0 -GF -Gy -nologo -DOPENSSL_SYSNAME_WIN32 -DWIN32_LEAN_AND_MEAN -DL_ENDIAN -D_CRT_SECURE_NO_DEPRECATE -DOPENSSL_USE_APPLINK -I. -DOPENSSL_NO_RC5 -DOPENSSL_NO_MD2 -DOPENSSL_NO_KRB5 -DOPENSSL_NO_JPAKE -DOPENSSL_NO_STATIC_ENGINE /Zi /Fdtmp32dll/lib -D_WINDLL  -DOPENSSL_BUILD_SHLIBCRYPTO -c .\crypto\asn1\a_mbstr.c
a_mbstr.c
c:\program files (x86)\microsoft sdks\windows\v7.1a\include\sal_supp.h(57) : warning C4005: '__useHeader' : macro redefinition
        C:\Program Files (x86)\Microsoft Visual Studio 12.0\VC\include\sal.h(2886) : see previous definition of '__useHeader'
c:\program files (x86)\microsoft sdks\windows\v7.1a\include\specstrings_supp.h(77) : warning C4005: '__on_failure' : macro redefinition
        C:\Program Files (x86)\Microsoft Visual Studio 12.0\VC\include\sal.h(2896) : see previous definition of '__on_failure'
	cl /Fotmp32dll\a_strex.obj  -Iinc32 -Itmp32dll /MD /Ox /O2 /Ob2 -DOPENSSL_THREADS  -DDSO_WIN32 -W3 -Gs0 -GF -Gy -nologo -DOPENSSL_SYSNAME_WIN32 -DWIN32_LEAN_AND_MEAN -DL_ENDIAN -D_CRT_SECURE_NO_DEPRECATE -DOPENSSL_USE_APPLINK -I. -DOPENSSL_NO_RC5 -DOPENSSL_NO_MD2 -DOPENSSL_NO_KRB5 -DOPENSSL_NO_JPAKE -DOPENSSL_NO_STATIC_ENGINE /Zi /Fdtmp32dll/lib -D_WINDLL  -DOPENSSL_BUILD_SHLIBCRYPTO -c .\crypto\asn1\a_strex.c
a_strex.c
c:\program files (x86)\microsoft sdks\windows\v7.1a\include\sal_supp.h(57) : warning C4005: '__useHeader' : macro redefinition
        C:\Program Files (x86)\Microsoft Visual Studio 12.0\VC\include\sal.h(2886) : see previous definition of '__useHeader'
c:\program files (x86)\microsoft sdks\windows\v7.1a\include\specstrings_supp.h(77) : warning C4005: '__on_failure' : macro redefinition
        C:\Program Files (x86)\Microsoft Visual Studio 12.0\VC\include\sal.h(2896) : see previous definition of '__on_failure'
	cl /Fotmp32dll\x_algor.obj  -Iinc32 -Itmp32dll /MD /Ox /O2 /Ob2 -DOPENSSL_THREADS  -DDSO_WIN32 -W3 -Gs0 -GF -Gy -nologo -DOPENSSL_SYSNAME_WIN32 -DWIN32_LEAN_AND_MEAN -DL_ENDIAN -D_CRT_SECURE_NO_DEPRECATE -DOPENSSL_USE_APPLINK -I. -DOPENSSL_NO_RC5 -DOPENSSL_NO_MD2 -DOPENSSL_NO_KRB5 -DOPENSSL_NO_JPAKE -DOPENSSL_NO_STATIC_ENGINE /Zi /Fdtmp32dll/lib -D_WINDLL  -DOPENSSL_BUILD_SHLIBCRYPTO -c .\crypto\asn1\x_algor.c
x_algor.c
	cl /Fotmp32dll\x_val.obj  -Iinc32 -Itmp32dll /MD /Ox /O2 /Ob2 -DOPENSSL_THREADS  -DDSO_WIN32 -W3 -Gs0 -GF -Gy -nologo -DOPENSSL_SYSNAME_WIN32 -DWIN32_LEAN_AND_MEAN -DL_ENDIAN -D_CRT_SECURE_NO_DEPRECATE -DOPENSSL_USE_APPLINK -I. -DOPENSSL_NO_RC5 -DOPENSSL_NO_MD2 -DOPENSSL_NO_KRB5 -DOPENSSL_NO_JPAKE -DOPENSSL_NO_STATIC_ENGINE /Zi /Fdtmp32dll/lib -D_WINDLL  -DOPENSSL_BUILD_SHLIBCRYPTO -c .\crypto\asn1\x_val.c
x_val.c
c:\program files (x86)\microsoft sdks\windows\v7.1a\include\sal_supp.h(57) : warning C4005: '__useHeader' : macro redefinition
        C:\Program Files (x86)\Microsoft Visual Studio 12.0\VC\include\sal.h(2886) : see previous definition of '__useHeader'
c:\program files (x86)\microsoft sdks\windows\v7.1a\include\specstrings_supp.h(77) : warning C4005: '__on_failure' : macro redefinition
        C:\Program Files (x86)\Microsoft Visual Studio 12.0\VC\include\sal.h(2896) : see previous definition of '__on_failure'
	cl /Fotmp32dll\x_pubkey.obj  -Iinc32 -Itmp32dll /MD /Ox /O2 /Ob2 -DOPENSSL_THREADS  -DDSO_WIN32 -W3 -Gs0 -GF -Gy -nologo -DOPENSSL_SYSNAME_WIN32 -DWIN32_LEAN_AND_MEAN -DL_ENDIAN -D_CRT_SECURE_NO_DEPRECATE -DOPENSSL_USE_APPLINK -I. -DOPENSSL_NO_RC5 -DOPENSSL_NO_MD2 -DOPENSSL_NO_KRB5 -DOPENSSL_NO_JPAKE -DOPENSSL_NO_STATIC_ENGINE /Zi /Fdtmp32dll/lib -D_WINDLL  -DOPENSSL_BUILD_SHLIBCRYPTO -c .\crypto\asn1\x_pubkey.c
x_pubkey.c
c:\program files (x86)\microsoft sdks\windows\v7.1a\include\sal_supp.h(57) : warning C4005: '__useHeader' : macro redefinition
        C:\Program Files (x86)\Microsoft Visual Studio 12.0\VC\include\sal.h(2886) : see previous definition of '__useHeader'
c:\program files (x86)\microsoft sdks\windows\v7.1a\include\specstrings_supp.h(77) : warning C4005: '__on_failure' : macro redefinition
        C:\Program Files (x86)\Microsoft Visual Studio 12.0\VC\include\sal.h(2896) : see previous definition of '__on_failure'
	cl /Fotmp32dll\x_sig.obj  -Iinc32 -Itmp32dll /MD /Ox /O2 /Ob2 -DOPENSSL_THREADS  -DDSO_WIN32 -W3 -Gs0 -GF -Gy -nologo -DOPENSSL_SYSNAME_WIN32 -DWIN32_LEAN_AND_MEAN -DL_ENDIAN -D_CRT_SECURE_NO_DEPRECATE -DOPENSSL_USE_APPLINK -I. -DOPENSSL_NO_RC5 -DOPENSSL_NO_MD2 -DOPENSSL_NO_KRB5 -DOPENSSL_NO_JPAKE -DOPENSSL_NO_STATIC_ENGINE /Zi /Fdtmp32dll/lib -D_WINDLL  -DOPENSSL_BUILD_SHLIBCRYPTO -c .\crypto\asn1\x_sig.c
x_sig.c
c:\program files (x86)\microsoft sdks\windows\v7.1a\include\sal_supp.h(57) : warning C4005: '__useHeader' : macro redefinition
        C:\Program Files (x86)\Microsoft Visual Studio 12.0\VC\include\sal.h(2886) : see previous definition of '__useHeader'
c:\program files (x86)\microsoft sdks\windows\v7.1a\include\specstrings_supp.h(77) : warning C4005: '__on_failure' : macro redefinition
        C:\Program Files (x86)\Microsoft Visual Studio 12.0\VC\include\sal.h(2896) : see previous definition of '__on_failure'
	cl /Fotmp32dll\x_req.obj  -Iinc32 -Itmp32dll /MD /Ox /O2 /Ob2 -DOPENSSL_THREADS  -DDSO_WIN32 -W3 -Gs0 -GF -Gy -nologo -DOPENSSL_SYSNAME_WIN32 -DWIN32_LEAN_AND_MEAN -DL_ENDIAN -D_CRT_SECURE_NO_DEPRECATE -DOPENSSL_USE_APPLINK -I. -DOPENSSL_NO_RC5 -DOPENSSL_NO_MD2 -DOPENSSL_NO_KRB5 -DOPENSSL_NO_JPAKE -DOPENSSL_NO_STATIC_ENGINE /Zi /Fdtmp32dll/lib -D_WINDLL  -DOPENSSL_BUILD_SHLIBCRYPTO -c .\crypto\asn1\x_req.c
x_req.c
c:\program files (x86)\microsoft sdks\windows\v7.1a\include\sal_supp.h(57) : warning C4005: '__useHeader' : macro redefinition
        C:\Program Files (x86)\Microsoft Visual Studio 12.0\VC\include\sal.h(2886) : see previous definition of '__useHeader'
c:\program files (x86)\microsoft sdks\windows\v7.1a\include\specstrings_supp.h(77) : warning C4005: '__on_failure' : macro redefinition
        C:\Program Files (x86)\Microsoft Visual Studio 12.0\VC\include\sal.h(2896) : see previous definition of '__on_failure'
	cl /Fotmp32dll\x_attrib.obj  -Iinc32 -Itmp32dll /MD /Ox /O2 /Ob2 -DOPENSSL_THREADS  -DDSO_WIN32 -W3 -Gs0 -GF -Gy -nologo -DOPENSSL_SYSNAME_WIN32 -DWIN32_LEAN_AND_MEAN -DL_ENDIAN -D_CRT_SECURE_NO_DEPRECATE -DOPENSSL_USE_APPLINK -I. -DOPENSSL_NO_RC5 -DOPENSSL_NO_MD2 -DOPENSSL_NO_KRB5 -DOPENSSL_NO_JPAKE -DOPENSSL_NO_STATIC_ENGINE /Zi /Fdtmp32dll/lib -D_WINDLL  -DOPENSSL_BUILD_SHLIBCRYPTO -c .\crypto\asn1\x_attrib.c
x_attrib.c
c:\program files (x86)\microsoft sdks\windows\v7.1a\include\sal_supp.h(57) : warning C4005: '__useHeader' : macro redefinition
        C:\Program Files (x86)\Microsoft Visual Studio 12.0\VC\include\sal.h(2886) : see previous definition of '__useHeader'
c:\program files (x86)\microsoft sdks\windows\v7.1a\include\specstrings_supp.h(77) : warning C4005: '__on_failure' : macro redefinition
        C:\Program Files (x86)\Microsoft Visual Studio 12.0\VC\include\sal.h(2896) : see previous definition of '__on_failure'
	cl /Fotmp32dll\x_bignum.obj  -Iinc32 -Itmp32dll /MD /Ox /O2 /Ob2 -DOPENSSL_THREADS  -DDSO_WIN32 -W3 -Gs0 -GF -Gy -nologo -DOPENSSL_SYSNAME_WIN32 -DWIN32_LEAN_AND_MEAN -DL_ENDIAN -D_CRT_SECURE_NO_DEPRECATE -DOPENSSL_USE_APPLINK -I. -DOPENSSL_NO_RC5 -DOPENSSL_NO_MD2 -DOPENSSL_NO_KRB5 -DOPENSSL_NO_JPAKE -DOPENSSL_NO_STATIC_ENGINE /Zi /Fdtmp32dll/lib -D_WINDLL  -DOPENSSL_BUILD_SHLIBCRYPTO -c .\crypto\asn1\x_bignum.c
x_bignum.c
c:\program files (x86)\microsoft sdks\windows\v7.1a\include\sal_supp.h(57) : warning C4005: '__useHeader' : macro redefinition
        C:\Program Files (x86)\Microsoft Visual Studio 12.0\VC\include\sal.h(2886) : see previous definition of '__useHeader'
c:\program files (x86)\microsoft sdks\windows\v7.1a\include\specstrings_supp.h(77) : warning C4005: '__on_failure' : macro redefinition
        C:\Program Files (x86)\Microsoft Visual Studio 12.0\VC\include\sal.h(2896) : see previous definition of '__on_failure'
	cl /Fotmp32dll\x_long.obj  -Iinc32 -Itmp32dll /MD /Ox /O2 /Ob2 -DOPENSSL_THREADS  -DDSO_WIN32 -W3 -Gs0 -GF -Gy -nologo -DOPENSSL_SYSNAME_WIN32 -DWIN32_LEAN_AND_MEAN -DL_ENDIAN -D_CRT_SECURE_NO_DEPRECATE -DOPENSSL_USE_APPLINK -I. -DOPENSSL_NO_RC5 -DOPENSSL_NO_MD2 -DOPENSSL_NO_KRB5 -DOPENSSL_NO_JPAKE -DOPENSSL_NO_STATIC_ENGINE /Zi /Fdtmp32dll/lib -D_WINDLL  -DOPENSSL_BUILD_SHLIBCRYPTO -c .\crypto\asn1\x_long.c
x_long.c
c:\program files (x86)\microsoft sdks\windows\v7.1a\include\sal_supp.h(57) : warning C4005: '__useHeader' : macro redefinition
        C:\Program Files (x86)\Microsoft Visual Studio 12.0\VC\include\sal.h(2886) : see previous definition of '__useHeader'
c:\program files (x86)\microsoft sdks\windows\v7.1a\include\specstrings_supp.h(77) : warning C4005: '__on_failure' : macro redefinition
        C:\Program Files (x86)\Microsoft Visual Studio 12.0\VC\include\sal.h(2896) : see previous definition of '__on_failure'
	cl /Fotmp32dll\x_name.obj  -Iinc32 -Itmp32dll /MD /Ox /O2 /Ob2 -DOPENSSL_THREADS  -DDSO_WIN32 -W3 -Gs0 -GF -Gy -nologo -DOPENSSL_SYSNAME_WIN32 -DWIN32_LEAN_AND_MEAN -DL_ENDIAN -D_CRT_SECURE_NO_DEPRECATE -DOPENSSL_USE_APPLINK -I. -DOPENSSL_NO_RC5 -DOPENSSL_NO_MD2 -DOPENSSL_NO_KRB5 -DOPENSSL_NO_JPAKE -DOPENSSL_NO_STATIC_ENGINE /Zi /Fdtmp32dll/lib -D_WINDLL  -DOPENSSL_BUILD_SHLIBCRYPTO -c .\crypto\asn1\x_name.c
x_name.c
c:\program files (x86)\microsoft sdks\windows\v7.1a\include\sal_supp.h(57) : warning C4005: '__useHeader' : macro redefinition
        C:\Program Files (x86)\Microsoft Visual Studio 12.0\VC\include\sal.h(2886) : see previous definition of '__useHeader'
c:\program files (x86)\microsoft sdks\windows\v7.1a\include\specstrings_supp.h(77) : warning C4005: '__on_failure' : macro redefinition
        C:\Program Files (x86)\Microsoft Visual Studio 12.0\VC\include\sal.h(2896) : see previous definition of '__on_failure'
	cl /Fotmp32dll\x_x509.obj  -Iinc32 -Itmp32dll /MD /Ox /O2 /Ob2 -DOPENSSL_THREADS  -DDSO_WIN32 -W3 -Gs0 -GF -Gy -nologo -DOPENSSL_SYSNAME_WIN32 -DWIN32_LEAN_AND_MEAN -DL_ENDIAN -D_CRT_SECURE_NO_DEPRECATE -DOPENSSL_USE_APPLINK -I. -DOPENSSL_NO_RC5 -DOPENSSL_NO_MD2 -DOPENSSL_NO_KRB5 -DOPENSSL_NO_JPAKE -DOPENSSL_NO_STATIC_ENGINE /Zi /Fdtmp32dll/lib -D_WINDLL  -DOPENSSL_BUILD_SHLIBCRYPTO -c .\crypto\asn1\x_x509.c
x_x509.c
c:\program files (x86)\microsoft sdks\windows\v7.1a\include\sal_supp.h(57) : warning C4005: '__useHeader' : macro redefinition
        C:\Program Files (x86)\Microsoft Visual Studio 12.0\VC\include\sal.h(2886) : see previous definition of '__useHeader'
c:\program files (x86)\microsoft sdks\windows\v7.1a\include\specstrings_supp.h(77) : warning C4005: '__on_failure' : macro redefinition
        C:\Program Files (x86)\Microsoft Visual Studio 12.0\VC\include\sal.h(2896) : see previous definition of '__on_failure'
	cl /Fotmp32dll\x_x509a.obj  -Iinc32 -Itmp32dll /MD /Ox /O2 /Ob2 -DOPENSSL_THREADS  -DDSO_WIN32 -W3 -Gs0 -GF -Gy -nologo -DOPENSSL_SYSNAME_WIN32 -DWIN32_LEAN_AND_MEAN -DL_ENDIAN -D_CRT_SECURE_NO_DEPRECATE -DOPENSSL_USE_APPLINK -I. -DOPENSSL_NO_RC5 -DOPENSSL_NO_MD2 -DOPENSSL_NO_KRB5 -DOPENSSL_NO_JPAKE -DOPENSSL_NO_STATIC_ENGINE /Zi /Fdtmp32dll/lib -D_WINDLL  -DOPENSSL_BUILD_SHLIBCRYPTO -c .\crypto\asn1\x_x509a.c
x_x509a.c
c:\program files (x86)\microsoft sdks\windows\v7.1a\include\sal_supp.h(57) : warning C4005: '__useHeader' : macro redefinition
        C:\Program Files (x86)\Microsoft Visual Studio 12.0\VC\include\sal.h(2886) : see previous definition of '__useHeader'
c:\program files (x86)\microsoft sdks\windows\v7.1a\include\specstrings_supp.h(77) : warning C4005: '__on_failure' : macro redefinition
        C:\Program Files (x86)\Microsoft Visual Studio 12.0\VC\include\sal.h(2896) : see previous definition of '__on_failure'
	cl /Fotmp32dll\x_crl.obj  -Iinc32 -Itmp32dll /MD /Ox /O2 /Ob2 -DOPENSSL_THREADS  -DDSO_WIN32 -W3 -Gs0 -GF -Gy -nologo -DOPENSSL_SYSNAME_WIN32 -DWIN32_LEAN_AND_MEAN -DL_ENDIAN -D_CRT_SECURE_NO_DEPRECATE -DOPENSSL_USE_APPLINK -I. -DOPENSSL_NO_RC5 -DOPENSSL_NO_MD2 -DOPENSSL_NO_KRB5 -DOPENSSL_NO_JPAKE -DOPENSSL_NO_STATIC_ENGINE /Zi /Fdtmp32dll/lib -D_WINDLL  -DOPENSSL_BUILD_SHLIBCRYPTO -c .\crypto\asn1\x_crl.c
x_crl.c
c:\program files (x86)\microsoft sdks\windows\v7.1a\include\sal_supp.h(57) : warning C4005: '__useHeader' : macro redefinition
        C:\Program Files (x86)\Microsoft Visual Studio 12.0\VC\include\sal.h(2886) : see previous definition of '__useHeader'
c:\program files (x86)\microsoft sdks\windows\v7.1a\include\specstrings_supp.h(77) : warning C4005: '__on_failure' : macro redefinition
        C:\Program Files (x86)\Microsoft Visual Studio 12.0\VC\include\sal.h(2896) : see previous definition of '__on_failure'
	cl /Fotmp32dll\x_info.obj  -Iinc32 -Itmp32dll /MD /Ox /O2 /Ob2 -DOPENSSL_THREADS  -DDSO_WIN32 -W3 -Gs0 -GF -Gy -nologo -DOPENSSL_SYSNAME_WIN32 -DWIN32_LEAN_AND_MEAN -DL_ENDIAN -D_CRT_SECURE_NO_DEPRECATE -DOPENSSL_USE_APPLINK -I. -DOPENSSL_NO_RC5 -DOPENSSL_NO_MD2 -DOPENSSL_NO_KRB5 -DOPENSSL_NO_JPAKE -DOPENSSL_NO_STATIC_ENGINE /Zi /Fdtmp32dll/lib -D_WINDLL  -DOPENSSL_BUILD_SHLIBCRYPTO -c .\crypto\asn1\x_info.c
x_info.c
c:\program files (x86)\microsoft sdks\windows\v7.1a\include\sal_supp.h(57) : warning C4005: '__useHeader' : macro redefinition
        C:\Program Files (x86)\Microsoft Visual Studio 12.0\VC\include\sal.h(2886) : see previous definition of '__useHeader'
c:\program files (x86)\microsoft sdks\windows\v7.1a\include\specstrings_supp.h(77) : warning C4005: '__on_failure' : macro redefinition
        C:\Program Files (x86)\Microsoft Visual Studio 12.0\VC\include\sal.h(2896) : see previous definition of '__on_failure'
	cl /Fotmp32dll\x_spki.obj  -Iinc32 -Itmp32dll /MD /Ox /O2 /Ob2 -DOPENSSL_THREADS  -DDSO_WIN32 -W3 -Gs0 -GF -Gy -nologo -DOPENSSL_SYSNAME_WIN32 -DWIN32_LEAN_AND_MEAN -DL_ENDIAN -D_CRT_SECURE_NO_DEPRECATE -DOPENSSL_USE_APPLINK -I. -DOPENSSL_NO_RC5 -DOPENSSL_NO_MD2 -DOPENSSL_NO_KRB5 -DOPENSSL_NO_JPAKE -DOPENSSL_NO_STATIC_ENGINE /Zi /Fdtmp32dll/lib -D_WINDLL  -DOPENSSL_BUILD_SHLIBCRYPTO -c .\crypto\asn1\x_spki.c
x_spki.c
c:\program files (x86)\microsoft sdks\windows\v7.1a\include\sal_supp.h(57) : warning C4005: '__useHeader' : macro redefinition
        C:\Program Files (x86)\Microsoft Visual Studio 12.0\VC\include\sal.h(2886) : see previous definition of '__useHeader'
c:\program files (x86)\microsoft sdks\windows\v7.1a\include\specstrings_supp.h(77) : warning C4005: '__on_failure' : macro redefinition
        C:\Program Files (x86)\Microsoft Visual Studio 12.0\VC\include\sal.h(2896) : see previous definition of '__on_failure'
	cl /Fotmp32dll\nsseq.obj  -Iinc32 -Itmp32dll /MD /Ox /O2 /Ob2 -DOPENSSL_THREADS  -DDSO_WIN32 -W3 -Gs0 -GF -Gy -nologo -DOPENSSL_SYSNAME_WIN32 -DWIN32_LEAN_AND_MEAN -DL_ENDIAN -D_CRT_SECURE_NO_DEPRECATE -DOPENSSL_USE_APPLINK -I. -DOPENSSL_NO_RC5 -DOPENSSL_NO_MD2 -DOPENSSL_NO_KRB5 -DOPENSSL_NO_JPAKE -DOPENSSL_NO_STATIC_ENGINE /Zi /Fdtmp32dll/lib -D_WINDLL  -DOPENSSL_BUILD_SHLIBCRYPTO -c .\crypto\asn1\nsseq.c
nsseq.c
	cl /Fotmp32dll\x_nx509.obj  -Iinc32 -Itmp32dll /MD /Ox /O2 /Ob2 -DOPENSSL_THREADS  -DDSO_WIN32 -W3 -Gs0 -GF -Gy -nologo -DOPENSSL_SYSNAME_WIN32 -DWIN32_LEAN_AND_MEAN -DL_ENDIAN -D_CRT_SECURE_NO_DEPRECATE -DOPENSSL_USE_APPLINK -I. -DOPENSSL_NO_RC5 -DOPENSSL_NO_MD2 -DOPENSSL_NO_KRB5 -DOPENSSL_NO_JPAKE -DOPENSSL_NO_STATIC_ENGINE /Zi /Fdtmp32dll/lib -D_WINDLL  -DOPENSSL_BUILD_SHLIBCRYPTO -c .\crypto\asn1\x_nx509.c
x_nx509.c
	cl /Fotmp32dll\d2i_pu.obj  -Iinc32 -Itmp32dll /MD /Ox /O2 /Ob2 -DOPENSSL_THREADS  -DDSO_WIN32 -W3 -Gs0 -GF -Gy -nologo -DOPENSSL_SYSNAME_WIN32 -DWIN32_LEAN_AND_MEAN -DL_ENDIAN -D_CRT_SECURE_NO_DEPRECATE -DOPENSSL_USE_APPLINK -I. -DOPENSSL_NO_RC5 -DOPENSSL_NO_MD2 -DOPENSSL_NO_KRB5 -DOPENSSL_NO_JPAKE -DOPENSSL_NO_STATIC_ENGINE /Zi /Fdtmp32dll/lib -D_WINDLL  -DOPENSSL_BUILD_SHLIBCRYPTO -c .\crypto\asn1\d2i_pu.c
d2i_pu.c
c:\program files (x86)\microsoft sdks\windows\v7.1a\include\sal_supp.h(57) : warning C4005: '__useHeader' : macro redefinition
        C:\Program Files (x86)\Microsoft Visual Studio 12.0\VC\include\sal.h(2886) : see previous definition of '__useHeader'
c:\program files (x86)\microsoft sdks\windows\v7.1a\include\specstrings_supp.h(77) : warning C4005: '__on_failure' : macro redefinition
        C:\Program Files (x86)\Microsoft Visual Studio 12.0\VC\include\sal.h(2896) : see previous definition of '__on_failure'
	cl /Fotmp32dll\d2i_pr.obj  -Iinc32 -Itmp32dll /MD /Ox /O2 /Ob2 -DOPENSSL_THREADS  -DDSO_WIN32 -W3 -Gs0 -GF -Gy -nologo -DOPENSSL_SYSNAME_WIN32 -DWIN32_LEAN_AND_MEAN -DL_ENDIAN -D_CRT_SECURE_NO_DEPRECATE -DOPENSSL_USE_APPLINK -I. -DOPENSSL_NO_RC5 -DOPENSSL_NO_MD2 -DOPENSSL_NO_KRB5 -DOPENSSL_NO_JPAKE -DOPENSSL_NO_STATIC_ENGINE /Zi /Fdtmp32dll/lib -D_WINDLL  -DOPENSSL_BUILD_SHLIBCRYPTO -c .\crypto\asn1\d2i_pr.c
d2i_pr.c
c:\program files (x86)\microsoft sdks\windows\v7.1a\include\sal_supp.h(57) : warning C4005: '__useHeader' : macro redefinition
        C:\Program Files (x86)\Microsoft Visual Studio 12.0\VC\include\sal.h(2886) : see previous definition of '__useHeader'
c:\program files (x86)\microsoft sdks\windows\v7.1a\include\specstrings_supp.h(77) : warning C4005: '__on_failure' : macro redefinition
        C:\Program Files (x86)\Microsoft Visual Studio 12.0\VC\include\sal.h(2896) : see previous definition of '__on_failure'
	cl /Fotmp32dll\i2d_pu.obj  -Iinc32 -Itmp32dll /MD /Ox /O2 /Ob2 -DOPENSSL_THREADS  -DDSO_WIN32 -W3 -Gs0 -GF -Gy -nologo -DOPENSSL_SYSNAME_WIN32 -DWIN32_LEAN_AND_MEAN -DL_ENDIAN -D_CRT_SECURE_NO_DEPRECATE -DOPENSSL_USE_APPLINK -I. -DOPENSSL_NO_RC5 -DOPENSSL_NO_MD2 -DOPENSSL_NO_KRB5 -DOPENSSL_NO_JPAKE -DOPENSSL_NO_STATIC_ENGINE /Zi /Fdtmp32dll/lib -D_WINDLL  -DOPENSSL_BUILD_SHLIBCRYPTO -c .\crypto\asn1\i2d_pu.c
i2d_pu.c
c:\program files (x86)\microsoft sdks\windows\v7.1a\include\sal_supp.h(57) : warning C4005: '__useHeader' : macro redefinition
        C:\Program Files (x86)\Microsoft Visual Studio 12.0\VC\include\sal.h(2886) : see previous definition of '__useHeader'
c:\program files (x86)\microsoft sdks\windows\v7.1a\include\specstrings_supp.h(77) : warning C4005: '__on_failure' : macro redefinition
        C:\Program Files (x86)\Microsoft Visual Studio 12.0\VC\include\sal.h(2896) : see previous definition of '__on_failure'
	cl /Fotmp32dll\i2d_pr.obj  -Iinc32 -Itmp32dll /MD /Ox /O2 /Ob2 -DOPENSSL_THREADS  -DDSO_WIN32 -W3 -Gs0 -GF -Gy -nologo -DOPENSSL_SYSNAME_WIN32 -DWIN32_LEAN_AND_MEAN -DL_ENDIAN -D_CRT_SECURE_NO_DEPRECATE -DOPENSSL_USE_APPLINK -I. -DOPENSSL_NO_RC5 -DOPENSSL_NO_MD2 -DOPENSSL_NO_KRB5 -DOPENSSL_NO_JPAKE -DOPENSSL_NO_STATIC_ENGINE /Zi /Fdtmp32dll/lib -D_WINDLL  -DOPENSSL_BUILD_SHLIBCRYPTO -c .\crypto\asn1\i2d_pr.c
i2d_pr.c
c:\program files (x86)\microsoft sdks\windows\v7.1a\include\sal_supp.h(57) : warning C4005: '__useHeader' : macro redefinition
        C:\Program Files (x86)\Microsoft Visual Studio 12.0\VC\include\sal.h(2886) : see previous definition of '__useHeader'
c:\program files (x86)\microsoft sdks\windows\v7.1a\include\specstrings_supp.h(77) : warning C4005: '__on_failure' : macro redefinition
        C:\Program Files (x86)\Microsoft Visual Studio 12.0\VC\include\sal.h(2896) : see previous definition of '__on_failure'
	cl /Fotmp32dll\t_req.obj  -Iinc32 -Itmp32dll /MD /Ox /O2 /Ob2 -DOPENSSL_THREADS  -DDSO_WIN32 -W3 -Gs0 -GF -Gy -nologo -DOPENSSL_SYSNAME_WIN32 -DWIN32_LEAN_AND_MEAN -DL_ENDIAN -D_CRT_SECURE_NO_DEPRECATE -DOPENSSL_USE_APPLINK -I. -DOPENSSL_NO_RC5 -DOPENSSL_NO_MD2 -DOPENSSL_NO_KRB5 -DOPENSSL_NO_JPAKE -DOPENSSL_NO_STATIC_ENGINE /Zi /Fdtmp32dll/lib -D_WINDLL  -DOPENSSL_BUILD_SHLIBCRYPTO -c .\crypto\asn1\t_req.c
t_req.c
c:\program files (x86)\microsoft sdks\windows\v7.1a\include\sal_supp.h(57) : warning C4005: '__useHeader' : macro redefinition
        C:\Program Files (x86)\Microsoft Visual Studio 12.0\VC\include\sal.h(2886) : see previous definition of '__useHeader'
c:\program files (x86)\microsoft sdks\windows\v7.1a\include\specstrings_supp.h(77) : warning C4005: '__on_failure' : macro redefinition
        C:\Program Files (x86)\Microsoft Visual Studio 12.0\VC\include\sal.h(2896) : see previous definition of '__on_failure'
	cl /Fotmp32dll\t_x509.obj  -Iinc32 -Itmp32dll /MD /Ox /O2 /Ob2 -DOPENSSL_THREADS  -DDSO_WIN32 -W3 -Gs0 -GF -Gy -nologo -DOPENSSL_SYSNAME_WIN32 -DWIN32_LEAN_AND_MEAN -DL_ENDIAN -D_CRT_SECURE_NO_DEPRECATE -DOPENSSL_USE_APPLINK -I. -DOPENSSL_NO_RC5 -DOPENSSL_NO_MD2 -DOPENSSL_NO_KRB5 -DOPENSSL_NO_JPAKE -DOPENSSL_NO_STATIC_ENGINE /Zi /Fdtmp32dll/lib -D_WINDLL  -DOPENSSL_BUILD_SHLIBCRYPTO -c .\crypto\asn1\t_x509.c
t_x509.c
c:\program files (x86)\microsoft sdks\windows\v7.1a\include\sal_supp.h(57) : warning C4005: '__useHeader' : macro redefinition
        C:\Program Files (x86)\Microsoft Visual Studio 12.0\VC\include\sal.h(2886) : see previous definition of '__useHeader'
c:\program files (x86)\microsoft sdks\windows\v7.1a\include\specstrings_supp.h(77) : warning C4005: '__on_failure' : macro redefinition
        C:\Program Files (x86)\Microsoft Visual Studio 12.0\VC\include\sal.h(2896) : see previous definition of '__on_failure'
	cl /Fotmp32dll\t_x509a.obj  -Iinc32 -Itmp32dll /MD /Ox /O2 /Ob2 -DOPENSSL_THREADS  -DDSO_WIN32 -W3 -Gs0 -GF -Gy -nologo -DOPENSSL_SYSNAME_WIN32 -DWIN32_LEAN_AND_MEAN -DL_ENDIAN -D_CRT_SECURE_NO_DEPRECATE -DOPENSSL_USE_APPLINK -I. -DOPENSSL_NO_RC5 -DOPENSSL_NO_MD2 -DOPENSSL_NO_KRB5 -DOPENSSL_NO_JPAKE -DOPENSSL_NO_STATIC_ENGINE /Zi /Fdtmp32dll/lib -D_WINDLL  -DOPENSSL_BUILD_SHLIBCRYPTO -c .\crypto\asn1\t_x509a.c
t_x509a.c
c:\program files (x86)\microsoft sdks\windows\v7.1a\include\sal_supp.h(57) : warning C4005: '__useHeader' : macro redefinition
        C:\Program Files (x86)\Microsoft Visual Studio 12.0\VC\include\sal.h(2886) : see previous definition of '__useHeader'
c:\program files (x86)\microsoft sdks\windows\v7.1a\include\specstrings_supp.h(77) : warning C4005: '__on_failure' : macro redefinition
        C:\Program Files (x86)\Microsoft Visual Studio 12.0\VC\include\sal.h(2896) : see previous definition of '__on_failure'
	cl /Fotmp32dll\t_crl.obj  -Iinc32 -Itmp32dll /MD /Ox /O2 /Ob2 -DOPENSSL_THREADS  -DDSO_WIN32 -W3 -Gs0 -GF -Gy -nologo -DOPENSSL_SYSNAME_WIN32 -DWIN32_LEAN_AND_MEAN -DL_ENDIAN -D_CRT_SECURE_NO_DEPRECATE -DOPENSSL_USE_APPLINK -I. -DOPENSSL_NO_RC5 -DOPENSSL_NO_MD2 -DOPENSSL_NO_KRB5 -DOPENSSL_NO_JPAKE -DOPENSSL_NO_STATIC_ENGINE /Zi /Fdtmp32dll/lib -D_WINDLL  -DOPENSSL_BUILD_SHLIBCRYPTO -c .\crypto\asn1\t_crl.c
t_crl.c
c:\program files (x86)\microsoft sdks\windows\v7.1a\include\sal_supp.h(57) : warning C4005: '__useHeader' : macro redefinition
        C:\Program Files (x86)\Microsoft Visual Studio 12.0\VC\include\sal.h(2886) : see previous definition of '__useHeader'
c:\program files (x86)\microsoft sdks\windows\v7.1a\include\specstrings_supp.h(77) : warning C4005: '__on_failure' : macro redefinition
        C:\Program Files (x86)\Microsoft Visual Studio 12.0\VC\include\sal.h(2896) : see previous definition of '__on_failure'
	cl /Fotmp32dll\t_pkey.obj  -Iinc32 -Itmp32dll /MD /Ox /O2 /Ob2 -DOPENSSL_THREADS  -DDSO_WIN32 -W3 -Gs0 -GF -Gy -nologo -DOPENSSL_SYSNAME_WIN32 -DWIN32_LEAN_AND_MEAN -DL_ENDIAN -D_CRT_SECURE_NO_DEPRECATE -DOPENSSL_USE_APPLINK -I. -DOPENSSL_NO_RC5 -DOPENSSL_NO_MD2 -DOPENSSL_NO_KRB5 -DOPENSSL_NO_JPAKE -DOPENSSL_NO_STATIC_ENGINE /Zi /Fdtmp32dll/lib -D_WINDLL  -DOPENSSL_BUILD_SHLIBCRYPTO -c .\crypto\asn1\t_pkey.c
t_pkey.c
c:\program files (x86)\microsoft sdks\windows\v7.1a\include\sal_supp.h(57) : warning C4005: '__useHeader' : macro redefinition
        C:\Program Files (x86)\Microsoft Visual Studio 12.0\VC\include\sal.h(2886) : see previous definition of '__useHeader'
c:\program files (x86)\microsoft sdks\windows\v7.1a\include\specstrings_supp.h(77) : warning C4005: '__on_failure' : macro redefinition
        C:\Program Files (x86)\Microsoft Visual Studio 12.0\VC\include\sal.h(2896) : see previous definition of '__on_failure'
	cl /Fotmp32dll\t_spki.obj  -Iinc32 -Itmp32dll /MD /Ox /O2 /Ob2 -DOPENSSL_THREADS  -DDSO_WIN32 -W3 -Gs0 -GF -Gy -nologo -DOPENSSL_SYSNAME_WIN32 -DWIN32_LEAN_AND_MEAN -DL_ENDIAN -D_CRT_SECURE_NO_DEPRECATE -DOPENSSL_USE_APPLINK -I. -DOPENSSL_NO_RC5 -DOPENSSL_NO_MD2 -DOPENSSL_NO_KRB5 -DOPENSSL_NO_JPAKE -DOPENSSL_NO_STATIC_ENGINE /Zi /Fdtmp32dll/lib -D_WINDLL  -DOPENSSL_BUILD_SHLIBCRYPTO -c .\crypto\asn1\t_spki.c
t_spki.c
c:\program files (x86)\microsoft sdks\windows\v7.1a\include\sal_supp.h(57) : warning C4005: '__useHeader' : macro redefinition
        C:\Program Files (x86)\Microsoft Visual Studio 12.0\VC\include\sal.h(2886) : see previous definition of '__useHeader'
c:\program files (x86)\microsoft sdks\windows\v7.1a\include\specstrings_supp.h(77) : warning C4005: '__on_failure' : macro redefinition
        C:\Program Files (x86)\Microsoft Visual Studio 12.0\VC\include\sal.h(2896) : see previous definition of '__on_failure'
	cl /Fotmp32dll\t_bitst.obj  -Iinc32 -Itmp32dll /MD /Ox /O2 /Ob2 -DOPENSSL_THREADS  -DDSO_WIN32 -W3 -Gs0 -GF -Gy -nologo -DOPENSSL_SYSNAME_WIN32 -DWIN32_LEAN_AND_MEAN -DL_ENDIAN -D_CRT_SECURE_NO_DEPRECATE -DOPENSSL_USE_APPLINK -I. -DOPENSSL_NO_RC5 -DOPENSSL_NO_MD2 -DOPENSSL_NO_KRB5 -DOPENSSL_NO_JPAKE -DOPENSSL_NO_STATIC_ENGINE /Zi /Fdtmp32dll/lib -D_WINDLL  -DOPENSSL_BUILD_SHLIBCRYPTO -c .\crypto\asn1\t_bitst.c
t_bitst.c
c:\program files (x86)\microsoft sdks\windows\v7.1a\include\sal_supp.h(57) : warning C4005: '__useHeader' : macro redefinition
        C:\Program Files (x86)\Microsoft Visual Studio 12.0\VC\include\sal.h(2886) : see previous definition of '__useHeader'
c:\program files (x86)\microsoft sdks\windows\v7.1a\include\specstrings_supp.h(77) : warning C4005: '__on_failure' : macro redefinition
        C:\Program Files (x86)\Microsoft Visual Studio 12.0\VC\include\sal.h(2896) : see previous definition of '__on_failure'
	cl /Fotmp32dll\tasn_new.obj  -Iinc32 -Itmp32dll /MD /Ox /O2 /Ob2 -DOPENSSL_THREADS  -DDSO_WIN32 -W3 -Gs0 -GF -Gy -nologo -DOPENSSL_SYSNAME_WIN32 -DWIN32_LEAN_AND_MEAN -DL_ENDIAN -D_CRT_SECURE_NO_DEPRECATE -DOPENSSL_USE_APPLINK -I. -DOPENSSL_NO_RC5 -DOPENSSL_NO_MD2 -DOPENSSL_NO_KRB5 -DOPENSSL_NO_JPAKE -DOPENSSL_NO_STATIC_ENGINE /Zi /Fdtmp32dll/lib -D_WINDLL  -DOPENSSL_BUILD_SHLIBCRYPTO -c .\crypto\asn1\tasn_new.c
tasn_new.c
	cl /Fotmp32dll\tasn_fre.obj  -Iinc32 -Itmp32dll /MD /Ox /O2 /Ob2 -DOPENSSL_THREADS  -DDSO_WIN32 -W3 -Gs0 -GF -Gy -nologo -DOPENSSL_SYSNAME_WIN32 -DWIN32_LEAN_AND_MEAN -DL_ENDIAN -D_CRT_SECURE_NO_DEPRECATE -DOPENSSL_USE_APPLINK -I. -DOPENSSL_NO_RC5 -DOPENSSL_NO_MD2 -DOPENSSL_NO_KRB5 -DOPENSSL_NO_JPAKE -DOPENSSL_NO_STATIC_ENGINE /Zi /Fdtmp32dll/lib -D_WINDLL  -DOPENSSL_BUILD_SHLIBCRYPTO -c .\crypto\asn1\tasn_fre.c
tasn_fre.c
	cl /Fotmp32dll\tasn_enc.obj  -Iinc32 -Itmp32dll /MD /Ox /O2 /Ob2 -DOPENSSL_THREADS  -DDSO_WIN32 -W3 -Gs0 -GF -Gy -nologo -DOPENSSL_SYSNAME_WIN32 -DWIN32_LEAN_AND_MEAN -DL_ENDIAN -D_CRT_SECURE_NO_DEPRECATE -DOPENSSL_USE_APPLINK -I. -DOPENSSL_NO_RC5 -DOPENSSL_NO_MD2 -DOPENSSL_NO_KRB5 -DOPENSSL_NO_JPAKE -DOPENSSL_NO_STATIC_ENGINE /Zi /Fdtmp32dll/lib -D_WINDLL  -DOPENSSL_BUILD_SHLIBCRYPTO -c .\crypto\asn1\tasn_enc.c
tasn_enc.c
c:\program files (x86)\microsoft sdks\windows\v7.1a\include\sal_supp.h(57) : warning C4005: '__useHeader' : macro redefinition
        C:\Program Files (x86)\Microsoft Visual Studio 12.0\VC\include\sal.h(2886) : see previous definition of '__useHeader'
c:\program files (x86)\microsoft sdks\windows\v7.1a\include\specstrings_supp.h(77) : warning C4005: '__on_failure' : macro redefinition
        C:\Program Files (x86)\Microsoft Visual Studio 12.0\VC\include\sal.h(2896) : see previous definition of '__on_failure'
	cl /Fotmp32dll\tasn_dec.obj  -Iinc32 -Itmp32dll /MD /Ox /O2 /Ob2 -DOPENSSL_THREADS  -DDSO_WIN32 -W3 -Gs0 -GF -Gy -nologo -DOPENSSL_SYSNAME_WIN32 -DWIN32_LEAN_AND_MEAN -DL_ENDIAN -D_CRT_SECURE_NO_DEPRECATE -DOPENSSL_USE_APPLINK -I. -DOPENSSL_NO_RC5 -DOPENSSL_NO_MD2 -DOPENSSL_NO_KRB5 -DOPENSSL_NO_JPAKE -DOPENSSL_NO_STATIC_ENGINE /Zi /Fdtmp32dll/lib -D_WINDLL  -DOPENSSL_BUILD_SHLIBCRYPTO -c .\crypto\asn1\tasn_dec.c
tasn_dec.c
	cl /Fotmp32dll\tasn_utl.obj  -Iinc32 -Itmp32dll /MD /Ox /O2 /Ob2 -DOPENSSL_THREADS  -DDSO_WIN32 -W3 -Gs0 -GF -Gy -nologo -DOPENSSL_SYSNAME_WIN32 -DWIN32_LEAN_AND_MEAN -DL_ENDIAN -D_CRT_SECURE_NO_DEPRECATE -DOPENSSL_USE_APPLINK -I. -DOPENSSL_NO_RC5 -DOPENSSL_NO_MD2 -DOPENSSL_NO_KRB5 -DOPENSSL_NO_JPAKE -DOPENSSL_NO_STATIC_ENGINE /Zi /Fdtmp32dll/lib -D_WINDLL  -DOPENSSL_BUILD_SHLIBCRYPTO -c .\crypto\asn1\tasn_utl.c
tasn_utl.c
	cl /Fotmp32dll\tasn_typ.obj  -Iinc32 -Itmp32dll /MD /Ox /O2 /Ob2 -DOPENSSL_THREADS  -DDSO_WIN32 -W3 -Gs0 -GF -Gy -nologo -DOPENSSL_SYSNAME_WIN32 -DWIN32_LEAN_AND_MEAN -DL_ENDIAN -D_CRT_SECURE_NO_DEPRECATE -DOPENSSL_USE_APPLINK -I. -DOPENSSL_NO_RC5 -DOPENSSL_NO_MD2 -DOPENSSL_NO_KRB5 -DOPENSSL_NO_JPAKE -DOPENSSL_NO_STATIC_ENGINE /Zi /Fdtmp32dll/lib -D_WINDLL  -DOPENSSL_BUILD_SHLIBCRYPTO -c .\crypto\asn1\tasn_typ.c
tasn_typ.c
	cl /Fotmp32dll\tasn_prn.obj  -Iinc32 -Itmp32dll /MD /Ox /O2 /Ob2 -DOPENSSL_THREADS  -DDSO_WIN32 -W3 -Gs0 -GF -Gy -nologo -DOPENSSL_SYSNAME_WIN32 -DWIN32_LEAN_AND_MEAN -DL_ENDIAN -D_CRT_SECURE_NO_DEPRECATE -DOPENSSL_USE_APPLINK -I. -DOPENSSL_NO_RC5 -DOPENSSL_NO_MD2 -DOPENSSL_NO_KRB5 -DOPENSSL_NO_JPAKE -DOPENSSL_NO_STATIC_ENGINE /Zi /Fdtmp32dll/lib -D_WINDLL  -DOPENSSL_BUILD_SHLIBCRYPTO -c .\crypto\asn1\tasn_prn.c
tasn_prn.c
c:\program files (x86)\microsoft sdks\windows\v7.1a\include\sal_supp.h(57) : warning C4005: '__useHeader' : macro redefinition
        C:\Program Files (x86)\Microsoft Visual Studio 12.0\VC\include\sal.h(2886) : see previous definition of '__useHeader'
c:\program files (x86)\microsoft sdks\windows\v7.1a\include\specstrings_supp.h(77) : warning C4005: '__on_failure' : macro redefinition
        C:\Program Files (x86)\Microsoft Visual Studio 12.0\VC\include\sal.h(2896) : see previous definition of '__on_failure'
	cl /Fotmp32dll\ameth_lib.obj  -Iinc32 -Itmp32dll /MD /Ox /O2 /Ob2 -DOPENSSL_THREADS  -DDSO_WIN32 -W3 -Gs0 -GF -Gy -nologo -DOPENSSL_SYSNAME_WIN32 -DWIN32_LEAN_AND_MEAN -DL_ENDIAN -D_CRT_SECURE_NO_DEPRECATE -DOPENSSL_USE_APPLINK -I. -DOPENSSL_NO_RC5 -DOPENSSL_NO_MD2 -DOPENSSL_NO_KRB5 -DOPENSSL_NO_JPAKE -DOPENSSL_NO_STATIC_ENGINE /Zi /Fdtmp32dll/lib -D_WINDLL  -DOPENSSL_BUILD_SHLIBCRYPTO -c .\crypto\asn1\ameth_lib.c
ameth_lib.c
c:\program files (x86)\microsoft sdks\windows\v7.1a\include\sal_supp.h(57) : warning C4005: '__useHeader' : macro redefinition
        C:\Program Files (x86)\Microsoft Visual Studio 12.0\VC\include\sal.h(2886) : see previous definition of '__useHeader'
c:\program files (x86)\microsoft sdks\windows\v7.1a\include\specstrings_supp.h(77) : warning C4005: '__on_failure' : macro redefinition
        C:\Program Files (x86)\Microsoft Visual Studio 12.0\VC\include\sal.h(2896) : see previous definition of '__on_failure'
	cl /Fotmp32dll\f_int.obj  -Iinc32 -Itmp32dll /MD /Ox /O2 /Ob2 -DOPENSSL_THREADS  -DDSO_WIN32 -W3 -Gs0 -GF -Gy -nologo -DOPENSSL_SYSNAME_WIN32 -DWIN32_LEAN_AND_MEAN -DL_ENDIAN -D_CRT_SECURE_NO_DEPRECATE -DOPENSSL_USE_APPLINK -I. -DOPENSSL_NO_RC5 -DOPENSSL_NO_MD2 -DOPENSSL_NO_KRB5 -DOPENSSL_NO_JPAKE -DOPENSSL_NO_STATIC_ENGINE /Zi /Fdtmp32dll/lib -D_WINDLL  -DOPENSSL_BUILD_SHLIBCRYPTO -c .\crypto\asn1\f_int.c
f_int.c
c:\program files (x86)\microsoft sdks\windows\v7.1a\include\sal_supp.h(57) : warning C4005: '__useHeader' : macro redefinition
        C:\Program Files (x86)\Microsoft Visual Studio 12.0\VC\include\sal.h(2886) : see previous definition of '__useHeader'
c:\program files (x86)\microsoft sdks\windows\v7.1a\include\specstrings_supp.h(77) : warning C4005: '__on_failure' : macro redefinition
        C:\Program Files (x86)\Microsoft Visual Studio 12.0\VC\include\sal.h(2896) : see previous definition of '__on_failure'
	cl /Fotmp32dll\f_string.obj  -Iinc32 -Itmp32dll /MD /Ox /O2 /Ob2 -DOPENSSL_THREADS  -DDSO_WIN32 -W3 -Gs0 -GF -Gy -nologo -DOPENSSL_SYSNAME_WIN32 -DWIN32_LEAN_AND_MEAN -DL_ENDIAN -D_CRT_SECURE_NO_DEPRECATE -DOPENSSL_USE_APPLINK -I. -DOPENSSL_NO_RC5 -DOPENSSL_NO_MD2 -DOPENSSL_NO_KRB5 -DOPENSSL_NO_JPAKE -DOPENSSL_NO_STATIC_ENGINE /Zi /Fdtmp32dll/lib -D_WINDLL  -DOPENSSL_BUILD_SHLIBCRYPTO -c .\crypto\asn1\f_string.c
f_string.c
c:\program files (x86)\microsoft sdks\windows\v7.1a\include\sal_supp.h(57) : warning C4005: '__useHeader' : macro redefinition
        C:\Program Files (x86)\Microsoft Visual Studio 12.0\VC\include\sal.h(2886) : see previous definition of '__useHeader'
c:\program files (x86)\microsoft sdks\windows\v7.1a\include\specstrings_supp.h(77) : warning C4005: '__on_failure' : macro redefinition
        C:\Program Files (x86)\Microsoft Visual Studio 12.0\VC\include\sal.h(2896) : see previous definition of '__on_failure'
	cl /Fotmp32dll\n_pkey.obj  -Iinc32 -Itmp32dll /MD /Ox /O2 /Ob2 -DOPENSSL_THREADS  -DDSO_WIN32 -W3 -Gs0 -GF -Gy -nologo -DOPENSSL_SYSNAME_WIN32 -DWIN32_LEAN_AND_MEAN -DL_ENDIAN -D_CRT_SECURE_NO_DEPRECATE -DOPENSSL_USE_APPLINK -I. -DOPENSSL_NO_RC5 -DOPENSSL_NO_MD2 -DOPENSSL_NO_KRB5 -DOPENSSL_NO_JPAKE -DOPENSSL_NO_STATIC_ENGINE /Zi /Fdtmp32dll/lib -D_WINDLL  -DOPENSSL_BUILD_SHLIBCRYPTO -c .\crypto\asn1\n_pkey.c
n_pkey.c
c:\program files (x86)\microsoft sdks\windows\v7.1a\include\sal_supp.h(57) : warning C4005: '__useHeader' : macro redefinition
        C:\Program Files (x86)\Microsoft Visual Studio 12.0\VC\include\sal.h(2886) : see previous definition of '__useHeader'
c:\program files (x86)\microsoft sdks\windows\v7.1a\include\specstrings_supp.h(77) : warning C4005: '__on_failure' : macro redefinition
        C:\Program Files (x86)\Microsoft Visual Studio 12.0\VC\include\sal.h(2896) : see previous definition of '__on_failure'
	cl /Fotmp32dll\f_enum.obj  -Iinc32 -Itmp32dll /MD /Ox /O2 /Ob2 -DOPENSSL_THREADS  -DDSO_WIN32 -W3 -Gs0 -GF -Gy -nologo -DOPENSSL_SYSNAME_WIN32 -DWIN32_LEAN_AND_MEAN -DL_ENDIAN -D_CRT_SECURE_NO_DEPRECATE -DOPENSSL_USE_APPLINK -I. -DOPENSSL_NO_RC5 -DOPENSSL_NO_MD2 -DOPENSSL_NO_KRB5 -DOPENSSL_NO_JPAKE -DOPENSSL_NO_STATIC_ENGINE /Zi /Fdtmp32dll/lib -D_WINDLL  -DOPENSSL_BUILD_SHLIBCRYPTO -c .\crypto\asn1\f_enum.c
f_enum.c
c:\program files (x86)\microsoft sdks\windows\v7.1a\include\sal_supp.h(57) : warning C4005: '__useHeader' : macro redefinition
        C:\Program Files (x86)\Microsoft Visual Studio 12.0\VC\include\sal.h(2886) : see previous definition of '__useHeader'
c:\program files (x86)\microsoft sdks\windows\v7.1a\include\specstrings_supp.h(77) : warning C4005: '__on_failure' : macro redefinition
        C:\Program Files (x86)\Microsoft Visual Studio 12.0\VC\include\sal.h(2896) : see previous definition of '__on_failure'
	cl /Fotmp32dll\x_pkey.obj  -Iinc32 -Itmp32dll /MD /Ox /O2 /Ob2 -DOPENSSL_THREADS  -DDSO_WIN32 -W3 -Gs0 -GF -Gy -nologo -DOPENSSL_SYSNAME_WIN32 -DWIN32_LEAN_AND_MEAN -DL_ENDIAN -D_CRT_SECURE_NO_DEPRECATE -DOPENSSL_USE_APPLINK -I. -DOPENSSL_NO_RC5 -DOPENSSL_NO_MD2 -DOPENSSL_NO_KRB5 -DOPENSSL_NO_JPAKE -DOPENSSL_NO_STATIC_ENGINE /Zi /Fdtmp32dll/lib -D_WINDLL  -DOPENSSL_BUILD_SHLIBCRYPTO -c .\crypto\asn1\x_pkey.c
x_pkey.c
c:\program files (x86)\microsoft sdks\windows\v7.1a\include\sal_supp.h(57) : warning C4005: '__useHeader' : macro redefinition
        C:\Program Files (x86)\Microsoft Visual Studio 12.0\VC\include\sal.h(2886) : see previous definition of '__useHeader'
c:\program files (x86)\microsoft sdks\windows\v7.1a\include\specstrings_supp.h(77) : warning C4005: '__on_failure' : macro redefinition
        C:\Program Files (x86)\Microsoft Visual Studio 12.0\VC\include\sal.h(2896) : see previous definition of '__on_failure'
	cl /Fotmp32dll\a_bool.obj  -Iinc32 -Itmp32dll /MD /Ox /O2 /Ob2 -DOPENSSL_THREADS  -DDSO_WIN32 -W3 -Gs0 -GF -Gy -nologo -DOPENSSL_SYSNAME_WIN32 -DWIN32_LEAN_AND_MEAN -DL_ENDIAN -D_CRT_SECURE_NO_DEPRECATE -DOPENSSL_USE_APPLINK -I. -DOPENSSL_NO_RC5 -DOPENSSL_NO_MD2 -DOPENSSL_NO_KRB5 -DOPENSSL_NO_JPAKE -DOPENSSL_NO_STATIC_ENGINE /Zi /Fdtmp32dll/lib -D_WINDLL  -DOPENSSL_BUILD_SHLIBCRYPTO -c .\crypto\asn1\a_bool.c
a_bool.c
c:\program files (x86)\microsoft sdks\windows\v7.1a\include\sal_supp.h(57) : warning C4005: '__useHeader' : macro redefinition
        C:\Program Files (x86)\Microsoft Visual Studio 12.0\VC\include\sal.h(2886) : see previous definition of '__useHeader'
c:\program files (x86)\microsoft sdks\windows\v7.1a\include\specstrings_supp.h(77) : warning C4005: '__on_failure' : macro redefinition
        C:\Program Files (x86)\Microsoft Visual Studio 12.0\VC\include\sal.h(2896) : see previous definition of '__on_failure'
	cl /Fotmp32dll\x_exten.obj  -Iinc32 -Itmp32dll /MD /Ox /O2 /Ob2 -DOPENSSL_THREADS  -DDSO_WIN32 -W3 -Gs0 -GF -Gy -nologo -DOPENSSL_SYSNAME_WIN32 -DWIN32_LEAN_AND_MEAN -DL_ENDIAN -D_CRT_SECURE_NO_DEPRECATE -DOPENSSL_USE_APPLINK -I. -DOPENSSL_NO_RC5 -DOPENSSL_NO_MD2 -DOPENSSL_NO_KRB5 -DOPENSSL_NO_JPAKE -DOPENSSL_NO_STATIC_ENGINE /Zi /Fdtmp32dll/lib -D_WINDLL  -DOPENSSL_BUILD_SHLIBCRYPTO -c .\crypto\asn1\x_exten.c
x_exten.c
	cl /Fotmp32dll\bio_asn1.obj  -Iinc32 -Itmp32dll /MD /Ox /O2 /Ob2 -DOPENSSL_THREADS  -DDSO_WIN32 -W3 -Gs0 -GF -Gy -nologo -DOPENSSL_SYSNAME_WIN32 -DWIN32_LEAN_AND_MEAN -DL_ENDIAN -D_CRT_SECURE_NO_DEPRECATE -DOPENSSL_USE_APPLINK -I. -DOPENSSL_NO_RC5 -DOPENSSL_NO_MD2 -DOPENSSL_NO_KRB5 -DOPENSSL_NO_JPAKE -DOPENSSL_NO_STATIC_ENGINE /Zi /Fdtmp32dll/lib -D_WINDLL  -DOPENSSL_BUILD_SHLIBCRYPTO -c .\crypto\asn1\bio_asn1.c
bio_asn1.c
	cl /Fotmp32dll\bio_ndef.obj  -Iinc32 -Itmp32dll /MD /Ox /O2 /Ob2 -DOPENSSL_THREADS  -DDSO_WIN32 -W3 -Gs0 -GF -Gy -nologo -DOPENSSL_SYSNAME_WIN32 -DWIN32_LEAN_AND_MEAN -DL_ENDIAN -D_CRT_SECURE_NO_DEPRECATE -DOPENSSL_USE_APPLINK -I. -DOPENSSL_NO_RC5 -DOPENSSL_NO_MD2 -DOPENSSL_NO_KRB5 -DOPENSSL_NO_JPAKE -DOPENSSL_NO_STATIC_ENGINE /Zi /Fdtmp32dll/lib -D_WINDLL  -DOPENSSL_BUILD_SHLIBCRYPTO -c .\crypto\asn1\bio_ndef.c
bio_ndef.c
	cl /Fotmp32dll\asn_mime.obj  -Iinc32 -Itmp32dll /MD /Ox /O2 /Ob2 -DOPENSSL_THREADS  -DDSO_WIN32 -W3 -Gs0 -GF -Gy -nologo -DOPENSSL_SYSNAME_WIN32 -DWIN32_LEAN_AND_MEAN -DL_ENDIAN -D_CRT_SECURE_NO_DEPRECATE -DOPENSSL_USE_APPLINK -I. -DOPENSSL_NO_RC5 -DOPENSSL_NO_MD2 -DOPENSSL_NO_KRB5 -DOPENSSL_NO_JPAKE -DOPENSSL_NO_STATIC_ENGINE /Zi /Fdtmp32dll/lib -D_WINDLL  -DOPENSSL_BUILD_SHLIBCRYPTO -c .\crypto\asn1\asn_mime.c
asn_mime.c
c:\program files (x86)\microsoft sdks\windows\v7.1a\include\sal_supp.h(57) : warning C4005: '__useHeader' : macro redefinition
        C:\Program Files (x86)\Microsoft Visual Studio 12.0\VC\include\sal.h(2886) : see previous definition of '__useHeader'
c:\program files (x86)\microsoft sdks\windows\v7.1a\include\specstrings_supp.h(77) : warning C4005: '__on_failure' : macro redefinition
        C:\Program Files (x86)\Microsoft Visual Studio 12.0\VC\include\sal.h(2896) : see previous definition of '__on_failure'
	cl /Fotmp32dll\asn1_gen.obj  -Iinc32 -Itmp32dll /MD /Ox /O2 /Ob2 -DOPENSSL_THREADS  -DDSO_WIN32 -W3 -Gs0 -GF -Gy -nologo -DOPENSSL_SYSNAME_WIN32 -DWIN32_LEAN_AND_MEAN -DL_ENDIAN -D_CRT_SECURE_NO_DEPRECATE -DOPENSSL_USE_APPLINK -I. -DOPENSSL_NO_RC5 -DOPENSSL_NO_MD2 -DOPENSSL_NO_KRB5 -DOPENSSL_NO_JPAKE -DOPENSSL_NO_STATIC_ENGINE /Zi /Fdtmp32dll/lib -D_WINDLL  -DOPENSSL_BUILD_SHLIBCRYPTO -c .\crypto\asn1\asn1_gen.c
asn1_gen.c
c:\program files (x86)\microsoft sdks\windows\v7.1a\include\sal_supp.h(57) : warning C4005: '__useHeader' : macro redefinition
        C:\Program Files (x86)\Microsoft Visual Studio 12.0\VC\include\sal.h(2886) : see previous definition of '__useHeader'
c:\program files (x86)\microsoft sdks\windows\v7.1a\include\specstrings_supp.h(77) : warning C4005: '__on_failure' : macro redefinition
        C:\Program Files (x86)\Microsoft Visual Studio 12.0\VC\include\sal.h(2896) : see previous definition of '__on_failure'
	cl /Fotmp32dll\asn1_par.obj  -Iinc32 -Itmp32dll /MD /Ox /O2 /Ob2 -DOPENSSL_THREADS  -DDSO_WIN32 -W3 -Gs0 -GF -Gy -nologo -DOPENSSL_SYSNAME_WIN32 -DWIN32_LEAN_AND_MEAN -DL_ENDIAN -D_CRT_SECURE_NO_DEPRECATE -DOPENSSL_USE_APPLINK -I. -DOPENSSL_NO_RC5 -DOPENSSL_NO_MD2 -DOPENSSL_NO_KRB5 -DOPENSSL_NO_JPAKE -DOPENSSL_NO_STATIC_ENGINE /Zi /Fdtmp32dll/lib -D_WINDLL  -DOPENSSL_BUILD_SHLIBCRYPTO -c .\crypto\asn1\asn1_par.c
asn1_par.c
c:\program files (x86)\microsoft sdks\windows\v7.1a\include\sal_supp.h(57) : warning C4005: '__useHeader' : macro redefinition
        C:\Program Files (x86)\Microsoft Visual Studio 12.0\VC\include\sal.h(2886) : see previous definition of '__useHeader'
c:\program files (x86)\microsoft sdks\windows\v7.1a\include\specstrings_supp.h(77) : warning C4005: '__on_failure' : macro redefinition
        C:\Program Files (x86)\Microsoft Visual Studio 12.0\VC\include\sal.h(2896) : see previous definition of '__on_failure'
	cl /Fotmp32dll\asn1_lib.obj  -Iinc32 -Itmp32dll /MD /Ox /O2 /Ob2 -DOPENSSL_THREADS  -DDSO_WIN32 -W3 -Gs0 -GF -Gy -nologo -DOPENSSL_SYSNAME_WIN32 -DWIN32_LEAN_AND_MEAN -DL_ENDIAN -D_CRT_SECURE_NO_DEPRECATE -DOPENSSL_USE_APPLINK -I. -DOPENSSL_NO_RC5 -DOPENSSL_NO_MD2 -DOPENSSL_NO_KRB5 -DOPENSSL_NO_JPAKE -DOPENSSL_NO_STATIC_ENGINE /Zi /Fdtmp32dll/lib -D_WINDLL  -DOPENSSL_BUILD_SHLIBCRYPTO -c .\crypto\asn1\asn1_lib.c
asn1_lib.c
c:\program files (x86)\microsoft sdks\windows\v7.1a\include\sal_supp.h(57) : warning C4005: '__useHeader' : macro redefinition
        C:\Program Files (x86)\Microsoft Visual Studio 12.0\VC\include\sal.h(2886) : see previous definition of '__useHeader'
c:\program files (x86)\microsoft sdks\windows\v7.1a\include\specstrings_supp.h(77) : warning C4005: '__on_failure' : macro redefinition
        C:\Program Files (x86)\Microsoft Visual Studio 12.0\VC\include\sal.h(2896) : see previous definition of '__on_failure'
	cl /Fotmp32dll\asn1_err.obj  -Iinc32 -Itmp32dll /MD /Ox /O2 /Ob2 -DOPENSSL_THREADS  -DDSO_WIN32 -W3 -Gs0 -GF -Gy -nologo -DOPENSSL_SYSNAME_WIN32 -DWIN32_LEAN_AND_MEAN -DL_ENDIAN -D_CRT_SECURE_NO_DEPRECATE -DOPENSSL_USE_APPLINK -I. -DOPENSSL_NO_RC5 -DOPENSSL_NO_MD2 -DOPENSSL_NO_KRB5 -DOPENSSL_NO_JPAKE -DOPENSSL_NO_STATIC_ENGINE /Zi /Fdtmp32dll/lib -D_WINDLL  -DOPENSSL_BUILD_SHLIBCRYPTO -c .\crypto\asn1\asn1_err.c
asn1_err.c
	cl /Fotmp32dll\a_bytes.obj  -Iinc32 -Itmp32dll /MD /Ox /O2 /Ob2 -DOPENSSL_THREADS  -DDSO_WIN32 -W3 -Gs0 -GF -Gy -nologo -DOPENSSL_SYSNAME_WIN32 -DWIN32_LEAN_AND_MEAN -DL_ENDIAN -D_CRT_SECURE_NO_DEPRECATE -DOPENSSL_USE_APPLINK -I. -DOPENSSL_NO_RC5 -DOPENSSL_NO_MD2 -DOPENSSL_NO_KRB5 -DOPENSSL_NO_JPAKE -DOPENSSL_NO_STATIC_ENGINE /Zi /Fdtmp32dll/lib -D_WINDLL  -DOPENSSL_BUILD_SHLIBCRYPTO -c .\crypto\asn1\a_bytes.c
a_bytes.c
c:\program files (x86)\microsoft sdks\windows\v7.1a\include\sal_supp.h(57) : warning C4005: '__useHeader' : macro redefinition
        C:\Program Files (x86)\Microsoft Visual Studio 12.0\VC\include\sal.h(2886) : see previous definition of '__useHeader'
c:\program files (x86)\microsoft sdks\windows\v7.1a\include\specstrings_supp.h(77) : warning C4005: '__on_failure' : macro redefinition
        C:\Program Files (x86)\Microsoft Visual Studio 12.0\VC\include\sal.h(2896) : see previous definition of '__on_failure'
	cl /Fotmp32dll\a_strnid.obj  -Iinc32 -Itmp32dll /MD /Ox /O2 /Ob2 -DOPENSSL_THREADS  -DDSO_WIN32 -W3 -Gs0 -GF -Gy -nologo -DOPENSSL_SYSNAME_WIN32 -DWIN32_LEAN_AND_MEAN -DL_ENDIAN -D_CRT_SECURE_NO_DEPRECATE -DOPENSSL_USE_APPLINK -I. -DOPENSSL_NO_RC5 -DOPENSSL_NO_MD2 -DOPENSSL_NO_KRB5 -DOPENSSL_NO_JPAKE -DOPENSSL_NO_STATIC_ENGINE /Zi /Fdtmp32dll/lib -D_WINDLL  -DOPENSSL_BUILD_SHLIBCRYPTO -c .\crypto\asn1\a_strnid.c
a_strnid.c
c:\program files (x86)\microsoft sdks\windows\v7.1a\include\sal_supp.h(57) : warning C4005: '__useHeader' : macro redefinition
        C:\Program Files (x86)\Microsoft Visual Studio 12.0\VC\include\sal.h(2886) : see previous definition of '__useHeader'
c:\program files (x86)\microsoft sdks\windows\v7.1a\include\specstrings_supp.h(77) : warning C4005: '__on_failure' : macro redefinition
        C:\Program Files (x86)\Microsoft Visual Studio 12.0\VC\include\sal.h(2896) : see previous definition of '__on_failure'
	cl /Fotmp32dll\evp_asn1.obj  -Iinc32 -Itmp32dll /MD /Ox /O2 /Ob2 -DOPENSSL_THREADS  -DDSO_WIN32 -W3 -Gs0 -GF -Gy -nologo -DOPENSSL_SYSNAME_WIN32 -DWIN32_LEAN_AND_MEAN -DL_ENDIAN -D_CRT_SECURE_NO_DEPRECATE -DOPENSSL_USE_APPLINK -I. -DOPENSSL_NO_RC5 -DOPENSSL_NO_MD2 -DOPENSSL_NO_KRB5 -DOPENSSL_NO_JPAKE -DOPENSSL_NO_STATIC_ENGINE /Zi /Fdtmp32dll/lib -D_WINDLL  -DOPENSSL_BUILD_SHLIBCRYPTO -c .\crypto\asn1\evp_asn1.c
evp_asn1.c
c:\program files (x86)\microsoft sdks\windows\v7.1a\include\sal_supp.h(57) : warning C4005: '__useHeader' : macro redefinition
        C:\Program Files (x86)\Microsoft Visual Studio 12.0\VC\include\sal.h(2886) : see previous definition of '__useHeader'
c:\program files (x86)\microsoft sdks\windows\v7.1a\include\specstrings_supp.h(77) : warning C4005: '__on_failure' : macro redefinition
        C:\Program Files (x86)\Microsoft Visual Studio 12.0\VC\include\sal.h(2896) : see previous definition of '__on_failure'
	cl /Fotmp32dll\asn_pack.obj  -Iinc32 -Itmp32dll /MD /Ox /O2 /Ob2 -DOPENSSL_THREADS  -DDSO_WIN32 -W3 -Gs0 -GF -Gy -nologo -DOPENSSL_SYSNAME_WIN32 -DWIN32_LEAN_AND_MEAN -DL_ENDIAN -D_CRT_SECURE_NO_DEPRECATE -DOPENSSL_USE_APPLINK -I. -DOPENSSL_NO_RC5 -DOPENSSL_NO_MD2 -DOPENSSL_NO_KRB5 -DOPENSSL_NO_JPAKE -DOPENSSL_NO_STATIC_ENGINE /Zi /Fdtmp32dll/lib -D_WINDLL  -DOPENSSL_BUILD_SHLIBCRYPTO -c .\crypto\asn1\asn_pack.c
asn_pack.c
c:\program files (x86)\microsoft sdks\windows\v7.1a\include\sal_supp.h(57) : warning C4005: '__useHeader' : macro redefinition
        C:\Program Files (x86)\Microsoft Visual Studio 12.0\VC\include\sal.h(2886) : see previous definition of '__useHeader'
c:\program files (x86)\microsoft sdks\windows\v7.1a\include\specstrings_supp.h(77) : warning C4005: '__on_failure' : macro redefinition
        C:\Program Files (x86)\Microsoft Visual Studio 12.0\VC\include\sal.h(2896) : see previous definition of '__on_failure'
	cl /Fotmp32dll\p5_pbe.obj  -Iinc32 -Itmp32dll /MD /Ox /O2 /Ob2 -DOPENSSL_THREADS  -DDSO_WIN32 -W3 -Gs0 -GF -Gy -nologo -DOPENSSL_SYSNAME_WIN32 -DWIN32_LEAN_AND_MEAN -DL_ENDIAN -D_CRT_SECURE_NO_DEPRECATE -DOPENSSL_USE_APPLINK -I. -DOPENSSL_NO_RC5 -DOPENSSL_NO_MD2 -DOPENSSL_NO_KRB5 -DOPENSSL_NO_JPAKE -DOPENSSL_NO_STATIC_ENGINE /Zi /Fdtmp32dll/lib -D_WINDLL  -DOPENSSL_BUILD_SHLIBCRYPTO -c .\crypto\asn1\p5_pbe.c
p5_pbe.c
c:\program files (x86)\microsoft sdks\windows\v7.1a\include\sal_supp.h(57) : warning C4005: '__useHeader' : macro redefinition
        C:\Program Files (x86)\Microsoft Visual Studio 12.0\VC\include\sal.h(2886) : see previous definition of '__useHeader'
c:\program files (x86)\microsoft sdks\windows\v7.1a\include\specstrings_supp.h(77) : warning C4005: '__on_failure' : macro redefinition
        C:\Program Files (x86)\Microsoft Visual Studio 12.0\VC\include\sal.h(2896) : see previous definition of '__on_failure'
	cl /Fotmp32dll\p5_pbev2.obj  -Iinc32 -Itmp32dll /MD /Ox /O2 /Ob2 -DOPENSSL_THREADS  -DDSO_WIN32 -W3 -Gs0 -GF -Gy -nologo -DOPENSSL_SYSNAME_WIN32 -DWIN32_LEAN_AND_MEAN -DL_ENDIAN -D_CRT_SECURE_NO_DEPRECATE -DOPENSSL_USE_APPLINK -I. -DOPENSSL_NO_RC5 -DOPENSSL_NO_MD2 -DOPENSSL_NO_KRB5 -DOPENSSL_NO_JPAKE -DOPENSSL_NO_STATIC_ENGINE /Zi /Fdtmp32dll/lib -D_WINDLL  -DOPENSSL_BUILD_SHLIBCRYPTO -c .\crypto\asn1\p5_pbev2.c
p5_pbev2.c
c:\program files (x86)\microsoft sdks\windows\v7.1a\include\sal_supp.h(57) : warning C4005: '__useHeader' : macro redefinition
        C:\Program Files (x86)\Microsoft Visual Studio 12.0\VC\include\sal.h(2886) : see previous definition of '__useHeader'
c:\program files (x86)\microsoft sdks\windows\v7.1a\include\specstrings_supp.h(77) : warning C4005: '__on_failure' : macro redefinition
        C:\Program Files (x86)\Microsoft Visual Studio 12.0\VC\include\sal.h(2896) : see previous definition of '__on_failure'
	cl /Fotmp32dll\p8_pkey.obj  -Iinc32 -Itmp32dll /MD /Ox /O2 /Ob2 -DOPENSSL_THREADS  -DDSO_WIN32 -W3 -Gs0 -GF -Gy -nologo -DOPENSSL_SYSNAME_WIN32 -DWIN32_LEAN_AND_MEAN -DL_ENDIAN -D_CRT_SECURE_NO_DEPRECATE -DOPENSSL_USE_APPLINK -I. -DOPENSSL_NO_RC5 -DOPENSSL_NO_MD2 -DOPENSSL_NO_KRB5 -DOPENSSL_NO_JPAKE -DOPENSSL_NO_STATIC_ENGINE /Zi /Fdtmp32dll/lib -D_WINDLL  -DOPENSSL_BUILD_SHLIBCRYPTO -c .\crypto\asn1\p8_pkey.c
p8_pkey.c
c:\program files (x86)\microsoft sdks\windows\v7.1a\include\sal_supp.h(57) : warning C4005: '__useHeader' : macro redefinition
        C:\Program Files (x86)\Microsoft Visual Studio 12.0\VC\include\sal.h(2886) : see previous definition of '__useHeader'
c:\program files (x86)\microsoft sdks\windows\v7.1a\include\specstrings_supp.h(77) : warning C4005: '__on_failure' : macro redefinition
        C:\Program Files (x86)\Microsoft Visual Studio 12.0\VC\include\sal.h(2896) : see previous definition of '__on_failure'
	cl /Fotmp32dll\asn_moid.obj  -Iinc32 -Itmp32dll /MD /Ox /O2 /Ob2 -DOPENSSL_THREADS  -DDSO_WIN32 -W3 -Gs0 -GF -Gy -nologo -DOPENSSL_SYSNAME_WIN32 -DWIN32_LEAN_AND_MEAN -DL_ENDIAN -D_CRT_SECURE_NO_DEPRECATE -DOPENSSL_USE_APPLINK -I. -DOPENSSL_NO_RC5 -DOPENSSL_NO_MD2 -DOPENSSL_NO_KRB5 -DOPENSSL_NO_JPAKE -DOPENSSL_NO_STATIC_ENGINE /Zi /Fdtmp32dll/lib -D_WINDLL  -DOPENSSL_BUILD_SHLIBCRYPTO -c .\crypto\asn1\asn_moid.c
asn_moid.c
c:\program files (x86)\microsoft sdks\windows\v7.1a\include\sal_supp.h(57) : warning C4005: '__useHeader' : macro redefinition
        C:\Program Files (x86)\Microsoft Visual Studio 12.0\VC\include\sal.h(2886) : see previous definition of '__useHeader'
c:\program files (x86)\microsoft sdks\windows\v7.1a\include\specstrings_supp.h(77) : warning C4005: '__on_failure' : macro redefinition
        C:\Program Files (x86)\Microsoft Visual Studio 12.0\VC\include\sal.h(2896) : see previous definition of '__on_failure'
	cl /Fotmp32dll\pem_sign.obj  -Iinc32 -Itmp32dll /MD /Ox /O2 /Ob2 -DOPENSSL_THREADS  -DDSO_WIN32 -W3 -Gs0 -GF -Gy -nologo -DOPENSSL_SYSNAME_WIN32 -DWIN32_LEAN_AND_MEAN -DL_ENDIAN -D_CRT_SECURE_NO_DEPRECATE -DOPENSSL_USE_APPLINK -I. -DOPENSSL_NO_RC5 -DOPENSSL_NO_MD2 -DOPENSSL_NO_KRB5 -DOPENSSL_NO_JPAKE -DOPENSSL_NO_STATIC_ENGINE /Zi /Fdtmp32dll/lib -D_WINDLL  -DOPENSSL_BUILD_SHLIBCRYPTO -c .\crypto\pem\pem_sign.c
pem_sign.c
c:\program files (x86)\microsoft sdks\windows\v7.1a\include\sal_supp.h(57) : warning C4005: '__useHeader' : macro redefinition
        C:\Program Files (x86)\Microsoft Visual Studio 12.0\VC\include\sal.h(2886) : see previous definition of '__useHeader'
c:\program files (x86)\microsoft sdks\windows\v7.1a\include\specstrings_supp.h(77) : warning C4005: '__on_failure' : macro redefinition
        C:\Program Files (x86)\Microsoft Visual Studio 12.0\VC\include\sal.h(2896) : see previous definition of '__on_failure'
	cl /Fotmp32dll\pem_seal.obj  -Iinc32 -Itmp32dll /MD /Ox /O2 /Ob2 -DOPENSSL_THREADS  -DDSO_WIN32 -W3 -Gs0 -GF -Gy -nologo -DOPENSSL_SYSNAME_WIN32 -DWIN32_LEAN_AND_MEAN -DL_ENDIAN -D_CRT_SECURE_NO_DEPRECATE -DOPENSSL_USE_APPLINK -I. -DOPENSSL_NO_RC5 -DOPENSSL_NO_MD2 -DOPENSSL_NO_KRB5 -DOPENSSL_NO_JPAKE -DOPENSSL_NO_STATIC_ENGINE /Zi /Fdtmp32dll/lib -D_WINDLL  -DOPENSSL_BUILD_SHLIBCRYPTO -c .\crypto\pem\pem_seal.c
pem_seal.c
c:\program files (x86)\microsoft sdks\windows\v7.1a\include\sal_supp.h(57) : warning C4005: '__useHeader' : macro redefinition
        C:\Program Files (x86)\Microsoft Visual Studio 12.0\VC\include\sal.h(2886) : see previous definition of '__useHeader'
c:\program files (x86)\microsoft sdks\windows\v7.1a\include\specstrings_supp.h(77) : warning C4005: '__on_failure' : macro redefinition
        C:\Program Files (x86)\Microsoft Visual Studio 12.0\VC\include\sal.h(2896) : see previous definition of '__on_failure'
	cl /Fotmp32dll\pem_info.obj  -Iinc32 -Itmp32dll /MD /Ox /O2 /Ob2 -DOPENSSL_THREADS  -DDSO_WIN32 -W3 -Gs0 -GF -Gy -nologo -DOPENSSL_SYSNAME_WIN32 -DWIN32_LEAN_AND_MEAN -DL_ENDIAN -D_CRT_SECURE_NO_DEPRECATE -DOPENSSL_USE_APPLINK -I. -DOPENSSL_NO_RC5 -DOPENSSL_NO_MD2 -DOPENSSL_NO_KRB5 -DOPENSSL_NO_JPAKE -DOPENSSL_NO_STATIC_ENGINE /Zi /Fdtmp32dll/lib -D_WINDLL  -DOPENSSL_BUILD_SHLIBCRYPTO -c .\crypto\pem\pem_info.c
pem_info.c
c:\program files (x86)\microsoft sdks\windows\v7.1a\include\sal_supp.h(57) : warning C4005: '__useHeader' : macro redefinition
        C:\Program Files (x86)\Microsoft Visual Studio 12.0\VC\include\sal.h(2886) : see previous definition of '__useHeader'
c:\program files (x86)\microsoft sdks\windows\v7.1a\include\specstrings_supp.h(77) : warning C4005: '__on_failure' : macro redefinition
        C:\Program Files (x86)\Microsoft Visual Studio 12.0\VC\include\sal.h(2896) : see previous definition of '__on_failure'
	cl /Fotmp32dll\pem_lib.obj  -Iinc32 -Itmp32dll /MD /Ox /O2 /Ob2 -DOPENSSL_THREADS  -DDSO_WIN32 -W3 -Gs0 -GF -Gy -nologo -DOPENSSL_SYSNAME_WIN32 -DWIN32_LEAN_AND_MEAN -DL_ENDIAN -D_CRT_SECURE_NO_DEPRECATE -DOPENSSL_USE_APPLINK -I. -DOPENSSL_NO_RC5 -DOPENSSL_NO_MD2 -DOPENSSL_NO_KRB5 -DOPENSSL_NO_JPAKE -DOPENSSL_NO_STATIC_ENGINE /Zi /Fdtmp32dll/lib -D_WINDLL  -DOPENSSL_BUILD_SHLIBCRYPTO -c .\crypto\pem\pem_lib.c
pem_lib.c
c:\program files (x86)\microsoft sdks\windows\v7.1a\include\sal_supp.h(57) : warning C4005: '__useHeader' : macro redefinition
        C:\Program Files (x86)\Microsoft Visual Studio 12.0\VC\include\sal.h(2886) : see previous definition of '__useHeader'
c:\program files (x86)\microsoft sdks\windows\v7.1a\include\specstrings_supp.h(77) : warning C4005: '__on_failure' : macro redefinition
        C:\Program Files (x86)\Microsoft Visual Studio 12.0\VC\include\sal.h(2896) : see previous definition of '__on_failure'
	cl /Fotmp32dll\pem_all.obj  -Iinc32 -Itmp32dll /MD /Ox /O2 /Ob2 -DOPENSSL_THREADS  -DDSO_WIN32 -W3 -Gs0 -GF -Gy -nologo -DOPENSSL_SYSNAME_WIN32 -DWIN32_LEAN_AND_MEAN -DL_ENDIAN -D_CRT_SECURE_NO_DEPRECATE -DOPENSSL_USE_APPLINK -I. -DOPENSSL_NO_RC5 -DOPENSSL_NO_MD2 -DOPENSSL_NO_KRB5 -DOPENSSL_NO_JPAKE -DOPENSSL_NO_STATIC_ENGINE /Zi /Fdtmp32dll/lib -D_WINDLL  -DOPENSSL_BUILD_SHLIBCRYPTO -c .\crypto\pem\pem_all.c
pem_all.c
c:\program files (x86)\microsoft sdks\windows\v7.1a\include\sal_supp.h(57) : warning C4005: '__useHeader' : macro redefinition
        C:\Program Files (x86)\Microsoft Visual Studio 12.0\VC\include\sal.h(2886) : see previous definition of '__useHeader'
c:\program files (x86)\microsoft sdks\windows\v7.1a\include\specstrings_supp.h(77) : warning C4005: '__on_failure' : macro redefinition
        C:\Program Files (x86)\Microsoft Visual Studio 12.0\VC\include\sal.h(2896) : see previous definition of '__on_failure'
	cl /Fotmp32dll\pem_err.obj  -Iinc32 -Itmp32dll /MD /Ox /O2 /Ob2 -DOPENSSL_THREADS  -DDSO_WIN32 -W3 -Gs0 -GF -Gy -nologo -DOPENSSL_SYSNAME_WIN32 -DWIN32_LEAN_AND_MEAN -DL_ENDIAN -D_CRT_SECURE_NO_DEPRECATE -DOPENSSL_USE_APPLINK -I. -DOPENSSL_NO_RC5 -DOPENSSL_NO_MD2 -DOPENSSL_NO_KRB5 -DOPENSSL_NO_JPAKE -DOPENSSL_NO_STATIC_ENGINE /Zi /Fdtmp32dll/lib -D_WINDLL  -DOPENSSL_BUILD_SHLIBCRYPTO -c .\crypto\pem\pem_err.c
pem_err.c
	cl /Fotmp32dll\pem_x509.obj  -Iinc32 -Itmp32dll /MD /Ox /O2 /Ob2 -DOPENSSL_THREADS  -DDSO_WIN32 -W3 -Gs0 -GF -Gy -nologo -DOPENSSL_SYSNAME_WIN32 -DWIN32_LEAN_AND_MEAN -DL_ENDIAN -D_CRT_SECURE_NO_DEPRECATE -DOPENSSL_USE_APPLINK -I. -DOPENSSL_NO_RC5 -DOPENSSL_NO_MD2 -DOPENSSL_NO_KRB5 -DOPENSSL_NO_JPAKE -DOPENSSL_NO_STATIC_ENGINE /Zi /Fdtmp32dll/lib -D_WINDLL  -DOPENSSL_BUILD_SHLIBCRYPTO -c .\crypto\pem\pem_x509.c
pem_x509.c
c:\program files (x86)\microsoft sdks\windows\v7.1a\include\sal_supp.h(57) : warning C4005: '__useHeader' : macro redefinition
        C:\Program Files (x86)\Microsoft Visual Studio 12.0\VC\include\sal.h(2886) : see previous definition of '__useHeader'
c:\program files (x86)\microsoft sdks\windows\v7.1a\include\specstrings_supp.h(77) : warning C4005: '__on_failure' : macro redefinition
        C:\Program Files (x86)\Microsoft Visual Studio 12.0\VC\include\sal.h(2896) : see previous definition of '__on_failure'
	cl /Fotmp32dll\pem_xaux.obj  -Iinc32 -Itmp32dll /MD /Ox /O2 /Ob2 -DOPENSSL_THREADS  -DDSO_WIN32 -W3 -Gs0 -GF -Gy -nologo -DOPENSSL_SYSNAME_WIN32 -DWIN32_LEAN_AND_MEAN -DL_ENDIAN -D_CRT_SECURE_NO_DEPRECATE -DOPENSSL_USE_APPLINK -I. -DOPENSSL_NO_RC5 -DOPENSSL_NO_MD2 -DOPENSSL_NO_KRB5 -DOPENSSL_NO_JPAKE -DOPENSSL_NO_STATIC_ENGINE /Zi /Fdtmp32dll/lib -D_WINDLL  -DOPENSSL_BUILD_SHLIBCRYPTO -c .\crypto\pem\pem_xaux.c
pem_xaux.c
c:\program files (x86)\microsoft sdks\windows\v7.1a\include\sal_supp.h(57) : warning C4005: '__useHeader' : macro redefinition
        C:\Program Files (x86)\Microsoft Visual Studio 12.0\VC\include\sal.h(2886) : see previous definition of '__useHeader'
c:\program files (x86)\microsoft sdks\windows\v7.1a\include\specstrings_supp.h(77) : warning C4005: '__on_failure' : macro redefinition
        C:\Program Files (x86)\Microsoft Visual Studio 12.0\VC\include\sal.h(2896) : see previous definition of '__on_failure'
	cl /Fotmp32dll\pem_oth.obj  -Iinc32 -Itmp32dll /MD /Ox /O2 /Ob2 -DOPENSSL_THREADS  -DDSO_WIN32 -W3 -Gs0 -GF -Gy -nologo -DOPENSSL_SYSNAME_WIN32 -DWIN32_LEAN_AND_MEAN -DL_ENDIAN -D_CRT_SECURE_NO_DEPRECATE -DOPENSSL_USE_APPLINK -I. -DOPENSSL_NO_RC5 -DOPENSSL_NO_MD2 -DOPENSSL_NO_KRB5 -DOPENSSL_NO_JPAKE -DOPENSSL_NO_STATIC_ENGINE /Zi /Fdtmp32dll/lib -D_WINDLL  -DOPENSSL_BUILD_SHLIBCRYPTO -c .\crypto\pem\pem_oth.c
pem_oth.c
c:\program files (x86)\microsoft sdks\windows\v7.1a\include\sal_supp.h(57) : warning C4005: '__useHeader' : macro redefinition
        C:\Program Files (x86)\Microsoft Visual Studio 12.0\VC\include\sal.h(2886) : see previous definition of '__useHeader'
c:\program files (x86)\microsoft sdks\windows\v7.1a\include\specstrings_supp.h(77) : warning C4005: '__on_failure' : macro redefinition
        C:\Program Files (x86)\Microsoft Visual Studio 12.0\VC\include\sal.h(2896) : see previous definition of '__on_failure'
	cl /Fotmp32dll\pem_pk8.obj  -Iinc32 -Itmp32dll /MD /Ox /O2 /Ob2 -DOPENSSL_THREADS  -DDSO_WIN32 -W3 -Gs0 -GF -Gy -nologo -DOPENSSL_SYSNAME_WIN32 -DWIN32_LEAN_AND_MEAN -DL_ENDIAN -D_CRT_SECURE_NO_DEPRECATE -DOPENSSL_USE_APPLINK -I. -DOPENSSL_NO_RC5 -DOPENSSL_NO_MD2 -DOPENSSL_NO_KRB5 -DOPENSSL_NO_JPAKE -DOPENSSL_NO_STATIC_ENGINE /Zi /Fdtmp32dll/lib -D_WINDLL  -DOPENSSL_BUILD_SHLIBCRYPTO -c .\crypto\pem\pem_pk8.c
pem_pk8.c
c:\program files (x86)\microsoft sdks\windows\v7.1a\include\sal_supp.h(57) : warning C4005: '__useHeader' : macro redefinition
        C:\Program Files (x86)\Microsoft Visual Studio 12.0\VC\include\sal.h(2886) : see previous definition of '__useHeader'
c:\program files (x86)\microsoft sdks\windows\v7.1a\include\specstrings_supp.h(77) : warning C4005: '__on_failure' : macro redefinition
        C:\Program Files (x86)\Microsoft Visual Studio 12.0\VC\include\sal.h(2896) : see previous definition of '__on_failure'
	cl /Fotmp32dll\pem_pkey.obj  -Iinc32 -Itmp32dll /MD /Ox /O2 /Ob2 -DOPENSSL_THREADS  -DDSO_WIN32 -W3 -Gs0 -GF -Gy -nologo -DOPENSSL_SYSNAME_WIN32 -DWIN32_LEAN_AND_MEAN -DL_ENDIAN -D_CRT_SECURE_NO_DEPRECATE -DOPENSSL_USE_APPLINK -I. -DOPENSSL_NO_RC5 -DOPENSSL_NO_MD2 -DOPENSSL_NO_KRB5 -DOPENSSL_NO_JPAKE -DOPENSSL_NO_STATIC_ENGINE /Zi /Fdtmp32dll/lib -D_WINDLL  -DOPENSSL_BUILD_SHLIBCRYPTO -c .\crypto\pem\pem_pkey.c
pem_pkey.c
c:\program files (x86)\microsoft sdks\windows\v7.1a\include\sal_supp.h(57) : warning C4005: '__useHeader' : macro redefinition
        C:\Program Files (x86)\Microsoft Visual Studio 12.0\VC\include\sal.h(2886) : see previous definition of '__useHeader'
c:\program files (x86)\microsoft sdks\windows\v7.1a\include\specstrings_supp.h(77) : warning C4005: '__on_failure' : macro redefinition
        C:\Program Files (x86)\Microsoft Visual Studio 12.0\VC\include\sal.h(2896) : see previous definition of '__on_failure'
	cl /Fotmp32dll\pvkfmt.obj  -Iinc32 -Itmp32dll /MD /Ox /O2 /Ob2 -DOPENSSL_THREADS  -DDSO_WIN32 -W3 -Gs0 -GF -Gy -nologo -DOPENSSL_SYSNAME_WIN32 -DWIN32_LEAN_AND_MEAN -DL_ENDIAN -D_CRT_SECURE_NO_DEPRECATE -DOPENSSL_USE_APPLINK -I. -DOPENSSL_NO_RC5 -DOPENSSL_NO_MD2 -DOPENSSL_NO_KRB5 -DOPENSSL_NO_JPAKE -DOPENSSL_NO_STATIC_ENGINE /Zi /Fdtmp32dll/lib -D_WINDLL  -DOPENSSL_BUILD_SHLIBCRYPTO -c .\crypto\pem\pvkfmt.c
pvkfmt.c
c:\program files (x86)\microsoft sdks\windows\v7.1a\include\sal_supp.h(57) : warning C4005: '__useHeader' : macro redefinition
        C:\Program Files (x86)\Microsoft Visual Studio 12.0\VC\include\sal.h(2886) : see previous definition of '__useHeader'
c:\program files (x86)\microsoft sdks\windows\v7.1a\include\specstrings_supp.h(77) : warning C4005: '__on_failure' : macro redefinition
        C:\Program Files (x86)\Microsoft Visual Studio 12.0\VC\include\sal.h(2896) : see previous definition of '__on_failure'
	cl /Fotmp32dll\x509_def.obj  -Iinc32 -Itmp32dll /MD /Ox /O2 /Ob2 -DOPENSSL_THREADS  -DDSO_WIN32 -W3 -Gs0 -GF -Gy -nologo -DOPENSSL_SYSNAME_WIN32 -DWIN32_LEAN_AND_MEAN -DL_ENDIAN -D_CRT_SECURE_NO_DEPRECATE -DOPENSSL_USE_APPLINK -I. -DOPENSSL_NO_RC5 -DOPENSSL_NO_MD2 -DOPENSSL_NO_KRB5 -DOPENSSL_NO_JPAKE -DOPENSSL_NO_STATIC_ENGINE /Zi /Fdtmp32dll/lib -D_WINDLL  -DOPENSSL_BUILD_SHLIBCRYPTO -c .\crypto\x509\x509_def.c
x509_def.c
c:\program files (x86)\microsoft sdks\windows\v7.1a\include\sal_supp.h(57) : warning C4005: '__useHeader' : macro redefinition
        C:\Program Files (x86)\Microsoft Visual Studio 12.0\VC\include\sal.h(2886) : see previous definition of '__useHeader'
c:\program files (x86)\microsoft sdks\windows\v7.1a\include\specstrings_supp.h(77) : warning C4005: '__on_failure' : macro redefinition
        C:\Program Files (x86)\Microsoft Visual Studio 12.0\VC\include\sal.h(2896) : see previous definition of '__on_failure'
	cl /Fotmp32dll\x509_d2.obj  -Iinc32 -Itmp32dll /MD /Ox /O2 /Ob2 -DOPENSSL_THREADS  -DDSO_WIN32 -W3 -Gs0 -GF -Gy -nologo -DOPENSSL_SYSNAME_WIN32 -DWIN32_LEAN_AND_MEAN -DL_ENDIAN -D_CRT_SECURE_NO_DEPRECATE -DOPENSSL_USE_APPLINK -I. -DOPENSSL_NO_RC5 -DOPENSSL_NO_MD2 -DOPENSSL_NO_KRB5 -DOPENSSL_NO_JPAKE -DOPENSSL_NO_STATIC_ENGINE /Zi /Fdtmp32dll/lib -D_WINDLL  -DOPENSSL_BUILD_SHLIBCRYPTO -c .\crypto\x509\x509_d2.c
x509_d2.c
c:\program files (x86)\microsoft sdks\windows\v7.1a\include\sal_supp.h(57) : warning C4005: '__useHeader' : macro redefinition
        C:\Program Files (x86)\Microsoft Visual Studio 12.0\VC\include\sal.h(2886) : see previous definition of '__useHeader'
c:\program files (x86)\microsoft sdks\windows\v7.1a\include\specstrings_supp.h(77) : warning C4005: '__on_failure' : macro redefinition
        C:\Program Files (x86)\Microsoft Visual Studio 12.0\VC\include\sal.h(2896) : see previous definition of '__on_failure'
	cl /Fotmp32dll\x509_r2x.obj  -Iinc32 -Itmp32dll /MD /Ox /O2 /Ob2 -DOPENSSL_THREADS  -DDSO_WIN32 -W3 -Gs0 -GF -Gy -nologo -DOPENSSL_SYSNAME_WIN32 -DWIN32_LEAN_AND_MEAN -DL_ENDIAN -D_CRT_SECURE_NO_DEPRECATE -DOPENSSL_USE_APPLINK -I. -DOPENSSL_NO_RC5 -DOPENSSL_NO_MD2 -DOPENSSL_NO_KRB5 -DOPENSSL_NO_JPAKE -DOPENSSL_NO_STATIC_ENGINE /Zi /Fdtmp32dll/lib -D_WINDLL  -DOPENSSL_BUILD_SHLIBCRYPTO -c .\crypto\x509\x509_r2x.c
x509_r2x.c
c:\program files (x86)\microsoft sdks\windows\v7.1a\include\sal_supp.h(57) : warning C4005: '__useHeader' : macro redefinition
        C:\Program Files (x86)\Microsoft Visual Studio 12.0\VC\include\sal.h(2886) : see previous definition of '__useHeader'
c:\program files (x86)\microsoft sdks\windows\v7.1a\include\specstrings_supp.h(77) : warning C4005: '__on_failure' : macro redefinition
        C:\Program Files (x86)\Microsoft Visual Studio 12.0\VC\include\sal.h(2896) : see previous definition of '__on_failure'
	cl /Fotmp32dll\x509_cmp.obj  -Iinc32 -Itmp32dll /MD /Ox /O2 /Ob2 -DOPENSSL_THREADS  -DDSO_WIN32 -W3 -Gs0 -GF -Gy -nologo -DOPENSSL_SYSNAME_WIN32 -DWIN32_LEAN_AND_MEAN -DL_ENDIAN -D_CRT_SECURE_NO_DEPRECATE -DOPENSSL_USE_APPLINK -I. -DOPENSSL_NO_RC5 -DOPENSSL_NO_MD2 -DOPENSSL_NO_KRB5 -DOPENSSL_NO_JPAKE -DOPENSSL_NO_STATIC_ENGINE /Zi /Fdtmp32dll/lib -D_WINDLL  -DOPENSSL_BUILD_SHLIBCRYPTO -c .\crypto\x509\x509_cmp.c
x509_cmp.c
c:\program files (x86)\microsoft sdks\windows\v7.1a\include\sal_supp.h(57) : warning C4005: '__useHeader' : macro redefinition
        C:\Program Files (x86)\Microsoft Visual Studio 12.0\VC\include\sal.h(2886) : see previous definition of '__useHeader'
c:\program files (x86)\microsoft sdks\windows\v7.1a\include\specstrings_supp.h(77) : warning C4005: '__on_failure' : macro redefinition
        C:\Program Files (x86)\Microsoft Visual Studio 12.0\VC\include\sal.h(2896) : see previous definition of '__on_failure'
	cl /Fotmp32dll\x509_obj.obj  -Iinc32 -Itmp32dll /MD /Ox /O2 /Ob2 -DOPENSSL_THREADS  -DDSO_WIN32 -W3 -Gs0 -GF -Gy -nologo -DOPENSSL_SYSNAME_WIN32 -DWIN32_LEAN_AND_MEAN -DL_ENDIAN -D_CRT_SECURE_NO_DEPRECATE -DOPENSSL_USE_APPLINK -I. -DOPENSSL_NO_RC5 -DOPENSSL_NO_MD2 -DOPENSSL_NO_KRB5 -DOPENSSL_NO_JPAKE -DOPENSSL_NO_STATIC_ENGINE /Zi /Fdtmp32dll/lib -D_WINDLL  -DOPENSSL_BUILD_SHLIBCRYPTO -c .\crypto\x509\x509_obj.c
x509_obj.c
c:\program files (x86)\microsoft sdks\windows\v7.1a\include\sal_supp.h(57) : warning C4005: '__useHeader' : macro redefinition
        C:\Program Files (x86)\Microsoft Visual Studio 12.0\VC\include\sal.h(2886) : see previous definition of '__useHeader'
c:\program files (x86)\microsoft sdks\windows\v7.1a\include\specstrings_supp.h(77) : warning C4005: '__on_failure' : macro redefinition
        C:\Program Files (x86)\Microsoft Visual Studio 12.0\VC\include\sal.h(2896) : see previous definition of '__on_failure'
	cl /Fotmp32dll\x509_req.obj  -Iinc32 -Itmp32dll /MD /Ox /O2 /Ob2 -DOPENSSL_THREADS  -DDSO_WIN32 -W3 -Gs0 -GF -Gy -nologo -DOPENSSL_SYSNAME_WIN32 -DWIN32_LEAN_AND_MEAN -DL_ENDIAN -D_CRT_SECURE_NO_DEPRECATE -DOPENSSL_USE_APPLINK -I. -DOPENSSL_NO_RC5 -DOPENSSL_NO_MD2 -DOPENSSL_NO_KRB5 -DOPENSSL_NO_JPAKE -DOPENSSL_NO_STATIC_ENGINE /Zi /Fdtmp32dll/lib -D_WINDLL  -DOPENSSL_BUILD_SHLIBCRYPTO -c .\crypto\x509\x509_req.c
x509_req.c
c:\program files (x86)\microsoft sdks\windows\v7.1a\include\sal_supp.h(57) : warning C4005: '__useHeader' : macro redefinition
        C:\Program Files (x86)\Microsoft Visual Studio 12.0\VC\include\sal.h(2886) : see previous definition of '__useHeader'
c:\program files (x86)\microsoft sdks\windows\v7.1a\include\specstrings_supp.h(77) : warning C4005: '__on_failure' : macro redefinition
        C:\Program Files (x86)\Microsoft Visual Studio 12.0\VC\include\sal.h(2896) : see previous definition of '__on_failure'
	cl /Fotmp32dll\x509spki.obj  -Iinc32 -Itmp32dll /MD /Ox /O2 /Ob2 -DOPENSSL_THREADS  -DDSO_WIN32 -W3 -Gs0 -GF -Gy -nologo -DOPENSSL_SYSNAME_WIN32 -DWIN32_LEAN_AND_MEAN -DL_ENDIAN -D_CRT_SECURE_NO_DEPRECATE -DOPENSSL_USE_APPLINK -I. -DOPENSSL_NO_RC5 -DOPENSSL_NO_MD2 -DOPENSSL_NO_KRB5 -DOPENSSL_NO_JPAKE -DOPENSSL_NO_STATIC_ENGINE /Zi /Fdtmp32dll/lib -D_WINDLL  -DOPENSSL_BUILD_SHLIBCRYPTO -c .\crypto\x509\x509spki.c
x509spki.c
c:\program files (x86)\microsoft sdks\windows\v7.1a\include\sal_supp.h(57) : warning C4005: '__useHeader' : macro redefinition
        C:\Program Files (x86)\Microsoft Visual Studio 12.0\VC\include\sal.h(2886) : see previous definition of '__useHeader'
c:\program files (x86)\microsoft sdks\windows\v7.1a\include\specstrings_supp.h(77) : warning C4005: '__on_failure' : macro redefinition
        C:\Program Files (x86)\Microsoft Visual Studio 12.0\VC\include\sal.h(2896) : see previous definition of '__on_failure'
	cl /Fotmp32dll\x509_vfy.obj  -Iinc32 -Itmp32dll /MD /Ox /O2 /Ob2 -DOPENSSL_THREADS  -DDSO_WIN32 -W3 -Gs0 -GF -Gy -nologo -DOPENSSL_SYSNAME_WIN32 -DWIN32_LEAN_AND_MEAN -DL_ENDIAN -D_CRT_SECURE_NO_DEPRECATE -DOPENSSL_USE_APPLINK -I. -DOPENSSL_NO_RC5 -DOPENSSL_NO_MD2 -DOPENSSL_NO_KRB5 -DOPENSSL_NO_JPAKE -DOPENSSL_NO_STATIC_ENGINE /Zi /Fdtmp32dll/lib -D_WINDLL  -DOPENSSL_BUILD_SHLIBCRYPTO -c .\crypto\x509\x509_vfy.c
x509_vfy.c
c:\program files (x86)\microsoft sdks\windows\v7.1a\include\sal_supp.h(57) : warning C4005: '__useHeader' : macro redefinition
        C:\Program Files (x86)\Microsoft Visual Studio 12.0\VC\include\sal.h(2886) : see previous definition of '__useHeader'
c:\program files (x86)\microsoft sdks\windows\v7.1a\include\specstrings_supp.h(77) : warning C4005: '__on_failure' : macro redefinition
        C:\Program Files (x86)\Microsoft Visual Studio 12.0\VC\include\sal.h(2896) : see previous definition of '__on_failure'
	cl /Fotmp32dll\x509_set.obj  -Iinc32 -Itmp32dll /MD /Ox /O2 /Ob2 -DOPENSSL_THREADS  -DDSO_WIN32 -W3 -Gs0 -GF -Gy -nologo -DOPENSSL_SYSNAME_WIN32 -DWIN32_LEAN_AND_MEAN -DL_ENDIAN -D_CRT_SECURE_NO_DEPRECATE -DOPENSSL_USE_APPLINK -I. -DOPENSSL_NO_RC5 -DOPENSSL_NO_MD2 -DOPENSSL_NO_KRB5 -DOPENSSL_NO_JPAKE -DOPENSSL_NO_STATIC_ENGINE /Zi /Fdtmp32dll/lib -D_WINDLL  -DOPENSSL_BUILD_SHLIBCRYPTO -c .\crypto\x509\x509_set.c
x509_set.c
c:\program files (x86)\microsoft sdks\windows\v7.1a\include\sal_supp.h(57) : warning C4005: '__useHeader' : macro redefinition
        C:\Program Files (x86)\Microsoft Visual Studio 12.0\VC\include\sal.h(2886) : see previous definition of '__useHeader'
c:\program files (x86)\microsoft sdks\windows\v7.1a\include\specstrings_supp.h(77) : warning C4005: '__on_failure' : macro redefinition
        C:\Program Files (x86)\Microsoft Visual Studio 12.0\VC\include\sal.h(2896) : see previous definition of '__on_failure'
	cl /Fotmp32dll\x509cset.obj  -Iinc32 -Itmp32dll /MD /Ox /O2 /Ob2 -DOPENSSL_THREADS  -DDSO_WIN32 -W3 -Gs0 -GF -Gy -nologo -DOPENSSL_SYSNAME_WIN32 -DWIN32_LEAN_AND_MEAN -DL_ENDIAN -D_CRT_SECURE_NO_DEPRECATE -DOPENSSL_USE_APPLINK -I. -DOPENSSL_NO_RC5 -DOPENSSL_NO_MD2 -DOPENSSL_NO_KRB5 -DOPENSSL_NO_JPAKE -DOPENSSL_NO_STATIC_ENGINE /Zi /Fdtmp32dll/lib -D_WINDLL  -DOPENSSL_BUILD_SHLIBCRYPTO -c .\crypto\x509\x509cset.c
x509cset.c
c:\program files (x86)\microsoft sdks\windows\v7.1a\include\sal_supp.h(57) : warning C4005: '__useHeader' : macro redefinition
        C:\Program Files (x86)\Microsoft Visual Studio 12.0\VC\include\sal.h(2886) : see previous definition of '__useHeader'
c:\program files (x86)\microsoft sdks\windows\v7.1a\include\specstrings_supp.h(77) : warning C4005: '__on_failure' : macro redefinition
        C:\Program Files (x86)\Microsoft Visual Studio 12.0\VC\include\sal.h(2896) : see previous definition of '__on_failure'
	cl /Fotmp32dll\x509rset.obj  -Iinc32 -Itmp32dll /MD /Ox /O2 /Ob2 -DOPENSSL_THREADS  -DDSO_WIN32 -W3 -Gs0 -GF -Gy -nologo -DOPENSSL_SYSNAME_WIN32 -DWIN32_LEAN_AND_MEAN -DL_ENDIAN -D_CRT_SECURE_NO_DEPRECATE -DOPENSSL_USE_APPLINK -I. -DOPENSSL_NO_RC5 -DOPENSSL_NO_MD2 -DOPENSSL_NO_KRB5 -DOPENSSL_NO_JPAKE -DOPENSSL_NO_STATIC_ENGINE /Zi /Fdtmp32dll/lib -D_WINDLL  -DOPENSSL_BUILD_SHLIBCRYPTO -c .\crypto\x509\x509rset.c
x509rset.c
c:\program files (x86)\microsoft sdks\windows\v7.1a\include\sal_supp.h(57) : warning C4005: '__useHeader' : macro redefinition
        C:\Program Files (x86)\Microsoft Visual Studio 12.0\VC\include\sal.h(2886) : see previous definition of '__useHeader'
c:\program files (x86)\microsoft sdks\windows\v7.1a\include\specstrings_supp.h(77) : warning C4005: '__on_failure' : macro redefinition
        C:\Program Files (x86)\Microsoft Visual Studio 12.0\VC\include\sal.h(2896) : see previous definition of '__on_failure'
	cl /Fotmp32dll\x509_err.obj  -Iinc32 -Itmp32dll /MD /Ox /O2 /Ob2 -DOPENSSL_THREADS  -DDSO_WIN32 -W3 -Gs0 -GF -Gy -nologo -DOPENSSL_SYSNAME_WIN32 -DWIN32_LEAN_AND_MEAN -DL_ENDIAN -D_CRT_SECURE_NO_DEPRECATE -DOPENSSL_USE_APPLINK -I. -DOPENSSL_NO_RC5 -DOPENSSL_NO_MD2 -DOPENSSL_NO_KRB5 -DOPENSSL_NO_JPAKE -DOPENSSL_NO_STATIC_ENGINE /Zi /Fdtmp32dll/lib -D_WINDLL  -DOPENSSL_BUILD_SHLIBCRYPTO -c .\crypto\x509\x509_err.c
x509_err.c
	cl /Fotmp32dll\x509name.obj  -Iinc32 -Itmp32dll /MD /Ox /O2 /Ob2 -DOPENSSL_THREADS  -DDSO_WIN32 -W3 -Gs0 -GF -Gy -nologo -DOPENSSL_SYSNAME_WIN32 -DWIN32_LEAN_AND_MEAN -DL_ENDIAN -D_CRT_SECURE_NO_DEPRECATE -DOPENSSL_USE_APPLINK -I. -DOPENSSL_NO_RC5 -DOPENSSL_NO_MD2 -DOPENSSL_NO_KRB5 -DOPENSSL_NO_JPAKE -DOPENSSL_NO_STATIC_ENGINE /Zi /Fdtmp32dll/lib -D_WINDLL  -DOPENSSL_BUILD_SHLIBCRYPTO -c .\crypto\x509\x509name.c
x509name.c
c:\program files (x86)\microsoft sdks\windows\v7.1a\include\sal_supp.h(57) : warning C4005: '__useHeader' : macro redefinition
        C:\Program Files (x86)\Microsoft Visual Studio 12.0\VC\include\sal.h(2886) : see previous definition of '__useHeader'
c:\program files (x86)\microsoft sdks\windows\v7.1a\include\specstrings_supp.h(77) : warning C4005: '__on_failure' : macro redefinition
        C:\Program Files (x86)\Microsoft Visual Studio 12.0\VC\include\sal.h(2896) : see previous definition of '__on_failure'
	cl /Fotmp32dll\x509_v3.obj  -Iinc32 -Itmp32dll /MD /Ox /O2 /Ob2 -DOPENSSL_THREADS  -DDSO_WIN32 -W3 -Gs0 -GF -Gy -nologo -DOPENSSL_SYSNAME_WIN32 -DWIN32_LEAN_AND_MEAN -DL_ENDIAN -D_CRT_SECURE_NO_DEPRECATE -DOPENSSL_USE_APPLINK -I. -DOPENSSL_NO_RC5 -DOPENSSL_NO_MD2 -DOPENSSL_NO_KRB5 -DOPENSSL_NO_JPAKE -DOPENSSL_NO_STATIC_ENGINE /Zi /Fdtmp32dll/lib -D_WINDLL  -DOPENSSL_BUILD_SHLIBCRYPTO -c .\crypto\x509\x509_v3.c
x509_v3.c
c:\program files (x86)\microsoft sdks\windows\v7.1a\include\sal_supp.h(57) : warning C4005: '__useHeader' : macro redefinition
        C:\Program Files (x86)\Microsoft Visual Studio 12.0\VC\include\sal.h(2886) : see previous definition of '__useHeader'
c:\program files (x86)\microsoft sdks\windows\v7.1a\include\specstrings_supp.h(77) : warning C4005: '__on_failure' : macro redefinition
        C:\Program Files (x86)\Microsoft Visual Studio 12.0\VC\include\sal.h(2896) : see previous definition of '__on_failure'
	cl /Fotmp32dll\x509_ext.obj  -Iinc32 -Itmp32dll /MD /Ox /O2 /Ob2 -DOPENSSL_THREADS  -DDSO_WIN32 -W3 -Gs0 -GF -Gy -nologo -DOPENSSL_SYSNAME_WIN32 -DWIN32_LEAN_AND_MEAN -DL_ENDIAN -D_CRT_SECURE_NO_DEPRECATE -DOPENSSL_USE_APPLINK -I. -DOPENSSL_NO_RC5 -DOPENSSL_NO_MD2 -DOPENSSL_NO_KRB5 -DOPENSSL_NO_JPAKE -DOPENSSL_NO_STATIC_ENGINE /Zi /Fdtmp32dll/lib -D_WINDLL  -DOPENSSL_BUILD_SHLIBCRYPTO -c .\crypto\x509\x509_ext.c
x509_ext.c
c:\program files (x86)\microsoft sdks\windows\v7.1a\include\sal_supp.h(57) : warning C4005: '__useHeader' : macro redefinition
        C:\Program Files (x86)\Microsoft Visual Studio 12.0\VC\include\sal.h(2886) : see previous definition of '__useHeader'
c:\program files (x86)\microsoft sdks\windows\v7.1a\include\specstrings_supp.h(77) : warning C4005: '__on_failure' : macro redefinition
        C:\Program Files (x86)\Microsoft Visual Studio 12.0\VC\include\sal.h(2896) : see previous definition of '__on_failure'
	cl /Fotmp32dll\x509_att.obj  -Iinc32 -Itmp32dll /MD /Ox /O2 /Ob2 -DOPENSSL_THREADS  -DDSO_WIN32 -W3 -Gs0 -GF -Gy -nologo -DOPENSSL_SYSNAME_WIN32 -DWIN32_LEAN_AND_MEAN -DL_ENDIAN -D_CRT_SECURE_NO_DEPRECATE -DOPENSSL_USE_APPLINK -I. -DOPENSSL_NO_RC5 -DOPENSSL_NO_MD2 -DOPENSSL_NO_KRB5 -DOPENSSL_NO_JPAKE -DOPENSSL_NO_STATIC_ENGINE /Zi /Fdtmp32dll/lib -D_WINDLL  -DOPENSSL_BUILD_SHLIBCRYPTO -c .\crypto\x509\x509_att.c
x509_att.c
c:\program files (x86)\microsoft sdks\windows\v7.1a\include\sal_supp.h(57) : warning C4005: '__useHeader' : macro redefinition
        C:\Program Files (x86)\Microsoft Visual Studio 12.0\VC\include\sal.h(2886) : see previous definition of '__useHeader'
c:\program files (x86)\microsoft sdks\windows\v7.1a\include\specstrings_supp.h(77) : warning C4005: '__on_failure' : macro redefinition
        C:\Program Files (x86)\Microsoft Visual Studio 12.0\VC\include\sal.h(2896) : see previous definition of '__on_failure'
	cl /Fotmp32dll\x509type.obj  -Iinc32 -Itmp32dll /MD /Ox /O2 /Ob2 -DOPENSSL_THREADS  -DDSO_WIN32 -W3 -Gs0 -GF -Gy -nologo -DOPENSSL_SYSNAME_WIN32 -DWIN32_LEAN_AND_MEAN -DL_ENDIAN -D_CRT_SECURE_NO_DEPRECATE -DOPENSSL_USE_APPLINK -I. -DOPENSSL_NO_RC5 -DOPENSSL_NO_MD2 -DOPENSSL_NO_KRB5 -DOPENSSL_NO_JPAKE -DOPENSSL_NO_STATIC_ENGINE /Zi /Fdtmp32dll/lib -D_WINDLL  -DOPENSSL_BUILD_SHLIBCRYPTO -c .\crypto\x509\x509type.c
x509type.c
c:\program files (x86)\microsoft sdks\windows\v7.1a\include\sal_supp.h(57) : warning C4005: '__useHeader' : macro redefinition
        C:\Program Files (x86)\Microsoft Visual Studio 12.0\VC\include\sal.h(2886) : see previous definition of '__useHeader'
c:\program files (x86)\microsoft sdks\windows\v7.1a\include\specstrings_supp.h(77) : warning C4005: '__on_failure' : macro redefinition
        C:\Program Files (x86)\Microsoft Visual Studio 12.0\VC\include\sal.h(2896) : see previous definition of '__on_failure'
	cl /Fotmp32dll\x509_lu.obj  -Iinc32 -Itmp32dll /MD /Ox /O2 /Ob2 -DOPENSSL_THREADS  -DDSO_WIN32 -W3 -Gs0 -GF -Gy -nologo -DOPENSSL_SYSNAME_WIN32 -DWIN32_LEAN_AND_MEAN -DL_ENDIAN -D_CRT_SECURE_NO_DEPRECATE -DOPENSSL_USE_APPLINK -I. -DOPENSSL_NO_RC5 -DOPENSSL_NO_MD2 -DOPENSSL_NO_KRB5 -DOPENSSL_NO_JPAKE -DOPENSSL_NO_STATIC_ENGINE /Zi /Fdtmp32dll/lib -D_WINDLL  -DOPENSSL_BUILD_SHLIBCRYPTO -c .\crypto\x509\x509_lu.c
x509_lu.c
c:\program files (x86)\microsoft sdks\windows\v7.1a\include\sal_supp.h(57) : warning C4005: '__useHeader' : macro redefinition
        C:\Program Files (x86)\Microsoft Visual Studio 12.0\VC\include\sal.h(2886) : see previous definition of '__useHeader'
c:\program files (x86)\microsoft sdks\windows\v7.1a\include\specstrings_supp.h(77) : warning C4005: '__on_failure' : macro redefinition
        C:\Program Files (x86)\Microsoft Visual Studio 12.0\VC\include\sal.h(2896) : see previous definition of '__on_failure'
	cl /Fotmp32dll\x_all.obj  -Iinc32 -Itmp32dll /MD /Ox /O2 /Ob2 -DOPENSSL_THREADS  -DDSO_WIN32 -W3 -Gs0 -GF -Gy -nologo -DOPENSSL_SYSNAME_WIN32 -DWIN32_LEAN_AND_MEAN -DL_ENDIAN -D_CRT_SECURE_NO_DEPRECATE -DOPENSSL_USE_APPLINK -I. -DOPENSSL_NO_RC5 -DOPENSSL_NO_MD2 -DOPENSSL_NO_KRB5 -DOPENSSL_NO_JPAKE -DOPENSSL_NO_STATIC_ENGINE /Zi /Fdtmp32dll/lib -D_WINDLL  -DOPENSSL_BUILD_SHLIBCRYPTO -c .\crypto\x509\x_all.c
x_all.c
c:\program files (x86)\microsoft sdks\windows\v7.1a\include\sal_supp.h(57) : warning C4005: '__useHeader' : macro redefinition
        C:\Program Files (x86)\Microsoft Visual Studio 12.0\VC\include\sal.h(2886) : see previous definition of '__useHeader'
c:\program files (x86)\microsoft sdks\windows\v7.1a\include\specstrings_supp.h(77) : warning C4005: '__on_failure' : macro redefinition
        C:\Program Files (x86)\Microsoft Visual Studio 12.0\VC\include\sal.h(2896) : see previous definition of '__on_failure'
	cl /Fotmp32dll\x509_txt.obj  -Iinc32 -Itmp32dll /MD /Ox /O2 /Ob2 -DOPENSSL_THREADS  -DDSO_WIN32 -W3 -Gs0 -GF -Gy -nologo -DOPENSSL_SYSNAME_WIN32 -DWIN32_LEAN_AND_MEAN -DL_ENDIAN -D_CRT_SECURE_NO_DEPRECATE -DOPENSSL_USE_APPLINK -I. -DOPENSSL_NO_RC5 -DOPENSSL_NO_MD2 -DOPENSSL_NO_KRB5 -DOPENSSL_NO_JPAKE -DOPENSSL_NO_STATIC_ENGINE /Zi /Fdtmp32dll/lib -D_WINDLL  -DOPENSSL_BUILD_SHLIBCRYPTO -c .\crypto\x509\x509_txt.c
x509_txt.c
c:\program files (x86)\microsoft sdks\windows\v7.1a\include\sal_supp.h(57) : warning C4005: '__useHeader' : macro redefinition
        C:\Program Files (x86)\Microsoft Visual Studio 12.0\VC\include\sal.h(2886) : see previous definition of '__useHeader'
c:\program files (x86)\microsoft sdks\windows\v7.1a\include\specstrings_supp.h(77) : warning C4005: '__on_failure' : macro redefinition
        C:\Program Files (x86)\Microsoft Visual Studio 12.0\VC\include\sal.h(2896) : see previous definition of '__on_failure'
	cl /Fotmp32dll\x509_trs.obj  -Iinc32 -Itmp32dll /MD /Ox /O2 /Ob2 -DOPENSSL_THREADS  -DDSO_WIN32 -W3 -Gs0 -GF -Gy -nologo -DOPENSSL_SYSNAME_WIN32 -DWIN32_LEAN_AND_MEAN -DL_ENDIAN -D_CRT_SECURE_NO_DEPRECATE -DOPENSSL_USE_APPLINK -I. -DOPENSSL_NO_RC5 -DOPENSSL_NO_MD2 -DOPENSSL_NO_KRB5 -DOPENSSL_NO_JPAKE -DOPENSSL_NO_STATIC_ENGINE /Zi /Fdtmp32dll/lib -D_WINDLL  -DOPENSSL_BUILD_SHLIBCRYPTO -c .\crypto\x509\x509_trs.c
x509_trs.c
c:\program files (x86)\microsoft sdks\windows\v7.1a\include\sal_supp.h(57) : warning C4005: '__useHeader' : macro redefinition
        C:\Program Files (x86)\Microsoft Visual Studio 12.0\VC\include\sal.h(2886) : see previous definition of '__useHeader'
c:\program files (x86)\microsoft sdks\windows\v7.1a\include\specstrings_supp.h(77) : warning C4005: '__on_failure' : macro redefinition
        C:\Program Files (x86)\Microsoft Visual Studio 12.0\VC\include\sal.h(2896) : see previous definition of '__on_failure'
	cl /Fotmp32dll\by_file.obj  -Iinc32 -Itmp32dll /MD /Ox /O2 /Ob2 -DOPENSSL_THREADS  -DDSO_WIN32 -W3 -Gs0 -GF -Gy -nologo -DOPENSSL_SYSNAME_WIN32 -DWIN32_LEAN_AND_MEAN -DL_ENDIAN -D_CRT_SECURE_NO_DEPRECATE -DOPENSSL_USE_APPLINK -I. -DOPENSSL_NO_RC5 -DOPENSSL_NO_MD2 -DOPENSSL_NO_KRB5 -DOPENSSL_NO_JPAKE -DOPENSSL_NO_STATIC_ENGINE /Zi /Fdtmp32dll/lib -D_WINDLL  -DOPENSSL_BUILD_SHLIBCRYPTO -c .\crypto\x509\by_file.c
by_file.c
c:\program files (x86)\microsoft sdks\windows\v7.1a\include\sal_supp.h(57) : warning C4005: '__useHeader' : macro redefinition
        C:\Program Files (x86)\Microsoft Visual Studio 12.0\VC\include\sal.h(2886) : see previous definition of '__useHeader'
c:\program files (x86)\microsoft sdks\windows\v7.1a\include\specstrings_supp.h(77) : warning C4005: '__on_failure' : macro redefinition
        C:\Program Files (x86)\Microsoft Visual Studio 12.0\VC\include\sal.h(2896) : see previous definition of '__on_failure'
	cl /Fotmp32dll\by_dir.obj  -Iinc32 -Itmp32dll /MD /Ox /O2 /Ob2 -DOPENSSL_THREADS  -DDSO_WIN32 -W3 -Gs0 -GF -Gy -nologo -DOPENSSL_SYSNAME_WIN32 -DWIN32_LEAN_AND_MEAN -DL_ENDIAN -D_CRT_SECURE_NO_DEPRECATE -DOPENSSL_USE_APPLINK -I. -DOPENSSL_NO_RC5 -DOPENSSL_NO_MD2 -DOPENSSL_NO_KRB5 -DOPENSSL_NO_JPAKE -DOPENSSL_NO_STATIC_ENGINE /Zi /Fdtmp32dll/lib -D_WINDLL  -DOPENSSL_BUILD_SHLIBCRYPTO -c .\crypto\x509\by_dir.c
by_dir.c
c:\program files (x86)\microsoft sdks\windows\v7.1a\include\sal_supp.h(57) : warning C4005: '__useHeader' : macro redefinition
        C:\Program Files (x86)\Microsoft Visual Studio 12.0\VC\include\sal.h(2886) : see previous definition of '__useHeader'
c:\program files (x86)\microsoft sdks\windows\v7.1a\include\specstrings_supp.h(77) : warning C4005: '__on_failure' : macro redefinition
        C:\Program Files (x86)\Microsoft Visual Studio 12.0\VC\include\sal.h(2896) : see previous definition of '__on_failure'
	cl /Fotmp32dll\x509_vpm.obj  -Iinc32 -Itmp32dll /MD /Ox /O2 /Ob2 -DOPENSSL_THREADS  -DDSO_WIN32 -W3 -Gs0 -GF -Gy -nologo -DOPENSSL_SYSNAME_WIN32 -DWIN32_LEAN_AND_MEAN -DL_ENDIAN -D_CRT_SECURE_NO_DEPRECATE -DOPENSSL_USE_APPLINK -I. -DOPENSSL_NO_RC5 -DOPENSSL_NO_MD2 -DOPENSSL_NO_KRB5 -DOPENSSL_NO_JPAKE -DOPENSSL_NO_STATIC_ENGINE /Zi /Fdtmp32dll/lib -D_WINDLL  -DOPENSSL_BUILD_SHLIBCRYPTO -c .\crypto\x509\x509_vpm.c
x509_vpm.c
c:\program files (x86)\microsoft sdks\windows\v7.1a\include\sal_supp.h(57) : warning C4005: '__useHeader' : macro redefinition
        C:\Program Files (x86)\Microsoft Visual Studio 12.0\VC\include\sal.h(2886) : see previous definition of '__useHeader'
c:\program files (x86)\microsoft sdks\windows\v7.1a\include\specstrings_supp.h(77) : warning C4005: '__on_failure' : macro redefinition
        C:\Program Files (x86)\Microsoft Visual Studio 12.0\VC\include\sal.h(2896) : see previous definition of '__on_failure'
	cl /Fotmp32dll\v3_bcons.obj  -Iinc32 -Itmp32dll /MD /Ox /O2 /Ob2 -DOPENSSL_THREADS  -DDSO_WIN32 -W3 -Gs0 -GF -Gy -nologo -DOPENSSL_SYSNAME_WIN32 -DWIN32_LEAN_AND_MEAN -DL_ENDIAN -D_CRT_SECURE_NO_DEPRECATE -DOPENSSL_USE_APPLINK -I. -DOPENSSL_NO_RC5 -DOPENSSL_NO_MD2 -DOPENSSL_NO_KRB5 -DOPENSSL_NO_JPAKE -DOPENSSL_NO_STATIC_ENGINE /Zi /Fdtmp32dll/lib -D_WINDLL  -DOPENSSL_BUILD_SHLIBCRYPTO -c .\crypto\x509v3\v3_bcons.c
v3_bcons.c
c:\program files (x86)\microsoft sdks\windows\v7.1a\include\sal_supp.h(57) : warning C4005: '__useHeader' : macro redefinition
        C:\Program Files (x86)\Microsoft Visual Studio 12.0\VC\include\sal.h(2886) : see previous definition of '__useHeader'
c:\program files (x86)\microsoft sdks\windows\v7.1a\include\specstrings_supp.h(77) : warning C4005: '__on_failure' : macro redefinition
        C:\Program Files (x86)\Microsoft Visual Studio 12.0\VC\include\sal.h(2896) : see previous definition of '__on_failure'
	cl /Fotmp32dll\v3_bitst.obj  -Iinc32 -Itmp32dll /MD /Ox /O2 /Ob2 -DOPENSSL_THREADS  -DDSO_WIN32 -W3 -Gs0 -GF -Gy -nologo -DOPENSSL_SYSNAME_WIN32 -DWIN32_LEAN_AND_MEAN -DL_ENDIAN -D_CRT_SECURE_NO_DEPRECATE -DOPENSSL_USE_APPLINK -I. -DOPENSSL_NO_RC5 -DOPENSSL_NO_MD2 -DOPENSSL_NO_KRB5 -DOPENSSL_NO_JPAKE -DOPENSSL_NO_STATIC_ENGINE /Zi /Fdtmp32dll/lib -D_WINDLL  -DOPENSSL_BUILD_SHLIBCRYPTO -c .\crypto\x509v3\v3_bitst.c
v3_bitst.c
c:\program files (x86)\microsoft sdks\windows\v7.1a\include\sal_supp.h(57) : warning C4005: '__useHeader' : macro redefinition
        C:\Program Files (x86)\Microsoft Visual Studio 12.0\VC\include\sal.h(2886) : see previous definition of '__useHeader'
c:\program files (x86)\microsoft sdks\windows\v7.1a\include\specstrings_supp.h(77) : warning C4005: '__on_failure' : macro redefinition
        C:\Program Files (x86)\Microsoft Visual Studio 12.0\VC\include\sal.h(2896) : see previous definition of '__on_failure'
	cl /Fotmp32dll\v3_conf.obj  -Iinc32 -Itmp32dll /MD /Ox /O2 /Ob2 -DOPENSSL_THREADS  -DDSO_WIN32 -W3 -Gs0 -GF -Gy -nologo -DOPENSSL_SYSNAME_WIN32 -DWIN32_LEAN_AND_MEAN -DL_ENDIAN -D_CRT_SECURE_NO_DEPRECATE -DOPENSSL_USE_APPLINK -I. -DOPENSSL_NO_RC5 -DOPENSSL_NO_MD2 -DOPENSSL_NO_KRB5 -DOPENSSL_NO_JPAKE -DOPENSSL_NO_STATIC_ENGINE /Zi /Fdtmp32dll/lib -D_WINDLL  -DOPENSSL_BUILD_SHLIBCRYPTO -c .\crypto\x509v3\v3_conf.c
v3_conf.c
c:\program files (x86)\microsoft sdks\windows\v7.1a\include\sal_supp.h(57) : warning C4005: '__useHeader' : macro redefinition
        C:\Program Files (x86)\Microsoft Visual Studio 12.0\VC\include\sal.h(2886) : see previous definition of '__useHeader'
c:\program files (x86)\microsoft sdks\windows\v7.1a\include\specstrings_supp.h(77) : warning C4005: '__on_failure' : macro redefinition
        C:\Program Files (x86)\Microsoft Visual Studio 12.0\VC\include\sal.h(2896) : see previous definition of '__on_failure'
	cl /Fotmp32dll\v3_extku.obj  -Iinc32 -Itmp32dll /MD /Ox /O2 /Ob2 -DOPENSSL_THREADS  -DDSO_WIN32 -W3 -Gs0 -GF -Gy -nologo -DOPENSSL_SYSNAME_WIN32 -DWIN32_LEAN_AND_MEAN -DL_ENDIAN -D_CRT_SECURE_NO_DEPRECATE -DOPENSSL_USE_APPLINK -I. -DOPENSSL_NO_RC5 -DOPENSSL_NO_MD2 -DOPENSSL_NO_KRB5 -DOPENSSL_NO_JPAKE -DOPENSSL_NO_STATIC_ENGINE /Zi /Fdtmp32dll/lib -D_WINDLL  -DOPENSSL_BUILD_SHLIBCRYPTO -c .\crypto\x509v3\v3_extku.c
v3_extku.c
c:\program files (x86)\microsoft sdks\windows\v7.1a\include\sal_supp.h(57) : warning C4005: '__useHeader' : macro redefinition
        C:\Program Files (x86)\Microsoft Visual Studio 12.0\VC\include\sal.h(2886) : see previous definition of '__useHeader'
c:\program files (x86)\microsoft sdks\windows\v7.1a\include\specstrings_supp.h(77) : warning C4005: '__on_failure' : macro redefinition
        C:\Program Files (x86)\Microsoft Visual Studio 12.0\VC\include\sal.h(2896) : see previous definition of '__on_failure'
	cl /Fotmp32dll\v3_ia5.obj  -Iinc32 -Itmp32dll /MD /Ox /O2 /Ob2 -DOPENSSL_THREADS  -DDSO_WIN32 -W3 -Gs0 -GF -Gy -nologo -DOPENSSL_SYSNAME_WIN32 -DWIN32_LEAN_AND_MEAN -DL_ENDIAN -D_CRT_SECURE_NO_DEPRECATE -DOPENSSL_USE_APPLINK -I. -DOPENSSL_NO_RC5 -DOPENSSL_NO_MD2 -DOPENSSL_NO_KRB5 -DOPENSSL_NO_JPAKE -DOPENSSL_NO_STATIC_ENGINE /Zi /Fdtmp32dll/lib -D_WINDLL  -DOPENSSL_BUILD_SHLIBCRYPTO -c .\crypto\x509v3\v3_ia5.c
v3_ia5.c
c:\program files (x86)\microsoft sdks\windows\v7.1a\include\sal_supp.h(57) : warning C4005: '__useHeader' : macro redefinition
        C:\Program Files (x86)\Microsoft Visual Studio 12.0\VC\include\sal.h(2886) : see previous definition of '__useHeader'
c:\program files (x86)\microsoft sdks\windows\v7.1a\include\specstrings_supp.h(77) : warning C4005: '__on_failure' : macro redefinition
        C:\Program Files (x86)\Microsoft Visual Studio 12.0\VC\include\sal.h(2896) : see previous definition of '__on_failure'
	cl /Fotmp32dll\v3_lib.obj  -Iinc32 -Itmp32dll /MD /Ox /O2 /Ob2 -DOPENSSL_THREADS  -DDSO_WIN32 -W3 -Gs0 -GF -Gy -nologo -DOPENSSL_SYSNAME_WIN32 -DWIN32_LEAN_AND_MEAN -DL_ENDIAN -D_CRT_SECURE_NO_DEPRECATE -DOPENSSL_USE_APPLINK -I. -DOPENSSL_NO_RC5 -DOPENSSL_NO_MD2 -DOPENSSL_NO_KRB5 -DOPENSSL_NO_JPAKE -DOPENSSL_NO_STATIC_ENGINE /Zi /Fdtmp32dll/lib -D_WINDLL  -DOPENSSL_BUILD_SHLIBCRYPTO -c .\crypto\x509v3\v3_lib.c
v3_lib.c
c:\program files (x86)\microsoft sdks\windows\v7.1a\include\sal_supp.h(57) : warning C4005: '__useHeader' : macro redefinition
        C:\Program Files (x86)\Microsoft Visual Studio 12.0\VC\include\sal.h(2886) : see previous definition of '__useHeader'
c:\program files (x86)\microsoft sdks\windows\v7.1a\include\specstrings_supp.h(77) : warning C4005: '__on_failure' : macro redefinition
        C:\Program Files (x86)\Microsoft Visual Studio 12.0\VC\include\sal.h(2896) : see previous definition of '__on_failure'
	cl /Fotmp32dll\v3_prn.obj  -Iinc32 -Itmp32dll /MD /Ox /O2 /Ob2 -DOPENSSL_THREADS  -DDSO_WIN32 -W3 -Gs0 -GF -Gy -nologo -DOPENSSL_SYSNAME_WIN32 -DWIN32_LEAN_AND_MEAN -DL_ENDIAN -D_CRT_SECURE_NO_DEPRECATE -DOPENSSL_USE_APPLINK -I. -DOPENSSL_NO_RC5 -DOPENSSL_NO_MD2 -DOPENSSL_NO_KRB5 -DOPENSSL_NO_JPAKE -DOPENSSL_NO_STATIC_ENGINE /Zi /Fdtmp32dll/lib -D_WINDLL  -DOPENSSL_BUILD_SHLIBCRYPTO -c .\crypto\x509v3\v3_prn.c
v3_prn.c
c:\program files (x86)\microsoft sdks\windows\v7.1a\include\sal_supp.h(57) : warning C4005: '__useHeader' : macro redefinition
        C:\Program Files (x86)\Microsoft Visual Studio 12.0\VC\include\sal.h(2886) : see previous definition of '__useHeader'
c:\program files (x86)\microsoft sdks\windows\v7.1a\include\specstrings_supp.h(77) : warning C4005: '__on_failure' : macro redefinition
        C:\Program Files (x86)\Microsoft Visual Studio 12.0\VC\include\sal.h(2896) : see previous definition of '__on_failure'
	cl /Fotmp32dll\v3_utl.obj  -Iinc32 -Itmp32dll /MD /Ox /O2 /Ob2 -DOPENSSL_THREADS  -DDSO_WIN32 -W3 -Gs0 -GF -Gy -nologo -DOPENSSL_SYSNAME_WIN32 -DWIN32_LEAN_AND_MEAN -DL_ENDIAN -D_CRT_SECURE_NO_DEPRECATE -DOPENSSL_USE_APPLINK -I. -DOPENSSL_NO_RC5 -DOPENSSL_NO_MD2 -DOPENSSL_NO_KRB5 -DOPENSSL_NO_JPAKE -DOPENSSL_NO_STATIC_ENGINE /Zi /Fdtmp32dll/lib -D_WINDLL  -DOPENSSL_BUILD_SHLIBCRYPTO -c .\crypto\x509v3\v3_utl.c
v3_utl.c
c:\program files (x86)\microsoft sdks\windows\v7.1a\include\sal_supp.h(57) : warning C4005: '__useHeader' : macro redefinition
        C:\Program Files (x86)\Microsoft Visual Studio 12.0\VC\include\sal.h(2886) : see previous definition of '__useHeader'
c:\program files (x86)\microsoft sdks\windows\v7.1a\include\specstrings_supp.h(77) : warning C4005: '__on_failure' : macro redefinition
        C:\Program Files (x86)\Microsoft Visual Studio 12.0\VC\include\sal.h(2896) : see previous definition of '__on_failure'
	cl /Fotmp32dll\v3err.obj  -Iinc32 -Itmp32dll /MD /Ox /O2 /Ob2 -DOPENSSL_THREADS  -DDSO_WIN32 -W3 -Gs0 -GF -Gy -nologo -DOPENSSL_SYSNAME_WIN32 -DWIN32_LEAN_AND_MEAN -DL_ENDIAN -D_CRT_SECURE_NO_DEPRECATE -DOPENSSL_USE_APPLINK -I. -DOPENSSL_NO_RC5 -DOPENSSL_NO_MD2 -DOPENSSL_NO_KRB5 -DOPENSSL_NO_JPAKE -DOPENSSL_NO_STATIC_ENGINE /Zi /Fdtmp32dll/lib -D_WINDLL  -DOPENSSL_BUILD_SHLIBCRYPTO -c .\crypto\x509v3\v3err.c
v3err.c
	cl /Fotmp32dll\v3_genn.obj  -Iinc32 -Itmp32dll /MD /Ox /O2 /Ob2 -DOPENSSL_THREADS  -DDSO_WIN32 -W3 -Gs0 -GF -Gy -nologo -DOPENSSL_SYSNAME_WIN32 -DWIN32_LEAN_AND_MEAN -DL_ENDIAN -D_CRT_SECURE_NO_DEPRECATE -DOPENSSL_USE_APPLINK -I. -DOPENSSL_NO_RC5 -DOPENSSL_NO_MD2 -DOPENSSL_NO_KRB5 -DOPENSSL_NO_JPAKE -DOPENSSL_NO_STATIC_ENGINE /Zi /Fdtmp32dll/lib -D_WINDLL  -DOPENSSL_BUILD_SHLIBCRYPTO -c .\crypto\x509v3\v3_genn.c
v3_genn.c
c:\program files (x86)\microsoft sdks\windows\v7.1a\include\sal_supp.h(57) : warning C4005: '__useHeader' : macro redefinition
        C:\Program Files (x86)\Microsoft Visual Studio 12.0\VC\include\sal.h(2886) : see previous definition of '__useHeader'
c:\program files (x86)\microsoft sdks\windows\v7.1a\include\specstrings_supp.h(77) : warning C4005: '__on_failure' : macro redefinition
        C:\Program Files (x86)\Microsoft Visual Studio 12.0\VC\include\sal.h(2896) : see previous definition of '__on_failure'
	cl /Fotmp32dll\v3_alt.obj  -Iinc32 -Itmp32dll /MD /Ox /O2 /Ob2 -DOPENSSL_THREADS  -DDSO_WIN32 -W3 -Gs0 -GF -Gy -nologo -DOPENSSL_SYSNAME_WIN32 -DWIN32_LEAN_AND_MEAN -DL_ENDIAN -D_CRT_SECURE_NO_DEPRECATE -DOPENSSL_USE_APPLINK -I. -DOPENSSL_NO_RC5 -DOPENSSL_NO_MD2 -DOPENSSL_NO_KRB5 -DOPENSSL_NO_JPAKE -DOPENSSL_NO_STATIC_ENGINE /Zi /Fdtmp32dll/lib -D_WINDLL  -DOPENSSL_BUILD_SHLIBCRYPTO -c .\crypto\x509v3\v3_alt.c
v3_alt.c
c:\program files (x86)\microsoft sdks\windows\v7.1a\include\sal_supp.h(57) : warning C4005: '__useHeader' : macro redefinition
        C:\Program Files (x86)\Microsoft Visual Studio 12.0\VC\include\sal.h(2886) : see previous definition of '__useHeader'
c:\program files (x86)\microsoft sdks\windows\v7.1a\include\specstrings_supp.h(77) : warning C4005: '__on_failure' : macro redefinition
        C:\Program Files (x86)\Microsoft Visual Studio 12.0\VC\include\sal.h(2896) : see previous definition of '__on_failure'
	cl /Fotmp32dll\v3_skey.obj  -Iinc32 -Itmp32dll /MD /Ox /O2 /Ob2 -DOPENSSL_THREADS  -DDSO_WIN32 -W3 -Gs0 -GF -Gy -nologo -DOPENSSL_SYSNAME_WIN32 -DWIN32_LEAN_AND_MEAN -DL_ENDIAN -D_CRT_SECURE_NO_DEPRECATE -DOPENSSL_USE_APPLINK -I. -DOPENSSL_NO_RC5 -DOPENSSL_NO_MD2 -DOPENSSL_NO_KRB5 -DOPENSSL_NO_JPAKE -DOPENSSL_NO_STATIC_ENGINE /Zi /Fdtmp32dll/lib -D_WINDLL  -DOPENSSL_BUILD_SHLIBCRYPTO -c .\crypto\x509v3\v3_skey.c
v3_skey.c
c:\program files (x86)\microsoft sdks\windows\v7.1a\include\sal_supp.h(57) : warning C4005: '__useHeader' : macro redefinition
        C:\Program Files (x86)\Microsoft Visual Studio 12.0\VC\include\sal.h(2886) : see previous definition of '__useHeader'
c:\program files (x86)\microsoft sdks\windows\v7.1a\include\specstrings_supp.h(77) : warning C4005: '__on_failure' : macro redefinition
        C:\Program Files (x86)\Microsoft Visual Studio 12.0\VC\include\sal.h(2896) : see previous definition of '__on_failure'
	cl /Fotmp32dll\v3_akey.obj  -Iinc32 -Itmp32dll /MD /Ox /O2 /Ob2 -DOPENSSL_THREADS  -DDSO_WIN32 -W3 -Gs0 -GF -Gy -nologo -DOPENSSL_SYSNAME_WIN32 -DWIN32_LEAN_AND_MEAN -DL_ENDIAN -D_CRT_SECURE_NO_DEPRECATE -DOPENSSL_USE_APPLINK -I. -DOPENSSL_NO_RC5 -DOPENSSL_NO_MD2 -DOPENSSL_NO_KRB5 -DOPENSSL_NO_JPAKE -DOPENSSL_NO_STATIC_ENGINE /Zi /Fdtmp32dll/lib -D_WINDLL  -DOPENSSL_BUILD_SHLIBCRYPTO -c .\crypto\x509v3\v3_akey.c
v3_akey.c
c:\program files (x86)\microsoft sdks\windows\v7.1a\include\sal_supp.h(57) : warning C4005: '__useHeader' : macro redefinition
        C:\Program Files (x86)\Microsoft Visual Studio 12.0\VC\include\sal.h(2886) : see previous definition of '__useHeader'
c:\program files (x86)\microsoft sdks\windows\v7.1a\include\specstrings_supp.h(77) : warning C4005: '__on_failure' : macro redefinition
        C:\Program Files (x86)\Microsoft Visual Studio 12.0\VC\include\sal.h(2896) : see previous definition of '__on_failure'
	cl /Fotmp32dll\v3_pku.obj  -Iinc32 -Itmp32dll /MD /Ox /O2 /Ob2 -DOPENSSL_THREADS  -DDSO_WIN32 -W3 -Gs0 -GF -Gy -nologo -DOPENSSL_SYSNAME_WIN32 -DWIN32_LEAN_AND_MEAN -DL_ENDIAN -D_CRT_SECURE_NO_DEPRECATE -DOPENSSL_USE_APPLINK -I. -DOPENSSL_NO_RC5 -DOPENSSL_NO_MD2 -DOPENSSL_NO_KRB5 -DOPENSSL_NO_JPAKE -DOPENSSL_NO_STATIC_ENGINE /Zi /Fdtmp32dll/lib -D_WINDLL  -DOPENSSL_BUILD_SHLIBCRYPTO -c .\crypto\x509v3\v3_pku.c
v3_pku.c
c:\program files (x86)\microsoft sdks\windows\v7.1a\include\sal_supp.h(57) : warning C4005: '__useHeader' : macro redefinition
        C:\Program Files (x86)\Microsoft Visual Studio 12.0\VC\include\sal.h(2886) : see previous definition of '__useHeader'
c:\program files (x86)\microsoft sdks\windows\v7.1a\include\specstrings_supp.h(77) : warning C4005: '__on_failure' : macro redefinition
        C:\Program Files (x86)\Microsoft Visual Studio 12.0\VC\include\sal.h(2896) : see previous definition of '__on_failure'
	cl /Fotmp32dll\v3_int.obj  -Iinc32 -Itmp32dll /MD /Ox /O2 /Ob2 -DOPENSSL_THREADS  -DDSO_WIN32 -W3 -Gs0 -GF -Gy -nologo -DOPENSSL_SYSNAME_WIN32 -DWIN32_LEAN_AND_MEAN -DL_ENDIAN -D_CRT_SECURE_NO_DEPRECATE -DOPENSSL_USE_APPLINK -I. -DOPENSSL_NO_RC5 -DOPENSSL_NO_MD2 -DOPENSSL_NO_KRB5 -DOPENSSL_NO_JPAKE -DOPENSSL_NO_STATIC_ENGINE /Zi /Fdtmp32dll/lib -D_WINDLL  -DOPENSSL_BUILD_SHLIBCRYPTO -c .\crypto\x509v3\v3_int.c
v3_int.c
c:\program files (x86)\microsoft sdks\windows\v7.1a\include\sal_supp.h(57) : warning C4005: '__useHeader' : macro redefinition
        C:\Program Files (x86)\Microsoft Visual Studio 12.0\VC\include\sal.h(2886) : see previous definition of '__useHeader'
c:\program files (x86)\microsoft sdks\windows\v7.1a\include\specstrings_supp.h(77) : warning C4005: '__on_failure' : macro redefinition
        C:\Program Files (x86)\Microsoft Visual Studio 12.0\VC\include\sal.h(2896) : see previous definition of '__on_failure'
	cl /Fotmp32dll\v3_enum.obj  -Iinc32 -Itmp32dll /MD /Ox /O2 /Ob2 -DOPENSSL_THREADS  -DDSO_WIN32 -W3 -Gs0 -GF -Gy -nologo -DOPENSSL_SYSNAME_WIN32 -DWIN32_LEAN_AND_MEAN -DL_ENDIAN -D_CRT_SECURE_NO_DEPRECATE -DOPENSSL_USE_APPLINK -I. -DOPENSSL_NO_RC5 -DOPENSSL_NO_MD2 -DOPENSSL_NO_KRB5 -DOPENSSL_NO_JPAKE -DOPENSSL_NO_STATIC_ENGINE /Zi /Fdtmp32dll/lib -D_WINDLL  -DOPENSSL_BUILD_SHLIBCRYPTO -c .\crypto\x509v3\v3_enum.c
v3_enum.c
c:\program files (x86)\microsoft sdks\windows\v7.1a\include\sal_supp.h(57) : warning C4005: '__useHeader' : macro redefinition
        C:\Program Files (x86)\Microsoft Visual Studio 12.0\VC\include\sal.h(2886) : see previous definition of '__useHeader'
c:\program files (x86)\microsoft sdks\windows\v7.1a\include\specstrings_supp.h(77) : warning C4005: '__on_failure' : macro redefinition
        C:\Program Files (x86)\Microsoft Visual Studio 12.0\VC\include\sal.h(2896) : see previous definition of '__on_failure'
	cl /Fotmp32dll\v3_sxnet.obj  -Iinc32 -Itmp32dll /MD /Ox /O2 /Ob2 -DOPENSSL_THREADS  -DDSO_WIN32 -W3 -Gs0 -GF -Gy -nologo -DOPENSSL_SYSNAME_WIN32 -DWIN32_LEAN_AND_MEAN -DL_ENDIAN -D_CRT_SECURE_NO_DEPRECATE -DOPENSSL_USE_APPLINK -I. -DOPENSSL_NO_RC5 -DOPENSSL_NO_MD2 -DOPENSSL_NO_KRB5 -DOPENSSL_NO_JPAKE -DOPENSSL_NO_STATIC_ENGINE /Zi /Fdtmp32dll/lib -D_WINDLL  -DOPENSSL_BUILD_SHLIBCRYPTO -c .\crypto\x509v3\v3_sxnet.c
v3_sxnet.c
c:\program files (x86)\microsoft sdks\windows\v7.1a\include\sal_supp.h(57) : warning C4005: '__useHeader' : macro redefinition
        C:\Program Files (x86)\Microsoft Visual Studio 12.0\VC\include\sal.h(2886) : see previous definition of '__useHeader'
c:\program files (x86)\microsoft sdks\windows\v7.1a\include\specstrings_supp.h(77) : warning C4005: '__on_failure' : macro redefinition
        C:\Program Files (x86)\Microsoft Visual Studio 12.0\VC\include\sal.h(2896) : see previous definition of '__on_failure'
	cl /Fotmp32dll\v3_cpols.obj  -Iinc32 -Itmp32dll /MD /Ox /O2 /Ob2 -DOPENSSL_THREADS  -DDSO_WIN32 -W3 -Gs0 -GF -Gy -nologo -DOPENSSL_SYSNAME_WIN32 -DWIN32_LEAN_AND_MEAN -DL_ENDIAN -D_CRT_SECURE_NO_DEPRECATE -DOPENSSL_USE_APPLINK -I. -DOPENSSL_NO_RC5 -DOPENSSL_NO_MD2 -DOPENSSL_NO_KRB5 -DOPENSSL_NO_JPAKE -DOPENSSL_NO_STATIC_ENGINE /Zi /Fdtmp32dll/lib -D_WINDLL  -DOPENSSL_BUILD_SHLIBCRYPTO -c .\crypto\x509v3\v3_cpols.c
v3_cpols.c
c:\program files (x86)\microsoft sdks\windows\v7.1a\include\sal_supp.h(57) : warning C4005: '__useHeader' : macro redefinition
        C:\Program Files (x86)\Microsoft Visual Studio 12.0\VC\include\sal.h(2886) : see previous definition of '__useHeader'
c:\program files (x86)\microsoft sdks\windows\v7.1a\include\specstrings_supp.h(77) : warning C4005: '__on_failure' : macro redefinition
        C:\Program Files (x86)\Microsoft Visual Studio 12.0\VC\include\sal.h(2896) : see previous definition of '__on_failure'
	cl /Fotmp32dll\v3_crld.obj  -Iinc32 -Itmp32dll /MD /Ox /O2 /Ob2 -DOPENSSL_THREADS  -DDSO_WIN32 -W3 -Gs0 -GF -Gy -nologo -DOPENSSL_SYSNAME_WIN32 -DWIN32_LEAN_AND_MEAN -DL_ENDIAN -D_CRT_SECURE_NO_DEPRECATE -DOPENSSL_USE_APPLINK -I. -DOPENSSL_NO_RC5 -DOPENSSL_NO_MD2 -DOPENSSL_NO_KRB5 -DOPENSSL_NO_JPAKE -DOPENSSL_NO_STATIC_ENGINE /Zi /Fdtmp32dll/lib -D_WINDLL  -DOPENSSL_BUILD_SHLIBCRYPTO -c .\crypto\x509v3\v3_crld.c
v3_crld.c
c:\program files (x86)\microsoft sdks\windows\v7.1a\include\sal_supp.h(57) : warning C4005: '__useHeader' : macro redefinition
        C:\Program Files (x86)\Microsoft Visual Studio 12.0\VC\include\sal.h(2886) : see previous definition of '__useHeader'
c:\program files (x86)\microsoft sdks\windows\v7.1a\include\specstrings_supp.h(77) : warning C4005: '__on_failure' : macro redefinition
        C:\Program Files (x86)\Microsoft Visual Studio 12.0\VC\include\sal.h(2896) : see previous definition of '__on_failure'
	cl /Fotmp32dll\v3_purp.obj  -Iinc32 -Itmp32dll /MD /Ox /O2 /Ob2 -DOPENSSL_THREADS  -DDSO_WIN32 -W3 -Gs0 -GF -Gy -nologo -DOPENSSL_SYSNAME_WIN32 -DWIN32_LEAN_AND_MEAN -DL_ENDIAN -D_CRT_SECURE_NO_DEPRECATE -DOPENSSL_USE_APPLINK -I. -DOPENSSL_NO_RC5 -DOPENSSL_NO_MD2 -DOPENSSL_NO_KRB5 -DOPENSSL_NO_JPAKE -DOPENSSL_NO_STATIC_ENGINE /Zi /Fdtmp32dll/lib -D_WINDLL  -DOPENSSL_BUILD_SHLIBCRYPTO -c .\crypto\x509v3\v3_purp.c
v3_purp.c
c:\program files (x86)\microsoft sdks\windows\v7.1a\include\sal_supp.h(57) : warning C4005: '__useHeader' : macro redefinition
        C:\Program Files (x86)\Microsoft Visual Studio 12.0\VC\include\sal.h(2886) : see previous definition of '__useHeader'
c:\program files (x86)\microsoft sdks\windows\v7.1a\include\specstrings_supp.h(77) : warning C4005: '__on_failure' : macro redefinition
        C:\Program Files (x86)\Microsoft Visual Studio 12.0\VC\include\sal.h(2896) : see previous definition of '__on_failure'
	cl /Fotmp32dll\v3_info.obj  -Iinc32 -Itmp32dll /MD /Ox /O2 /Ob2 -DOPENSSL_THREADS  -DDSO_WIN32 -W3 -Gs0 -GF -Gy -nologo -DOPENSSL_SYSNAME_WIN32 -DWIN32_LEAN_AND_MEAN -DL_ENDIAN -D_CRT_SECURE_NO_DEPRECATE -DOPENSSL_USE_APPLINK -I. -DOPENSSL_NO_RC5 -DOPENSSL_NO_MD2 -DOPENSSL_NO_KRB5 -DOPENSSL_NO_JPAKE -DOPENSSL_NO_STATIC_ENGINE /Zi /Fdtmp32dll/lib -D_WINDLL  -DOPENSSL_BUILD_SHLIBCRYPTO -c .\crypto\x509v3\v3_info.c
v3_info.c
c:\program files (x86)\microsoft sdks\windows\v7.1a\include\sal_supp.h(57) : warning C4005: '__useHeader' : macro redefinition
        C:\Program Files (x86)\Microsoft Visual Studio 12.0\VC\include\sal.h(2886) : see previous definition of '__useHeader'
c:\program files (x86)\microsoft sdks\windows\v7.1a\include\specstrings_supp.h(77) : warning C4005: '__on_failure' : macro redefinition
        C:\Program Files (x86)\Microsoft Visual Studio 12.0\VC\include\sal.h(2896) : see previous definition of '__on_failure'
	cl /Fotmp32dll\v3_ocsp.obj  -Iinc32 -Itmp32dll /MD /Ox /O2 /Ob2 -DOPENSSL_THREADS  -DDSO_WIN32 -W3 -Gs0 -GF -Gy -nologo -DOPENSSL_SYSNAME_WIN32 -DWIN32_LEAN_AND_MEAN -DL_ENDIAN -D_CRT_SECURE_NO_DEPRECATE -DOPENSSL_USE_APPLINK -I. -DOPENSSL_NO_RC5 -DOPENSSL_NO_MD2 -DOPENSSL_NO_KRB5 -DOPENSSL_NO_JPAKE -DOPENSSL_NO_STATIC_ENGINE /Zi /Fdtmp32dll/lib -D_WINDLL  -DOPENSSL_BUILD_SHLIBCRYPTO -c .\crypto\x509v3\v3_ocsp.c
v3_ocsp.c
c:\program files (x86)\microsoft sdks\windows\v7.1a\include\sal_supp.h(57) : warning C4005: '__useHeader' : macro redefinition
        C:\Program Files (x86)\Microsoft Visual Studio 12.0\VC\include\sal.h(2886) : see previous definition of '__useHeader'
c:\program files (x86)\microsoft sdks\windows\v7.1a\include\specstrings_supp.h(77) : warning C4005: '__on_failure' : macro redefinition
        C:\Program Files (x86)\Microsoft Visual Studio 12.0\VC\include\sal.h(2896) : see previous definition of '__on_failure'
	cl /Fotmp32dll\v3_akeya.obj  -Iinc32 -Itmp32dll /MD /Ox /O2 /Ob2 -DOPENSSL_THREADS  -DDSO_WIN32 -W3 -Gs0 -GF -Gy -nologo -DOPENSSL_SYSNAME_WIN32 -DWIN32_LEAN_AND_MEAN -DL_ENDIAN -D_CRT_SECURE_NO_DEPRECATE -DOPENSSL_USE_APPLINK -I. -DOPENSSL_NO_RC5 -DOPENSSL_NO_MD2 -DOPENSSL_NO_KRB5 -DOPENSSL_NO_JPAKE -DOPENSSL_NO_STATIC_ENGINE /Zi /Fdtmp32dll/lib -D_WINDLL  -DOPENSSL_BUILD_SHLIBCRYPTO -c .\crypto\x509v3\v3_akeya.c
v3_akeya.c
c:\program files (x86)\microsoft sdks\windows\v7.1a\include\sal_supp.h(57) : warning C4005: '__useHeader' : macro redefinition
        C:\Program Files (x86)\Microsoft Visual Studio 12.0\VC\include\sal.h(2886) : see previous definition of '__useHeader'
c:\program files (x86)\microsoft sdks\windows\v7.1a\include\specstrings_supp.h(77) : warning C4005: '__on_failure' : macro redefinition
        C:\Program Files (x86)\Microsoft Visual Studio 12.0\VC\include\sal.h(2896) : see previous definition of '__on_failure'
	cl /Fotmp32dll\v3_pmaps.obj  -Iinc32 -Itmp32dll /MD /Ox /O2 /Ob2 -DOPENSSL_THREADS  -DDSO_WIN32 -W3 -Gs0 -GF -Gy -nologo -DOPENSSL_SYSNAME_WIN32 -DWIN32_LEAN_AND_MEAN -DL_ENDIAN -D_CRT_SECURE_NO_DEPRECATE -DOPENSSL_USE_APPLINK -I. -DOPENSSL_NO_RC5 -DOPENSSL_NO_MD2 -DOPENSSL_NO_KRB5 -DOPENSSL_NO_JPAKE -DOPENSSL_NO_STATIC_ENGINE /Zi /Fdtmp32dll/lib -D_WINDLL  -DOPENSSL_BUILD_SHLIBCRYPTO -c .\crypto\x509v3\v3_pmaps.c
v3_pmaps.c
c:\program files (x86)\microsoft sdks\windows\v7.1a\include\sal_supp.h(57) : warning C4005: '__useHeader' : macro redefinition
        C:\Program Files (x86)\Microsoft Visual Studio 12.0\VC\include\sal.h(2886) : see previous definition of '__useHeader'
c:\program files (x86)\microsoft sdks\windows\v7.1a\include\specstrings_supp.h(77) : warning C4005: '__on_failure' : macro redefinition
        C:\Program Files (x86)\Microsoft Visual Studio 12.0\VC\include\sal.h(2896) : see previous definition of '__on_failure'
	cl /Fotmp32dll\v3_pcons.obj  -Iinc32 -Itmp32dll /MD /Ox /O2 /Ob2 -DOPENSSL_THREADS  -DDSO_WIN32 -W3 -Gs0 -GF -Gy -nologo -DOPENSSL_SYSNAME_WIN32 -DWIN32_LEAN_AND_MEAN -DL_ENDIAN -D_CRT_SECURE_NO_DEPRECATE -DOPENSSL_USE_APPLINK -I. -DOPENSSL_NO_RC5 -DOPENSSL_NO_MD2 -DOPENSSL_NO_KRB5 -DOPENSSL_NO_JPAKE -DOPENSSL_NO_STATIC_ENGINE /Zi /Fdtmp32dll/lib -D_WINDLL  -DOPENSSL_BUILD_SHLIBCRYPTO -c .\crypto\x509v3\v3_pcons.c
v3_pcons.c
c:\program files (x86)\microsoft sdks\windows\v7.1a\include\sal_supp.h(57) : warning C4005: '__useHeader' : macro redefinition
        C:\Program Files (x86)\Microsoft Visual Studio 12.0\VC\include\sal.h(2886) : see previous definition of '__useHeader'
c:\program files (x86)\microsoft sdks\windows\v7.1a\include\specstrings_supp.h(77) : warning C4005: '__on_failure' : macro redefinition
        C:\Program Files (x86)\Microsoft Visual Studio 12.0\VC\include\sal.h(2896) : see previous definition of '__on_failure'
	cl /Fotmp32dll\v3_ncons.obj  -Iinc32 -Itmp32dll /MD /Ox /O2 /Ob2 -DOPENSSL_THREADS  -DDSO_WIN32 -W3 -Gs0 -GF -Gy -nologo -DOPENSSL_SYSNAME_WIN32 -DWIN32_LEAN_AND_MEAN -DL_ENDIAN -D_CRT_SECURE_NO_DEPRECATE -DOPENSSL_USE_APPLINK -I. -DOPENSSL_NO_RC5 -DOPENSSL_NO_MD2 -DOPENSSL_NO_KRB5 -DOPENSSL_NO_JPAKE -DOPENSSL_NO_STATIC_ENGINE /Zi /Fdtmp32dll/lib -D_WINDLL  -DOPENSSL_BUILD_SHLIBCRYPTO -c .\crypto\x509v3\v3_ncons.c
v3_ncons.c
c:\program files (x86)\microsoft sdks\windows\v7.1a\include\sal_supp.h(57) : warning C4005: '__useHeader' : macro redefinition
        C:\Program Files (x86)\Microsoft Visual Studio 12.0\VC\include\sal.h(2886) : see previous definition of '__useHeader'
c:\program files (x86)\microsoft sdks\windows\v7.1a\include\specstrings_supp.h(77) : warning C4005: '__on_failure' : macro redefinition
        C:\Program Files (x86)\Microsoft Visual Studio 12.0\VC\include\sal.h(2896) : see previous definition of '__on_failure'
	cl /Fotmp32dll\v3_pcia.obj  -Iinc32 -Itmp32dll /MD /Ox /O2 /Ob2 -DOPENSSL_THREADS  -DDSO_WIN32 -W3 -Gs0 -GF -Gy -nologo -DOPENSSL_SYSNAME_WIN32 -DWIN32_LEAN_AND_MEAN -DL_ENDIAN -D_CRT_SECURE_NO_DEPRECATE -DOPENSSL_USE_APPLINK -I. -DOPENSSL_NO_RC5 -DOPENSSL_NO_MD2 -DOPENSSL_NO_KRB5 -DOPENSSL_NO_JPAKE -DOPENSSL_NO_STATIC_ENGINE /Zi /Fdtmp32dll/lib -D_WINDLL  -DOPENSSL_BUILD_SHLIBCRYPTO -c .\crypto\x509v3\v3_pcia.c
v3_pcia.c
	cl /Fotmp32dll\v3_pci.obj  -Iinc32 -Itmp32dll /MD /Ox /O2 /Ob2 -DOPENSSL_THREADS  -DDSO_WIN32 -W3 -Gs0 -GF -Gy -nologo -DOPENSSL_SYSNAME_WIN32 -DWIN32_LEAN_AND_MEAN -DL_ENDIAN -D_CRT_SECURE_NO_DEPRECATE -DOPENSSL_USE_APPLINK -I. -DOPENSSL_NO_RC5 -DOPENSSL_NO_MD2 -DOPENSSL_NO_KRB5 -DOPENSSL_NO_JPAKE -DOPENSSL_NO_STATIC_ENGINE /Zi /Fdtmp32dll/lib -D_WINDLL  -DOPENSSL_BUILD_SHLIBCRYPTO -c .\crypto\x509v3\v3_pci.c
v3_pci.c
c:\program files (x86)\microsoft sdks\windows\v7.1a\include\sal_supp.h(57) : warning C4005: '__useHeader' : macro redefinition
        C:\Program Files (x86)\Microsoft Visual Studio 12.0\VC\include\sal.h(2886) : see previous definition of '__useHeader'
c:\program files (x86)\microsoft sdks\windows\v7.1a\include\specstrings_supp.h(77) : warning C4005: '__on_failure' : macro redefinition
        C:\Program Files (x86)\Microsoft Visual Studio 12.0\VC\include\sal.h(2896) : see previous definition of '__on_failure'
	cl /Fotmp32dll\pcy_cache.obj  -Iinc32 -Itmp32dll /MD /Ox /O2 /Ob2 -DOPENSSL_THREADS  -DDSO_WIN32 -W3 -Gs0 -GF -Gy -nologo -DOPENSSL_SYSNAME_WIN32 -DWIN32_LEAN_AND_MEAN -DL_ENDIAN -D_CRT_SECURE_NO_DEPRECATE -DOPENSSL_USE_APPLINK -I. -DOPENSSL_NO_RC5 -DOPENSSL_NO_MD2 -DOPENSSL_NO_KRB5 -DOPENSSL_NO_JPAKE -DOPENSSL_NO_STATIC_ENGINE /Zi /Fdtmp32dll/lib -D_WINDLL  -DOPENSSL_BUILD_SHLIBCRYPTO -c .\crypto\x509v3\pcy_cache.c
pcy_cache.c
c:\program files (x86)\microsoft sdks\windows\v7.1a\include\sal_supp.h(57) : warning C4005: '__useHeader' : macro redefinition
        C:\Program Files (x86)\Microsoft Visual Studio 12.0\VC\include\sal.h(2886) : see previous definition of '__useHeader'
c:\program files (x86)\microsoft sdks\windows\v7.1a\include\specstrings_supp.h(77) : warning C4005: '__on_failure' : macro redefinition
        C:\Program Files (x86)\Microsoft Visual Studio 12.0\VC\include\sal.h(2896) : see previous definition of '__on_failure'
	cl /Fotmp32dll\pcy_node.obj  -Iinc32 -Itmp32dll /MD /Ox /O2 /Ob2 -DOPENSSL_THREADS  -DDSO_WIN32 -W3 -Gs0 -GF -Gy -nologo -DOPENSSL_SYSNAME_WIN32 -DWIN32_LEAN_AND_MEAN -DL_ENDIAN -D_CRT_SECURE_NO_DEPRECATE -DOPENSSL_USE_APPLINK -I. -DOPENSSL_NO_RC5 -DOPENSSL_NO_MD2 -DOPENSSL_NO_KRB5 -DOPENSSL_NO_JPAKE -DOPENSSL_NO_STATIC_ENGINE /Zi /Fdtmp32dll/lib -D_WINDLL  -DOPENSSL_BUILD_SHLIBCRYPTO -c .\crypto\x509v3\pcy_node.c
pcy_node.c
	cl /Fotmp32dll\pcy_data.obj  -Iinc32 -Itmp32dll /MD /Ox /O2 /Ob2 -DOPENSSL_THREADS  -DDSO_WIN32 -W3 -Gs0 -GF -Gy -nologo -DOPENSSL_SYSNAME_WIN32 -DWIN32_LEAN_AND_MEAN -DL_ENDIAN -D_CRT_SECURE_NO_DEPRECATE -DOPENSSL_USE_APPLINK -I. -DOPENSSL_NO_RC5 -DOPENSSL_NO_MD2 -DOPENSSL_NO_KRB5 -DOPENSSL_NO_JPAKE -DOPENSSL_NO_STATIC_ENGINE /Zi /Fdtmp32dll/lib -D_WINDLL  -DOPENSSL_BUILD_SHLIBCRYPTO -c .\crypto\x509v3\pcy_data.c
pcy_data.c
c:\program files (x86)\microsoft sdks\windows\v7.1a\include\sal_supp.h(57) : warning C4005: '__useHeader' : macro redefinition
        C:\Program Files (x86)\Microsoft Visual Studio 12.0\VC\include\sal.h(2886) : see previous definition of '__useHeader'
c:\program files (x86)\microsoft sdks\windows\v7.1a\include\specstrings_supp.h(77) : warning C4005: '__on_failure' : macro redefinition
        C:\Program Files (x86)\Microsoft Visual Studio 12.0\VC\include\sal.h(2896) : see previous definition of '__on_failure'
	cl /Fotmp32dll\pcy_map.obj  -Iinc32 -Itmp32dll /MD /Ox /O2 /Ob2 -DOPENSSL_THREADS  -DDSO_WIN32 -W3 -Gs0 -GF -Gy -nologo -DOPENSSL_SYSNAME_WIN32 -DWIN32_LEAN_AND_MEAN -DL_ENDIAN -D_CRT_SECURE_NO_DEPRECATE -DOPENSSL_USE_APPLINK -I. -DOPENSSL_NO_RC5 -DOPENSSL_NO_MD2 -DOPENSSL_NO_KRB5 -DOPENSSL_NO_JPAKE -DOPENSSL_NO_STATIC_ENGINE /Zi /Fdtmp32dll/lib -D_WINDLL  -DOPENSSL_BUILD_SHLIBCRYPTO -c .\crypto\x509v3\pcy_map.c
pcy_map.c
c:\program files (x86)\microsoft sdks\windows\v7.1a\include\sal_supp.h(57) : warning C4005: '__useHeader' : macro redefinition
        C:\Program Files (x86)\Microsoft Visual Studio 12.0\VC\include\sal.h(2886) : see previous definition of '__useHeader'
c:\program files (x86)\microsoft sdks\windows\v7.1a\include\specstrings_supp.h(77) : warning C4005: '__on_failure' : macro redefinition
        C:\Program Files (x86)\Microsoft Visual Studio 12.0\VC\include\sal.h(2896) : see previous definition of '__on_failure'
	cl /Fotmp32dll\pcy_tree.obj  -Iinc32 -Itmp32dll /MD /Ox /O2 /Ob2 -DOPENSSL_THREADS  -DDSO_WIN32 -W3 -Gs0 -GF -Gy -nologo -DOPENSSL_SYSNAME_WIN32 -DWIN32_LEAN_AND_MEAN -DL_ENDIAN -D_CRT_SECURE_NO_DEPRECATE -DOPENSSL_USE_APPLINK -I. -DOPENSSL_NO_RC5 -DOPENSSL_NO_MD2 -DOPENSSL_NO_KRB5 -DOPENSSL_NO_JPAKE -DOPENSSL_NO_STATIC_ENGINE /Zi /Fdtmp32dll/lib -D_WINDLL  -DOPENSSL_BUILD_SHLIBCRYPTO -c .\crypto\x509v3\pcy_tree.c
pcy_tree.c
c:\program files (x86)\microsoft sdks\windows\v7.1a\include\sal_supp.h(57) : warning C4005: '__useHeader' : macro redefinition
        C:\Program Files (x86)\Microsoft Visual Studio 12.0\VC\include\sal.h(2886) : see previous definition of '__useHeader'
c:\program files (x86)\microsoft sdks\windows\v7.1a\include\specstrings_supp.h(77) : warning C4005: '__on_failure' : macro redefinition
        C:\Program Files (x86)\Microsoft Visual Studio 12.0\VC\include\sal.h(2896) : see previous definition of '__on_failure'
	cl /Fotmp32dll\pcy_lib.obj  -Iinc32 -Itmp32dll /MD /Ox /O2 /Ob2 -DOPENSSL_THREADS  -DDSO_WIN32 -W3 -Gs0 -GF -Gy -nologo -DOPENSSL_SYSNAME_WIN32 -DWIN32_LEAN_AND_MEAN -DL_ENDIAN -D_CRT_SECURE_NO_DEPRECATE -DOPENSSL_USE_APPLINK -I. -DOPENSSL_NO_RC5 -DOPENSSL_NO_MD2 -DOPENSSL_NO_KRB5 -DOPENSSL_NO_JPAKE -DOPENSSL_NO_STATIC_ENGINE /Zi /Fdtmp32dll/lib -D_WINDLL  -DOPENSSL_BUILD_SHLIBCRYPTO -c .\crypto\x509v3\pcy_lib.c
pcy_lib.c
c:\program files (x86)\microsoft sdks\windows\v7.1a\include\sal_supp.h(57) : warning C4005: '__useHeader' : macro redefinition
        C:\Program Files (x86)\Microsoft Visual Studio 12.0\VC\include\sal.h(2886) : see previous definition of '__useHeader'
c:\program files (x86)\microsoft sdks\windows\v7.1a\include\specstrings_supp.h(77) : warning C4005: '__on_failure' : macro redefinition
        C:\Program Files (x86)\Microsoft Visual Studio 12.0\VC\include\sal.h(2896) : see previous definition of '__on_failure'
	cl /Fotmp32dll\v3_asid.obj  -Iinc32 -Itmp32dll /MD /Ox /O2 /Ob2 -DOPENSSL_THREADS  -DDSO_WIN32 -W3 -Gs0 -GF -Gy -nologo -DOPENSSL_SYSNAME_WIN32 -DWIN32_LEAN_AND_MEAN -DL_ENDIAN -D_CRT_SECURE_NO_DEPRECATE -DOPENSSL_USE_APPLINK -I. -DOPENSSL_NO_RC5 -DOPENSSL_NO_MD2 -DOPENSSL_NO_KRB5 -DOPENSSL_NO_JPAKE -DOPENSSL_NO_STATIC_ENGINE /Zi /Fdtmp32dll/lib -D_WINDLL  -DOPENSSL_BUILD_SHLIBCRYPTO -c .\crypto\x509v3\v3_asid.c
v3_asid.c
c:\program files (x86)\microsoft sdks\windows\v7.1a\include\sal_supp.h(57) : warning C4005: '__useHeader' : macro redefinition
        C:\Program Files (x86)\Microsoft Visual Studio 12.0\VC\include\sal.h(2886) : see previous definition of '__useHeader'
c:\program files (x86)\microsoft sdks\windows\v7.1a\include\specstrings_supp.h(77) : warning C4005: '__on_failure' : macro redefinition
        C:\Program Files (x86)\Microsoft Visual Studio 12.0\VC\include\sal.h(2896) : see previous definition of '__on_failure'
	cl /Fotmp32dll\v3_addr.obj  -Iinc32 -Itmp32dll /MD /Ox /O2 /Ob2 -DOPENSSL_THREADS  -DDSO_WIN32 -W3 -Gs0 -GF -Gy -nologo -DOPENSSL_SYSNAME_WIN32 -DWIN32_LEAN_AND_MEAN -DL_ENDIAN -D_CRT_SECURE_NO_DEPRECATE -DOPENSSL_USE_APPLINK -I. -DOPENSSL_NO_RC5 -DOPENSSL_NO_MD2 -DOPENSSL_NO_KRB5 -DOPENSSL_NO_JPAKE -DOPENSSL_NO_STATIC_ENGINE /Zi /Fdtmp32dll/lib -D_WINDLL  -DOPENSSL_BUILD_SHLIBCRYPTO -c .\crypto\x509v3\v3_addr.c
v3_addr.c
c:\program files (x86)\microsoft sdks\windows\v7.1a\include\sal_supp.h(57) : warning C4005: '__useHeader' : macro redefinition
        C:\Program Files (x86)\Microsoft Visual Studio 12.0\VC\include\sal.h(2886) : see previous definition of '__useHeader'
c:\program files (x86)\microsoft sdks\windows\v7.1a\include\specstrings_supp.h(77) : warning C4005: '__on_failure' : macro redefinition
        C:\Program Files (x86)\Microsoft Visual Studio 12.0\VC\include\sal.h(2896) : see previous definition of '__on_failure'
	cl /Fotmp32dll\v3_scts.obj  -Iinc32 -Itmp32dll /MD /Ox /O2 /Ob2 -DOPENSSL_THREADS  -DDSO_WIN32 -W3 -Gs0 -GF -Gy -nologo -DOPENSSL_SYSNAME_WIN32 -DWIN32_LEAN_AND_MEAN -DL_ENDIAN -D_CRT_SECURE_NO_DEPRECATE -DOPENSSL_USE_APPLINK -I. -DOPENSSL_NO_RC5 -DOPENSSL_NO_MD2 -DOPENSSL_NO_KRB5 -DOPENSSL_NO_JPAKE -DOPENSSL_NO_STATIC_ENGINE /Zi /Fdtmp32dll/lib -D_WINDLL  -DOPENSSL_BUILD_SHLIBCRYPTO -c .\crypto\x509v3\v3_scts.c
v3_scts.c
c:\program files (x86)\microsoft sdks\windows\v7.1a\include\sal_supp.h(57) : warning C4005: '__useHeader' : macro redefinition
        C:\Program Files (x86)\Microsoft Visual Studio 12.0\VC\include\sal.h(2886) : see previous definition of '__useHeader'
c:\program files (x86)\microsoft sdks\windows\v7.1a\include\specstrings_supp.h(77) : warning C4005: '__on_failure' : macro redefinition
        C:\Program Files (x86)\Microsoft Visual Studio 12.0\VC\include\sal.h(2896) : see previous definition of '__on_failure'
	cl /Fotmp32dll\cms_lib.obj  -Iinc32 -Itmp32dll /MD /Ox /O2 /Ob2 -DOPENSSL_THREADS  -DDSO_WIN32 -W3 -Gs0 -GF -Gy -nologo -DOPENSSL_SYSNAME_WIN32 -DWIN32_LEAN_AND_MEAN -DL_ENDIAN -D_CRT_SECURE_NO_DEPRECATE -DOPENSSL_USE_APPLINK -I. -DOPENSSL_NO_RC5 -DOPENSSL_NO_MD2 -DOPENSSL_NO_KRB5 -DOPENSSL_NO_JPAKE -DOPENSSL_NO_STATIC_ENGINE /Zi /Fdtmp32dll/lib -D_WINDLL  -DOPENSSL_BUILD_SHLIBCRYPTO -c .\crypto\cms\cms_lib.c
cms_lib.c
	cl /Fotmp32dll\cms_asn1.obj  -Iinc32 -Itmp32dll /MD /Ox /O2 /Ob2 -DOPENSSL_THREADS  -DDSO_WIN32 -W3 -Gs0 -GF -Gy -nologo -DOPENSSL_SYSNAME_WIN32 -DWIN32_LEAN_AND_MEAN -DL_ENDIAN -D_CRT_SECURE_NO_DEPRECATE -DOPENSSL_USE_APPLINK -I. -DOPENSSL_NO_RC5 -DOPENSSL_NO_MD2 -DOPENSSL_NO_KRB5 -DOPENSSL_NO_JPAKE -DOPENSSL_NO_STATIC_ENGINE /Zi /Fdtmp32dll/lib -D_WINDLL  -DOPENSSL_BUILD_SHLIBCRYPTO -c .\crypto\cms\cms_asn1.c
cms_asn1.c
	cl /Fotmp32dll\cms_att.obj  -Iinc32 -Itmp32dll /MD /Ox /O2 /Ob2 -DOPENSSL_THREADS  -DDSO_WIN32 -W3 -Gs0 -GF -Gy -nologo -DOPENSSL_SYSNAME_WIN32 -DWIN32_LEAN_AND_MEAN -DL_ENDIAN -D_CRT_SECURE_NO_DEPRECATE -DOPENSSL_USE_APPLINK -I. -DOPENSSL_NO_RC5 -DOPENSSL_NO_MD2 -DOPENSSL_NO_KRB5 -DOPENSSL_NO_JPAKE -DOPENSSL_NO_STATIC_ENGINE /Zi /Fdtmp32dll/lib -D_WINDLL  -DOPENSSL_BUILD_SHLIBCRYPTO -c .\crypto\cms\cms_att.c
cms_att.c
	cl /Fotmp32dll\cms_io.obj  -Iinc32 -Itmp32dll /MD /Ox /O2 /Ob2 -DOPENSSL_THREADS  -DDSO_WIN32 -W3 -Gs0 -GF -Gy -nologo -DOPENSSL_SYSNAME_WIN32 -DWIN32_LEAN_AND_MEAN -DL_ENDIAN -D_CRT_SECURE_NO_DEPRECATE -DOPENSSL_USE_APPLINK -I. -DOPENSSL_NO_RC5 -DOPENSSL_NO_MD2 -DOPENSSL_NO_KRB5 -DOPENSSL_NO_JPAKE -DOPENSSL_NO_STATIC_ENGINE /Zi /Fdtmp32dll/lib -D_WINDLL  -DOPENSSL_BUILD_SHLIBCRYPTO -c .\crypto\cms\cms_io.c
cms_io.c
	cl /Fotmp32dll\cms_smime.obj  -Iinc32 -Itmp32dll /MD /Ox /O2 /Ob2 -DOPENSSL_THREADS  -DDSO_WIN32 -W3 -Gs0 -GF -Gy -nologo -DOPENSSL_SYSNAME_WIN32 -DWIN32_LEAN_AND_MEAN -DL_ENDIAN -D_CRT_SECURE_NO_DEPRECATE -DOPENSSL_USE_APPLINK -I. -DOPENSSL_NO_RC5 -DOPENSSL_NO_MD2 -DOPENSSL_NO_KRB5 -DOPENSSL_NO_JPAKE -DOPENSSL_NO_STATIC_ENGINE /Zi /Fdtmp32dll/lib -D_WINDLL  -DOPENSSL_BUILD_SHLIBCRYPTO -c .\crypto\cms\cms_smime.c
cms_smime.c
c:\program files (x86)\microsoft sdks\windows\v7.1a\include\sal_supp.h(57) : warning C4005: '__useHeader' : macro redefinition
        C:\Program Files (x86)\Microsoft Visual Studio 12.0\VC\include\sal.h(2886) : see previous definition of '__useHeader'
c:\program files (x86)\microsoft sdks\windows\v7.1a\include\specstrings_supp.h(77) : warning C4005: '__on_failure' : macro redefinition
        C:\Program Files (x86)\Microsoft Visual Studio 12.0\VC\include\sal.h(2896) : see previous definition of '__on_failure'
	cl /Fotmp32dll\cms_err.obj  -Iinc32 -Itmp32dll /MD /Ox /O2 /Ob2 -DOPENSSL_THREADS  -DDSO_WIN32 -W3 -Gs0 -GF -Gy -nologo -DOPENSSL_SYSNAME_WIN32 -DWIN32_LEAN_AND_MEAN -DL_ENDIAN -D_CRT_SECURE_NO_DEPRECATE -DOPENSSL_USE_APPLINK -I. -DOPENSSL_NO_RC5 -DOPENSSL_NO_MD2 -DOPENSSL_NO_KRB5 -DOPENSSL_NO_JPAKE -DOPENSSL_NO_STATIC_ENGINE /Zi /Fdtmp32dll/lib -D_WINDLL  -DOPENSSL_BUILD_SHLIBCRYPTO -c .\crypto\cms\cms_err.c
cms_err.c
	cl /Fotmp32dll\cms_sd.obj  -Iinc32 -Itmp32dll /MD /Ox /O2 /Ob2 -DOPENSSL_THREADS  -DDSO_WIN32 -W3 -Gs0 -GF -Gy -nologo -DOPENSSL_SYSNAME_WIN32 -DWIN32_LEAN_AND_MEAN -DL_ENDIAN -D_CRT_SECURE_NO_DEPRECATE -DOPENSSL_USE_APPLINK -I. -DOPENSSL_NO_RC5 -DOPENSSL_NO_MD2 -DOPENSSL_NO_KRB5 -DOPENSSL_NO_JPAKE -DOPENSSL_NO_STATIC_ENGINE /Zi /Fdtmp32dll/lib -D_WINDLL  -DOPENSSL_BUILD_SHLIBCRYPTO -c .\crypto\cms\cms_sd.c
cms_sd.c
c:\program files (x86)\microsoft sdks\windows\v7.1a\include\sal_supp.h(57) : warning C4005: '__useHeader' : macro redefinition
        C:\Program Files (x86)\Microsoft Visual Studio 12.0\VC\include\sal.h(2886) : see previous definition of '__useHeader'
c:\program files (x86)\microsoft sdks\windows\v7.1a\include\specstrings_supp.h(77) : warning C4005: '__on_failure' : macro redefinition
        C:\Program Files (x86)\Microsoft Visual Studio 12.0\VC\include\sal.h(2896) : see previous definition of '__on_failure'
	cl /Fotmp32dll\cms_dd.obj  -Iinc32 -Itmp32dll /MD /Ox /O2 /Ob2 -DOPENSSL_THREADS  -DDSO_WIN32 -W3 -Gs0 -GF -Gy -nologo -DOPENSSL_SYSNAME_WIN32 -DWIN32_LEAN_AND_MEAN -DL_ENDIAN -D_CRT_SECURE_NO_DEPRECATE -DOPENSSL_USE_APPLINK -I. -DOPENSSL_NO_RC5 -DOPENSSL_NO_MD2 -DOPENSSL_NO_KRB5 -DOPENSSL_NO_JPAKE -DOPENSSL_NO_STATIC_ENGINE /Zi /Fdtmp32dll/lib -D_WINDLL  -DOPENSSL_BUILD_SHLIBCRYPTO -c .\crypto\cms\cms_dd.c
cms_dd.c
c:\program files (x86)\microsoft sdks\windows\v7.1a\include\sal_supp.h(57) : warning C4005: '__useHeader' : macro redefinition
        C:\Program Files (x86)\Microsoft Visual Studio 12.0\VC\include\sal.h(2886) : see previous definition of '__useHeader'
c:\program files (x86)\microsoft sdks\windows\v7.1a\include\specstrings_supp.h(77) : warning C4005: '__on_failure' : macro redefinition
        C:\Program Files (x86)\Microsoft Visual Studio 12.0\VC\include\sal.h(2896) : see previous definition of '__on_failure'
	cl /Fotmp32dll\cms_cd.obj  -Iinc32 -Itmp32dll /MD /Ox /O2 /Ob2 -DOPENSSL_THREADS  -DDSO_WIN32 -W3 -Gs0 -GF -Gy -nologo -DOPENSSL_SYSNAME_WIN32 -DWIN32_LEAN_AND_MEAN -DL_ENDIAN -D_CRT_SECURE_NO_DEPRECATE -DOPENSSL_USE_APPLINK -I. -DOPENSSL_NO_RC5 -DOPENSSL_NO_MD2 -DOPENSSL_NO_KRB5 -DOPENSSL_NO_JPAKE -DOPENSSL_NO_STATIC_ENGINE /Zi /Fdtmp32dll/lib -D_WINDLL  -DOPENSSL_BUILD_SHLIBCRYPTO -c .\crypto\cms\cms_cd.c
cms_cd.c
c:\program files (x86)\microsoft sdks\windows\v7.1a\include\sal_supp.h(57) : warning C4005: '__useHeader' : macro redefinition
        C:\Program Files (x86)\Microsoft Visual Studio 12.0\VC\include\sal.h(2886) : see previous definition of '__useHeader'
c:\program files (x86)\microsoft sdks\windows\v7.1a\include\specstrings_supp.h(77) : warning C4005: '__on_failure' : macro redefinition
        C:\Program Files (x86)\Microsoft Visual Studio 12.0\VC\include\sal.h(2896) : see previous definition of '__on_failure'
	cl /Fotmp32dll\cms_env.obj  -Iinc32 -Itmp32dll /MD /Ox /O2 /Ob2 -DOPENSSL_THREADS  -DDSO_WIN32 -W3 -Gs0 -GF -Gy -nologo -DOPENSSL_SYSNAME_WIN32 -DWIN32_LEAN_AND_MEAN -DL_ENDIAN -D_CRT_SECURE_NO_DEPRECATE -DOPENSSL_USE_APPLINK -I. -DOPENSSL_NO_RC5 -DOPENSSL_NO_MD2 -DOPENSSL_NO_KRB5 -DOPENSSL_NO_JPAKE -DOPENSSL_NO_STATIC_ENGINE /Zi /Fdtmp32dll/lib -D_WINDLL  -DOPENSSL_BUILD_SHLIBCRYPTO -c .\crypto\cms\cms_env.c
cms_env.c
c:\program files (x86)\microsoft sdks\windows\v7.1a\include\sal_supp.h(57) : warning C4005: '__useHeader' : macro redefinition
        C:\Program Files (x86)\Microsoft Visual Studio 12.0\VC\include\sal.h(2886) : see previous definition of '__useHeader'
c:\program files (x86)\microsoft sdks\windows\v7.1a\include\specstrings_supp.h(77) : warning C4005: '__on_failure' : macro redefinition
        C:\Program Files (x86)\Microsoft Visual Studio 12.0\VC\include\sal.h(2896) : see previous definition of '__on_failure'
	cl /Fotmp32dll\cms_enc.obj  -Iinc32 -Itmp32dll /MD /Ox /O2 /Ob2 -DOPENSSL_THREADS  -DDSO_WIN32 -W3 -Gs0 -GF -Gy -nologo -DOPENSSL_SYSNAME_WIN32 -DWIN32_LEAN_AND_MEAN -DL_ENDIAN -D_CRT_SECURE_NO_DEPRECATE -DOPENSSL_USE_APPLINK -I. -DOPENSSL_NO_RC5 -DOPENSSL_NO_MD2 -DOPENSSL_NO_KRB5 -DOPENSSL_NO_JPAKE -DOPENSSL_NO_STATIC_ENGINE /Zi /Fdtmp32dll/lib -D_WINDLL  -DOPENSSL_BUILD_SHLIBCRYPTO -c .\crypto\cms\cms_enc.c
cms_enc.c
c:\program files (x86)\microsoft sdks\windows\v7.1a\include\sal_supp.h(57) : warning C4005: '__useHeader' : macro redefinition
        C:\Program Files (x86)\Microsoft Visual Studio 12.0\VC\include\sal.h(2886) : see previous definition of '__useHeader'
c:\program files (x86)\microsoft sdks\windows\v7.1a\include\specstrings_supp.h(77) : warning C4005: '__on_failure' : macro redefinition
        C:\Program Files (x86)\Microsoft Visual Studio 12.0\VC\include\sal.h(2896) : see previous definition of '__on_failure'
	cl /Fotmp32dll\cms_ess.obj  -Iinc32 -Itmp32dll /MD /Ox /O2 /Ob2 -DOPENSSL_THREADS  -DDSO_WIN32 -W3 -Gs0 -GF -Gy -nologo -DOPENSSL_SYSNAME_WIN32 -DWIN32_LEAN_AND_MEAN -DL_ENDIAN -D_CRT_SECURE_NO_DEPRECATE -DOPENSSL_USE_APPLINK -I. -DOPENSSL_NO_RC5 -DOPENSSL_NO_MD2 -DOPENSSL_NO_KRB5 -DOPENSSL_NO_JPAKE -DOPENSSL_NO_STATIC_ENGINE /Zi /Fdtmp32dll/lib -D_WINDLL  -DOPENSSL_BUILD_SHLIBCRYPTO -c .\crypto\cms\cms_ess.c
cms_ess.c
c:\program files (x86)\microsoft sdks\windows\v7.1a\include\sal_supp.h(57) : warning C4005: '__useHeader' : macro redefinition
        C:\Program Files (x86)\Microsoft Visual Studio 12.0\VC\include\sal.h(2886) : see previous definition of '__useHeader'
c:\program files (x86)\microsoft sdks\windows\v7.1a\include\specstrings_supp.h(77) : warning C4005: '__on_failure' : macro redefinition
        C:\Program Files (x86)\Microsoft Visual Studio 12.0\VC\include\sal.h(2896) : see previous definition of '__on_failure'
	cl /Fotmp32dll\cms_pwri.obj  -Iinc32 -Itmp32dll /MD /Ox /O2 /Ob2 -DOPENSSL_THREADS  -DDSO_WIN32 -W3 -Gs0 -GF -Gy -nologo -DOPENSSL_SYSNAME_WIN32 -DWIN32_LEAN_AND_MEAN -DL_ENDIAN -D_CRT_SECURE_NO_DEPRECATE -DOPENSSL_USE_APPLINK -I. -DOPENSSL_NO_RC5 -DOPENSSL_NO_MD2 -DOPENSSL_NO_KRB5 -DOPENSSL_NO_JPAKE -DOPENSSL_NO_STATIC_ENGINE /Zi /Fdtmp32dll/lib -D_WINDLL  -DOPENSSL_BUILD_SHLIBCRYPTO -c .\crypto\cms\cms_pwri.c
cms_pwri.c
c:\program files (x86)\microsoft sdks\windows\v7.1a\include\sal_supp.h(57) : warning C4005: '__useHeader' : macro redefinition
        C:\Program Files (x86)\Microsoft Visual Studio 12.0\VC\include\sal.h(2886) : see previous definition of '__useHeader'
c:\program files (x86)\microsoft sdks\windows\v7.1a\include\specstrings_supp.h(77) : warning C4005: '__on_failure' : macro redefinition
        C:\Program Files (x86)\Microsoft Visual Studio 12.0\VC\include\sal.h(2896) : see previous definition of '__on_failure'
	cl /Fotmp32dll\cms_kari.obj  -Iinc32 -Itmp32dll /MD /Ox /O2 /Ob2 -DOPENSSL_THREADS  -DDSO_WIN32 -W3 -Gs0 -GF -Gy -nologo -DOPENSSL_SYSNAME_WIN32 -DWIN32_LEAN_AND_MEAN -DL_ENDIAN -D_CRT_SECURE_NO_DEPRECATE -DOPENSSL_USE_APPLINK -I. -DOPENSSL_NO_RC5 -DOPENSSL_NO_MD2 -DOPENSSL_NO_KRB5 -DOPENSSL_NO_JPAKE -DOPENSSL_NO_STATIC_ENGINE /Zi /Fdtmp32dll/lib -D_WINDLL  -DOPENSSL_BUILD_SHLIBCRYPTO -c .\crypto\cms\cms_kari.c
cms_kari.c
c:\program files (x86)\microsoft sdks\windows\v7.1a\include\sal_supp.h(57) : warning C4005: '__useHeader' : macro redefinition
        C:\Program Files (x86)\Microsoft Visual Studio 12.0\VC\include\sal.h(2886) : see previous definition of '__useHeader'
c:\program files (x86)\microsoft sdks\windows\v7.1a\include\specstrings_supp.h(77) : warning C4005: '__on_failure' : macro redefinition
        C:\Program Files (x86)\Microsoft Visual Studio 12.0\VC\include\sal.h(2896) : see previous definition of '__on_failure'
	cl /Fotmp32dll\conf_err.obj  -Iinc32 -Itmp32dll /MD /Ox /O2 /Ob2 -DOPENSSL_THREADS  -DDSO_WIN32 -W3 -Gs0 -GF -Gy -nologo -DOPENSSL_SYSNAME_WIN32 -DWIN32_LEAN_AND_MEAN -DL_ENDIAN -D_CRT_SECURE_NO_DEPRECATE -DOPENSSL_USE_APPLINK -I. -DOPENSSL_NO_RC5 -DOPENSSL_NO_MD2 -DOPENSSL_NO_KRB5 -DOPENSSL_NO_JPAKE -DOPENSSL_NO_STATIC_ENGINE /Zi /Fdtmp32dll/lib -D_WINDLL  -DOPENSSL_BUILD_SHLIBCRYPTO -c .\crypto\conf\conf_err.c
conf_err.c
	cl /Fotmp32dll\conf_lib.obj  -Iinc32 -Itmp32dll /MD /Ox /O2 /Ob2 -DOPENSSL_THREADS  -DDSO_WIN32 -W3 -Gs0 -GF -Gy -nologo -DOPENSSL_SYSNAME_WIN32 -DWIN32_LEAN_AND_MEAN -DL_ENDIAN -D_CRT_SECURE_NO_DEPRECATE -DOPENSSL_USE_APPLINK -I. -DOPENSSL_NO_RC5 -DOPENSSL_NO_MD2 -DOPENSSL_NO_KRB5 -DOPENSSL_NO_JPAKE -DOPENSSL_NO_STATIC_ENGINE /Zi /Fdtmp32dll/lib -D_WINDLL  -DOPENSSL_BUILD_SHLIBCRYPTO -c .\crypto\conf\conf_lib.c
conf_lib.c
	cl /Fotmp32dll\conf_api.obj  -Iinc32 -Itmp32dll /MD /Ox /O2 /Ob2 -DOPENSSL_THREADS  -DDSO_WIN32 -W3 -Gs0 -GF -Gy -nologo -DOPENSSL_SYSNAME_WIN32 -DWIN32_LEAN_AND_MEAN -DL_ENDIAN -D_CRT_SECURE_NO_DEPRECATE -DOPENSSL_USE_APPLINK -I. -DOPENSSL_NO_RC5 -DOPENSSL_NO_MD2 -DOPENSSL_NO_KRB5 -DOPENSSL_NO_JPAKE -DOPENSSL_NO_STATIC_ENGINE /Zi /Fdtmp32dll/lib -D_WINDLL  -DOPENSSL_BUILD_SHLIBCRYPTO -c .\crypto\conf\conf_api.c
conf_api.c
c:\program files (x86)\microsoft sdks\windows\v7.1a\include\sal_supp.h(57) : warning C4005: '__useHeader' : macro redefinition
        C:\Program Files (x86)\Microsoft Visual Studio 12.0\VC\include\sal.h(2886) : see previous definition of '__useHeader'
c:\program files (x86)\microsoft sdks\windows\v7.1a\include\specstrings_supp.h(77) : warning C4005: '__on_failure' : macro redefinition
        C:\Program Files (x86)\Microsoft Visual Studio 12.0\VC\include\sal.h(2896) : see previous definition of '__on_failure'
	cl /Fotmp32dll\conf_def.obj  -Iinc32 -Itmp32dll /MD /Ox /O2 /Ob2 -DOPENSSL_THREADS  -DDSO_WIN32 -W3 -Gs0 -GF -Gy -nologo -DOPENSSL_SYSNAME_WIN32 -DWIN32_LEAN_AND_MEAN -DL_ENDIAN -D_CRT_SECURE_NO_DEPRECATE -DOPENSSL_USE_APPLINK -I. -DOPENSSL_NO_RC5 -DOPENSSL_NO_MD2 -DOPENSSL_NO_KRB5 -DOPENSSL_NO_JPAKE -DOPENSSL_NO_STATIC_ENGINE /Zi /Fdtmp32dll/lib -D_WINDLL  -DOPENSSL_BUILD_SHLIBCRYPTO -c .\crypto\conf\conf_def.c
conf_def.c
c:\program files (x86)\microsoft sdks\windows\v7.1a\include\sal_supp.h(57) : warning C4005: '__useHeader' : macro redefinition
        C:\Program Files (x86)\Microsoft Visual Studio 12.0\VC\include\sal.h(2886) : see previous definition of '__useHeader'
c:\program files (x86)\microsoft sdks\windows\v7.1a\include\specstrings_supp.h(77) : warning C4005: '__on_failure' : macro redefinition
        C:\Program Files (x86)\Microsoft Visual Studio 12.0\VC\include\sal.h(2896) : see previous definition of '__on_failure'
	cl /Fotmp32dll\conf_mod.obj  -Iinc32 -Itmp32dll /MD /Ox /O2 /Ob2 -DOPENSSL_THREADS  -DDSO_WIN32 -W3 -Gs0 -GF -Gy -nologo -DOPENSSL_SYSNAME_WIN32 -DWIN32_LEAN_AND_MEAN -DL_ENDIAN -D_CRT_SECURE_NO_DEPRECATE -DOPENSSL_USE_APPLINK -I. -DOPENSSL_NO_RC5 -DOPENSSL_NO_MD2 -DOPENSSL_NO_KRB5 -DOPENSSL_NO_JPAKE -DOPENSSL_NO_STATIC_ENGINE /Zi /Fdtmp32dll/lib -D_WINDLL  -DOPENSSL_BUILD_SHLIBCRYPTO -c .\crypto\conf\conf_mod.c
conf_mod.c
c:\program files (x86)\microsoft sdks\windows\v7.1a\include\sal_supp.h(57) : warning C4005: '__useHeader' : macro redefinition
        C:\Program Files (x86)\Microsoft Visual Studio 12.0\VC\include\sal.h(2886) : see previous definition of '__useHeader'
c:\program files (x86)\microsoft sdks\windows\v7.1a\include\specstrings_supp.h(77) : warning C4005: '__on_failure' : macro redefinition
        C:\Program Files (x86)\Microsoft Visual Studio 12.0\VC\include\sal.h(2896) : see previous definition of '__on_failure'
	cl /Fotmp32dll\conf_mall.obj  -Iinc32 -Itmp32dll /MD /Ox /O2 /Ob2 -DOPENSSL_THREADS  -DDSO_WIN32 -W3 -Gs0 -GF -Gy -nologo -DOPENSSL_SYSNAME_WIN32 -DWIN32_LEAN_AND_MEAN -DL_ENDIAN -D_CRT_SECURE_NO_DEPRECATE -DOPENSSL_USE_APPLINK -I. -DOPENSSL_NO_RC5 -DOPENSSL_NO_MD2 -DOPENSSL_NO_KRB5 -DOPENSSL_NO_JPAKE -DOPENSSL_NO_STATIC_ENGINE /Zi /Fdtmp32dll/lib -D_WINDLL  -DOPENSSL_BUILD_SHLIBCRYPTO -c .\crypto\conf\conf_mall.c
conf_mall.c
c:\program files (x86)\microsoft sdks\windows\v7.1a\include\sal_supp.h(57) : warning C4005: '__useHeader' : macro redefinition
        C:\Program Files (x86)\Microsoft Visual Studio 12.0\VC\include\sal.h(2886) : see previous definition of '__useHeader'
c:\program files (x86)\microsoft sdks\windows\v7.1a\include\specstrings_supp.h(77) : warning C4005: '__on_failure' : macro redefinition
        C:\Program Files (x86)\Microsoft Visual Studio 12.0\VC\include\sal.h(2896) : see previous definition of '__on_failure'
	cl /Fotmp32dll\conf_sap.obj  -Iinc32 -Itmp32dll /MD /Ox /O2 /Ob2 -DOPENSSL_THREADS  -DDSO_WIN32 -W3 -Gs0 -GF -Gy -nologo -DOPENSSL_SYSNAME_WIN32 -DWIN32_LEAN_AND_MEAN -DL_ENDIAN -D_CRT_SECURE_NO_DEPRECATE -DOPENSSL_USE_APPLINK -I. -DOPENSSL_NO_RC5 -DOPENSSL_NO_MD2 -DOPENSSL_NO_KRB5 -DOPENSSL_NO_JPAKE -DOPENSSL_NO_STATIC_ENGINE /Zi /Fdtmp32dll/lib -D_WINDLL  -DOPENSSL_BUILD_SHLIBCRYPTO -c .\crypto\conf\conf_sap.c
conf_sap.c
c:\program files (x86)\microsoft sdks\windows\v7.1a\include\sal_supp.h(57) : warning C4005: '__useHeader' : macro redefinition
        C:\Program Files (x86)\Microsoft Visual Studio 12.0\VC\include\sal.h(2886) : see previous definition of '__useHeader'
c:\program files (x86)\microsoft sdks\windows\v7.1a\include\specstrings_supp.h(77) : warning C4005: '__on_failure' : macro redefinition
        C:\Program Files (x86)\Microsoft Visual Studio 12.0\VC\include\sal.h(2896) : see previous definition of '__on_failure'
	cl /Fotmp32dll\txt_db.obj  -Iinc32 -Itmp32dll /MD /Ox /O2 /Ob2 -DOPENSSL_THREADS  -DDSO_WIN32 -W3 -Gs0 -GF -Gy -nologo -DOPENSSL_SYSNAME_WIN32 -DWIN32_LEAN_AND_MEAN -DL_ENDIAN -D_CRT_SECURE_NO_DEPRECATE -DOPENSSL_USE_APPLINK -I. -DOPENSSL_NO_RC5 -DOPENSSL_NO_MD2 -DOPENSSL_NO_KRB5 -DOPENSSL_NO_JPAKE -DOPENSSL_NO_STATIC_ENGINE /Zi /Fdtmp32dll/lib -D_WINDLL  -DOPENSSL_BUILD_SHLIBCRYPTO -c .\crypto\txt_db\txt_db.c
txt_db.c
c:\program files (x86)\microsoft sdks\windows\v7.1a\include\sal_supp.h(57) : warning C4005: '__useHeader' : macro redefinition
        C:\Program Files (x86)\Microsoft Visual Studio 12.0\VC\include\sal.h(2886) : see previous definition of '__useHeader'
c:\program files (x86)\microsoft sdks\windows\v7.1a\include\specstrings_supp.h(77) : warning C4005: '__on_failure' : macro redefinition
        C:\Program Files (x86)\Microsoft Visual Studio 12.0\VC\include\sal.h(2896) : see previous definition of '__on_failure'
	cl /Fotmp32dll\pk7_asn1.obj  -Iinc32 -Itmp32dll /MD /Ox /O2 /Ob2 -DOPENSSL_THREADS  -DDSO_WIN32 -W3 -Gs0 -GF -Gy -nologo -DOPENSSL_SYSNAME_WIN32 -DWIN32_LEAN_AND_MEAN -DL_ENDIAN -D_CRT_SECURE_NO_DEPRECATE -DOPENSSL_USE_APPLINK -I. -DOPENSSL_NO_RC5 -DOPENSSL_NO_MD2 -DOPENSSL_NO_KRB5 -DOPENSSL_NO_JPAKE -DOPENSSL_NO_STATIC_ENGINE /Zi /Fdtmp32dll/lib -D_WINDLL  -DOPENSSL_BUILD_SHLIBCRYPTO -c .\crypto\pkcs7\pk7_asn1.c
pk7_asn1.c
c:\program files (x86)\microsoft sdks\windows\v7.1a\include\sal_supp.h(57) : warning C4005: '__useHeader' : macro redefinition
        C:\Program Files (x86)\Microsoft Visual Studio 12.0\VC\include\sal.h(2886) : see previous definition of '__useHeader'
c:\program files (x86)\microsoft sdks\windows\v7.1a\include\specstrings_supp.h(77) : warning C4005: '__on_failure' : macro redefinition
        C:\Program Files (x86)\Microsoft Visual Studio 12.0\VC\include\sal.h(2896) : see previous definition of '__on_failure'
	cl /Fotmp32dll\pk7_lib.obj  -Iinc32 -Itmp32dll /MD /Ox /O2 /Ob2 -DOPENSSL_THREADS  -DDSO_WIN32 -W3 -Gs0 -GF -Gy -nologo -DOPENSSL_SYSNAME_WIN32 -DWIN32_LEAN_AND_MEAN -DL_ENDIAN -D_CRT_SECURE_NO_DEPRECATE -DOPENSSL_USE_APPLINK -I. -DOPENSSL_NO_RC5 -DOPENSSL_NO_MD2 -DOPENSSL_NO_KRB5 -DOPENSSL_NO_JPAKE -DOPENSSL_NO_STATIC_ENGINE /Zi /Fdtmp32dll/lib -D_WINDLL  -DOPENSSL_BUILD_SHLIBCRYPTO -c .\crypto\pkcs7\pk7_lib.c
pk7_lib.c
c:\program files (x86)\microsoft sdks\windows\v7.1a\include\sal_supp.h(57) : warning C4005: '__useHeader' : macro redefinition
        C:\Program Files (x86)\Microsoft Visual Studio 12.0\VC\include\sal.h(2886) : see previous definition of '__useHeader'
c:\program files (x86)\microsoft sdks\windows\v7.1a\include\specstrings_supp.h(77) : warning C4005: '__on_failure' : macro redefinition
        C:\Program Files (x86)\Microsoft Visual Studio 12.0\VC\include\sal.h(2896) : see previous definition of '__on_failure'
	cl /Fotmp32dll\pkcs7err.obj  -Iinc32 -Itmp32dll /MD /Ox /O2 /Ob2 -DOPENSSL_THREADS  -DDSO_WIN32 -W3 -Gs0 -GF -Gy -nologo -DOPENSSL_SYSNAME_WIN32 -DWIN32_LEAN_AND_MEAN -DL_ENDIAN -D_CRT_SECURE_NO_DEPRECATE -DOPENSSL_USE_APPLINK -I. -DOPENSSL_NO_RC5 -DOPENSSL_NO_MD2 -DOPENSSL_NO_KRB5 -DOPENSSL_NO_JPAKE -DOPENSSL_NO_STATIC_ENGINE /Zi /Fdtmp32dll/lib -D_WINDLL  -DOPENSSL_BUILD_SHLIBCRYPTO -c .\crypto\pkcs7\pkcs7err.c
pkcs7err.c
	cl /Fotmp32dll\pk7_doit.obj  -Iinc32 -Itmp32dll /MD /Ox /O2 /Ob2 -DOPENSSL_THREADS  -DDSO_WIN32 -W3 -Gs0 -GF -Gy -nologo -DOPENSSL_SYSNAME_WIN32 -DWIN32_LEAN_AND_MEAN -DL_ENDIAN -D_CRT_SECURE_NO_DEPRECATE -DOPENSSL_USE_APPLINK -I. -DOPENSSL_NO_RC5 -DOPENSSL_NO_MD2 -DOPENSSL_NO_KRB5 -DOPENSSL_NO_JPAKE -DOPENSSL_NO_STATIC_ENGINE /Zi /Fdtmp32dll/lib -D_WINDLL  -DOPENSSL_BUILD_SHLIBCRYPTO -c .\crypto\pkcs7\pk7_doit.c
pk7_doit.c
c:\program files (x86)\microsoft sdks\windows\v7.1a\include\sal_supp.h(57) : warning C4005: '__useHeader' : macro redefinition
        C:\Program Files (x86)\Microsoft Visual Studio 12.0\VC\include\sal.h(2886) : see previous definition of '__useHeader'
c:\program files (x86)\microsoft sdks\windows\v7.1a\include\specstrings_supp.h(77) : warning C4005: '__on_failure' : macro redefinition
        C:\Program Files (x86)\Microsoft Visual Studio 12.0\VC\include\sal.h(2896) : see previous definition of '__on_failure'
	cl /Fotmp32dll\pk7_smime.obj  -Iinc32 -Itmp32dll /MD /Ox /O2 /Ob2 -DOPENSSL_THREADS  -DDSO_WIN32 -W3 -Gs0 -GF -Gy -nologo -DOPENSSL_SYSNAME_WIN32 -DWIN32_LEAN_AND_MEAN -DL_ENDIAN -D_CRT_SECURE_NO_DEPRECATE -DOPENSSL_USE_APPLINK -I. -DOPENSSL_NO_RC5 -DOPENSSL_NO_MD2 -DOPENSSL_NO_KRB5 -DOPENSSL_NO_JPAKE -DOPENSSL_NO_STATIC_ENGINE /Zi /Fdtmp32dll/lib -D_WINDLL  -DOPENSSL_BUILD_SHLIBCRYPTO -c .\crypto\pkcs7\pk7_smime.c
pk7_smime.c
c:\program files (x86)\microsoft sdks\windows\v7.1a\include\sal_supp.h(57) : warning C4005: '__useHeader' : macro redefinition
        C:\Program Files (x86)\Microsoft Visual Studio 12.0\VC\include\sal.h(2886) : see previous definition of '__useHeader'
c:\program files (x86)\microsoft sdks\windows\v7.1a\include\specstrings_supp.h(77) : warning C4005: '__on_failure' : macro redefinition
        C:\Program Files (x86)\Microsoft Visual Studio 12.0\VC\include\sal.h(2896) : see previous definition of '__on_failure'
	cl /Fotmp32dll\pk7_attr.obj  -Iinc32 -Itmp32dll /MD /Ox /O2 /Ob2 -DOPENSSL_THREADS  -DDSO_WIN32 -W3 -Gs0 -GF -Gy -nologo -DOPENSSL_SYSNAME_WIN32 -DWIN32_LEAN_AND_MEAN -DL_ENDIAN -D_CRT_SECURE_NO_DEPRECATE -DOPENSSL_USE_APPLINK -I. -DOPENSSL_NO_RC5 -DOPENSSL_NO_MD2 -DOPENSSL_NO_KRB5 -DOPENSSL_NO_JPAKE -DOPENSSL_NO_STATIC_ENGINE /Zi /Fdtmp32dll/lib -D_WINDLL  -DOPENSSL_BUILD_SHLIBCRYPTO -c .\crypto\pkcs7\pk7_attr.c
pk7_attr.c
	cl /Fotmp32dll\pk7_mime.obj  -Iinc32 -Itmp32dll /MD /Ox /O2 /Ob2 -DOPENSSL_THREADS  -DDSO_WIN32 -W3 -Gs0 -GF -Gy -nologo -DOPENSSL_SYSNAME_WIN32 -DWIN32_LEAN_AND_MEAN -DL_ENDIAN -D_CRT_SECURE_NO_DEPRECATE -DOPENSSL_USE_APPLINK -I. -DOPENSSL_NO_RC5 -DOPENSSL_NO_MD2 -DOPENSSL_NO_KRB5 -DOPENSSL_NO_JPAKE -DOPENSSL_NO_STATIC_ENGINE /Zi /Fdtmp32dll/lib -D_WINDLL  -DOPENSSL_BUILD_SHLIBCRYPTO -c .\crypto\pkcs7\pk7_mime.c
pk7_mime.c
c:\program files (x86)\microsoft sdks\windows\v7.1a\include\sal_supp.h(57) : warning C4005: '__useHeader' : macro redefinition
        C:\Program Files (x86)\Microsoft Visual Studio 12.0\VC\include\sal.h(2886) : see previous definition of '__useHeader'
c:\program files (x86)\microsoft sdks\windows\v7.1a\include\specstrings_supp.h(77) : warning C4005: '__on_failure' : macro redefinition
        C:\Program Files (x86)\Microsoft Visual Studio 12.0\VC\include\sal.h(2896) : see previous definition of '__on_failure'
	cl /Fotmp32dll\bio_pk7.obj  -Iinc32 -Itmp32dll /MD /Ox /O2 /Ob2 -DOPENSSL_THREADS  -DDSO_WIN32 -W3 -Gs0 -GF -Gy -nologo -DOPENSSL_SYSNAME_WIN32 -DWIN32_LEAN_AND_MEAN -DL_ENDIAN -D_CRT_SECURE_NO_DEPRECATE -DOPENSSL_USE_APPLINK -I. -DOPENSSL_NO_RC5 -DOPENSSL_NO_MD2 -DOPENSSL_NO_KRB5 -DOPENSSL_NO_JPAKE -DOPENSSL_NO_STATIC_ENGINE /Zi /Fdtmp32dll/lib -D_WINDLL  -DOPENSSL_BUILD_SHLIBCRYPTO -c .\crypto\pkcs7\bio_pk7.c
bio_pk7.c
	cl /Fotmp32dll\p12_add.obj  -Iinc32 -Itmp32dll /MD /Ox /O2 /Ob2 -DOPENSSL_THREADS  -DDSO_WIN32 -W3 -Gs0 -GF -Gy -nologo -DOPENSSL_SYSNAME_WIN32 -DWIN32_LEAN_AND_MEAN -DL_ENDIAN -D_CRT_SECURE_NO_DEPRECATE -DOPENSSL_USE_APPLINK -I. -DOPENSSL_NO_RC5 -DOPENSSL_NO_MD2 -DOPENSSL_NO_KRB5 -DOPENSSL_NO_JPAKE -DOPENSSL_NO_STATIC_ENGINE /Zi /Fdtmp32dll/lib -D_WINDLL  -DOPENSSL_BUILD_SHLIBCRYPTO -c .\crypto\pkcs12\p12_add.c
p12_add.c
c:\program files (x86)\microsoft sdks\windows\v7.1a\include\sal_supp.h(57) : warning C4005: '__useHeader' : macro redefinition
        C:\Program Files (x86)\Microsoft Visual Studio 12.0\VC\include\sal.h(2886) : see previous definition of '__useHeader'
c:\program files (x86)\microsoft sdks\windows\v7.1a\include\specstrings_supp.h(77) : warning C4005: '__on_failure' : macro redefinition
        C:\Program Files (x86)\Microsoft Visual Studio 12.0\VC\include\sal.h(2896) : see previous definition of '__on_failure'
	cl /Fotmp32dll\p12_asn.obj  -Iinc32 -Itmp32dll /MD /Ox /O2 /Ob2 -DOPENSSL_THREADS  -DDSO_WIN32 -W3 -Gs0 -GF -Gy -nologo -DOPENSSL_SYSNAME_WIN32 -DWIN32_LEAN_AND_MEAN -DL_ENDIAN -D_CRT_SECURE_NO_DEPRECATE -DOPENSSL_USE_APPLINK -I. -DOPENSSL_NO_RC5 -DOPENSSL_NO_MD2 -DOPENSSL_NO_KRB5 -DOPENSSL_NO_JPAKE -DOPENSSL_NO_STATIC_ENGINE /Zi /Fdtmp32dll/lib -D_WINDLL  -DOPENSSL_BUILD_SHLIBCRYPTO -c .\crypto\pkcs12\p12_asn.c
p12_asn.c
c:\program files (x86)\microsoft sdks\windows\v7.1a\include\sal_supp.h(57) : warning C4005: '__useHeader' : macro redefinition
        C:\Program Files (x86)\Microsoft Visual Studio 12.0\VC\include\sal.h(2886) : see previous definition of '__useHeader'
c:\program files (x86)\microsoft sdks\windows\v7.1a\include\specstrings_supp.h(77) : warning C4005: '__on_failure' : macro redefinition
        C:\Program Files (x86)\Microsoft Visual Studio 12.0\VC\include\sal.h(2896) : see previous definition of '__on_failure'
	cl /Fotmp32dll\p12_attr.obj  -Iinc32 -Itmp32dll /MD /Ox /O2 /Ob2 -DOPENSSL_THREADS  -DDSO_WIN32 -W3 -Gs0 -GF -Gy -nologo -DOPENSSL_SYSNAME_WIN32 -DWIN32_LEAN_AND_MEAN -DL_ENDIAN -D_CRT_SECURE_NO_DEPRECATE -DOPENSSL_USE_APPLINK -I. -DOPENSSL_NO_RC5 -DOPENSSL_NO_MD2 -DOPENSSL_NO_KRB5 -DOPENSSL_NO_JPAKE -DOPENSSL_NO_STATIC_ENGINE /Zi /Fdtmp32dll/lib -D_WINDLL  -DOPENSSL_BUILD_SHLIBCRYPTO -c .\crypto\pkcs12\p12_attr.c
p12_attr.c
c:\program files (x86)\microsoft sdks\windows\v7.1a\include\sal_supp.h(57) : warning C4005: '__useHeader' : macro redefinition
        C:\Program Files (x86)\Microsoft Visual Studio 12.0\VC\include\sal.h(2886) : see previous definition of '__useHeader'
c:\program files (x86)\microsoft sdks\windows\v7.1a\include\specstrings_supp.h(77) : warning C4005: '__on_failure' : macro redefinition
        C:\Program Files (x86)\Microsoft Visual Studio 12.0\VC\include\sal.h(2896) : see previous definition of '__on_failure'
	cl /Fotmp32dll\p12_crpt.obj  -Iinc32 -Itmp32dll /MD /Ox /O2 /Ob2 -DOPENSSL_THREADS  -DDSO_WIN32 -W3 -Gs0 -GF -Gy -nologo -DOPENSSL_SYSNAME_WIN32 -DWIN32_LEAN_AND_MEAN -DL_ENDIAN -D_CRT_SECURE_NO_DEPRECATE -DOPENSSL_USE_APPLINK -I. -DOPENSSL_NO_RC5 -DOPENSSL_NO_MD2 -DOPENSSL_NO_KRB5 -DOPENSSL_NO_JPAKE -DOPENSSL_NO_STATIC_ENGINE /Zi /Fdtmp32dll/lib -D_WINDLL  -DOPENSSL_BUILD_SHLIBCRYPTO -c .\crypto\pkcs12\p12_crpt.c
p12_crpt.c
c:\program files (x86)\microsoft sdks\windows\v7.1a\include\sal_supp.h(57) : warning C4005: '__useHeader' : macro redefinition
        C:\Program Files (x86)\Microsoft Visual Studio 12.0\VC\include\sal.h(2886) : see previous definition of '__useHeader'
c:\program files (x86)\microsoft sdks\windows\v7.1a\include\specstrings_supp.h(77) : warning C4005: '__on_failure' : macro redefinition
        C:\Program Files (x86)\Microsoft Visual Studio 12.0\VC\include\sal.h(2896) : see previous definition of '__on_failure'
	cl /Fotmp32dll\p12_crt.obj  -Iinc32 -Itmp32dll /MD /Ox /O2 /Ob2 -DOPENSSL_THREADS  -DDSO_WIN32 -W3 -Gs0 -GF -Gy -nologo -DOPENSSL_SYSNAME_WIN32 -DWIN32_LEAN_AND_MEAN -DL_ENDIAN -D_CRT_SECURE_NO_DEPRECATE -DOPENSSL_USE_APPLINK -I. -DOPENSSL_NO_RC5 -DOPENSSL_NO_MD2 -DOPENSSL_NO_KRB5 -DOPENSSL_NO_JPAKE -DOPENSSL_NO_STATIC_ENGINE /Zi /Fdtmp32dll/lib -D_WINDLL  -DOPENSSL_BUILD_SHLIBCRYPTO -c .\crypto\pkcs12\p12_crt.c
p12_crt.c
c:\program files (x86)\microsoft sdks\windows\v7.1a\include\sal_supp.h(57) : warning C4005: '__useHeader' : macro redefinition
        C:\Program Files (x86)\Microsoft Visual Studio 12.0\VC\include\sal.h(2886) : see previous definition of '__useHeader'
c:\program files (x86)\microsoft sdks\windows\v7.1a\include\specstrings_supp.h(77) : warning C4005: '__on_failure' : macro redefinition
        C:\Program Files (x86)\Microsoft Visual Studio 12.0\VC\include\sal.h(2896) : see previous definition of '__on_failure'
	cl /Fotmp32dll\p12_decr.obj  -Iinc32 -Itmp32dll /MD /Ox /O2 /Ob2 -DOPENSSL_THREADS  -DDSO_WIN32 -W3 -Gs0 -GF -Gy -nologo -DOPENSSL_SYSNAME_WIN32 -DWIN32_LEAN_AND_MEAN -DL_ENDIAN -D_CRT_SECURE_NO_DEPRECATE -DOPENSSL_USE_APPLINK -I. -DOPENSSL_NO_RC5 -DOPENSSL_NO_MD2 -DOPENSSL_NO_KRB5 -DOPENSSL_NO_JPAKE -DOPENSSL_NO_STATIC_ENGINE /Zi /Fdtmp32dll/lib -D_WINDLL  -DOPENSSL_BUILD_SHLIBCRYPTO -c .\crypto\pkcs12\p12_decr.c
p12_decr.c
c:\program files (x86)\microsoft sdks\windows\v7.1a\include\sal_supp.h(57) : warning C4005: '__useHeader' : macro redefinition
        C:\Program Files (x86)\Microsoft Visual Studio 12.0\VC\include\sal.h(2886) : see previous definition of '__useHeader'
c:\program files (x86)\microsoft sdks\windows\v7.1a\include\specstrings_supp.h(77) : warning C4005: '__on_failure' : macro redefinition
        C:\Program Files (x86)\Microsoft Visual Studio 12.0\VC\include\sal.h(2896) : see previous definition of '__on_failure'
	cl /Fotmp32dll\p12_init.obj  -Iinc32 -Itmp32dll /MD /Ox /O2 /Ob2 -DOPENSSL_THREADS  -DDSO_WIN32 -W3 -Gs0 -GF -Gy -nologo -DOPENSSL_SYSNAME_WIN32 -DWIN32_LEAN_AND_MEAN -DL_ENDIAN -D_CRT_SECURE_NO_DEPRECATE -DOPENSSL_USE_APPLINK -I. -DOPENSSL_NO_RC5 -DOPENSSL_NO_MD2 -DOPENSSL_NO_KRB5 -DOPENSSL_NO_JPAKE -DOPENSSL_NO_STATIC_ENGINE /Zi /Fdtmp32dll/lib -D_WINDLL  -DOPENSSL_BUILD_SHLIBCRYPTO -c .\crypto\pkcs12\p12_init.c
p12_init.c
c:\program files (x86)\microsoft sdks\windows\v7.1a\include\sal_supp.h(57) : warning C4005: '__useHeader' : macro redefinition
        C:\Program Files (x86)\Microsoft Visual Studio 12.0\VC\include\sal.h(2886) : see previous definition of '__useHeader'
c:\program files (x86)\microsoft sdks\windows\v7.1a\include\specstrings_supp.h(77) : warning C4005: '__on_failure' : macro redefinition
        C:\Program Files (x86)\Microsoft Visual Studio 12.0\VC\include\sal.h(2896) : see previous definition of '__on_failure'
	cl /Fotmp32dll\p12_key.obj  -Iinc32 -Itmp32dll /MD /Ox /O2 /Ob2 -DOPENSSL_THREADS  -DDSO_WIN32 -W3 -Gs0 -GF -Gy -nologo -DOPENSSL_SYSNAME_WIN32 -DWIN32_LEAN_AND_MEAN -DL_ENDIAN -D_CRT_SECURE_NO_DEPRECATE -DOPENSSL_USE_APPLINK -I. -DOPENSSL_NO_RC5 -DOPENSSL_NO_MD2 -DOPENSSL_NO_KRB5 -DOPENSSL_NO_JPAKE -DOPENSSL_NO_STATIC_ENGINE /Zi /Fdtmp32dll/lib -D_WINDLL  -DOPENSSL_BUILD_SHLIBCRYPTO -c .\crypto\pkcs12\p12_key.c
p12_key.c
c:\program files (x86)\microsoft sdks\windows\v7.1a\include\sal_supp.h(57) : warning C4005: '__useHeader' : macro redefinition
        C:\Program Files (x86)\Microsoft Visual Studio 12.0\VC\include\sal.h(2886) : see previous definition of '__useHeader'
c:\program files (x86)\microsoft sdks\windows\v7.1a\include\specstrings_supp.h(77) : warning C4005: '__on_failure' : macro redefinition
        C:\Program Files (x86)\Microsoft Visual Studio 12.0\VC\include\sal.h(2896) : see previous definition of '__on_failure'
	cl /Fotmp32dll\p12_kiss.obj  -Iinc32 -Itmp32dll /MD /Ox /O2 /Ob2 -DOPENSSL_THREADS  -DDSO_WIN32 -W3 -Gs0 -GF -Gy -nologo -DOPENSSL_SYSNAME_WIN32 -DWIN32_LEAN_AND_MEAN -DL_ENDIAN -D_CRT_SECURE_NO_DEPRECATE -DOPENSSL_USE_APPLINK -I. -DOPENSSL_NO_RC5 -DOPENSSL_NO_MD2 -DOPENSSL_NO_KRB5 -DOPENSSL_NO_JPAKE -DOPENSSL_NO_STATIC_ENGINE /Zi /Fdtmp32dll/lib -D_WINDLL  -DOPENSSL_BUILD_SHLIBCRYPTO -c .\crypto\pkcs12\p12_kiss.c
p12_kiss.c
c:\program files (x86)\microsoft sdks\windows\v7.1a\include\sal_supp.h(57) : warning C4005: '__useHeader' : macro redefinition
        C:\Program Files (x86)\Microsoft Visual Studio 12.0\VC\include\sal.h(2886) : see previous definition of '__useHeader'
c:\program files (x86)\microsoft sdks\windows\v7.1a\include\specstrings_supp.h(77) : warning C4005: '__on_failure' : macro redefinition
        C:\Program Files (x86)\Microsoft Visual Studio 12.0\VC\include\sal.h(2896) : see previous definition of '__on_failure'
	cl /Fotmp32dll\p12_mutl.obj  -Iinc32 -Itmp32dll /MD /Ox /O2 /Ob2 -DOPENSSL_THREADS  -DDSO_WIN32 -W3 -Gs0 -GF -Gy -nologo -DOPENSSL_SYSNAME_WIN32 -DWIN32_LEAN_AND_MEAN -DL_ENDIAN -D_CRT_SECURE_NO_DEPRECATE -DOPENSSL_USE_APPLINK -I. -DOPENSSL_NO_RC5 -DOPENSSL_NO_MD2 -DOPENSSL_NO_KRB5 -DOPENSSL_NO_JPAKE -DOPENSSL_NO_STATIC_ENGINE /Zi /Fdtmp32dll/lib -D_WINDLL  -DOPENSSL_BUILD_SHLIBCRYPTO -c .\crypto\pkcs12\p12_mutl.c
p12_mutl.c
c:\program files (x86)\microsoft sdks\windows\v7.1a\include\sal_supp.h(57) : warning C4005: '__useHeader' : macro redefinition
        C:\Program Files (x86)\Microsoft Visual Studio 12.0\VC\include\sal.h(2886) : see previous definition of '__useHeader'
c:\program files (x86)\microsoft sdks\windows\v7.1a\include\specstrings_supp.h(77) : warning C4005: '__on_failure' : macro redefinition
        C:\Program Files (x86)\Microsoft Visual Studio 12.0\VC\include\sal.h(2896) : see previous definition of '__on_failure'
	cl /Fotmp32dll\p12_utl.obj  -Iinc32 -Itmp32dll /MD /Ox /O2 /Ob2 -DOPENSSL_THREADS  -DDSO_WIN32 -W3 -Gs0 -GF -Gy -nologo -DOPENSSL_SYSNAME_WIN32 -DWIN32_LEAN_AND_MEAN -DL_ENDIAN -D_CRT_SECURE_NO_DEPRECATE -DOPENSSL_USE_APPLINK -I. -DOPENSSL_NO_RC5 -DOPENSSL_NO_MD2 -DOPENSSL_NO_KRB5 -DOPENSSL_NO_JPAKE -DOPENSSL_NO_STATIC_ENGINE /Zi /Fdtmp32dll/lib -D_WINDLL  -DOPENSSL_BUILD_SHLIBCRYPTO -c .\crypto\pkcs12\p12_utl.c
p12_utl.c
c:\program files (x86)\microsoft sdks\windows\v7.1a\include\sal_supp.h(57) : warning C4005: '__useHeader' : macro redefinition
        C:\Program Files (x86)\Microsoft Visual Studio 12.0\VC\include\sal.h(2886) : see previous definition of '__useHeader'
c:\program files (x86)\microsoft sdks\windows\v7.1a\include\specstrings_supp.h(77) : warning C4005: '__on_failure' : macro redefinition
        C:\Program Files (x86)\Microsoft Visual Studio 12.0\VC\include\sal.h(2896) : see previous definition of '__on_failure'
	cl /Fotmp32dll\p12_npas.obj  -Iinc32 -Itmp32dll /MD /Ox /O2 /Ob2 -DOPENSSL_THREADS  -DDSO_WIN32 -W3 -Gs0 -GF -Gy -nologo -DOPENSSL_SYSNAME_WIN32 -DWIN32_LEAN_AND_MEAN -DL_ENDIAN -D_CRT_SECURE_NO_DEPRECATE -DOPENSSL_USE_APPLINK -I. -DOPENSSL_NO_RC5 -DOPENSSL_NO_MD2 -DOPENSSL_NO_KRB5 -DOPENSSL_NO_JPAKE -DOPENSSL_NO_STATIC_ENGINE /Zi /Fdtmp32dll/lib -D_WINDLL  -DOPENSSL_BUILD_SHLIBCRYPTO -c .\crypto\pkcs12\p12_npas.c
p12_npas.c
	cl /Fotmp32dll\pk12err.obj  -Iinc32 -Itmp32dll /MD /Ox /O2 /Ob2 -DOPENSSL_THREADS  -DDSO_WIN32 -W3 -Gs0 -GF -Gy -nologo -DOPENSSL_SYSNAME_WIN32 -DWIN32_LEAN_AND_MEAN -DL_ENDIAN -D_CRT_SECURE_NO_DEPRECATE -DOPENSSL_USE_APPLINK -I. -DOPENSSL_NO_RC5 -DOPENSSL_NO_MD2 -DOPENSSL_NO_KRB5 -DOPENSSL_NO_JPAKE -DOPENSSL_NO_STATIC_ENGINE /Zi /Fdtmp32dll/lib -D_WINDLL  -DOPENSSL_BUILD_SHLIBCRYPTO -c .\crypto\pkcs12\pk12err.c
pk12err.c
	cl /Fotmp32dll\p12_p8d.obj  -Iinc32 -Itmp32dll /MD /Ox /O2 /Ob2 -DOPENSSL_THREADS  -DDSO_WIN32 -W3 -Gs0 -GF -Gy -nologo -DOPENSSL_SYSNAME_WIN32 -DWIN32_LEAN_AND_MEAN -DL_ENDIAN -D_CRT_SECURE_NO_DEPRECATE -DOPENSSL_USE_APPLINK -I. -DOPENSSL_NO_RC5 -DOPENSSL_NO_MD2 -DOPENSSL_NO_KRB5 -DOPENSSL_NO_JPAKE -DOPENSSL_NO_STATIC_ENGINE /Zi /Fdtmp32dll/lib -D_WINDLL  -DOPENSSL_BUILD_SHLIBCRYPTO -c .\crypto\pkcs12\p12_p8d.c
p12_p8d.c
c:\program files (x86)\microsoft sdks\windows\v7.1a\include\sal_supp.h(57) : warning C4005: '__useHeader' : macro redefinition
        C:\Program Files (x86)\Microsoft Visual Studio 12.0\VC\include\sal.h(2886) : see previous definition of '__useHeader'
c:\program files (x86)\microsoft sdks\windows\v7.1a\include\specstrings_supp.h(77) : warning C4005: '__on_failure' : macro redefinition
        C:\Program Files (x86)\Microsoft Visual Studio 12.0\VC\include\sal.h(2896) : see previous definition of '__on_failure'
	cl /Fotmp32dll\p12_p8e.obj  -Iinc32 -Itmp32dll /MD /Ox /O2 /Ob2 -DOPENSSL_THREADS  -DDSO_WIN32 -W3 -Gs0 -GF -Gy -nologo -DOPENSSL_SYSNAME_WIN32 -DWIN32_LEAN_AND_MEAN -DL_ENDIAN -D_CRT_SECURE_NO_DEPRECATE -DOPENSSL_USE_APPLINK -I. -DOPENSSL_NO_RC5 -DOPENSSL_NO_MD2 -DOPENSSL_NO_KRB5 -DOPENSSL_NO_JPAKE -DOPENSSL_NO_STATIC_ENGINE /Zi /Fdtmp32dll/lib -D_WINDLL  -DOPENSSL_BUILD_SHLIBCRYPTO -c .\crypto\pkcs12\p12_p8e.c
p12_p8e.c
c:\program files (x86)\microsoft sdks\windows\v7.1a\include\sal_supp.h(57) : warning C4005: '__useHeader' : macro redefinition
        C:\Program Files (x86)\Microsoft Visual Studio 12.0\VC\include\sal.h(2886) : see previous definition of '__useHeader'
c:\program files (x86)\microsoft sdks\windows\v7.1a\include\specstrings_supp.h(77) : warning C4005: '__on_failure' : macro redefinition
        C:\Program Files (x86)\Microsoft Visual Studio 12.0\VC\include\sal.h(2896) : see previous definition of '__on_failure'
	cl /Fotmp32dll\comp_lib.obj  -Iinc32 -Itmp32dll /MD /Ox /O2 /Ob2 -DOPENSSL_THREADS  -DDSO_WIN32 -W3 -Gs0 -GF -Gy -nologo -DOPENSSL_SYSNAME_WIN32 -DWIN32_LEAN_AND_MEAN -DL_ENDIAN -D_CRT_SECURE_NO_DEPRECATE -DOPENSSL_USE_APPLINK -I. -DOPENSSL_NO_RC5 -DOPENSSL_NO_MD2 -DOPENSSL_NO_KRB5 -DOPENSSL_NO_JPAKE -DOPENSSL_NO_STATIC_ENGINE /Zi /Fdtmp32dll/lib -D_WINDLL  -DOPENSSL_BUILD_SHLIBCRYPTO -c .\crypto\comp\comp_lib.c
comp_lib.c
	cl /Fotmp32dll\comp_err.obj  -Iinc32 -Itmp32dll /MD /Ox /O2 /Ob2 -DOPENSSL_THREADS  -DDSO_WIN32 -W3 -Gs0 -GF -Gy -nologo -DOPENSSL_SYSNAME_WIN32 -DWIN32_LEAN_AND_MEAN -DL_ENDIAN -D_CRT_SECURE_NO_DEPRECATE -DOPENSSL_USE_APPLINK -I. -DOPENSSL_NO_RC5 -DOPENSSL_NO_MD2 -DOPENSSL_NO_KRB5 -DOPENSSL_NO_JPAKE -DOPENSSL_NO_STATIC_ENGINE /Zi /Fdtmp32dll/lib -D_WINDLL  -DOPENSSL_BUILD_SHLIBCRYPTO -c .\crypto\comp\comp_err.c
comp_err.c
	cl /Fotmp32dll\c_rle.obj  -Iinc32 -Itmp32dll /MD /Ox /O2 /Ob2 -DOPENSSL_THREADS  -DDSO_WIN32 -W3 -Gs0 -GF -Gy -nologo -DOPENSSL_SYSNAME_WIN32 -DWIN32_LEAN_AND_MEAN -DL_ENDIAN -D_CRT_SECURE_NO_DEPRECATE -DOPENSSL_USE_APPLINK -I. -DOPENSSL_NO_RC5 -DOPENSSL_NO_MD2 -DOPENSSL_NO_KRB5 -DOPENSSL_NO_JPAKE -DOPENSSL_NO_STATIC_ENGINE /Zi /Fdtmp32dll/lib -D_WINDLL  -DOPENSSL_BUILD_SHLIBCRYPTO -c .\crypto\comp\c_rle.c
c_rle.c
	cl /Fotmp32dll\c_zlib.obj  -Iinc32 -Itmp32dll /MD /Ox /O2 /Ob2 -DOPENSSL_THREADS  -DDSO_WIN32 -W3 -Gs0 -GF -Gy -nologo -DOPENSSL_SYSNAME_WIN32 -DWIN32_LEAN_AND_MEAN -DL_ENDIAN -D_CRT_SECURE_NO_DEPRECATE -DOPENSSL_USE_APPLINK -I. -DOPENSSL_NO_RC5 -DOPENSSL_NO_MD2 -DOPENSSL_NO_KRB5 -DOPENSSL_NO_JPAKE -DOPENSSL_NO_STATIC_ENGINE /Zi /Fdtmp32dll/lib -D_WINDLL  -DOPENSSL_BUILD_SHLIBCRYPTO -c .\crypto\comp\c_zlib.c
c_zlib.c
	cl /Fotmp32dll\eng_err.obj  -Iinc32 -Itmp32dll /MD /Ox /O2 /Ob2 -DOPENSSL_THREADS  -DDSO_WIN32 -W3 -Gs0 -GF -Gy -nologo -DOPENSSL_SYSNAME_WIN32 -DWIN32_LEAN_AND_MEAN -DL_ENDIAN -D_CRT_SECURE_NO_DEPRECATE -DOPENSSL_USE_APPLINK -I. -DOPENSSL_NO_RC5 -DOPENSSL_NO_MD2 -DOPENSSL_NO_KRB5 -DOPENSSL_NO_JPAKE -DOPENSSL_NO_STATIC_ENGINE /Zi /Fdtmp32dll/lib -D_WINDLL  -DOPENSSL_BUILD_SHLIBCRYPTO -c .\crypto\engine\eng_err.c
eng_err.c
c:\program files (x86)\microsoft sdks\windows\v7.1a\include\sal_supp.h(57) : warning C4005: '__useHeader' : macro redefinition
        C:\Program Files (x86)\Microsoft Visual Studio 12.0\VC\include\sal.h(2886) : see previous definition of '__useHeader'
c:\program files (x86)\microsoft sdks\windows\v7.1a\include\specstrings_supp.h(77) : warning C4005: '__on_failure' : macro redefinition
        C:\Program Files (x86)\Microsoft Visual Studio 12.0\VC\include\sal.h(2896) : see previous definition of '__on_failure'
	cl /Fotmp32dll\eng_lib.obj  -Iinc32 -Itmp32dll /MD /Ox /O2 /Ob2 -DOPENSSL_THREADS  -DDSO_WIN32 -W3 -Gs0 -GF -Gy -nologo -DOPENSSL_SYSNAME_WIN32 -DWIN32_LEAN_AND_MEAN -DL_ENDIAN -D_CRT_SECURE_NO_DEPRECATE -DOPENSSL_USE_APPLINK -I. -DOPENSSL_NO_RC5 -DOPENSSL_NO_MD2 -DOPENSSL_NO_KRB5 -DOPENSSL_NO_JPAKE -DOPENSSL_NO_STATIC_ENGINE /Zi /Fdtmp32dll/lib -D_WINDLL  -DOPENSSL_BUILD_SHLIBCRYPTO -c .\crypto\engine\eng_lib.c
eng_lib.c
c:\program files (x86)\microsoft sdks\windows\v7.1a\include\sal_supp.h(57) : warning C4005: '__useHeader' : macro redefinition
        C:\Program Files (x86)\Microsoft Visual Studio 12.0\VC\include\sal.h(2886) : see previous definition of '__useHeader'
c:\program files (x86)\microsoft sdks\windows\v7.1a\include\specstrings_supp.h(77) : warning C4005: '__on_failure' : macro redefinition
        C:\Program Files (x86)\Microsoft Visual Studio 12.0\VC\include\sal.h(2896) : see previous definition of '__on_failure'
	cl /Fotmp32dll\eng_list.obj  -Iinc32 -Itmp32dll /MD /Ox /O2 /Ob2 -DOPENSSL_THREADS  -DDSO_WIN32 -W3 -Gs0 -GF -Gy -nologo -DOPENSSL_SYSNAME_WIN32 -DWIN32_LEAN_AND_MEAN -DL_ENDIAN -D_CRT_SECURE_NO_DEPRECATE -DOPENSSL_USE_APPLINK -I. -DOPENSSL_NO_RC5 -DOPENSSL_NO_MD2 -DOPENSSL_NO_KRB5 -DOPENSSL_NO_JPAKE -DOPENSSL_NO_STATIC_ENGINE /Zi /Fdtmp32dll/lib -D_WINDLL  -DOPENSSL_BUILD_SHLIBCRYPTO -c .\crypto\engine\eng_list.c
eng_list.c
c:\program files (x86)\microsoft sdks\windows\v7.1a\include\sal_supp.h(57) : warning C4005: '__useHeader' : macro redefinition
        C:\Program Files (x86)\Microsoft Visual Studio 12.0\VC\include\sal.h(2886) : see previous definition of '__useHeader'
c:\program files (x86)\microsoft sdks\windows\v7.1a\include\specstrings_supp.h(77) : warning C4005: '__on_failure' : macro redefinition
        C:\Program Files (x86)\Microsoft Visual Studio 12.0\VC\include\sal.h(2896) : see previous definition of '__on_failure'
	cl /Fotmp32dll\eng_init.obj  -Iinc32 -Itmp32dll /MD /Ox /O2 /Ob2 -DOPENSSL_THREADS  -DDSO_WIN32 -W3 -Gs0 -GF -Gy -nologo -DOPENSSL_SYSNAME_WIN32 -DWIN32_LEAN_AND_MEAN -DL_ENDIAN -D_CRT_SECURE_NO_DEPRECATE -DOPENSSL_USE_APPLINK -I. -DOPENSSL_NO_RC5 -DOPENSSL_NO_MD2 -DOPENSSL_NO_KRB5 -DOPENSSL_NO_JPAKE -DOPENSSL_NO_STATIC_ENGINE /Zi /Fdtmp32dll/lib -D_WINDLL  -DOPENSSL_BUILD_SHLIBCRYPTO -c .\crypto\engine\eng_init.c
eng_init.c
c:\program files (x86)\microsoft sdks\windows\v7.1a\include\sal_supp.h(57) : warning C4005: '__useHeader' : macro redefinition
        C:\Program Files (x86)\Microsoft Visual Studio 12.0\VC\include\sal.h(2886) : see previous definition of '__useHeader'
c:\program files (x86)\microsoft sdks\windows\v7.1a\include\specstrings_supp.h(77) : warning C4005: '__on_failure' : macro redefinition
        C:\Program Files (x86)\Microsoft Visual Studio 12.0\VC\include\sal.h(2896) : see previous definition of '__on_failure'
	cl /Fotmp32dll\eng_ctrl.obj  -Iinc32 -Itmp32dll /MD /Ox /O2 /Ob2 -DOPENSSL_THREADS  -DDSO_WIN32 -W3 -Gs0 -GF -Gy -nologo -DOPENSSL_SYSNAME_WIN32 -DWIN32_LEAN_AND_MEAN -DL_ENDIAN -D_CRT_SECURE_NO_DEPRECATE -DOPENSSL_USE_APPLINK -I. -DOPENSSL_NO_RC5 -DOPENSSL_NO_MD2 -DOPENSSL_NO_KRB5 -DOPENSSL_NO_JPAKE -DOPENSSL_NO_STATIC_ENGINE /Zi /Fdtmp32dll/lib -D_WINDLL  -DOPENSSL_BUILD_SHLIBCRYPTO -c .\crypto\engine\eng_ctrl.c
eng_ctrl.c
c:\program files (x86)\microsoft sdks\windows\v7.1a\include\sal_supp.h(57) : warning C4005: '__useHeader' : macro redefinition
        C:\Program Files (x86)\Microsoft Visual Studio 12.0\VC\include\sal.h(2886) : see previous definition of '__useHeader'
c:\program files (x86)\microsoft sdks\windows\v7.1a\include\specstrings_supp.h(77) : warning C4005: '__on_failure' : macro redefinition
        C:\Program Files (x86)\Microsoft Visual Studio 12.0\VC\include\sal.h(2896) : see previous definition of '__on_failure'
	cl /Fotmp32dll\eng_table.obj  -Iinc32 -Itmp32dll /MD /Ox /O2 /Ob2 -DOPENSSL_THREADS  -DDSO_WIN32 -W3 -Gs0 -GF -Gy -nologo -DOPENSSL_SYSNAME_WIN32 -DWIN32_LEAN_AND_MEAN -DL_ENDIAN -D_CRT_SECURE_NO_DEPRECATE -DOPENSSL_USE_APPLINK -I. -DOPENSSL_NO_RC5 -DOPENSSL_NO_MD2 -DOPENSSL_NO_KRB5 -DOPENSSL_NO_JPAKE -DOPENSSL_NO_STATIC_ENGINE /Zi /Fdtmp32dll/lib -D_WINDLL  -DOPENSSL_BUILD_SHLIBCRYPTO -c .\crypto\engine\eng_table.c
eng_table.c
c:\program files (x86)\microsoft sdks\windows\v7.1a\include\sal_supp.h(57) : warning C4005: '__useHeader' : macro redefinition
        C:\Program Files (x86)\Microsoft Visual Studio 12.0\VC\include\sal.h(2886) : see previous definition of '__useHeader'
c:\program files (x86)\microsoft sdks\windows\v7.1a\include\specstrings_supp.h(77) : warning C4005: '__on_failure' : macro redefinition
        C:\Program Files (x86)\Microsoft Visual Studio 12.0\VC\include\sal.h(2896) : see previous definition of '__on_failure'
	cl /Fotmp32dll\eng_pkey.obj  -Iinc32 -Itmp32dll /MD /Ox /O2 /Ob2 -DOPENSSL_THREADS  -DDSO_WIN32 -W3 -Gs0 -GF -Gy -nologo -DOPENSSL_SYSNAME_WIN32 -DWIN32_LEAN_AND_MEAN -DL_ENDIAN -D_CRT_SECURE_NO_DEPRECATE -DOPENSSL_USE_APPLINK -I. -DOPENSSL_NO_RC5 -DOPENSSL_NO_MD2 -DOPENSSL_NO_KRB5 -DOPENSSL_NO_JPAKE -DOPENSSL_NO_STATIC_ENGINE /Zi /Fdtmp32dll/lib -D_WINDLL  -DOPENSSL_BUILD_SHLIBCRYPTO -c .\crypto\engine\eng_pkey.c
eng_pkey.c
c:\program files (x86)\microsoft sdks\windows\v7.1a\include\sal_supp.h(57) : warning C4005: '__useHeader' : macro redefinition
        C:\Program Files (x86)\Microsoft Visual Studio 12.0\VC\include\sal.h(2886) : see previous definition of '__useHeader'
c:\program files (x86)\microsoft sdks\windows\v7.1a\include\specstrings_supp.h(77) : warning C4005: '__on_failure' : macro redefinition
        C:\Program Files (x86)\Microsoft Visual Studio 12.0\VC\include\sal.h(2896) : see previous definition of '__on_failure'
	cl /Fotmp32dll\eng_fat.obj  -Iinc32 -Itmp32dll /MD /Ox /O2 /Ob2 -DOPENSSL_THREADS  -DDSO_WIN32 -W3 -Gs0 -GF -Gy -nologo -DOPENSSL_SYSNAME_WIN32 -DWIN32_LEAN_AND_MEAN -DL_ENDIAN -D_CRT_SECURE_NO_DEPRECATE -DOPENSSL_USE_APPLINK -I. -DOPENSSL_NO_RC5 -DOPENSSL_NO_MD2 -DOPENSSL_NO_KRB5 -DOPENSSL_NO_JPAKE -DOPENSSL_NO_STATIC_ENGINE /Zi /Fdtmp32dll/lib -D_WINDLL  -DOPENSSL_BUILD_SHLIBCRYPTO -c .\crypto\engine\eng_fat.c
eng_fat.c
c:\program files (x86)\microsoft sdks\windows\v7.1a\include\sal_supp.h(57) : warning C4005: '__useHeader' : macro redefinition
        C:\Program Files (x86)\Microsoft Visual Studio 12.0\VC\include\sal.h(2886) : see previous definition of '__useHeader'
c:\program files (x86)\microsoft sdks\windows\v7.1a\include\specstrings_supp.h(77) : warning C4005: '__on_failure' : macro redefinition
        C:\Program Files (x86)\Microsoft Visual Studio 12.0\VC\include\sal.h(2896) : see previous definition of '__on_failure'
	cl /Fotmp32dll\eng_all.obj  -Iinc32 -Itmp32dll /MD /Ox /O2 /Ob2 -DOPENSSL_THREADS  -DDSO_WIN32 -W3 -Gs0 -GF -Gy -nologo -DOPENSSL_SYSNAME_WIN32 -DWIN32_LEAN_AND_MEAN -DL_ENDIAN -D_CRT_SECURE_NO_DEPRECATE -DOPENSSL_USE_APPLINK -I. -DOPENSSL_NO_RC5 -DOPENSSL_NO_MD2 -DOPENSSL_NO_KRB5 -DOPENSSL_NO_JPAKE -DOPENSSL_NO_STATIC_ENGINE /Zi /Fdtmp32dll/lib -D_WINDLL  -DOPENSSL_BUILD_SHLIBCRYPTO -c .\crypto\engine\eng_all.c
eng_all.c
c:\program files (x86)\microsoft sdks\windows\v7.1a\include\sal_supp.h(57) : warning C4005: '__useHeader' : macro redefinition
        C:\Program Files (x86)\Microsoft Visual Studio 12.0\VC\include\sal.h(2886) : see previous definition of '__useHeader'
c:\program files (x86)\microsoft sdks\windows\v7.1a\include\specstrings_supp.h(77) : warning C4005: '__on_failure' : macro redefinition
        C:\Program Files (x86)\Microsoft Visual Studio 12.0\VC\include\sal.h(2896) : see previous definition of '__on_failure'
	cl /Fotmp32dll\tb_rsa.obj  -Iinc32 -Itmp32dll /MD /Ox /O2 /Ob2 -DOPENSSL_THREADS  -DDSO_WIN32 -W3 -Gs0 -GF -Gy -nologo -DOPENSSL_SYSNAME_WIN32 -DWIN32_LEAN_AND_MEAN -DL_ENDIAN -D_CRT_SECURE_NO_DEPRECATE -DOPENSSL_USE_APPLINK -I. -DOPENSSL_NO_RC5 -DOPENSSL_NO_MD2 -DOPENSSL_NO_KRB5 -DOPENSSL_NO_JPAKE -DOPENSSL_NO_STATIC_ENGINE /Zi /Fdtmp32dll/lib -D_WINDLL  -DOPENSSL_BUILD_SHLIBCRYPTO -c .\crypto\engine\tb_rsa.c
tb_rsa.c
c:\program files (x86)\microsoft sdks\windows\v7.1a\include\sal_supp.h(57) : warning C4005: '__useHeader' : macro redefinition
        C:\Program Files (x86)\Microsoft Visual Studio 12.0\VC\include\sal.h(2886) : see previous definition of '__useHeader'
c:\program files (x86)\microsoft sdks\windows\v7.1a\include\specstrings_supp.h(77) : warning C4005: '__on_failure' : macro redefinition
        C:\Program Files (x86)\Microsoft Visual Studio 12.0\VC\include\sal.h(2896) : see previous definition of '__on_failure'
	cl /Fotmp32dll\tb_dsa.obj  -Iinc32 -Itmp32dll /MD /Ox /O2 /Ob2 -DOPENSSL_THREADS  -DDSO_WIN32 -W3 -Gs0 -GF -Gy -nologo -DOPENSSL_SYSNAME_WIN32 -DWIN32_LEAN_AND_MEAN -DL_ENDIAN -D_CRT_SECURE_NO_DEPRECATE -DOPENSSL_USE_APPLINK -I. -DOPENSSL_NO_RC5 -DOPENSSL_NO_MD2 -DOPENSSL_NO_KRB5 -DOPENSSL_NO_JPAKE -DOPENSSL_NO_STATIC_ENGINE /Zi /Fdtmp32dll/lib -D_WINDLL  -DOPENSSL_BUILD_SHLIBCRYPTO -c .\crypto\engine\tb_dsa.c
tb_dsa.c
c:\program files (x86)\microsoft sdks\windows\v7.1a\include\sal_supp.h(57) : warning C4005: '__useHeader' : macro redefinition
        C:\Program Files (x86)\Microsoft Visual Studio 12.0\VC\include\sal.h(2886) : see previous definition of '__useHeader'
c:\program files (x86)\microsoft sdks\windows\v7.1a\include\specstrings_supp.h(77) : warning C4005: '__on_failure' : macro redefinition
        C:\Program Files (x86)\Microsoft Visual Studio 12.0\VC\include\sal.h(2896) : see previous definition of '__on_failure'
	cl /Fotmp32dll\tb_ecdsa.obj  -Iinc32 -Itmp32dll /MD /Ox /O2 /Ob2 -DOPENSSL_THREADS  -DDSO_WIN32 -W3 -Gs0 -GF -Gy -nologo -DOPENSSL_SYSNAME_WIN32 -DWIN32_LEAN_AND_MEAN -DL_ENDIAN -D_CRT_SECURE_NO_DEPRECATE -DOPENSSL_USE_APPLINK -I. -DOPENSSL_NO_RC5 -DOPENSSL_NO_MD2 -DOPENSSL_NO_KRB5 -DOPENSSL_NO_JPAKE -DOPENSSL_NO_STATIC_ENGINE /Zi /Fdtmp32dll/lib -D_WINDLL  -DOPENSSL_BUILD_SHLIBCRYPTO -c .\crypto\engine\tb_ecdsa.c
tb_ecdsa.c
c:\program files (x86)\microsoft sdks\windows\v7.1a\include\sal_supp.h(57) : warning C4005: '__useHeader' : macro redefinition
        C:\Program Files (x86)\Microsoft Visual Studio 12.0\VC\include\sal.h(2886) : see previous definition of '__useHeader'
c:\program files (x86)\microsoft sdks\windows\v7.1a\include\specstrings_supp.h(77) : warning C4005: '__on_failure' : macro redefinition
        C:\Program Files (x86)\Microsoft Visual Studio 12.0\VC\include\sal.h(2896) : see previous definition of '__on_failure'
	cl /Fotmp32dll\tb_dh.obj  -Iinc32 -Itmp32dll /MD /Ox /O2 /Ob2 -DOPENSSL_THREADS  -DDSO_WIN32 -W3 -Gs0 -GF -Gy -nologo -DOPENSSL_SYSNAME_WIN32 -DWIN32_LEAN_AND_MEAN -DL_ENDIAN -D_CRT_SECURE_NO_DEPRECATE -DOPENSSL_USE_APPLINK -I. -DOPENSSL_NO_RC5 -DOPENSSL_NO_MD2 -DOPENSSL_NO_KRB5 -DOPENSSL_NO_JPAKE -DOPENSSL_NO_STATIC_ENGINE /Zi /Fdtmp32dll/lib -D_WINDLL  -DOPENSSL_BUILD_SHLIBCRYPTO -c .\crypto\engine\tb_dh.c
tb_dh.c
c:\program files (x86)\microsoft sdks\windows\v7.1a\include\sal_supp.h(57) : warning C4005: '__useHeader' : macro redefinition
        C:\Program Files (x86)\Microsoft Visual Studio 12.0\VC\include\sal.h(2886) : see previous definition of '__useHeader'
c:\program files (x86)\microsoft sdks\windows\v7.1a\include\specstrings_supp.h(77) : warning C4005: '__on_failure' : macro redefinition
        C:\Program Files (x86)\Microsoft Visual Studio 12.0\VC\include\sal.h(2896) : see previous definition of '__on_failure'
	cl /Fotmp32dll\tb_ecdh.obj  -Iinc32 -Itmp32dll /MD /Ox /O2 /Ob2 -DOPENSSL_THREADS  -DDSO_WIN32 -W3 -Gs0 -GF -Gy -nologo -DOPENSSL_SYSNAME_WIN32 -DWIN32_LEAN_AND_MEAN -DL_ENDIAN -D_CRT_SECURE_NO_DEPRECATE -DOPENSSL_USE_APPLINK -I. -DOPENSSL_NO_RC5 -DOPENSSL_NO_MD2 -DOPENSSL_NO_KRB5 -DOPENSSL_NO_JPAKE -DOPENSSL_NO_STATIC_ENGINE /Zi /Fdtmp32dll/lib -D_WINDLL  -DOPENSSL_BUILD_SHLIBCRYPTO -c .\crypto\engine\tb_ecdh.c
tb_ecdh.c
c:\program files (x86)\microsoft sdks\windows\v7.1a\include\sal_supp.h(57) : warning C4005: '__useHeader' : macro redefinition
        C:\Program Files (x86)\Microsoft Visual Studio 12.0\VC\include\sal.h(2886) : see previous definition of '__useHeader'
c:\program files (x86)\microsoft sdks\windows\v7.1a\include\specstrings_supp.h(77) : warning C4005: '__on_failure' : macro redefinition
        C:\Program Files (x86)\Microsoft Visual Studio 12.0\VC\include\sal.h(2896) : see previous definition of '__on_failure'
	cl /Fotmp32dll\tb_rand.obj  -Iinc32 -Itmp32dll /MD /Ox /O2 /Ob2 -DOPENSSL_THREADS  -DDSO_WIN32 -W3 -Gs0 -GF -Gy -nologo -DOPENSSL_SYSNAME_WIN32 -DWIN32_LEAN_AND_MEAN -DL_ENDIAN -D_CRT_SECURE_NO_DEPRECATE -DOPENSSL_USE_APPLINK -I. -DOPENSSL_NO_RC5 -DOPENSSL_NO_MD2 -DOPENSSL_NO_KRB5 -DOPENSSL_NO_JPAKE -DOPENSSL_NO_STATIC_ENGINE /Zi /Fdtmp32dll/lib -D_WINDLL  -DOPENSSL_BUILD_SHLIBCRYPTO -c .\crypto\engine\tb_rand.c
tb_rand.c
c:\program files (x86)\microsoft sdks\windows\v7.1a\include\sal_supp.h(57) : warning C4005: '__useHeader' : macro redefinition
        C:\Program Files (x86)\Microsoft Visual Studio 12.0\VC\include\sal.h(2886) : see previous definition of '__useHeader'
c:\program files (x86)\microsoft sdks\windows\v7.1a\include\specstrings_supp.h(77) : warning C4005: '__on_failure' : macro redefinition
        C:\Program Files (x86)\Microsoft Visual Studio 12.0\VC\include\sal.h(2896) : see previous definition of '__on_failure'
	cl /Fotmp32dll\tb_store.obj  -Iinc32 -Itmp32dll /MD /Ox /O2 /Ob2 -DOPENSSL_THREADS  -DDSO_WIN32 -W3 -Gs0 -GF -Gy -nologo -DOPENSSL_SYSNAME_WIN32 -DWIN32_LEAN_AND_MEAN -DL_ENDIAN -D_CRT_SECURE_NO_DEPRECATE -DOPENSSL_USE_APPLINK -I. -DOPENSSL_NO_RC5 -DOPENSSL_NO_MD2 -DOPENSSL_NO_KRB5 -DOPENSSL_NO_JPAKE -DOPENSSL_NO_STATIC_ENGINE /Zi /Fdtmp32dll/lib -D_WINDLL  -DOPENSSL_BUILD_SHLIBCRYPTO -c .\crypto\engine\tb_store.c
tb_store.c
c:\program files (x86)\microsoft sdks\windows\v7.1a\include\sal_supp.h(57) : warning C4005: '__useHeader' : macro redefinition
        C:\Program Files (x86)\Microsoft Visual Studio 12.0\VC\include\sal.h(2886) : see previous definition of '__useHeader'
c:\program files (x86)\microsoft sdks\windows\v7.1a\include\specstrings_supp.h(77) : warning C4005: '__on_failure' : macro redefinition
        C:\Program Files (x86)\Microsoft Visual Studio 12.0\VC\include\sal.h(2896) : see previous definition of '__on_failure'
	cl /Fotmp32dll\tb_cipher.obj  -Iinc32 -Itmp32dll /MD /Ox /O2 /Ob2 -DOPENSSL_THREADS  -DDSO_WIN32 -W3 -Gs0 -GF -Gy -nologo -DOPENSSL_SYSNAME_WIN32 -DWIN32_LEAN_AND_MEAN -DL_ENDIAN -D_CRT_SECURE_NO_DEPRECATE -DOPENSSL_USE_APPLINK -I. -DOPENSSL_NO_RC5 -DOPENSSL_NO_MD2 -DOPENSSL_NO_KRB5 -DOPENSSL_NO_JPAKE -DOPENSSL_NO_STATIC_ENGINE /Zi /Fdtmp32dll/lib -D_WINDLL  -DOPENSSL_BUILD_SHLIBCRYPTO -c .\crypto\engine\tb_cipher.c
tb_cipher.c
c:\program files (x86)\microsoft sdks\windows\v7.1a\include\sal_supp.h(57) : warning C4005: '__useHeader' : macro redefinition
        C:\Program Files (x86)\Microsoft Visual Studio 12.0\VC\include\sal.h(2886) : see previous definition of '__useHeader'
c:\program files (x86)\microsoft sdks\windows\v7.1a\include\specstrings_supp.h(77) : warning C4005: '__on_failure' : macro redefinition
        C:\Program Files (x86)\Microsoft Visual Studio 12.0\VC\include\sal.h(2896) : see previous definition of '__on_failure'
	cl /Fotmp32dll\tb_digest.obj  -Iinc32 -Itmp32dll /MD /Ox /O2 /Ob2 -DOPENSSL_THREADS  -DDSO_WIN32 -W3 -Gs0 -GF -Gy -nologo -DOPENSSL_SYSNAME_WIN32 -DWIN32_LEAN_AND_MEAN -DL_ENDIAN -D_CRT_SECURE_NO_DEPRECATE -DOPENSSL_USE_APPLINK -I. -DOPENSSL_NO_RC5 -DOPENSSL_NO_MD2 -DOPENSSL_NO_KRB5 -DOPENSSL_NO_JPAKE -DOPENSSL_NO_STATIC_ENGINE /Zi /Fdtmp32dll/lib -D_WINDLL  -DOPENSSL_BUILD_SHLIBCRYPTO -c .\crypto\engine\tb_digest.c
tb_digest.c
c:\program files (x86)\microsoft sdks\windows\v7.1a\include\sal_supp.h(57) : warning C4005: '__useHeader' : macro redefinition
        C:\Program Files (x86)\Microsoft Visual Studio 12.0\VC\include\sal.h(2886) : see previous definition of '__useHeader'
c:\program files (x86)\microsoft sdks\windows\v7.1a\include\specstrings_supp.h(77) : warning C4005: '__on_failure' : macro redefinition
        C:\Program Files (x86)\Microsoft Visual Studio 12.0\VC\include\sal.h(2896) : see previous definition of '__on_failure'
	cl /Fotmp32dll\tb_pkmeth.obj  -Iinc32 -Itmp32dll /MD /Ox /O2 /Ob2 -DOPENSSL_THREADS  -DDSO_WIN32 -W3 -Gs0 -GF -Gy -nologo -DOPENSSL_SYSNAME_WIN32 -DWIN32_LEAN_AND_MEAN -DL_ENDIAN -D_CRT_SECURE_NO_DEPRECATE -DOPENSSL_USE_APPLINK -I. -DOPENSSL_NO_RC5 -DOPENSSL_NO_MD2 -DOPENSSL_NO_KRB5 -DOPENSSL_NO_JPAKE -DOPENSSL_NO_STATIC_ENGINE /Zi /Fdtmp32dll/lib -D_WINDLL  -DOPENSSL_BUILD_SHLIBCRYPTO -c .\crypto\engine\tb_pkmeth.c
tb_pkmeth.c
c:\program files (x86)\microsoft sdks\windows\v7.1a\include\sal_supp.h(57) : warning C4005: '__useHeader' : macro redefinition
        C:\Program Files (x86)\Microsoft Visual Studio 12.0\VC\include\sal.h(2886) : see previous definition of '__useHeader'
c:\program files (x86)\microsoft sdks\windows\v7.1a\include\specstrings_supp.h(77) : warning C4005: '__on_failure' : macro redefinition
        C:\Program Files (x86)\Microsoft Visual Studio 12.0\VC\include\sal.h(2896) : see previous definition of '__on_failure'
	cl /Fotmp32dll\tb_asnmth.obj  -Iinc32 -Itmp32dll /MD /Ox /O2 /Ob2 -DOPENSSL_THREADS  -DDSO_WIN32 -W3 -Gs0 -GF -Gy -nologo -DOPENSSL_SYSNAME_WIN32 -DWIN32_LEAN_AND_MEAN -DL_ENDIAN -D_CRT_SECURE_NO_DEPRECATE -DOPENSSL_USE_APPLINK -I. -DOPENSSL_NO_RC5 -DOPENSSL_NO_MD2 -DOPENSSL_NO_KRB5 -DOPENSSL_NO_JPAKE -DOPENSSL_NO_STATIC_ENGINE /Zi /Fdtmp32dll/lib -D_WINDLL  -DOPENSSL_BUILD_SHLIBCRYPTO -c .\crypto\engine\tb_asnmth.c
tb_asnmth.c
c:\program files (x86)\microsoft sdks\windows\v7.1a\include\sal_supp.h(57) : warning C4005: '__useHeader' : macro redefinition
        C:\Program Files (x86)\Microsoft Visual Studio 12.0\VC\include\sal.h(2886) : see previous definition of '__useHeader'
c:\program files (x86)\microsoft sdks\windows\v7.1a\include\specstrings_supp.h(77) : warning C4005: '__on_failure' : macro redefinition
        C:\Program Files (x86)\Microsoft Visual Studio 12.0\VC\include\sal.h(2896) : see previous definition of '__on_failure'
	cl /Fotmp32dll\eng_openssl.obj  -Iinc32 -Itmp32dll /MD /Ox /O2 /Ob2 -DOPENSSL_THREADS  -DDSO_WIN32 -W3 -Gs0 -GF -Gy -nologo -DOPENSSL_SYSNAME_WIN32 -DWIN32_LEAN_AND_MEAN -DL_ENDIAN -D_CRT_SECURE_NO_DEPRECATE -DOPENSSL_USE_APPLINK -I. -DOPENSSL_NO_RC5 -DOPENSSL_NO_MD2 -DOPENSSL_NO_KRB5 -DOPENSSL_NO_JPAKE -DOPENSSL_NO_STATIC_ENGINE /Zi /Fdtmp32dll/lib -D_WINDLL  -DOPENSSL_BUILD_SHLIBCRYPTO -c .\crypto\engine\eng_openssl.c
eng_openssl.c
c:\program files (x86)\microsoft sdks\windows\v7.1a\include\sal_supp.h(57) : warning C4005: '__useHeader' : macro redefinition
        C:\Program Files (x86)\Microsoft Visual Studio 12.0\VC\include\sal.h(2886) : see previous definition of '__useHeader'
c:\program files (x86)\microsoft sdks\windows\v7.1a\include\specstrings_supp.h(77) : warning C4005: '__on_failure' : macro redefinition
        C:\Program Files (x86)\Microsoft Visual Studio 12.0\VC\include\sal.h(2896) : see previous definition of '__on_failure'
	cl /Fotmp32dll\eng_cnf.obj  -Iinc32 -Itmp32dll /MD /Ox /O2 /Ob2 -DOPENSSL_THREADS  -DDSO_WIN32 -W3 -Gs0 -GF -Gy -nologo -DOPENSSL_SYSNAME_WIN32 -DWIN32_LEAN_AND_MEAN -DL_ENDIAN -D_CRT_SECURE_NO_DEPRECATE -DOPENSSL_USE_APPLINK -I. -DOPENSSL_NO_RC5 -DOPENSSL_NO_MD2 -DOPENSSL_NO_KRB5 -DOPENSSL_NO_JPAKE -DOPENSSL_NO_STATIC_ENGINE /Zi /Fdtmp32dll/lib -D_WINDLL  -DOPENSSL_BUILD_SHLIBCRYPTO -c .\crypto\engine\eng_cnf.c
eng_cnf.c
c:\program files (x86)\microsoft sdks\windows\v7.1a\include\sal_supp.h(57) : warning C4005: '__useHeader' : macro redefinition
        C:\Program Files (x86)\Microsoft Visual Studio 12.0\VC\include\sal.h(2886) : see previous definition of '__useHeader'
c:\program files (x86)\microsoft sdks\windows\v7.1a\include\specstrings_supp.h(77) : warning C4005: '__on_failure' : macro redefinition
        C:\Program Files (x86)\Microsoft Visual Studio 12.0\VC\include\sal.h(2896) : see previous definition of '__on_failure'
	cl /Fotmp32dll\eng_dyn.obj  -Iinc32 -Itmp32dll /MD /Ox /O2 /Ob2 -DOPENSSL_THREADS  -DDSO_WIN32 -W3 -Gs0 -GF -Gy -nologo -DOPENSSL_SYSNAME_WIN32 -DWIN32_LEAN_AND_MEAN -DL_ENDIAN -D_CRT_SECURE_NO_DEPRECATE -DOPENSSL_USE_APPLINK -I. -DOPENSSL_NO_RC5 -DOPENSSL_NO_MD2 -DOPENSSL_NO_KRB5 -DOPENSSL_NO_JPAKE -DOPENSSL_NO_STATIC_ENGINE /Zi /Fdtmp32dll/lib -D_WINDLL  -DOPENSSL_BUILD_SHLIBCRYPTO -c .\crypto\engine\eng_dyn.c
eng_dyn.c
c:\program files (x86)\microsoft sdks\windows\v7.1a\include\sal_supp.h(57) : warning C4005: '__useHeader' : macro redefinition
        C:\Program Files (x86)\Microsoft Visual Studio 12.0\VC\include\sal.h(2886) : see previous definition of '__useHeader'
c:\program files (x86)\microsoft sdks\windows\v7.1a\include\specstrings_supp.h(77) : warning C4005: '__on_failure' : macro redefinition
        C:\Program Files (x86)\Microsoft Visual Studio 12.0\VC\include\sal.h(2896) : see previous definition of '__on_failure'
	cl /Fotmp32dll\eng_cryptodev.obj  -Iinc32 -Itmp32dll /MD /Ox /O2 /Ob2 -DOPENSSL_THREADS  -DDSO_WIN32 -W3 -Gs0 -GF -Gy -nologo -DOPENSSL_SYSNAME_WIN32 -DWIN32_LEAN_AND_MEAN -DL_ENDIAN -D_CRT_SECURE_NO_DEPRECATE -DOPENSSL_USE_APPLINK -I. -DOPENSSL_NO_RC5 -DOPENSSL_NO_MD2 -DOPENSSL_NO_KRB5 -DOPENSSL_NO_JPAKE -DOPENSSL_NO_STATIC_ENGINE /Zi /Fdtmp32dll/lib -D_WINDLL  -DOPENSSL_BUILD_SHLIBCRYPTO -c .\crypto\engine\eng_cryptodev.c
eng_cryptodev.c
c:\program files (x86)\microsoft sdks\windows\v7.1a\include\sal_supp.h(57) : warning C4005: '__useHeader' : macro redefinition
        C:\Program Files (x86)\Microsoft Visual Studio 12.0\VC\include\sal.h(2886) : see previous definition of '__useHeader'
c:\program files (x86)\microsoft sdks\windows\v7.1a\include\specstrings_supp.h(77) : warning C4005: '__on_failure' : macro redefinition
        C:\Program Files (x86)\Microsoft Visual Studio 12.0\VC\include\sal.h(2896) : see previous definition of '__on_failure'
	cl /Fotmp32dll\eng_rdrand.obj  -Iinc32 -Itmp32dll /MD /Ox /O2 /Ob2 -DOPENSSL_THREADS  -DDSO_WIN32 -W3 -Gs0 -GF -Gy -nologo -DOPENSSL_SYSNAME_WIN32 -DWIN32_LEAN_AND_MEAN -DL_ENDIAN -D_CRT_SECURE_NO_DEPRECATE -DOPENSSL_USE_APPLINK -I. -DOPENSSL_NO_RC5 -DOPENSSL_NO_MD2 -DOPENSSL_NO_KRB5 -DOPENSSL_NO_JPAKE -DOPENSSL_NO_STATIC_ENGINE /Zi /Fdtmp32dll/lib -D_WINDLL  -DOPENSSL_BUILD_SHLIBCRYPTO -c .\crypto\engine\eng_rdrand.c
eng_rdrand.c
c:\program files (x86)\microsoft sdks\windows\v7.1a\include\sal_supp.h(57) : warning C4005: '__useHeader' : macro redefinition
        C:\Program Files (x86)\Microsoft Visual Studio 12.0\VC\include\sal.h(2886) : see previous definition of '__useHeader'
c:\program files (x86)\microsoft sdks\windows\v7.1a\include\specstrings_supp.h(77) : warning C4005: '__on_failure' : macro redefinition
        C:\Program Files (x86)\Microsoft Visual Studio 12.0\VC\include\sal.h(2896) : see previous definition of '__on_failure'
	cl /Fotmp32dll\ocsp_asn.obj  -Iinc32 -Itmp32dll /MD /Ox /O2 /Ob2 -DOPENSSL_THREADS  -DDSO_WIN32 -W3 -Gs0 -GF -Gy -nologo -DOPENSSL_SYSNAME_WIN32 -DWIN32_LEAN_AND_MEAN -DL_ENDIAN -D_CRT_SECURE_NO_DEPRECATE -DOPENSSL_USE_APPLINK -I. -DOPENSSL_NO_RC5 -DOPENSSL_NO_MD2 -DOPENSSL_NO_KRB5 -DOPENSSL_NO_JPAKE -DOPENSSL_NO_STATIC_ENGINE /Zi /Fdtmp32dll/lib -D_WINDLL  -DOPENSSL_BUILD_SHLIBCRYPTO -c .\crypto\ocsp\ocsp_asn.c
ocsp_asn.c
	cl /Fotmp32dll\ocsp_ext.obj  -Iinc32 -Itmp32dll /MD /Ox /O2 /Ob2 -DOPENSSL_THREADS  -DDSO_WIN32 -W3 -Gs0 -GF -Gy -nologo -DOPENSSL_SYSNAME_WIN32 -DWIN32_LEAN_AND_MEAN -DL_ENDIAN -D_CRT_SECURE_NO_DEPRECATE -DOPENSSL_USE_APPLINK -I. -DOPENSSL_NO_RC5 -DOPENSSL_NO_MD2 -DOPENSSL_NO_KRB5 -DOPENSSL_NO_JPAKE -DOPENSSL_NO_STATIC_ENGINE /Zi /Fdtmp32dll/lib -D_WINDLL  -DOPENSSL_BUILD_SHLIBCRYPTO -c .\crypto\ocsp\ocsp_ext.c
ocsp_ext.c
c:\program files (x86)\microsoft sdks\windows\v7.1a\include\sal_supp.h(57) : warning C4005: '__useHeader' : macro redefinition
        C:\Program Files (x86)\Microsoft Visual Studio 12.0\VC\include\sal.h(2886) : see previous definition of '__useHeader'
c:\program files (x86)\microsoft sdks\windows\v7.1a\include\specstrings_supp.h(77) : warning C4005: '__on_failure' : macro redefinition
        C:\Program Files (x86)\Microsoft Visual Studio 12.0\VC\include\sal.h(2896) : see previous definition of '__on_failure'
	cl /Fotmp32dll\ocsp_ht.obj  -Iinc32 -Itmp32dll /MD /Ox /O2 /Ob2 -DOPENSSL_THREADS  -DDSO_WIN32 -W3 -Gs0 -GF -Gy -nologo -DOPENSSL_SYSNAME_WIN32 -DWIN32_LEAN_AND_MEAN -DL_ENDIAN -D_CRT_SECURE_NO_DEPRECATE -DOPENSSL_USE_APPLINK -I. -DOPENSSL_NO_RC5 -DOPENSSL_NO_MD2 -DOPENSSL_NO_KRB5 -DOPENSSL_NO_JPAKE -DOPENSSL_NO_STATIC_ENGINE /Zi /Fdtmp32dll/lib -D_WINDLL  -DOPENSSL_BUILD_SHLIBCRYPTO -c .\crypto\ocsp\ocsp_ht.c
ocsp_ht.c
c:\program files (x86)\microsoft sdks\windows\v7.1a\include\sal_supp.h(57) : warning C4005: '__useHeader' : macro redefinition
        C:\Program Files (x86)\Microsoft Visual Studio 12.0\VC\include\sal.h(2886) : see previous definition of '__useHeader'
c:\program files (x86)\microsoft sdks\windows\v7.1a\include\specstrings_supp.h(77) : warning C4005: '__on_failure' : macro redefinition
        C:\Program Files (x86)\Microsoft Visual Studio 12.0\VC\include\sal.h(2896) : see previous definition of '__on_failure'
	cl /Fotmp32dll\ocsp_lib.obj  -Iinc32 -Itmp32dll /MD /Ox /O2 /Ob2 -DOPENSSL_THREADS  -DDSO_WIN32 -W3 -Gs0 -GF -Gy -nologo -DOPENSSL_SYSNAME_WIN32 -DWIN32_LEAN_AND_MEAN -DL_ENDIAN -D_CRT_SECURE_NO_DEPRECATE -DOPENSSL_USE_APPLINK -I. -DOPENSSL_NO_RC5 -DOPENSSL_NO_MD2 -DOPENSSL_NO_KRB5 -DOPENSSL_NO_JPAKE -DOPENSSL_NO_STATIC_ENGINE /Zi /Fdtmp32dll/lib -D_WINDLL  -DOPENSSL_BUILD_SHLIBCRYPTO -c .\crypto\ocsp\ocsp_lib.c
ocsp_lib.c
c:\program files (x86)\microsoft sdks\windows\v7.1a\include\sal_supp.h(57) : warning C4005: '__useHeader' : macro redefinition
        C:\Program Files (x86)\Microsoft Visual Studio 12.0\VC\include\sal.h(2886) : see previous definition of '__useHeader'
c:\program files (x86)\microsoft sdks\windows\v7.1a\include\specstrings_supp.h(77) : warning C4005: '__on_failure' : macro redefinition
        C:\Program Files (x86)\Microsoft Visual Studio 12.0\VC\include\sal.h(2896) : see previous definition of '__on_failure'
	cl /Fotmp32dll\ocsp_cl.obj  -Iinc32 -Itmp32dll /MD /Ox /O2 /Ob2 -DOPENSSL_THREADS  -DDSO_WIN32 -W3 -Gs0 -GF -Gy -nologo -DOPENSSL_SYSNAME_WIN32 -DWIN32_LEAN_AND_MEAN -DL_ENDIAN -D_CRT_SECURE_NO_DEPRECATE -DOPENSSL_USE_APPLINK -I. -DOPENSSL_NO_RC5 -DOPENSSL_NO_MD2 -DOPENSSL_NO_KRB5 -DOPENSSL_NO_JPAKE -DOPENSSL_NO_STATIC_ENGINE /Zi /Fdtmp32dll/lib -D_WINDLL  -DOPENSSL_BUILD_SHLIBCRYPTO -c .\crypto\ocsp\ocsp_cl.c
ocsp_cl.c
c:\program files (x86)\microsoft sdks\windows\v7.1a\include\sal_supp.h(57) : warning C4005: '__useHeader' : macro redefinition
        C:\Program Files (x86)\Microsoft Visual Studio 12.0\VC\include\sal.h(2886) : see previous definition of '__useHeader'
c:\program files (x86)\microsoft sdks\windows\v7.1a\include\specstrings_supp.h(77) : warning C4005: '__on_failure' : macro redefinition
        C:\Program Files (x86)\Microsoft Visual Studio 12.0\VC\include\sal.h(2896) : see previous definition of '__on_failure'
	cl /Fotmp32dll\ocsp_srv.obj  -Iinc32 -Itmp32dll /MD /Ox /O2 /Ob2 -DOPENSSL_THREADS  -DDSO_WIN32 -W3 -Gs0 -GF -Gy -nologo -DOPENSSL_SYSNAME_WIN32 -DWIN32_LEAN_AND_MEAN -DL_ENDIAN -D_CRT_SECURE_NO_DEPRECATE -DOPENSSL_USE_APPLINK -I. -DOPENSSL_NO_RC5 -DOPENSSL_NO_MD2 -DOPENSSL_NO_KRB5 -DOPENSSL_NO_JPAKE -DOPENSSL_NO_STATIC_ENGINE /Zi /Fdtmp32dll/lib -D_WINDLL  -DOPENSSL_BUILD_SHLIBCRYPTO -c .\crypto\ocsp\ocsp_srv.c
ocsp_srv.c
c:\program files (x86)\microsoft sdks\windows\v7.1a\include\sal_supp.h(57) : warning C4005: '__useHeader' : macro redefinition
        C:\Program Files (x86)\Microsoft Visual Studio 12.0\VC\include\sal.h(2886) : see previous definition of '__useHeader'
c:\program files (x86)\microsoft sdks\windows\v7.1a\include\specstrings_supp.h(77) : warning C4005: '__on_failure' : macro redefinition
        C:\Program Files (x86)\Microsoft Visual Studio 12.0\VC\include\sal.h(2896) : see previous definition of '__on_failure'
	cl /Fotmp32dll\ocsp_prn.obj  -Iinc32 -Itmp32dll /MD /Ox /O2 /Ob2 -DOPENSSL_THREADS  -DDSO_WIN32 -W3 -Gs0 -GF -Gy -nologo -DOPENSSL_SYSNAME_WIN32 -DWIN32_LEAN_AND_MEAN -DL_ENDIAN -D_CRT_SECURE_NO_DEPRECATE -DOPENSSL_USE_APPLINK -I. -DOPENSSL_NO_RC5 -DOPENSSL_NO_MD2 -DOPENSSL_NO_KRB5 -DOPENSSL_NO_JPAKE -DOPENSSL_NO_STATIC_ENGINE /Zi /Fdtmp32dll/lib -D_WINDLL  -DOPENSSL_BUILD_SHLIBCRYPTO -c .\crypto\ocsp\ocsp_prn.c
ocsp_prn.c
	cl /Fotmp32dll\ocsp_vfy.obj  -Iinc32 -Itmp32dll /MD /Ox /O2 /Ob2 -DOPENSSL_THREADS  -DDSO_WIN32 -W3 -Gs0 -GF -Gy -nologo -DOPENSSL_SYSNAME_WIN32 -DWIN32_LEAN_AND_MEAN -DL_ENDIAN -D_CRT_SECURE_NO_DEPRECATE -DOPENSSL_USE_APPLINK -I. -DOPENSSL_NO_RC5 -DOPENSSL_NO_MD2 -DOPENSSL_NO_KRB5 -DOPENSSL_NO_JPAKE -DOPENSSL_NO_STATIC_ENGINE /Zi /Fdtmp32dll/lib -D_WINDLL  -DOPENSSL_BUILD_SHLIBCRYPTO -c .\crypto\ocsp\ocsp_vfy.c
ocsp_vfy.c
	cl /Fotmp32dll\ocsp_err.obj  -Iinc32 -Itmp32dll /MD /Ox /O2 /Ob2 -DOPENSSL_THREADS  -DDSO_WIN32 -W3 -Gs0 -GF -Gy -nologo -DOPENSSL_SYSNAME_WIN32 -DWIN32_LEAN_AND_MEAN -DL_ENDIAN -D_CRT_SECURE_NO_DEPRECATE -DOPENSSL_USE_APPLINK -I. -DOPENSSL_NO_RC5 -DOPENSSL_NO_MD2 -DOPENSSL_NO_KRB5 -DOPENSSL_NO_JPAKE -DOPENSSL_NO_STATIC_ENGINE /Zi /Fdtmp32dll/lib -D_WINDLL  -DOPENSSL_BUILD_SHLIBCRYPTO -c .\crypto\ocsp\ocsp_err.c
ocsp_err.c
	cl /Fotmp32dll\ui_err.obj  -Iinc32 -Itmp32dll /MD /Ox /O2 /Ob2 -DOPENSSL_THREADS  -DDSO_WIN32 -W3 -Gs0 -GF -Gy -nologo -DOPENSSL_SYSNAME_WIN32 -DWIN32_LEAN_AND_MEAN -DL_ENDIAN -D_CRT_SECURE_NO_DEPRECATE -DOPENSSL_USE_APPLINK -I. -DOPENSSL_NO_RC5 -DOPENSSL_NO_MD2 -DOPENSSL_NO_KRB5 -DOPENSSL_NO_JPAKE -DOPENSSL_NO_STATIC_ENGINE /Zi /Fdtmp32dll/lib -D_WINDLL  -DOPENSSL_BUILD_SHLIBCRYPTO -c .\crypto\ui\ui_err.c
ui_err.c
	cl /Fotmp32dll\ui_lib.obj  -Iinc32 -Itmp32dll /MD /Ox /O2 /Ob2 -DOPENSSL_THREADS  -DDSO_WIN32 -W3 -Gs0 -GF -Gy -nologo -DOPENSSL_SYSNAME_WIN32 -DWIN32_LEAN_AND_MEAN -DL_ENDIAN -D_CRT_SECURE_NO_DEPRECATE -DOPENSSL_USE_APPLINK -I. -DOPENSSL_NO_RC5 -DOPENSSL_NO_MD2 -DOPENSSL_NO_KRB5 -DOPENSSL_NO_JPAKE -DOPENSSL_NO_STATIC_ENGINE /Zi /Fdtmp32dll/lib -D_WINDLL  -DOPENSSL_BUILD_SHLIBCRYPTO -c .\crypto\ui\ui_lib.c
ui_lib.c
c:\program files (x86)\microsoft sdks\windows\v7.1a\include\sal_supp.h(57) : warning C4005: '__useHeader' : macro redefinition
        C:\Program Files (x86)\Microsoft Visual Studio 12.0\VC\include\sal.h(2886) : see previous definition of '__useHeader'
c:\program files (x86)\microsoft sdks\windows\v7.1a\include\specstrings_supp.h(77) : warning C4005: '__on_failure' : macro redefinition
        C:\Program Files (x86)\Microsoft Visual Studio 12.0\VC\include\sal.h(2896) : see previous definition of '__on_failure'
	cl /Fotmp32dll\ui_openssl.obj  -Iinc32 -Itmp32dll /MD /Ox /O2 /Ob2 -DOPENSSL_THREADS  -DDSO_WIN32 -W3 -Gs0 -GF -Gy -nologo -DOPENSSL_SYSNAME_WIN32 -DWIN32_LEAN_AND_MEAN -DL_ENDIAN -D_CRT_SECURE_NO_DEPRECATE -DOPENSSL_USE_APPLINK -I. -DOPENSSL_NO_RC5 -DOPENSSL_NO_MD2 -DOPENSSL_NO_KRB5 -DOPENSSL_NO_JPAKE -DOPENSSL_NO_STATIC_ENGINE /Zi /Fdtmp32dll/lib -D_WINDLL  -DOPENSSL_BUILD_SHLIBCRYPTO -c .\crypto\ui\ui_openssl.c
ui_openssl.c
c:\program files (x86)\microsoft sdks\windows\v7.1a\include\sal_supp.h(57) : warning C4005: '__useHeader' : macro redefinition
        C:\Program Files (x86)\Microsoft Visual Studio 12.0\VC\include\sal.h(2886) : see previous definition of '__useHeader'
c:\program files (x86)\microsoft sdks\windows\v7.1a\include\specstrings_supp.h(77) : warning C4005: '__on_failure' : macro redefinition
        C:\Program Files (x86)\Microsoft Visual Studio 12.0\VC\include\sal.h(2896) : see previous definition of '__on_failure'
	cl /Fotmp32dll\ui_util.obj  -Iinc32 -Itmp32dll /MD /Ox /O2 /Ob2 -DOPENSSL_THREADS  -DDSO_WIN32 -W3 -Gs0 -GF -Gy -nologo -DOPENSSL_SYSNAME_WIN32 -DWIN32_LEAN_AND_MEAN -DL_ENDIAN -D_CRT_SECURE_NO_DEPRECATE -DOPENSSL_USE_APPLINK -I. -DOPENSSL_NO_RC5 -DOPENSSL_NO_MD2 -DOPENSSL_NO_KRB5 -DOPENSSL_NO_JPAKE -DOPENSSL_NO_STATIC_ENGINE /Zi /Fdtmp32dll/lib -D_WINDLL  -DOPENSSL_BUILD_SHLIBCRYPTO -c .\crypto\ui\ui_util.c
ui_util.c
	cl /Fotmp32dll\ui_compat.obj  -Iinc32 -Itmp32dll /MD /Ox /O2 /Ob2 -DOPENSSL_THREADS  -DDSO_WIN32 -W3 -Gs0 -GF -Gy -nologo -DOPENSSL_SYSNAME_WIN32 -DWIN32_LEAN_AND_MEAN -DL_ENDIAN -D_CRT_SECURE_NO_DEPRECATE -DOPENSSL_USE_APPLINK -I. -DOPENSSL_NO_RC5 -DOPENSSL_NO_MD2 -DOPENSSL_NO_KRB5 -DOPENSSL_NO_JPAKE -DOPENSSL_NO_STATIC_ENGINE /Zi /Fdtmp32dll/lib -D_WINDLL  -DOPENSSL_BUILD_SHLIBCRYPTO -c .\crypto\ui\ui_compat.c
ui_compat.c
	cl /Fotmp32dll\krb5_asn.obj  -Iinc32 -Itmp32dll /MD /Ox /O2 /Ob2 -DOPENSSL_THREADS  -DDSO_WIN32 -W3 -Gs0 -GF -Gy -nologo -DOPENSSL_SYSNAME_WIN32 -DWIN32_LEAN_AND_MEAN -DL_ENDIAN -D_CRT_SECURE_NO_DEPRECATE -DOPENSSL_USE_APPLINK -I. -DOPENSSL_NO_RC5 -DOPENSSL_NO_MD2 -DOPENSSL_NO_KRB5 -DOPENSSL_NO_JPAKE -DOPENSSL_NO_STATIC_ENGINE /Zi /Fdtmp32dll/lib -D_WINDLL  -DOPENSSL_BUILD_SHLIBCRYPTO -c .\crypto\krb5\krb5_asn.c
krb5_asn.c
	cl /Fotmp32dll\pqueue.obj  -Iinc32 -Itmp32dll /MD /Ox /O2 /Ob2 -DOPENSSL_THREADS  -DDSO_WIN32 -W3 -Gs0 -GF -Gy -nologo -DOPENSSL_SYSNAME_WIN32 -DWIN32_LEAN_AND_MEAN -DL_ENDIAN -D_CRT_SECURE_NO_DEPRECATE -DOPENSSL_USE_APPLINK -I. -DOPENSSL_NO_RC5 -DOPENSSL_NO_MD2 -DOPENSSL_NO_KRB5 -DOPENSSL_NO_JPAKE -DOPENSSL_NO_STATIC_ENGINE /Zi /Fdtmp32dll/lib -D_WINDLL  -DOPENSSL_BUILD_SHLIBCRYPTO -c .\crypto\pqueue\pqueue.c
pqueue.c
c:\program files (x86)\microsoft sdks\windows\v7.1a\include\sal_supp.h(57) : warning C4005: '__useHeader' : macro redefinition
        C:\Program Files (x86)\Microsoft Visual Studio 12.0\VC\include\sal.h(2886) : see previous definition of '__useHeader'
c:\program files (x86)\microsoft sdks\windows\v7.1a\include\specstrings_supp.h(77) : warning C4005: '__on_failure' : macro redefinition
        C:\Program Files (x86)\Microsoft Visual Studio 12.0\VC\include\sal.h(2896) : see previous definition of '__on_failure'
	cl /Fotmp32dll\wp_dgst.obj  -Iinc32 -Itmp32dll /MD /Ox /O2 /Ob2 -DOPENSSL_THREADS  -DDSO_WIN32 -W3 -Gs0 -GF -Gy -nologo -DOPENSSL_SYSNAME_WIN32 -DWIN32_LEAN_AND_MEAN -DL_ENDIAN -D_CRT_SECURE_NO_DEPRECATE -DOPENSSL_USE_APPLINK -I. -DOPENSSL_NO_RC5 -DOPENSSL_NO_MD2 -DOPENSSL_NO_KRB5 -DOPENSSL_NO_JPAKE -DOPENSSL_NO_STATIC_ENGINE /Zi /Fdtmp32dll/lib -D_WINDLL  -DOPENSSL_BUILD_SHLIBCRYPTO -c .\crypto\whrlpool\wp_dgst.c
wp_dgst.c
	cl /Fotmp32dll\wp_block.obj  -Iinc32 -Itmp32dll /MD /Ox /O2 /Ob2 -DOPENSSL_THREADS  -DDSO_WIN32 -W3 -Gs0 -GF -Gy -nologo -DOPENSSL_SYSNAME_WIN32 -DWIN32_LEAN_AND_MEAN -DL_ENDIAN -D_CRT_SECURE_NO_DEPRECATE -DOPENSSL_USE_APPLINK -I. -DOPENSSL_NO_RC5 -DOPENSSL_NO_MD2 -DOPENSSL_NO_KRB5 -DOPENSSL_NO_JPAKE -DOPENSSL_NO_STATIC_ENGINE /Zi /Fdtmp32dll/lib -D_WINDLL  -DOPENSSL_BUILD_SHLIBCRYPTO -c .\crypto\whrlpool\wp_block.c
wp_block.c
	cl /Fotmp32dll\ts_err.obj  -Iinc32 -Itmp32dll /MD /Ox /O2 /Ob2 -DOPENSSL_THREADS  -DDSO_WIN32 -W3 -Gs0 -GF -Gy -nologo -DOPENSSL_SYSNAME_WIN32 -DWIN32_LEAN_AND_MEAN -DL_ENDIAN -D_CRT_SECURE_NO_DEPRECATE -DOPENSSL_USE_APPLINK -I. -DOPENSSL_NO_RC5 -DOPENSSL_NO_MD2 -DOPENSSL_NO_KRB5 -DOPENSSL_NO_JPAKE -DOPENSSL_NO_STATIC_ENGINE /Zi /Fdtmp32dll/lib -D_WINDLL  -DOPENSSL_BUILD_SHLIBCRYPTO -c .\crypto\ts\ts_err.c
ts_err.c
	cl /Fotmp32dll\ts_req_utils.obj  -Iinc32 -Itmp32dll /MD /Ox /O2 /Ob2 -DOPENSSL_THREADS  -DDSO_WIN32 -W3 -Gs0 -GF -Gy -nologo -DOPENSSL_SYSNAME_WIN32 -DWIN32_LEAN_AND_MEAN -DL_ENDIAN -D_CRT_SECURE_NO_DEPRECATE -DOPENSSL_USE_APPLINK -I. -DOPENSSL_NO_RC5 -DOPENSSL_NO_MD2 -DOPENSSL_NO_KRB5 -DOPENSSL_NO_JPAKE -DOPENSSL_NO_STATIC_ENGINE /Zi /Fdtmp32dll/lib -D_WINDLL  -DOPENSSL_BUILD_SHLIBCRYPTO -c .\crypto\ts\ts_req_utils.c
ts_req_utils.c
c:\program files (x86)\microsoft sdks\windows\v7.1a\include\sal_supp.h(57) : warning C4005: '__useHeader' : macro redefinition
        C:\Program Files (x86)\Microsoft Visual Studio 12.0\VC\include\sal.h(2886) : see previous definition of '__useHeader'
c:\program files (x86)\microsoft sdks\windows\v7.1a\include\specstrings_supp.h(77) : warning C4005: '__on_failure' : macro redefinition
        C:\Program Files (x86)\Microsoft Visual Studio 12.0\VC\include\sal.h(2896) : see previous definition of '__on_failure'
	cl /Fotmp32dll\ts_req_print.obj  -Iinc32 -Itmp32dll /MD /Ox /O2 /Ob2 -DOPENSSL_THREADS  -DDSO_WIN32 -W3 -Gs0 -GF -Gy -nologo -DOPENSSL_SYSNAME_WIN32 -DWIN32_LEAN_AND_MEAN -DL_ENDIAN -D_CRT_SECURE_NO_DEPRECATE -DOPENSSL_USE_APPLINK -I. -DOPENSSL_NO_RC5 -DOPENSSL_NO_MD2 -DOPENSSL_NO_KRB5 -DOPENSSL_NO_JPAKE -DOPENSSL_NO_STATIC_ENGINE /Zi /Fdtmp32dll/lib -D_WINDLL  -DOPENSSL_BUILD_SHLIBCRYPTO -c .\crypto\ts\ts_req_print.c
ts_req_print.c
c:\program files (x86)\microsoft sdks\windows\v7.1a\include\sal_supp.h(57) : warning C4005: '__useHeader' : macro redefinition
        C:\Program Files (x86)\Microsoft Visual Studio 12.0\VC\include\sal.h(2886) : see previous definition of '__useHeader'
c:\program files (x86)\microsoft sdks\windows\v7.1a\include\specstrings_supp.h(77) : warning C4005: '__on_failure' : macro redefinition
        C:\Program Files (x86)\Microsoft Visual Studio 12.0\VC\include\sal.h(2896) : see previous definition of '__on_failure'
	cl /Fotmp32dll\ts_rsp_utils.obj  -Iinc32 -Itmp32dll /MD /Ox /O2 /Ob2 -DOPENSSL_THREADS  -DDSO_WIN32 -W3 -Gs0 -GF -Gy -nologo -DOPENSSL_SYSNAME_WIN32 -DWIN32_LEAN_AND_MEAN -DL_ENDIAN -D_CRT_SECURE_NO_DEPRECATE -DOPENSSL_USE_APPLINK -I. -DOPENSSL_NO_RC5 -DOPENSSL_NO_MD2 -DOPENSSL_NO_KRB5 -DOPENSSL_NO_JPAKE -DOPENSSL_NO_STATIC_ENGINE /Zi /Fdtmp32dll/lib -D_WINDLL  -DOPENSSL_BUILD_SHLIBCRYPTO -c .\crypto\ts\ts_rsp_utils.c
ts_rsp_utils.c
c:\program files (x86)\microsoft sdks\windows\v7.1a\include\sal_supp.h(57) : warning C4005: '__useHeader' : macro redefinition
        C:\Program Files (x86)\Microsoft Visual Studio 12.0\VC\include\sal.h(2886) : see previous definition of '__useHeader'
c:\program files (x86)\microsoft sdks\windows\v7.1a\include\specstrings_supp.h(77) : warning C4005: '__on_failure' : macro redefinition
        C:\Program Files (x86)\Microsoft Visual Studio 12.0\VC\include\sal.h(2896) : see previous definition of '__on_failure'
	cl /Fotmp32dll\ts_rsp_print.obj  -Iinc32 -Itmp32dll /MD /Ox /O2 /Ob2 -DOPENSSL_THREADS  -DDSO_WIN32 -W3 -Gs0 -GF -Gy -nologo -DOPENSSL_SYSNAME_WIN32 -DWIN32_LEAN_AND_MEAN -DL_ENDIAN -D_CRT_SECURE_NO_DEPRECATE -DOPENSSL_USE_APPLINK -I. -DOPENSSL_NO_RC5 -DOPENSSL_NO_MD2 -DOPENSSL_NO_KRB5 -DOPENSSL_NO_JPAKE -DOPENSSL_NO_STATIC_ENGINE /Zi /Fdtmp32dll/lib -D_WINDLL  -DOPENSSL_BUILD_SHLIBCRYPTO -c .\crypto\ts\ts_rsp_print.c
ts_rsp_print.c
c:\program files (x86)\microsoft sdks\windows\v7.1a\include\sal_supp.h(57) : warning C4005: '__useHeader' : macro redefinition
        C:\Program Files (x86)\Microsoft Visual Studio 12.0\VC\include\sal.h(2886) : see previous definition of '__useHeader'
c:\program files (x86)\microsoft sdks\windows\v7.1a\include\specstrings_supp.h(77) : warning C4005: '__on_failure' : macro redefinition
        C:\Program Files (x86)\Microsoft Visual Studio 12.0\VC\include\sal.h(2896) : see previous definition of '__on_failure'
	cl /Fotmp32dll\ts_rsp_sign.obj  -Iinc32 -Itmp32dll /MD /Ox /O2 /Ob2 -DOPENSSL_THREADS  -DDSO_WIN32 -W3 -Gs0 -GF -Gy -nologo -DOPENSSL_SYSNAME_WIN32 -DWIN32_LEAN_AND_MEAN -DL_ENDIAN -D_CRT_SECURE_NO_DEPRECATE -DOPENSSL_USE_APPLINK -I. -DOPENSSL_NO_RC5 -DOPENSSL_NO_MD2 -DOPENSSL_NO_KRB5 -DOPENSSL_NO_JPAKE -DOPENSSL_NO_STATIC_ENGINE /Zi /Fdtmp32dll/lib -D_WINDLL  -DOPENSSL_BUILD_SHLIBCRYPTO -c .\crypto\ts\ts_rsp_sign.c
ts_rsp_sign.c
c:\program files (x86)\microsoft sdks\windows\v7.1a\include\sal_supp.h(57) : warning C4005: '__useHeader' : macro redefinition
        C:\Program Files (x86)\Microsoft Visual Studio 12.0\VC\include\sal.h(2886) : see previous definition of '__useHeader'
c:\program files (x86)\microsoft sdks\windows\v7.1a\include\specstrings_supp.h(77) : warning C4005: '__on_failure' : macro redefinition
        C:\Program Files (x86)\Microsoft Visual Studio 12.0\VC\include\sal.h(2896) : see previous definition of '__on_failure'
	cl /Fotmp32dll\ts_rsp_verify.obj  -Iinc32 -Itmp32dll /MD /Ox /O2 /Ob2 -DOPENSSL_THREADS  -DDSO_WIN32 -W3 -Gs0 -GF -Gy -nologo -DOPENSSL_SYSNAME_WIN32 -DWIN32_LEAN_AND_MEAN -DL_ENDIAN -D_CRT_SECURE_NO_DEPRECATE -DOPENSSL_USE_APPLINK -I. -DOPENSSL_NO_RC5 -DOPENSSL_NO_MD2 -DOPENSSL_NO_KRB5 -DOPENSSL_NO_JPAKE -DOPENSSL_NO_STATIC_ENGINE /Zi /Fdtmp32dll/lib -D_WINDLL  -DOPENSSL_BUILD_SHLIBCRYPTO -c .\crypto\ts\ts_rsp_verify.c
ts_rsp_verify.c
c:\program files (x86)\microsoft sdks\windows\v7.1a\include\sal_supp.h(57) : warning C4005: '__useHeader' : macro redefinition
        C:\Program Files (x86)\Microsoft Visual Studio 12.0\VC\include\sal.h(2886) : see previous definition of '__useHeader'
c:\program files (x86)\microsoft sdks\windows\v7.1a\include\specstrings_supp.h(77) : warning C4005: '__on_failure' : macro redefinition
        C:\Program Files (x86)\Microsoft Visual Studio 12.0\VC\include\sal.h(2896) : see previous definition of '__on_failure'
	cl /Fotmp32dll\ts_verify_ctx.obj  -Iinc32 -Itmp32dll /MD /Ox /O2 /Ob2 -DOPENSSL_THREADS  -DDSO_WIN32 -W3 -Gs0 -GF -Gy -nologo -DOPENSSL_SYSNAME_WIN32 -DWIN32_LEAN_AND_MEAN -DL_ENDIAN -D_CRT_SECURE_NO_DEPRECATE -DOPENSSL_USE_APPLINK -I. -DOPENSSL_NO_RC5 -DOPENSSL_NO_MD2 -DOPENSSL_NO_KRB5 -DOPENSSL_NO_JPAKE -DOPENSSL_NO_STATIC_ENGINE /Zi /Fdtmp32dll/lib -D_WINDLL  -DOPENSSL_BUILD_SHLIBCRYPTO -c .\crypto\ts\ts_verify_ctx.c
ts_verify_ctx.c
c:\program files (x86)\microsoft sdks\windows\v7.1a\include\sal_supp.h(57) : warning C4005: '__useHeader' : macro redefinition
        C:\Program Files (x86)\Microsoft Visual Studio 12.0\VC\include\sal.h(2886) : see previous definition of '__useHeader'
c:\program files (x86)\microsoft sdks\windows\v7.1a\include\specstrings_supp.h(77) : warning C4005: '__on_failure' : macro redefinition
        C:\Program Files (x86)\Microsoft Visual Studio 12.0\VC\include\sal.h(2896) : see previous definition of '__on_failure'
	cl /Fotmp32dll\ts_lib.obj  -Iinc32 -Itmp32dll /MD /Ox /O2 /Ob2 -DOPENSSL_THREADS  -DDSO_WIN32 -W3 -Gs0 -GF -Gy -nologo -DOPENSSL_SYSNAME_WIN32 -DWIN32_LEAN_AND_MEAN -DL_ENDIAN -D_CRT_SECURE_NO_DEPRECATE -DOPENSSL_USE_APPLINK -I. -DOPENSSL_NO_RC5 -DOPENSSL_NO_MD2 -DOPENSSL_NO_KRB5 -DOPENSSL_NO_JPAKE -DOPENSSL_NO_STATIC_ENGINE /Zi /Fdtmp32dll/lib -D_WINDLL  -DOPENSSL_BUILD_SHLIBCRYPTO -c .\crypto\ts\ts_lib.c
ts_lib.c
c:\program files (x86)\microsoft sdks\windows\v7.1a\include\sal_supp.h(57) : warning C4005: '__useHeader' : macro redefinition
        C:\Program Files (x86)\Microsoft Visual Studio 12.0\VC\include\sal.h(2886) : see previous definition of '__useHeader'
c:\program files (x86)\microsoft sdks\windows\v7.1a\include\specstrings_supp.h(77) : warning C4005: '__on_failure' : macro redefinition
        C:\Program Files (x86)\Microsoft Visual Studio 12.0\VC\include\sal.h(2896) : see previous definition of '__on_failure'
	cl /Fotmp32dll\ts_conf.obj  -Iinc32 -Itmp32dll /MD /Ox /O2 /Ob2 -DOPENSSL_THREADS  -DDSO_WIN32 -W3 -Gs0 -GF -Gy -nologo -DOPENSSL_SYSNAME_WIN32 -DWIN32_LEAN_AND_MEAN -DL_ENDIAN -D_CRT_SECURE_NO_DEPRECATE -DOPENSSL_USE_APPLINK -I. -DOPENSSL_NO_RC5 -DOPENSSL_NO_MD2 -DOPENSSL_NO_KRB5 -DOPENSSL_NO_JPAKE -DOPENSSL_NO_STATIC_ENGINE /Zi /Fdtmp32dll/lib -D_WINDLL  -DOPENSSL_BUILD_SHLIBCRYPTO -c .\crypto\ts\ts_conf.c
ts_conf.c
c:\program files (x86)\microsoft sdks\windows\v7.1a\include\sal_supp.h(57) : warning C4005: '__useHeader' : macro redefinition
        C:\Program Files (x86)\Microsoft Visual Studio 12.0\VC\include\sal.h(2886) : see previous definition of '__useHeader'
c:\program files (x86)\microsoft sdks\windows\v7.1a\include\specstrings_supp.h(77) : warning C4005: '__on_failure' : macro redefinition
        C:\Program Files (x86)\Microsoft Visual Studio 12.0\VC\include\sal.h(2896) : see previous definition of '__on_failure'
	cl /Fotmp32dll\ts_asn1.obj  -Iinc32 -Itmp32dll /MD /Ox /O2 /Ob2 -DOPENSSL_THREADS  -DDSO_WIN32 -W3 -Gs0 -GF -Gy -nologo -DOPENSSL_SYSNAME_WIN32 -DWIN32_LEAN_AND_MEAN -DL_ENDIAN -D_CRT_SECURE_NO_DEPRECATE -DOPENSSL_USE_APPLINK -I. -DOPENSSL_NO_RC5 -DOPENSSL_NO_MD2 -DOPENSSL_NO_KRB5 -DOPENSSL_NO_JPAKE -DOPENSSL_NO_STATIC_ENGINE /Zi /Fdtmp32dll/lib -D_WINDLL  -DOPENSSL_BUILD_SHLIBCRYPTO -c .\crypto\ts\ts_asn1.c
ts_asn1.c
	cl /Fotmp32dll\srp_lib.obj  -Iinc32 -Itmp32dll /MD /Ox /O2 /Ob2 -DOPENSSL_THREADS  -DDSO_WIN32 -W3 -Gs0 -GF -Gy -nologo -DOPENSSL_SYSNAME_WIN32 -DWIN32_LEAN_AND_MEAN -DL_ENDIAN -D_CRT_SECURE_NO_DEPRECATE -DOPENSSL_USE_APPLINK -I. -DOPENSSL_NO_RC5 -DOPENSSL_NO_MD2 -DOPENSSL_NO_KRB5 -DOPENSSL_NO_JPAKE -DOPENSSL_NO_STATIC_ENGINE /Zi /Fdtmp32dll/lib -D_WINDLL  -DOPENSSL_BUILD_SHLIBCRYPTO -c .\crypto\srp\srp_lib.c
srp_lib.c
c:\program files (x86)\microsoft sdks\windows\v7.1a\include\sal_supp.h(57) : warning C4005: '__useHeader' : macro redefinition
        C:\Program Files (x86)\Microsoft Visual Studio 12.0\VC\include\sal.h(2886) : see previous definition of '__useHeader'
c:\program files (x86)\microsoft sdks\windows\v7.1a\include\specstrings_supp.h(77) : warning C4005: '__on_failure' : macro redefinition
        C:\Program Files (x86)\Microsoft Visual Studio 12.0\VC\include\sal.h(2896) : see previous definition of '__on_failure'
	cl /Fotmp32dll\srp_vfy.obj  -Iinc32 -Itmp32dll /MD /Ox /O2 /Ob2 -DOPENSSL_THREADS  -DDSO_WIN32 -W3 -Gs0 -GF -Gy -nologo -DOPENSSL_SYSNAME_WIN32 -DWIN32_LEAN_AND_MEAN -DL_ENDIAN -D_CRT_SECURE_NO_DEPRECATE -DOPENSSL_USE_APPLINK -I. -DOPENSSL_NO_RC5 -DOPENSSL_NO_MD2 -DOPENSSL_NO_KRB5 -DOPENSSL_NO_JPAKE -DOPENSSL_NO_STATIC_ENGINE /Zi /Fdtmp32dll/lib -D_WINDLL  -DOPENSSL_BUILD_SHLIBCRYPTO -c .\crypto\srp\srp_vfy.c
srp_vfy.c
c:\program files (x86)\microsoft sdks\windows\v7.1a\include\sal_supp.h(57) : warning C4005: '__useHeader' : macro redefinition
        C:\Program Files (x86)\Microsoft Visual Studio 12.0\VC\include\sal.h(2886) : see previous definition of '__useHeader'
c:\program files (x86)\microsoft sdks\windows\v7.1a\include\specstrings_supp.h(77) : warning C4005: '__on_failure' : macro redefinition
        C:\Program Files (x86)\Microsoft Visual Studio 12.0\VC\include\sal.h(2896) : see previous definition of '__on_failure'
	rc /fo"tmp32dll\libeay32.res" /d CRYPTO ms\version32.rc
Microsoft (R) Windows (R) Resource Compiler Version 6.3.9600.17336
Copyright (C) Microsoft Corporation.  All rights reserved.

C:\Program Files (x86)\Microsoft Visual Studio 12.0\VC\include\sal.h(2886) : warning RC4005: '__useHeader' : redefinition
C:\Program Files (x86)\Microsoft Visual Studio 12.0\VC\include\sal.h(2896) : warning RC4005: '__on_failure' : redefinition
	link /nologo /subsystem:console /opt:ref /debug /dll /out:out32dll\libeay32.dll /def:ms/LIBEAY32.def @C:\Users\rranft\AppData\Local\Temp\nm3A1.tmp
   Creating library out32dll\libeay32.lib and object out32dll\libeay32.exp
	IF EXIST out32dll\libeay32.dll.manifest mt -nologo -manifest out32dll\libeay32.dll.manifest -outputresource:out32dll\libeay32.dll;2
	cl /Fotmp32dll\s2_meth.obj  -Iinc32 -Itmp32dll /MD /Ox /O2 /Ob2 -DOPENSSL_THREADS  -DDSO_WIN32 -W3 -Gs0 -GF -Gy -nologo -DOPENSSL_SYSNAME_WIN32 -DWIN32_LEAN_AND_MEAN -DL_ENDIAN -D_CRT_SECURE_NO_DEPRECATE -DOPENSSL_USE_APPLINK -I. -DOPENSSL_NO_RC5 -DOPENSSL_NO_MD2 -DOPENSSL_NO_KRB5 -DOPENSSL_NO_JPAKE -DOPENSSL_NO_STATIC_ENGINE /Zi /Fdtmp32dll/lib -D_WINDLL  -DOPENSSL_BUILD_SHLIBSSL -c .\ssl\s2_meth.c
s2_meth.c
c:\program files (x86)\microsoft sdks\windows\v7.1a\include\sal_supp.h(57) : warning C4005: '__useHeader' : macro redefinition
        C:\Program Files (x86)\Microsoft Visual Studio 12.0\VC\include\sal.h(2886) : see previous definition of '__useHeader'
c:\program files (x86)\microsoft sdks\windows\v7.1a\include\specstrings_supp.h(77) : warning C4005: '__on_failure' : macro redefinition
        C:\Program Files (x86)\Microsoft Visual Studio 12.0\VC\include\sal.h(2896) : see previous definition of '__on_failure'
	cl /Fotmp32dll\s2_srvr.obj  -Iinc32 -Itmp32dll /MD /Ox /O2 /Ob2 -DOPENSSL_THREADS  -DDSO_WIN32 -W3 -Gs0 -GF -Gy -nologo -DOPENSSL_SYSNAME_WIN32 -DWIN32_LEAN_AND_MEAN -DL_ENDIAN -D_CRT_SECURE_NO_DEPRECATE -DOPENSSL_USE_APPLINK -I. -DOPENSSL_NO_RC5 -DOPENSSL_NO_MD2 -DOPENSSL_NO_KRB5 -DOPENSSL_NO_JPAKE -DOPENSSL_NO_STATIC_ENGINE /Zi /Fdtmp32dll/lib -D_WINDLL  -DOPENSSL_BUILD_SHLIBSSL -c .\ssl\s2_srvr.c
s2_srvr.c
c:\program files (x86)\microsoft sdks\windows\v7.1a\include\sal_supp.h(57) : warning C4005: '__useHeader' : macro redefinition
        C:\Program Files (x86)\Microsoft Visual Studio 12.0\VC\include\sal.h(2886) : see previous definition of '__useHeader'
c:\program files (x86)\microsoft sdks\windows\v7.1a\include\specstrings_supp.h(77) : warning C4005: '__on_failure' : macro redefinition
        C:\Program Files (x86)\Microsoft Visual Studio 12.0\VC\include\sal.h(2896) : see previous definition of '__on_failure'
	cl /Fotmp32dll\s2_clnt.obj  -Iinc32 -Itmp32dll /MD /Ox /O2 /Ob2 -DOPENSSL_THREADS  -DDSO_WIN32 -W3 -Gs0 -GF -Gy -nologo -DOPENSSL_SYSNAME_WIN32 -DWIN32_LEAN_AND_MEAN -DL_ENDIAN -D_CRT_SECURE_NO_DEPRECATE -DOPENSSL_USE_APPLINK -I. -DOPENSSL_NO_RC5 -DOPENSSL_NO_MD2 -DOPENSSL_NO_KRB5 -DOPENSSL_NO_JPAKE -DOPENSSL_NO_STATIC_ENGINE /Zi /Fdtmp32dll/lib -D_WINDLL  -DOPENSSL_BUILD_SHLIBSSL -c .\ssl\s2_clnt.c
s2_clnt.c
c:\program files (x86)\microsoft sdks\windows\v7.1a\include\sal_supp.h(57) : warning C4005: '__useHeader' : macro redefinition
        C:\Program Files (x86)\Microsoft Visual Studio 12.0\VC\include\sal.h(2886) : see previous definition of '__useHeader'
c:\program files (x86)\microsoft sdks\windows\v7.1a\include\specstrings_supp.h(77) : warning C4005: '__on_failure' : macro redefinition
        C:\Program Files (x86)\Microsoft Visual Studio 12.0\VC\include\sal.h(2896) : see previous definition of '__on_failure'
	cl /Fotmp32dll\s2_lib.obj  -Iinc32 -Itmp32dll /MD /Ox /O2 /Ob2 -DOPENSSL_THREADS  -DDSO_WIN32 -W3 -Gs0 -GF -Gy -nologo -DOPENSSL_SYSNAME_WIN32 -DWIN32_LEAN_AND_MEAN -DL_ENDIAN -D_CRT_SECURE_NO_DEPRECATE -DOPENSSL_USE_APPLINK -I. -DOPENSSL_NO_RC5 -DOPENSSL_NO_MD2 -DOPENSSL_NO_KRB5 -DOPENSSL_NO_JPAKE -DOPENSSL_NO_STATIC_ENGINE /Zi /Fdtmp32dll/lib -D_WINDLL  -DOPENSSL_BUILD_SHLIBSSL -c .\ssl\s2_lib.c
s2_lib.c
c:\program files (x86)\microsoft sdks\windows\v7.1a\include\sal_supp.h(57) : warning C4005: '__useHeader' : macro redefinition
        C:\Program Files (x86)\Microsoft Visual Studio 12.0\VC\include\sal.h(2886) : see previous definition of '__useHeader'
c:\program files (x86)\microsoft sdks\windows\v7.1a\include\specstrings_supp.h(77) : warning C4005: '__on_failure' : macro redefinition
        C:\Program Files (x86)\Microsoft Visual Studio 12.0\VC\include\sal.h(2896) : see previous definition of '__on_failure'
	cl /Fotmp32dll\s2_enc.obj  -Iinc32 -Itmp32dll /MD /Ox /O2 /Ob2 -DOPENSSL_THREADS  -DDSO_WIN32 -W3 -Gs0 -GF -Gy -nologo -DOPENSSL_SYSNAME_WIN32 -DWIN32_LEAN_AND_MEAN -DL_ENDIAN -D_CRT_SECURE_NO_DEPRECATE -DOPENSSL_USE_APPLINK -I. -DOPENSSL_NO_RC5 -DOPENSSL_NO_MD2 -DOPENSSL_NO_KRB5 -DOPENSSL_NO_JPAKE -DOPENSSL_NO_STATIC_ENGINE /Zi /Fdtmp32dll/lib -D_WINDLL  -DOPENSSL_BUILD_SHLIBSSL -c .\ssl\s2_enc.c
s2_enc.c
c:\program files (x86)\microsoft sdks\windows\v7.1a\include\sal_supp.h(57) : warning C4005: '__useHeader' : macro redefinition
        C:\Program Files (x86)\Microsoft Visual Studio 12.0\VC\include\sal.h(2886) : see previous definition of '__useHeader'
c:\program files (x86)\microsoft sdks\windows\v7.1a\include\specstrings_supp.h(77) : warning C4005: '__on_failure' : macro redefinition
        C:\Program Files (x86)\Microsoft Visual Studio 12.0\VC\include\sal.h(2896) : see previous definition of '__on_failure'
	cl /Fotmp32dll\s2_pkt.obj  -Iinc32 -Itmp32dll /MD /Ox /O2 /Ob2 -DOPENSSL_THREADS  -DDSO_WIN32 -W3 -Gs0 -GF -Gy -nologo -DOPENSSL_SYSNAME_WIN32 -DWIN32_LEAN_AND_MEAN -DL_ENDIAN -D_CRT_SECURE_NO_DEPRECATE -DOPENSSL_USE_APPLINK -I. -DOPENSSL_NO_RC5 -DOPENSSL_NO_MD2 -DOPENSSL_NO_KRB5 -DOPENSSL_NO_JPAKE -DOPENSSL_NO_STATIC_ENGINE /Zi /Fdtmp32dll/lib -D_WINDLL  -DOPENSSL_BUILD_SHLIBSSL -c .\ssl\s2_pkt.c
s2_pkt.c
c:\program files (x86)\microsoft sdks\windows\v7.1a\include\sal_supp.h(57) : warning C4005: '__useHeader' : macro redefinition
        C:\Program Files (x86)\Microsoft Visual Studio 12.0\VC\include\sal.h(2886) : see previous definition of '__useHeader'
c:\program files (x86)\microsoft sdks\windows\v7.1a\include\specstrings_supp.h(77) : warning C4005: '__on_failure' : macro redefinition
        C:\Program Files (x86)\Microsoft Visual Studio 12.0\VC\include\sal.h(2896) : see previous definition of '__on_failure'
	cl /Fotmp32dll\s3_meth.obj  -Iinc32 -Itmp32dll /MD /Ox /O2 /Ob2 -DOPENSSL_THREADS  -DDSO_WIN32 -W3 -Gs0 -GF -Gy -nologo -DOPENSSL_SYSNAME_WIN32 -DWIN32_LEAN_AND_MEAN -DL_ENDIAN -D_CRT_SECURE_NO_DEPRECATE -DOPENSSL_USE_APPLINK -I. -DOPENSSL_NO_RC5 -DOPENSSL_NO_MD2 -DOPENSSL_NO_KRB5 -DOPENSSL_NO_JPAKE -DOPENSSL_NO_STATIC_ENGINE /Zi /Fdtmp32dll/lib -D_WINDLL  -DOPENSSL_BUILD_SHLIBSSL -c .\ssl\s3_meth.c
s3_meth.c
c:\program files (x86)\microsoft sdks\windows\v7.1a\include\sal_supp.h(57) : warning C4005: '__useHeader' : macro redefinition
        C:\Program Files (x86)\Microsoft Visual Studio 12.0\VC\include\sal.h(2886) : see previous definition of '__useHeader'
c:\program files (x86)\microsoft sdks\windows\v7.1a\include\specstrings_supp.h(77) : warning C4005: '__on_failure' : macro redefinition
        C:\Program Files (x86)\Microsoft Visual Studio 12.0\VC\include\sal.h(2896) : see previous definition of '__on_failure'
	cl /Fotmp32dll\s3_srvr.obj  -Iinc32 -Itmp32dll /MD /Ox /O2 /Ob2 -DOPENSSL_THREADS  -DDSO_WIN32 -W3 -Gs0 -GF -Gy -nologo -DOPENSSL_SYSNAME_WIN32 -DWIN32_LEAN_AND_MEAN -DL_ENDIAN -D_CRT_SECURE_NO_DEPRECATE -DOPENSSL_USE_APPLINK -I. -DOPENSSL_NO_RC5 -DOPENSSL_NO_MD2 -DOPENSSL_NO_KRB5 -DOPENSSL_NO_JPAKE -DOPENSSL_NO_STATIC_ENGINE /Zi /Fdtmp32dll/lib -D_WINDLL  -DOPENSSL_BUILD_SHLIBSSL -c .\ssl\s3_srvr.c
s3_srvr.c
c:\program files (x86)\microsoft sdks\windows\v7.1a\include\sal_supp.h(57) : warning C4005: '__useHeader' : macro redefinition
        C:\Program Files (x86)\Microsoft Visual Studio 12.0\VC\include\sal.h(2886) : see previous definition of '__useHeader'
c:\program files (x86)\microsoft sdks\windows\v7.1a\include\specstrings_supp.h(77) : warning C4005: '__on_failure' : macro redefinition
        C:\Program Files (x86)\Microsoft Visual Studio 12.0\VC\include\sal.h(2896) : see previous definition of '__on_failure'
	cl /Fotmp32dll\s3_clnt.obj  -Iinc32 -Itmp32dll /MD /Ox /O2 /Ob2 -DOPENSSL_THREADS  -DDSO_WIN32 -W3 -Gs0 -GF -Gy -nologo -DOPENSSL_SYSNAME_WIN32 -DWIN32_LEAN_AND_MEAN -DL_ENDIAN -D_CRT_SECURE_NO_DEPRECATE -DOPENSSL_USE_APPLINK -I. -DOPENSSL_NO_RC5 -DOPENSSL_NO_MD2 -DOPENSSL_NO_KRB5 -DOPENSSL_NO_JPAKE -DOPENSSL_NO_STATIC_ENGINE /Zi /Fdtmp32dll/lib -D_WINDLL  -DOPENSSL_BUILD_SHLIBSSL -c .\ssl\s3_clnt.c
s3_clnt.c
c:\program files (x86)\microsoft sdks\windows\v7.1a\include\sal_supp.h(57) : warning C4005: '__useHeader' : macro redefinition
        C:\Program Files (x86)\Microsoft Visual Studio 12.0\VC\include\sal.h(2886) : see previous definition of '__useHeader'
c:\program files (x86)\microsoft sdks\windows\v7.1a\include\specstrings_supp.h(77) : warning C4005: '__on_failure' : macro redefinition
        C:\Program Files (x86)\Microsoft Visual Studio 12.0\VC\include\sal.h(2896) : see previous definition of '__on_failure'
	cl /Fotmp32dll\s3_lib.obj  -Iinc32 -Itmp32dll /MD /Ox /O2 /Ob2 -DOPENSSL_THREADS  -DDSO_WIN32 -W3 -Gs0 -GF -Gy -nologo -DOPENSSL_SYSNAME_WIN32 -DWIN32_LEAN_AND_MEAN -DL_ENDIAN -D_CRT_SECURE_NO_DEPRECATE -DOPENSSL_USE_APPLINK -I. -DOPENSSL_NO_RC5 -DOPENSSL_NO_MD2 -DOPENSSL_NO_KRB5 -DOPENSSL_NO_JPAKE -DOPENSSL_NO_STATIC_ENGINE /Zi /Fdtmp32dll/lib -D_WINDLL  -DOPENSSL_BUILD_SHLIBSSL -c .\ssl\s3_lib.c
s3_lib.c
c:\program files (x86)\microsoft sdks\windows\v7.1a\include\sal_supp.h(57) : warning C4005: '__useHeader' : macro redefinition
        C:\Program Files (x86)\Microsoft Visual Studio 12.0\VC\include\sal.h(2886) : see previous definition of '__useHeader'
c:\program files (x86)\microsoft sdks\windows\v7.1a\include\specstrings_supp.h(77) : warning C4005: '__on_failure' : macro redefinition
        C:\Program Files (x86)\Microsoft Visual Studio 12.0\VC\include\sal.h(2896) : see previous definition of '__on_failure'
	cl /Fotmp32dll\s3_enc.obj  -Iinc32 -Itmp32dll /MD /Ox /O2 /Ob2 -DOPENSSL_THREADS  -DDSO_WIN32 -W3 -Gs0 -GF -Gy -nologo -DOPENSSL_SYSNAME_WIN32 -DWIN32_LEAN_AND_MEAN -DL_ENDIAN -D_CRT_SECURE_NO_DEPRECATE -DOPENSSL_USE_APPLINK -I. -DOPENSSL_NO_RC5 -DOPENSSL_NO_MD2 -DOPENSSL_NO_KRB5 -DOPENSSL_NO_JPAKE -DOPENSSL_NO_STATIC_ENGINE /Zi /Fdtmp32dll/lib -D_WINDLL  -DOPENSSL_BUILD_SHLIBSSL -c .\ssl\s3_enc.c
s3_enc.c
c:\program files (x86)\microsoft sdks\windows\v7.1a\include\sal_supp.h(57) : warning C4005: '__useHeader' : macro redefinition
        C:\Program Files (x86)\Microsoft Visual Studio 12.0\VC\include\sal.h(2886) : see previous definition of '__useHeader'
c:\program files (x86)\microsoft sdks\windows\v7.1a\include\specstrings_supp.h(77) : warning C4005: '__on_failure' : macro redefinition
        C:\Program Files (x86)\Microsoft Visual Studio 12.0\VC\include\sal.h(2896) : see previous definition of '__on_failure'
	cl /Fotmp32dll\s3_pkt.obj  -Iinc32 -Itmp32dll /MD /Ox /O2 /Ob2 -DOPENSSL_THREADS  -DDSO_WIN32 -W3 -Gs0 -GF -Gy -nologo -DOPENSSL_SYSNAME_WIN32 -DWIN32_LEAN_AND_MEAN -DL_ENDIAN -D_CRT_SECURE_NO_DEPRECATE -DOPENSSL_USE_APPLINK -I. -DOPENSSL_NO_RC5 -DOPENSSL_NO_MD2 -DOPENSSL_NO_KRB5 -DOPENSSL_NO_JPAKE -DOPENSSL_NO_STATIC_ENGINE /Zi /Fdtmp32dll/lib -D_WINDLL  -DOPENSSL_BUILD_SHLIBSSL -c .\ssl\s3_pkt.c
s3_pkt.c
c:\program files (x86)\microsoft sdks\windows\v7.1a\include\sal_supp.h(57) : warning C4005: '__useHeader' : macro redefinition
        C:\Program Files (x86)\Microsoft Visual Studio 12.0\VC\include\sal.h(2886) : see previous definition of '__useHeader'
c:\program files (x86)\microsoft sdks\windows\v7.1a\include\specstrings_supp.h(77) : warning C4005: '__on_failure' : macro redefinition
        C:\Program Files (x86)\Microsoft Visual Studio 12.0\VC\include\sal.h(2896) : see previous definition of '__on_failure'
	cl /Fotmp32dll\s3_both.obj  -Iinc32 -Itmp32dll /MD /Ox /O2 /Ob2 -DOPENSSL_THREADS  -DDSO_WIN32 -W3 -Gs0 -GF -Gy -nologo -DOPENSSL_SYSNAME_WIN32 -DWIN32_LEAN_AND_MEAN -DL_ENDIAN -D_CRT_SECURE_NO_DEPRECATE -DOPENSSL_USE_APPLINK -I. -DOPENSSL_NO_RC5 -DOPENSSL_NO_MD2 -DOPENSSL_NO_KRB5 -DOPENSSL_NO_JPAKE -DOPENSSL_NO_STATIC_ENGINE /Zi /Fdtmp32dll/lib -D_WINDLL  -DOPENSSL_BUILD_SHLIBSSL -c .\ssl\s3_both.c
s3_both.c
c:\program files (x86)\microsoft sdks\windows\v7.1a\include\sal_supp.h(57) : warning C4005: '__useHeader' : macro redefinition
        C:\Program Files (x86)\Microsoft Visual Studio 12.0\VC\include\sal.h(2886) : see previous definition of '__useHeader'
c:\program files (x86)\microsoft sdks\windows\v7.1a\include\specstrings_supp.h(77) : warning C4005: '__on_failure' : macro redefinition
        C:\Program Files (x86)\Microsoft Visual Studio 12.0\VC\include\sal.h(2896) : see previous definition of '__on_failure'
	cl /Fotmp32dll\s3_cbc.obj  -Iinc32 -Itmp32dll /MD /Ox /O2 /Ob2 -DOPENSSL_THREADS  -DDSO_WIN32 -W3 -Gs0 -GF -Gy -nologo -DOPENSSL_SYSNAME_WIN32 -DWIN32_LEAN_AND_MEAN -DL_ENDIAN -D_CRT_SECURE_NO_DEPRECATE -DOPENSSL_USE_APPLINK -I. -DOPENSSL_NO_RC5 -DOPENSSL_NO_MD2 -DOPENSSL_NO_KRB5 -DOPENSSL_NO_JPAKE -DOPENSSL_NO_STATIC_ENGINE /Zi /Fdtmp32dll/lib -D_WINDLL  -DOPENSSL_BUILD_SHLIBSSL -c .\ssl\s3_cbc.c
s3_cbc.c
c:\program files (x86)\microsoft sdks\windows\v7.1a\include\sal_supp.h(57) : warning C4005: '__useHeader' : macro redefinition
        C:\Program Files (x86)\Microsoft Visual Studio 12.0\VC\include\sal.h(2886) : see previous definition of '__useHeader'
c:\program files (x86)\microsoft sdks\windows\v7.1a\include\specstrings_supp.h(77) : warning C4005: '__on_failure' : macro redefinition
        C:\Program Files (x86)\Microsoft Visual Studio 12.0\VC\include\sal.h(2896) : see previous definition of '__on_failure'
	cl /Fotmp32dll\s23_meth.obj  -Iinc32 -Itmp32dll /MD /Ox /O2 /Ob2 -DOPENSSL_THREADS  -DDSO_WIN32 -W3 -Gs0 -GF -Gy -nologo -DOPENSSL_SYSNAME_WIN32 -DWIN32_LEAN_AND_MEAN -DL_ENDIAN -D_CRT_SECURE_NO_DEPRECATE -DOPENSSL_USE_APPLINK -I. -DOPENSSL_NO_RC5 -DOPENSSL_NO_MD2 -DOPENSSL_NO_KRB5 -DOPENSSL_NO_JPAKE -DOPENSSL_NO_STATIC_ENGINE /Zi /Fdtmp32dll/lib -D_WINDLL  -DOPENSSL_BUILD_SHLIBSSL -c .\ssl\s23_meth.c
s23_meth.c
c:\program files (x86)\microsoft sdks\windows\v7.1a\include\sal_supp.h(57) : warning C4005: '__useHeader' : macro redefinition
        C:\Program Files (x86)\Microsoft Visual Studio 12.0\VC\include\sal.h(2886) : see previous definition of '__useHeader'
c:\program files (x86)\microsoft sdks\windows\v7.1a\include\specstrings_supp.h(77) : warning C4005: '__on_failure' : macro redefinition
        C:\Program Files (x86)\Microsoft Visual Studio 12.0\VC\include\sal.h(2896) : see previous definition of '__on_failure'
	cl /Fotmp32dll\s23_srvr.obj  -Iinc32 -Itmp32dll /MD /Ox /O2 /Ob2 -DOPENSSL_THREADS  -DDSO_WIN32 -W3 -Gs0 -GF -Gy -nologo -DOPENSSL_SYSNAME_WIN32 -DWIN32_LEAN_AND_MEAN -DL_ENDIAN -D_CRT_SECURE_NO_DEPRECATE -DOPENSSL_USE_APPLINK -I. -DOPENSSL_NO_RC5 -DOPENSSL_NO_MD2 -DOPENSSL_NO_KRB5 -DOPENSSL_NO_JPAKE -DOPENSSL_NO_STATIC_ENGINE /Zi /Fdtmp32dll/lib -D_WINDLL  -DOPENSSL_BUILD_SHLIBSSL -c .\ssl\s23_srvr.c
s23_srvr.c
c:\program files (x86)\microsoft sdks\windows\v7.1a\include\sal_supp.h(57) : warning C4005: '__useHeader' : macro redefinition
        C:\Program Files (x86)\Microsoft Visual Studio 12.0\VC\include\sal.h(2886) : see previous definition of '__useHeader'
c:\program files (x86)\microsoft sdks\windows\v7.1a\include\specstrings_supp.h(77) : warning C4005: '__on_failure' : macro redefinition
        C:\Program Files (x86)\Microsoft Visual Studio 12.0\VC\include\sal.h(2896) : see previous definition of '__on_failure'
	cl /Fotmp32dll\s23_clnt.obj  -Iinc32 -Itmp32dll /MD /Ox /O2 /Ob2 -DOPENSSL_THREADS  -DDSO_WIN32 -W3 -Gs0 -GF -Gy -nologo -DOPENSSL_SYSNAME_WIN32 -DWIN32_LEAN_AND_MEAN -DL_ENDIAN -D_CRT_SECURE_NO_DEPRECATE -DOPENSSL_USE_APPLINK -I. -DOPENSSL_NO_RC5 -DOPENSSL_NO_MD2 -DOPENSSL_NO_KRB5 -DOPENSSL_NO_JPAKE -DOPENSSL_NO_STATIC_ENGINE /Zi /Fdtmp32dll/lib -D_WINDLL  -DOPENSSL_BUILD_SHLIBSSL -c .\ssl\s23_clnt.c
s23_clnt.c
c:\program files (x86)\microsoft sdks\windows\v7.1a\include\sal_supp.h(57) : warning C4005: '__useHeader' : macro redefinition
        C:\Program Files (x86)\Microsoft Visual Studio 12.0\VC\include\sal.h(2886) : see previous definition of '__useHeader'
c:\program files (x86)\microsoft sdks\windows\v7.1a\include\specstrings_supp.h(77) : warning C4005: '__on_failure' : macro redefinition
        C:\Program Files (x86)\Microsoft Visual Studio 12.0\VC\include\sal.h(2896) : see previous definition of '__on_failure'
	cl /Fotmp32dll\s23_lib.obj  -Iinc32 -Itmp32dll /MD /Ox /O2 /Ob2 -DOPENSSL_THREADS  -DDSO_WIN32 -W3 -Gs0 -GF -Gy -nologo -DOPENSSL_SYSNAME_WIN32 -DWIN32_LEAN_AND_MEAN -DL_ENDIAN -D_CRT_SECURE_NO_DEPRECATE -DOPENSSL_USE_APPLINK -I. -DOPENSSL_NO_RC5 -DOPENSSL_NO_MD2 -DOPENSSL_NO_KRB5 -DOPENSSL_NO_JPAKE -DOPENSSL_NO_STATIC_ENGINE /Zi /Fdtmp32dll/lib -D_WINDLL  -DOPENSSL_BUILD_SHLIBSSL -c .\ssl\s23_lib.c
s23_lib.c
c:\program files (x86)\microsoft sdks\windows\v7.1a\include\sal_supp.h(57) : warning C4005: '__useHeader' : macro redefinition
        C:\Program Files (x86)\Microsoft Visual Studio 12.0\VC\include\sal.h(2886) : see previous definition of '__useHeader'
c:\program files (x86)\microsoft sdks\windows\v7.1a\include\specstrings_supp.h(77) : warning C4005: '__on_failure' : macro redefinition
        C:\Program Files (x86)\Microsoft Visual Studio 12.0\VC\include\sal.h(2896) : see previous definition of '__on_failure'
	cl /Fotmp32dll\s23_pkt.obj  -Iinc32 -Itmp32dll /MD /Ox /O2 /Ob2 -DOPENSSL_THREADS  -DDSO_WIN32 -W3 -Gs0 -GF -Gy -nologo -DOPENSSL_SYSNAME_WIN32 -DWIN32_LEAN_AND_MEAN -DL_ENDIAN -D_CRT_SECURE_NO_DEPRECATE -DOPENSSL_USE_APPLINK -I. -DOPENSSL_NO_RC5 -DOPENSSL_NO_MD2 -DOPENSSL_NO_KRB5 -DOPENSSL_NO_JPAKE -DOPENSSL_NO_STATIC_ENGINE /Zi /Fdtmp32dll/lib -D_WINDLL  -DOPENSSL_BUILD_SHLIBSSL -c .\ssl\s23_pkt.c
s23_pkt.c
c:\program files (x86)\microsoft sdks\windows\v7.1a\include\sal_supp.h(57) : warning C4005: '__useHeader' : macro redefinition
        C:\Program Files (x86)\Microsoft Visual Studio 12.0\VC\include\sal.h(2886) : see previous definition of '__useHeader'
c:\program files (x86)\microsoft sdks\windows\v7.1a\include\specstrings_supp.h(77) : warning C4005: '__on_failure' : macro redefinition
        C:\Program Files (x86)\Microsoft Visual Studio 12.0\VC\include\sal.h(2896) : see previous definition of '__on_failure'
	cl /Fotmp32dll\t1_meth.obj  -Iinc32 -Itmp32dll /MD /Ox /O2 /Ob2 -DOPENSSL_THREADS  -DDSO_WIN32 -W3 -Gs0 -GF -Gy -nologo -DOPENSSL_SYSNAME_WIN32 -DWIN32_LEAN_AND_MEAN -DL_ENDIAN -D_CRT_SECURE_NO_DEPRECATE -DOPENSSL_USE_APPLINK -I. -DOPENSSL_NO_RC5 -DOPENSSL_NO_MD2 -DOPENSSL_NO_KRB5 -DOPENSSL_NO_JPAKE -DOPENSSL_NO_STATIC_ENGINE /Zi /Fdtmp32dll/lib -D_WINDLL  -DOPENSSL_BUILD_SHLIBSSL -c .\ssl\t1_meth.c
t1_meth.c
c:\program files (x86)\microsoft sdks\windows\v7.1a\include\sal_supp.h(57) : warning C4005: '__useHeader' : macro redefinition
        C:\Program Files (x86)\Microsoft Visual Studio 12.0\VC\include\sal.h(2886) : see previous definition of '__useHeader'
c:\program files (x86)\microsoft sdks\windows\v7.1a\include\specstrings_supp.h(77) : warning C4005: '__on_failure' : macro redefinition
        C:\Program Files (x86)\Microsoft Visual Studio 12.0\VC\include\sal.h(2896) : see previous definition of '__on_failure'
	cl /Fotmp32dll\t1_srvr.obj  -Iinc32 -Itmp32dll /MD /Ox /O2 /Ob2 -DOPENSSL_THREADS  -DDSO_WIN32 -W3 -Gs0 -GF -Gy -nologo -DOPENSSL_SYSNAME_WIN32 -DWIN32_LEAN_AND_MEAN -DL_ENDIAN -D_CRT_SECURE_NO_DEPRECATE -DOPENSSL_USE_APPLINK -I. -DOPENSSL_NO_RC5 -DOPENSSL_NO_MD2 -DOPENSSL_NO_KRB5 -DOPENSSL_NO_JPAKE -DOPENSSL_NO_STATIC_ENGINE /Zi /Fdtmp32dll/lib -D_WINDLL  -DOPENSSL_BUILD_SHLIBSSL -c .\ssl\t1_srvr.c
t1_srvr.c
c:\program files (x86)\microsoft sdks\windows\v7.1a\include\sal_supp.h(57) : warning C4005: '__useHeader' : macro redefinition
        C:\Program Files (x86)\Microsoft Visual Studio 12.0\VC\include\sal.h(2886) : see previous definition of '__useHeader'
c:\program files (x86)\microsoft sdks\windows\v7.1a\include\specstrings_supp.h(77) : warning C4005: '__on_failure' : macro redefinition
        C:\Program Files (x86)\Microsoft Visual Studio 12.0\VC\include\sal.h(2896) : see previous definition of '__on_failure'
	cl /Fotmp32dll\t1_clnt.obj  -Iinc32 -Itmp32dll /MD /Ox /O2 /Ob2 -DOPENSSL_THREADS  -DDSO_WIN32 -W3 -Gs0 -GF -Gy -nologo -DOPENSSL_SYSNAME_WIN32 -DWIN32_LEAN_AND_MEAN -DL_ENDIAN -D_CRT_SECURE_NO_DEPRECATE -DOPENSSL_USE_APPLINK -I. -DOPENSSL_NO_RC5 -DOPENSSL_NO_MD2 -DOPENSSL_NO_KRB5 -DOPENSSL_NO_JPAKE -DOPENSSL_NO_STATIC_ENGINE /Zi /Fdtmp32dll/lib -D_WINDLL  -DOPENSSL_BUILD_SHLIBSSL -c .\ssl\t1_clnt.c
t1_clnt.c
c:\program files (x86)\microsoft sdks\windows\v7.1a\include\sal_supp.h(57) : warning C4005: '__useHeader' : macro redefinition
        C:\Program Files (x86)\Microsoft Visual Studio 12.0\VC\include\sal.h(2886) : see previous definition of '__useHeader'
c:\program files (x86)\microsoft sdks\windows\v7.1a\include\specstrings_supp.h(77) : warning C4005: '__on_failure' : macro redefinition
        C:\Program Files (x86)\Microsoft Visual Studio 12.0\VC\include\sal.h(2896) : see previous definition of '__on_failure'
	cl /Fotmp32dll\t1_lib.obj  -Iinc32 -Itmp32dll /MD /Ox /O2 /Ob2 -DOPENSSL_THREADS  -DDSO_WIN32 -W3 -Gs0 -GF -Gy -nologo -DOPENSSL_SYSNAME_WIN32 -DWIN32_LEAN_AND_MEAN -DL_ENDIAN -D_CRT_SECURE_NO_DEPRECATE -DOPENSSL_USE_APPLINK -I. -DOPENSSL_NO_RC5 -DOPENSSL_NO_MD2 -DOPENSSL_NO_KRB5 -DOPENSSL_NO_JPAKE -DOPENSSL_NO_STATIC_ENGINE /Zi /Fdtmp32dll/lib -D_WINDLL  -DOPENSSL_BUILD_SHLIBSSL -c .\ssl\t1_lib.c
t1_lib.c
c:\program files (x86)\microsoft sdks\windows\v7.1a\include\sal_supp.h(57) : warning C4005: '__useHeader' : macro redefinition
        C:\Program Files (x86)\Microsoft Visual Studio 12.0\VC\include\sal.h(2886) : see previous definition of '__useHeader'
c:\program files (x86)\microsoft sdks\windows\v7.1a\include\specstrings_supp.h(77) : warning C4005: '__on_failure' : macro redefinition
        C:\Program Files (x86)\Microsoft Visual Studio 12.0\VC\include\sal.h(2896) : see previous definition of '__on_failure'
	cl /Fotmp32dll\t1_enc.obj  -Iinc32 -Itmp32dll /MD /Ox /O2 /Ob2 -DOPENSSL_THREADS  -DDSO_WIN32 -W3 -Gs0 -GF -Gy -nologo -DOPENSSL_SYSNAME_WIN32 -DWIN32_LEAN_AND_MEAN -DL_ENDIAN -D_CRT_SECURE_NO_DEPRECATE -DOPENSSL_USE_APPLINK -I. -DOPENSSL_NO_RC5 -DOPENSSL_NO_MD2 -DOPENSSL_NO_KRB5 -DOPENSSL_NO_JPAKE -DOPENSSL_NO_STATIC_ENGINE /Zi /Fdtmp32dll/lib -D_WINDLL  -DOPENSSL_BUILD_SHLIBSSL -c .\ssl\t1_enc.c
t1_enc.c
c:\program files (x86)\microsoft sdks\windows\v7.1a\include\sal_supp.h(57) : warning C4005: '__useHeader' : macro redefinition
        C:\Program Files (x86)\Microsoft Visual Studio 12.0\VC\include\sal.h(2886) : see previous definition of '__useHeader'
c:\program files (x86)\microsoft sdks\windows\v7.1a\include\specstrings_supp.h(77) : warning C4005: '__on_failure' : macro redefinition
        C:\Program Files (x86)\Microsoft Visual Studio 12.0\VC\include\sal.h(2896) : see previous definition of '__on_failure'
	cl /Fotmp32dll\t1_ext.obj  -Iinc32 -Itmp32dll /MD /Ox /O2 /Ob2 -DOPENSSL_THREADS  -DDSO_WIN32 -W3 -Gs0 -GF -Gy -nologo -DOPENSSL_SYSNAME_WIN32 -DWIN32_LEAN_AND_MEAN -DL_ENDIAN -D_CRT_SECURE_NO_DEPRECATE -DOPENSSL_USE_APPLINK -I. -DOPENSSL_NO_RC5 -DOPENSSL_NO_MD2 -DOPENSSL_NO_KRB5 -DOPENSSL_NO_JPAKE -DOPENSSL_NO_STATIC_ENGINE /Zi /Fdtmp32dll/lib -D_WINDLL  -DOPENSSL_BUILD_SHLIBSSL -c .\ssl\t1_ext.c
t1_ext.c
c:\program files (x86)\microsoft sdks\windows\v7.1a\include\sal_supp.h(57) : warning C4005: '__useHeader' : macro redefinition
        C:\Program Files (x86)\Microsoft Visual Studio 12.0\VC\include\sal.h(2886) : see previous definition of '__useHeader'
c:\program files (x86)\microsoft sdks\windows\v7.1a\include\specstrings_supp.h(77) : warning C4005: '__on_failure' : macro redefinition
        C:\Program Files (x86)\Microsoft Visual Studio 12.0\VC\include\sal.h(2896) : see previous definition of '__on_failure'
	cl /Fotmp32dll\d1_meth.obj  -Iinc32 -Itmp32dll /MD /Ox /O2 /Ob2 -DOPENSSL_THREADS  -DDSO_WIN32 -W3 -Gs0 -GF -Gy -nologo -DOPENSSL_SYSNAME_WIN32 -DWIN32_LEAN_AND_MEAN -DL_ENDIAN -D_CRT_SECURE_NO_DEPRECATE -DOPENSSL_USE_APPLINK -I. -DOPENSSL_NO_RC5 -DOPENSSL_NO_MD2 -DOPENSSL_NO_KRB5 -DOPENSSL_NO_JPAKE -DOPENSSL_NO_STATIC_ENGINE /Zi /Fdtmp32dll/lib -D_WINDLL  -DOPENSSL_BUILD_SHLIBSSL -c .\ssl\d1_meth.c
d1_meth.c
c:\program files (x86)\microsoft sdks\windows\v7.1a\include\sal_supp.h(57) : warning C4005: '__useHeader' : macro redefinition
        C:\Program Files (x86)\Microsoft Visual Studio 12.0\VC\include\sal.h(2886) : see previous definition of '__useHeader'
c:\program files (x86)\microsoft sdks\windows\v7.1a\include\specstrings_supp.h(77) : warning C4005: '__on_failure' : macro redefinition
        C:\Program Files (x86)\Microsoft Visual Studio 12.0\VC\include\sal.h(2896) : see previous definition of '__on_failure'
	cl /Fotmp32dll\d1_srvr.obj  -Iinc32 -Itmp32dll /MD /Ox /O2 /Ob2 -DOPENSSL_THREADS  -DDSO_WIN32 -W3 -Gs0 -GF -Gy -nologo -DOPENSSL_SYSNAME_WIN32 -DWIN32_LEAN_AND_MEAN -DL_ENDIAN -D_CRT_SECURE_NO_DEPRECATE -DOPENSSL_USE_APPLINK -I. -DOPENSSL_NO_RC5 -DOPENSSL_NO_MD2 -DOPENSSL_NO_KRB5 -DOPENSSL_NO_JPAKE -DOPENSSL_NO_STATIC_ENGINE /Zi /Fdtmp32dll/lib -D_WINDLL  -DOPENSSL_BUILD_SHLIBSSL -c .\ssl\d1_srvr.c
d1_srvr.c
c:\program files (x86)\microsoft sdks\windows\v7.1a\include\sal_supp.h(57) : warning C4005: '__useHeader' : macro redefinition
        C:\Program Files (x86)\Microsoft Visual Studio 12.0\VC\include\sal.h(2886) : see previous definition of '__useHeader'
c:\program files (x86)\microsoft sdks\windows\v7.1a\include\specstrings_supp.h(77) : warning C4005: '__on_failure' : macro redefinition
        C:\Program Files (x86)\Microsoft Visual Studio 12.0\VC\include\sal.h(2896) : see previous definition of '__on_failure'
	cl /Fotmp32dll\d1_clnt.obj  -Iinc32 -Itmp32dll /MD /Ox /O2 /Ob2 -DOPENSSL_THREADS  -DDSO_WIN32 -W3 -Gs0 -GF -Gy -nologo -DOPENSSL_SYSNAME_WIN32 -DWIN32_LEAN_AND_MEAN -DL_ENDIAN -D_CRT_SECURE_NO_DEPRECATE -DOPENSSL_USE_APPLINK -I. -DOPENSSL_NO_RC5 -DOPENSSL_NO_MD2 -DOPENSSL_NO_KRB5 -DOPENSSL_NO_JPAKE -DOPENSSL_NO_STATIC_ENGINE /Zi /Fdtmp32dll/lib -D_WINDLL  -DOPENSSL_BUILD_SHLIBSSL -c .\ssl\d1_clnt.c
d1_clnt.c
c:\program files (x86)\microsoft sdks\windows\v7.1a\include\sal_supp.h(57) : warning C4005: '__useHeader' : macro redefinition
        C:\Program Files (x86)\Microsoft Visual Studio 12.0\VC\include\sal.h(2886) : see previous definition of '__useHeader'
c:\program files (x86)\microsoft sdks\windows\v7.1a\include\specstrings_supp.h(77) : warning C4005: '__on_failure' : macro redefinition
        C:\Program Files (x86)\Microsoft Visual Studio 12.0\VC\include\sal.h(2896) : see previous definition of '__on_failure'
	cl /Fotmp32dll\d1_lib.obj  -Iinc32 -Itmp32dll /MD /Ox /O2 /Ob2 -DOPENSSL_THREADS  -DDSO_WIN32 -W3 -Gs0 -GF -Gy -nologo -DOPENSSL_SYSNAME_WIN32 -DWIN32_LEAN_AND_MEAN -DL_ENDIAN -D_CRT_SECURE_NO_DEPRECATE -DOPENSSL_USE_APPLINK -I. -DOPENSSL_NO_RC5 -DOPENSSL_NO_MD2 -DOPENSSL_NO_KRB5 -DOPENSSL_NO_JPAKE -DOPENSSL_NO_STATIC_ENGINE /Zi /Fdtmp32dll/lib -D_WINDLL  -DOPENSSL_BUILD_SHLIBSSL -c .\ssl\d1_lib.c
d1_lib.c
c:\program files (x86)\microsoft sdks\windows\v7.1a\include\sal_supp.h(57) : warning C4005: '__useHeader' : macro redefinition
        C:\Program Files (x86)\Microsoft Visual Studio 12.0\VC\include\sal.h(2886) : see previous definition of '__useHeader'
c:\program files (x86)\microsoft sdks\windows\v7.1a\include\specstrings_supp.h(77) : warning C4005: '__on_failure' : macro redefinition
        C:\Program Files (x86)\Microsoft Visual Studio 12.0\VC\include\sal.h(2896) : see previous definition of '__on_failure'
	cl /Fotmp32dll\d1_pkt.obj  -Iinc32 -Itmp32dll /MD /Ox /O2 /Ob2 -DOPENSSL_THREADS  -DDSO_WIN32 -W3 -Gs0 -GF -Gy -nologo -DOPENSSL_SYSNAME_WIN32 -DWIN32_LEAN_AND_MEAN -DL_ENDIAN -D_CRT_SECURE_NO_DEPRECATE -DOPENSSL_USE_APPLINK -I. -DOPENSSL_NO_RC5 -DOPENSSL_NO_MD2 -DOPENSSL_NO_KRB5 -DOPENSSL_NO_JPAKE -DOPENSSL_NO_STATIC_ENGINE /Zi /Fdtmp32dll/lib -D_WINDLL  -DOPENSSL_BUILD_SHLIBSSL -c .\ssl\d1_pkt.c
d1_pkt.c
c:\program files (x86)\microsoft sdks\windows\v7.1a\include\sal_supp.h(57) : warning C4005: '__useHeader' : macro redefinition
        C:\Program Files (x86)\Microsoft Visual Studio 12.0\VC\include\sal.h(2886) : see previous definition of '__useHeader'
c:\program files (x86)\microsoft sdks\windows\v7.1a\include\specstrings_supp.h(77) : warning C4005: '__on_failure' : macro redefinition
        C:\Program Files (x86)\Microsoft Visual Studio 12.0\VC\include\sal.h(2896) : see previous definition of '__on_failure'
	cl /Fotmp32dll\d1_both.obj  -Iinc32 -Itmp32dll /MD /Ox /O2 /Ob2 -DOPENSSL_THREADS  -DDSO_WIN32 -W3 -Gs0 -GF -Gy -nologo -DOPENSSL_SYSNAME_WIN32 -DWIN32_LEAN_AND_MEAN -DL_ENDIAN -D_CRT_SECURE_NO_DEPRECATE -DOPENSSL_USE_APPLINK -I. -DOPENSSL_NO_RC5 -DOPENSSL_NO_MD2 -DOPENSSL_NO_KRB5 -DOPENSSL_NO_JPAKE -DOPENSSL_NO_STATIC_ENGINE /Zi /Fdtmp32dll/lib -D_WINDLL  -DOPENSSL_BUILD_SHLIBSSL -c .\ssl\d1_both.c
d1_both.c
c:\program files (x86)\microsoft sdks\windows\v7.1a\include\sal_supp.h(57) : warning C4005: '__useHeader' : macro redefinition
        C:\Program Files (x86)\Microsoft Visual Studio 12.0\VC\include\sal.h(2886) : see previous definition of '__useHeader'
c:\program files (x86)\microsoft sdks\windows\v7.1a\include\specstrings_supp.h(77) : warning C4005: '__on_failure' : macro redefinition
        C:\Program Files (x86)\Microsoft Visual Studio 12.0\VC\include\sal.h(2896) : see previous definition of '__on_failure'
	cl /Fotmp32dll\d1_srtp.obj  -Iinc32 -Itmp32dll /MD /Ox /O2 /Ob2 -DOPENSSL_THREADS  -DDSO_WIN32 -W3 -Gs0 -GF -Gy -nologo -DOPENSSL_SYSNAME_WIN32 -DWIN32_LEAN_AND_MEAN -DL_ENDIAN -D_CRT_SECURE_NO_DEPRECATE -DOPENSSL_USE_APPLINK -I. -DOPENSSL_NO_RC5 -DOPENSSL_NO_MD2 -DOPENSSL_NO_KRB5 -DOPENSSL_NO_JPAKE -DOPENSSL_NO_STATIC_ENGINE /Zi /Fdtmp32dll/lib -D_WINDLL  -DOPENSSL_BUILD_SHLIBSSL -c .\ssl\d1_srtp.c
d1_srtp.c
c:\program files (x86)\microsoft sdks\windows\v7.1a\include\sal_supp.h(57) : warning C4005: '__useHeader' : macro redefinition
        C:\Program Files (x86)\Microsoft Visual Studio 12.0\VC\include\sal.h(2886) : see previous definition of '__useHeader'
c:\program files (x86)\microsoft sdks\windows\v7.1a\include\specstrings_supp.h(77) : warning C4005: '__on_failure' : macro redefinition
        C:\Program Files (x86)\Microsoft Visual Studio 12.0\VC\include\sal.h(2896) : see previous definition of '__on_failure'
	cl /Fotmp32dll\ssl_lib.obj  -Iinc32 -Itmp32dll /MD /Ox /O2 /Ob2 -DOPENSSL_THREADS  -DDSO_WIN32 -W3 -Gs0 -GF -Gy -nologo -DOPENSSL_SYSNAME_WIN32 -DWIN32_LEAN_AND_MEAN -DL_ENDIAN -D_CRT_SECURE_NO_DEPRECATE -DOPENSSL_USE_APPLINK -I. -DOPENSSL_NO_RC5 -DOPENSSL_NO_MD2 -DOPENSSL_NO_KRB5 -DOPENSSL_NO_JPAKE -DOPENSSL_NO_STATIC_ENGINE /Zi /Fdtmp32dll/lib -D_WINDLL  -DOPENSSL_BUILD_SHLIBSSL -c .\ssl\ssl_lib.c
ssl_lib.c
c:\program files (x86)\microsoft sdks\windows\v7.1a\include\sal_supp.h(57) : warning C4005: '__useHeader' : macro redefinition
        C:\Program Files (x86)\Microsoft Visual Studio 12.0\VC\include\sal.h(2886) : see previous definition of '__useHeader'
c:\program files (x86)\microsoft sdks\windows\v7.1a\include\specstrings_supp.h(77) : warning C4005: '__on_failure' : macro redefinition
        C:\Program Files (x86)\Microsoft Visual Studio 12.0\VC\include\sal.h(2896) : see previous definition of '__on_failure'
	cl /Fotmp32dll\ssl_err2.obj  -Iinc32 -Itmp32dll /MD /Ox /O2 /Ob2 -DOPENSSL_THREADS  -DDSO_WIN32 -W3 -Gs0 -GF -Gy -nologo -DOPENSSL_SYSNAME_WIN32 -DWIN32_LEAN_AND_MEAN -DL_ENDIAN -D_CRT_SECURE_NO_DEPRECATE -DOPENSSL_USE_APPLINK -I. -DOPENSSL_NO_RC5 -DOPENSSL_NO_MD2 -DOPENSSL_NO_KRB5 -DOPENSSL_NO_JPAKE -DOPENSSL_NO_STATIC_ENGINE /Zi /Fdtmp32dll/lib -D_WINDLL  -DOPENSSL_BUILD_SHLIBSSL -c .\ssl\ssl_err2.c
ssl_err2.c
c:\program files (x86)\microsoft sdks\windows\v7.1a\include\sal_supp.h(57) : warning C4005: '__useHeader' : macro redefinition
        C:\Program Files (x86)\Microsoft Visual Studio 12.0\VC\include\sal.h(2886) : see previous definition of '__useHeader'
c:\program files (x86)\microsoft sdks\windows\v7.1a\include\specstrings_supp.h(77) : warning C4005: '__on_failure' : macro redefinition
        C:\Program Files (x86)\Microsoft Visual Studio 12.0\VC\include\sal.h(2896) : see previous definition of '__on_failure'
	cl /Fotmp32dll\ssl_cert.obj  -Iinc32 -Itmp32dll /MD /Ox /O2 /Ob2 -DOPENSSL_THREADS  -DDSO_WIN32 -W3 -Gs0 -GF -Gy -nologo -DOPENSSL_SYSNAME_WIN32 -DWIN32_LEAN_AND_MEAN -DL_ENDIAN -D_CRT_SECURE_NO_DEPRECATE -DOPENSSL_USE_APPLINK -I. -DOPENSSL_NO_RC5 -DOPENSSL_NO_MD2 -DOPENSSL_NO_KRB5 -DOPENSSL_NO_JPAKE -DOPENSSL_NO_STATIC_ENGINE /Zi /Fdtmp32dll/lib -D_WINDLL  -DOPENSSL_BUILD_SHLIBSSL -c .\ssl\ssl_cert.c
ssl_cert.c
c:\program files (x86)\microsoft sdks\windows\v7.1a\include\sal_supp.h(57) : warning C4005: '__useHeader' : macro redefinition
        C:\Program Files (x86)\Microsoft Visual Studio 12.0\VC\include\sal.h(2886) : see previous definition of '__useHeader'
c:\program files (x86)\microsoft sdks\windows\v7.1a\include\specstrings_supp.h(77) : warning C4005: '__on_failure' : macro redefinition
        C:\Program Files (x86)\Microsoft Visual Studio 12.0\VC\include\sal.h(2896) : see previous definition of '__on_failure'
	cl /Fotmp32dll\ssl_sess.obj  -Iinc32 -Itmp32dll /MD /Ox /O2 /Ob2 -DOPENSSL_THREADS  -DDSO_WIN32 -W3 -Gs0 -GF -Gy -nologo -DOPENSSL_SYSNAME_WIN32 -DWIN32_LEAN_AND_MEAN -DL_ENDIAN -D_CRT_SECURE_NO_DEPRECATE -DOPENSSL_USE_APPLINK -I. -DOPENSSL_NO_RC5 -DOPENSSL_NO_MD2 -DOPENSSL_NO_KRB5 -DOPENSSL_NO_JPAKE -DOPENSSL_NO_STATIC_ENGINE /Zi /Fdtmp32dll/lib -D_WINDLL  -DOPENSSL_BUILD_SHLIBSSL -c .\ssl\ssl_sess.c
ssl_sess.c
c:\program files (x86)\microsoft sdks\windows\v7.1a\include\sal_supp.h(57) : warning C4005: '__useHeader' : macro redefinition
        C:\Program Files (x86)\Microsoft Visual Studio 12.0\VC\include\sal.h(2886) : see previous definition of '__useHeader'
c:\program files (x86)\microsoft sdks\windows\v7.1a\include\specstrings_supp.h(77) : warning C4005: '__on_failure' : macro redefinition
        C:\Program Files (x86)\Microsoft Visual Studio 12.0\VC\include\sal.h(2896) : see previous definition of '__on_failure'
	cl /Fotmp32dll\ssl_ciph.obj  -Iinc32 -Itmp32dll /MD /Ox /O2 /Ob2 -DOPENSSL_THREADS  -DDSO_WIN32 -W3 -Gs0 -GF -Gy -nologo -DOPENSSL_SYSNAME_WIN32 -DWIN32_LEAN_AND_MEAN -DL_ENDIAN -D_CRT_SECURE_NO_DEPRECATE -DOPENSSL_USE_APPLINK -I. -DOPENSSL_NO_RC5 -DOPENSSL_NO_MD2 -DOPENSSL_NO_KRB5 -DOPENSSL_NO_JPAKE -DOPENSSL_NO_STATIC_ENGINE /Zi /Fdtmp32dll/lib -D_WINDLL  -DOPENSSL_BUILD_SHLIBSSL -c .\ssl\ssl_ciph.c
ssl_ciph.c
c:\program files (x86)\microsoft sdks\windows\v7.1a\include\sal_supp.h(57) : warning C4005: '__useHeader' : macro redefinition
        C:\Program Files (x86)\Microsoft Visual Studio 12.0\VC\include\sal.h(2886) : see previous definition of '__useHeader'
c:\program files (x86)\microsoft sdks\windows\v7.1a\include\specstrings_supp.h(77) : warning C4005: '__on_failure' : macro redefinition
        C:\Program Files (x86)\Microsoft Visual Studio 12.0\VC\include\sal.h(2896) : see previous definition of '__on_failure'
	cl /Fotmp32dll\ssl_stat.obj  -Iinc32 -Itmp32dll /MD /Ox /O2 /Ob2 -DOPENSSL_THREADS  -DDSO_WIN32 -W3 -Gs0 -GF -Gy -nologo -DOPENSSL_SYSNAME_WIN32 -DWIN32_LEAN_AND_MEAN -DL_ENDIAN -D_CRT_SECURE_NO_DEPRECATE -DOPENSSL_USE_APPLINK -I. -DOPENSSL_NO_RC5 -DOPENSSL_NO_MD2 -DOPENSSL_NO_KRB5 -DOPENSSL_NO_JPAKE -DOPENSSL_NO_STATIC_ENGINE /Zi /Fdtmp32dll/lib -D_WINDLL  -DOPENSSL_BUILD_SHLIBSSL -c .\ssl\ssl_stat.c
ssl_stat.c
c:\program files (x86)\microsoft sdks\windows\v7.1a\include\sal_supp.h(57) : warning C4005: '__useHeader' : macro redefinition
        C:\Program Files (x86)\Microsoft Visual Studio 12.0\VC\include\sal.h(2886) : see previous definition of '__useHeader'
c:\program files (x86)\microsoft sdks\windows\v7.1a\include\specstrings_supp.h(77) : warning C4005: '__on_failure' : macro redefinition
        C:\Program Files (x86)\Microsoft Visual Studio 12.0\VC\include\sal.h(2896) : see previous definition of '__on_failure'
	cl /Fotmp32dll\ssl_rsa.obj  -Iinc32 -Itmp32dll /MD /Ox /O2 /Ob2 -DOPENSSL_THREADS  -DDSO_WIN32 -W3 -Gs0 -GF -Gy -nologo -DOPENSSL_SYSNAME_WIN32 -DWIN32_LEAN_AND_MEAN -DL_ENDIAN -D_CRT_SECURE_NO_DEPRECATE -DOPENSSL_USE_APPLINK -I. -DOPENSSL_NO_RC5 -DOPENSSL_NO_MD2 -DOPENSSL_NO_KRB5 -DOPENSSL_NO_JPAKE -DOPENSSL_NO_STATIC_ENGINE /Zi /Fdtmp32dll/lib -D_WINDLL  -DOPENSSL_BUILD_SHLIBSSL -c .\ssl\ssl_rsa.c
ssl_rsa.c
c:\program files (x86)\microsoft sdks\windows\v7.1a\include\sal_supp.h(57) : warning C4005: '__useHeader' : macro redefinition
        C:\Program Files (x86)\Microsoft Visual Studio 12.0\VC\include\sal.h(2886) : see previous definition of '__useHeader'
c:\program files (x86)\microsoft sdks\windows\v7.1a\include\specstrings_supp.h(77) : warning C4005: '__on_failure' : macro redefinition
        C:\Program Files (x86)\Microsoft Visual Studio 12.0\VC\include\sal.h(2896) : see previous definition of '__on_failure'
	cl /Fotmp32dll\ssl_asn1.obj  -Iinc32 -Itmp32dll /MD /Ox /O2 /Ob2 -DOPENSSL_THREADS  -DDSO_WIN32 -W3 -Gs0 -GF -Gy -nologo -DOPENSSL_SYSNAME_WIN32 -DWIN32_LEAN_AND_MEAN -DL_ENDIAN -D_CRT_SECURE_NO_DEPRECATE -DOPENSSL_USE_APPLINK -I. -DOPENSSL_NO_RC5 -DOPENSSL_NO_MD2 -DOPENSSL_NO_KRB5 -DOPENSSL_NO_JPAKE -DOPENSSL_NO_STATIC_ENGINE /Zi /Fdtmp32dll/lib -D_WINDLL  -DOPENSSL_BUILD_SHLIBSSL -c .\ssl\ssl_asn1.c
ssl_asn1.c
c:\program files (x86)\microsoft sdks\windows\v7.1a\include\sal_supp.h(57) : warning C4005: '__useHeader' : macro redefinition
        C:\Program Files (x86)\Microsoft Visual Studio 12.0\VC\include\sal.h(2886) : see previous definition of '__useHeader'
c:\program files (x86)\microsoft sdks\windows\v7.1a\include\specstrings_supp.h(77) : warning C4005: '__on_failure' : macro redefinition
        C:\Program Files (x86)\Microsoft Visual Studio 12.0\VC\include\sal.h(2896) : see previous definition of '__on_failure'
	cl /Fotmp32dll\ssl_txt.obj  -Iinc32 -Itmp32dll /MD /Ox /O2 /Ob2 -DOPENSSL_THREADS  -DDSO_WIN32 -W3 -Gs0 -GF -Gy -nologo -DOPENSSL_SYSNAME_WIN32 -DWIN32_LEAN_AND_MEAN -DL_ENDIAN -D_CRT_SECURE_NO_DEPRECATE -DOPENSSL_USE_APPLINK -I. -DOPENSSL_NO_RC5 -DOPENSSL_NO_MD2 -DOPENSSL_NO_KRB5 -DOPENSSL_NO_JPAKE -DOPENSSL_NO_STATIC_ENGINE /Zi /Fdtmp32dll/lib -D_WINDLL  -DOPENSSL_BUILD_SHLIBSSL -c .\ssl\ssl_txt.c
ssl_txt.c
c:\program files (x86)\microsoft sdks\windows\v7.1a\include\sal_supp.h(57) : warning C4005: '__useHeader' : macro redefinition
        C:\Program Files (x86)\Microsoft Visual Studio 12.0\VC\include\sal.h(2886) : see previous definition of '__useHeader'
c:\program files (x86)\microsoft sdks\windows\v7.1a\include\specstrings_supp.h(77) : warning C4005: '__on_failure' : macro redefinition
        C:\Program Files (x86)\Microsoft Visual Studio 12.0\VC\include\sal.h(2896) : see previous definition of '__on_failure'
	cl /Fotmp32dll\ssl_algs.obj  -Iinc32 -Itmp32dll /MD /Ox /O2 /Ob2 -DOPENSSL_THREADS  -DDSO_WIN32 -W3 -Gs0 -GF -Gy -nologo -DOPENSSL_SYSNAME_WIN32 -DWIN32_LEAN_AND_MEAN -DL_ENDIAN -D_CRT_SECURE_NO_DEPRECATE -DOPENSSL_USE_APPLINK -I. -DOPENSSL_NO_RC5 -DOPENSSL_NO_MD2 -DOPENSSL_NO_KRB5 -DOPENSSL_NO_JPAKE -DOPENSSL_NO_STATIC_ENGINE /Zi /Fdtmp32dll/lib -D_WINDLL  -DOPENSSL_BUILD_SHLIBSSL -c .\ssl\ssl_algs.c
ssl_algs.c
c:\program files (x86)\microsoft sdks\windows\v7.1a\include\sal_supp.h(57) : warning C4005: '__useHeader' : macro redefinition
        C:\Program Files (x86)\Microsoft Visual Studio 12.0\VC\include\sal.h(2886) : see previous definition of '__useHeader'
c:\program files (x86)\microsoft sdks\windows\v7.1a\include\specstrings_supp.h(77) : warning C4005: '__on_failure' : macro redefinition
        C:\Program Files (x86)\Microsoft Visual Studio 12.0\VC\include\sal.h(2896) : see previous definition of '__on_failure'
	cl /Fotmp32dll\ssl_conf.obj  -Iinc32 -Itmp32dll /MD /Ox /O2 /Ob2 -DOPENSSL_THREADS  -DDSO_WIN32 -W3 -Gs0 -GF -Gy -nologo -DOPENSSL_SYSNAME_WIN32 -DWIN32_LEAN_AND_MEAN -DL_ENDIAN -D_CRT_SECURE_NO_DEPRECATE -DOPENSSL_USE_APPLINK -I. -DOPENSSL_NO_RC5 -DOPENSSL_NO_MD2 -DOPENSSL_NO_KRB5 -DOPENSSL_NO_JPAKE -DOPENSSL_NO_STATIC_ENGINE /Zi /Fdtmp32dll/lib -D_WINDLL  -DOPENSSL_BUILD_SHLIBSSL -c .\ssl\ssl_conf.c
ssl_conf.c
c:\program files (x86)\microsoft sdks\windows\v7.1a\include\sal_supp.h(57) : warning C4005: '__useHeader' : macro redefinition
        C:\Program Files (x86)\Microsoft Visual Studio 12.0\VC\include\sal.h(2886) : see previous definition of '__useHeader'
c:\program files (x86)\microsoft sdks\windows\v7.1a\include\specstrings_supp.h(77) : warning C4005: '__on_failure' : macro redefinition
        C:\Program Files (x86)\Microsoft Visual Studio 12.0\VC\include\sal.h(2896) : see previous definition of '__on_failure'
	cl /Fotmp32dll\bio_ssl.obj  -Iinc32 -Itmp32dll /MD /Ox /O2 /Ob2 -DOPENSSL_THREADS  -DDSO_WIN32 -W3 -Gs0 -GF -Gy -nologo -DOPENSSL_SYSNAME_WIN32 -DWIN32_LEAN_AND_MEAN -DL_ENDIAN -D_CRT_SECURE_NO_DEPRECATE -DOPENSSL_USE_APPLINK -I. -DOPENSSL_NO_RC5 -DOPENSSL_NO_MD2 -DOPENSSL_NO_KRB5 -DOPENSSL_NO_JPAKE -DOPENSSL_NO_STATIC_ENGINE /Zi /Fdtmp32dll/lib -D_WINDLL  -DOPENSSL_BUILD_SHLIBSSL -c .\ssl\bio_ssl.c
bio_ssl.c
c:\program files (x86)\microsoft sdks\windows\v7.1a\include\sal_supp.h(57) : warning C4005: '__useHeader' : macro redefinition
        C:\Program Files (x86)\Microsoft Visual Studio 12.0\VC\include\sal.h(2886) : see previous definition of '__useHeader'
c:\program files (x86)\microsoft sdks\windows\v7.1a\include\specstrings_supp.h(77) : warning C4005: '__on_failure' : macro redefinition
        C:\Program Files (x86)\Microsoft Visual Studio 12.0\VC\include\sal.h(2896) : see previous definition of '__on_failure'
	cl /Fotmp32dll\ssl_err.obj  -Iinc32 -Itmp32dll /MD /Ox /O2 /Ob2 -DOPENSSL_THREADS  -DDSO_WIN32 -W3 -Gs0 -GF -Gy -nologo -DOPENSSL_SYSNAME_WIN32 -DWIN32_LEAN_AND_MEAN -DL_ENDIAN -D_CRT_SECURE_NO_DEPRECATE -DOPENSSL_USE_APPLINK -I. -DOPENSSL_NO_RC5 -DOPENSSL_NO_MD2 -DOPENSSL_NO_KRB5 -DOPENSSL_NO_JPAKE -DOPENSSL_NO_STATIC_ENGINE /Zi /Fdtmp32dll/lib -D_WINDLL  -DOPENSSL_BUILD_SHLIBSSL -c .\ssl\ssl_err.c
ssl_err.c
c:\program files (x86)\microsoft sdks\windows\v7.1a\include\sal_supp.h(57) : warning C4005: '__useHeader' : macro redefinition
        C:\Program Files (x86)\Microsoft Visual Studio 12.0\VC\include\sal.h(2886) : see previous definition of '__useHeader'
c:\program files (x86)\microsoft sdks\windows\v7.1a\include\specstrings_supp.h(77) : warning C4005: '__on_failure' : macro redefinition
        C:\Program Files (x86)\Microsoft Visual Studio 12.0\VC\include\sal.h(2896) : see previous definition of '__on_failure'
	cl /Fotmp32dll\kssl.obj  -Iinc32 -Itmp32dll /MD /Ox /O2 /Ob2 -DOPENSSL_THREADS  -DDSO_WIN32 -W3 -Gs0 -GF -Gy -nologo -DOPENSSL_SYSNAME_WIN32 -DWIN32_LEAN_AND_MEAN -DL_ENDIAN -D_CRT_SECURE_NO_DEPRECATE -DOPENSSL_USE_APPLINK -I. -DOPENSSL_NO_RC5 -DOPENSSL_NO_MD2 -DOPENSSL_NO_KRB5 -DOPENSSL_NO_JPAKE -DOPENSSL_NO_STATIC_ENGINE /Zi /Fdtmp32dll/lib -D_WINDLL  -DOPENSSL_BUILD_SHLIBSSL -c .\ssl\kssl.c
kssl.c
c:\program files (x86)\microsoft sdks\windows\v7.1a\include\sal_supp.h(57) : warning C4005: '__useHeader' : macro redefinition
        C:\Program Files (x86)\Microsoft Visual Studio 12.0\VC\include\sal.h(2886) : see previous definition of '__useHeader'
c:\program files (x86)\microsoft sdks\windows\v7.1a\include\specstrings_supp.h(77) : warning C4005: '__on_failure' : macro redefinition
        C:\Program Files (x86)\Microsoft Visual Studio 12.0\VC\include\sal.h(2896) : see previous definition of '__on_failure'
	cl /Fotmp32dll\t1_reneg.obj  -Iinc32 -Itmp32dll /MD /Ox /O2 /Ob2 -DOPENSSL_THREADS  -DDSO_WIN32 -W3 -Gs0 -GF -Gy -nologo -DOPENSSL_SYSNAME_WIN32 -DWIN32_LEAN_AND_MEAN -DL_ENDIAN -D_CRT_SECURE_NO_DEPRECATE -DOPENSSL_USE_APPLINK -I. -DOPENSSL_NO_RC5 -DOPENSSL_NO_MD2 -DOPENSSL_NO_KRB5 -DOPENSSL_NO_JPAKE -DOPENSSL_NO_STATIC_ENGINE /Zi /Fdtmp32dll/lib -D_WINDLL  -DOPENSSL_BUILD_SHLIBSSL -c .\ssl\t1_reneg.c
t1_reneg.c
c:\program files (x86)\microsoft sdks\windows\v7.1a\include\sal_supp.h(57) : warning C4005: '__useHeader' : macro redefinition
        C:\Program Files (x86)\Microsoft Visual Studio 12.0\VC\include\sal.h(2886) : see previous definition of '__useHeader'
c:\program files (x86)\microsoft sdks\windows\v7.1a\include\specstrings_supp.h(77) : warning C4005: '__on_failure' : macro redefinition
        C:\Program Files (x86)\Microsoft Visual Studio 12.0\VC\include\sal.h(2896) : see previous definition of '__on_failure'
	cl /Fotmp32dll\tls_srp.obj  -Iinc32 -Itmp32dll /MD /Ox /O2 /Ob2 -DOPENSSL_THREADS  -DDSO_WIN32 -W3 -Gs0 -GF -Gy -nologo -DOPENSSL_SYSNAME_WIN32 -DWIN32_LEAN_AND_MEAN -DL_ENDIAN -D_CRT_SECURE_NO_DEPRECATE -DOPENSSL_USE_APPLINK -I. -DOPENSSL_NO_RC5 -DOPENSSL_NO_MD2 -DOPENSSL_NO_KRB5 -DOPENSSL_NO_JPAKE -DOPENSSL_NO_STATIC_ENGINE /Zi /Fdtmp32dll/lib -D_WINDLL  -DOPENSSL_BUILD_SHLIBSSL -c .\ssl\tls_srp.c
tls_srp.c
c:\program files (x86)\microsoft sdks\windows\v7.1a\include\sal_supp.h(57) : warning C4005: '__useHeader' : macro redefinition
        C:\Program Files (x86)\Microsoft Visual Studio 12.0\VC\include\sal.h(2886) : see previous definition of '__useHeader'
c:\program files (x86)\microsoft sdks\windows\v7.1a\include\specstrings_supp.h(77) : warning C4005: '__on_failure' : macro redefinition
        C:\Program Files (x86)\Microsoft Visual Studio 12.0\VC\include\sal.h(2896) : see previous definition of '__on_failure'
	cl /Fotmp32dll\t1_trce.obj  -Iinc32 -Itmp32dll /MD /Ox /O2 /Ob2 -DOPENSSL_THREADS  -DDSO_WIN32 -W3 -Gs0 -GF -Gy -nologo -DOPENSSL_SYSNAME_WIN32 -DWIN32_LEAN_AND_MEAN -DL_ENDIAN -D_CRT_SECURE_NO_DEPRECATE -DOPENSSL_USE_APPLINK -I. -DOPENSSL_NO_RC5 -DOPENSSL_NO_MD2 -DOPENSSL_NO_KRB5 -DOPENSSL_NO_JPAKE -DOPENSSL_NO_STATIC_ENGINE /Zi /Fdtmp32dll/lib -D_WINDLL  -DOPENSSL_BUILD_SHLIBSSL -c .\ssl\t1_trce.c
t1_trce.c
c:\program files (x86)\microsoft sdks\windows\v7.1a\include\sal_supp.h(57) : warning C4005: '__useHeader' : macro redefinition
        C:\Program Files (x86)\Microsoft Visual Studio 12.0\VC\include\sal.h(2886) : see previous definition of '__useHeader'
c:\program files (x86)\microsoft sdks\windows\v7.1a\include\specstrings_supp.h(77) : warning C4005: '__on_failure' : macro redefinition
        C:\Program Files (x86)\Microsoft Visual Studio 12.0\VC\include\sal.h(2896) : see previous definition of '__on_failure'
	cl /Fotmp32dll\ssl_utst.obj  -Iinc32 -Itmp32dll /MD /Ox /O2 /Ob2 -DOPENSSL_THREADS  -DDSO_WIN32 -W3 -Gs0 -GF -Gy -nologo -DOPENSSL_SYSNAME_WIN32 -DWIN32_LEAN_AND_MEAN -DL_ENDIAN -D_CRT_SECURE_NO_DEPRECATE -DOPENSSL_USE_APPLINK -I. -DOPENSSL_NO_RC5 -DOPENSSL_NO_MD2 -DOPENSSL_NO_KRB5 -DOPENSSL_NO_JPAKE -DOPENSSL_NO_STATIC_ENGINE /Zi /Fdtmp32dll/lib -D_WINDLL  -DOPENSSL_BUILD_SHLIBSSL -c .\ssl\ssl_utst.c
ssl_utst.c
c:\program files (x86)\microsoft sdks\windows\v7.1a\include\sal_supp.h(57) : warning C4005: '__useHeader' : macro redefinition
        C:\Program Files (x86)\Microsoft Visual Studio 12.0\VC\include\sal.h(2886) : see previous definition of '__useHeader'
c:\program files (x86)\microsoft sdks\windows\v7.1a\include\specstrings_supp.h(77) : warning C4005: '__on_failure' : macro redefinition
        C:\Program Files (x86)\Microsoft Visual Studio 12.0\VC\include\sal.h(2896) : see previous definition of '__on_failure'
	rc /fo"tmp32dll\ssleay32.res" /d SSL ms\version32.rc
Microsoft (R) Windows (R) Resource Compiler Version 6.3.9600.17336
Copyright (C) Microsoft Corporation.  All rights reserved.

C:\Program Files (x86)\Microsoft Visual Studio 12.0\VC\include\sal.h(2886) : warning RC4005: '__useHeader' : redefinition
C:\Program Files (x86)\Microsoft Visual Studio 12.0\VC\include\sal.h(2896) : warning RC4005: '__on_failure' : redefinition
	link /nologo /subsystem:console /opt:ref /debug /dll /out:out32dll\ssleay32.dll /def:ms/SSLEAY32.def @C:\Users\rranft\AppData\Local\Temp\nm3398.tmp
   Creating library out32dll\ssleay32.lib and object out32dll\ssleay32.exp
	IF EXIST out32dll\ssleay32.dll.manifest mt -nologo -manifest out32dll\ssleay32.dll.manifest -outputresource:out32dll\ssleay32.dll;2
	cl /Fotmp32dll\applink.obj -Iinc32 -Itmp32dll /MD /Ox /O2 /Ob2 -DOPENSSL_THREADS  -DDSO_WIN32 -W3 -Gs0 -GF -Gy -nologo -DOPENSSL_SYSNAME_WIN32 -DWIN32_LEAN_AND_MEAN -DL_ENDIAN -D_CRT_SECURE_NO_DEPRECATE -DOPENSSL_USE_APPLINK -I. -DOPENSSL_NO_RC5 -DOPENSSL_NO_MD2 -DOPENSSL_NO_KRB5 -DOPENSSL_NO_JPAKE -DOPENSSL_NO_STATIC_ENGINE /Zi /Fdtmp32dll/app -c ms\applink.c
applink.c
	cl /Fotmp32dll\e_4758cca.obj  -Iinc32 -Itmp32dll /MD /Ox /O2 /Ob2 -DOPENSSL_THREADS  -DDSO_WIN32 -W3 -Gs0 -GF -Gy -nologo -DOPENSSL_SYSNAME_WIN32 -DWIN32_LEAN_AND_MEAN -DL_ENDIAN -D_CRT_SECURE_NO_DEPRECATE -DOPENSSL_USE_APPLINK -I. -DOPENSSL_NO_RC5 -DOPENSSL_NO_MD2 -DOPENSSL_NO_KRB5 -DOPENSSL_NO_JPAKE -DOPENSSL_NO_STATIC_ENGINE /Zi /Fdtmp32dll/lib -D_WINDLL  -DOPENSSL_BUILD_SHLIBCRYPTO -c .\engines\e_4758cca.c
e_4758cca.c
c:\program files (x86)\microsoft sdks\windows\v7.1a\include\sal_supp.h(57) : warning C4005: '__useHeader' : macro redefinition
        C:\Program Files (x86)\Microsoft Visual Studio 12.0\VC\include\sal.h(2886) : see previous definition of '__useHeader'
c:\program files (x86)\microsoft sdks\windows\v7.1a\include\specstrings_supp.h(77) : warning C4005: '__on_failure' : macro redefinition
        C:\Program Files (x86)\Microsoft Visual Studio 12.0\VC\include\sal.h(2896) : see previous definition of '__on_failure'
	link /nologo /subsystem:console /opt:ref /debug /dll /out:out32dll\4758cca.dll  @C:\Users\rranft\AppData\Local\Temp\nm3637.tmp
   Creating library out32dll\4758cca.lib and object out32dll\4758cca.exp
	IF EXIST out32dll\4758cca.dll.manifest mt -nologo -manifest out32dll\4758cca.dll.manifest -outputresource:out32dll\4758cca.dll;2
	cl /Fotmp32dll\e_aep.obj  -Iinc32 -Itmp32dll /MD /Ox /O2 /Ob2 -DOPENSSL_THREADS  -DDSO_WIN32 -W3 -Gs0 -GF -Gy -nologo -DOPENSSL_SYSNAME_WIN32 -DWIN32_LEAN_AND_MEAN -DL_ENDIAN -D_CRT_SECURE_NO_DEPRECATE -DOPENSSL_USE_APPLINK -I. -DOPENSSL_NO_RC5 -DOPENSSL_NO_MD2 -DOPENSSL_NO_KRB5 -DOPENSSL_NO_JPAKE -DOPENSSL_NO_STATIC_ENGINE /Zi /Fdtmp32dll/lib -D_WINDLL  -DOPENSSL_BUILD_SHLIBCRYPTO -c .\engines\e_aep.c
e_aep.c
c:\program files (x86)\microsoft sdks\windows\v7.1a\include\sal_supp.h(57) : warning C4005: '__useHeader' : macro redefinition
        C:\Program Files (x86)\Microsoft Visual Studio 12.0\VC\include\sal.h(2886) : see previous definition of '__useHeader'
c:\program files (x86)\microsoft sdks\windows\v7.1a\include\specstrings_supp.h(77) : warning C4005: '__on_failure' : macro redefinition
        C:\Program Files (x86)\Microsoft Visual Studio 12.0\VC\include\sal.h(2896) : see previous definition of '__on_failure'
	link /nologo /subsystem:console /opt:ref /debug /dll /out:out32dll\aep.dll  @C:\Users\rranft\AppData\Local\Temp\nm37DE.tmp
   Creating library out32dll\aep.lib and object out32dll\aep.exp
	IF EXIST out32dll\aep.dll.manifest mt -nologo -manifest out32dll\aep.dll.manifest -outputresource:out32dll\aep.dll;2
	cl /Fotmp32dll\e_atalla.obj  -Iinc32 -Itmp32dll /MD /Ox /O2 /Ob2 -DOPENSSL_THREADS  -DDSO_WIN32 -W3 -Gs0 -GF -Gy -nologo -DOPENSSL_SYSNAME_WIN32 -DWIN32_LEAN_AND_MEAN -DL_ENDIAN -D_CRT_SECURE_NO_DEPRECATE -DOPENSSL_USE_APPLINK -I. -DOPENSSL_NO_RC5 -DOPENSSL_NO_MD2 -DOPENSSL_NO_KRB5 -DOPENSSL_NO_JPAKE -DOPENSSL_NO_STATIC_ENGINE /Zi /Fdtmp32dll/lib -D_WINDLL  -DOPENSSL_BUILD_SHLIBCRYPTO -c .\engines\e_atalla.c
e_atalla.c
c:\program files (x86)\microsoft sdks\windows\v7.1a\include\sal_supp.h(57) : warning C4005: '__useHeader' : macro redefinition
        C:\Program Files (x86)\Microsoft Visual Studio 12.0\VC\include\sal.h(2886) : see previous definition of '__useHeader'
c:\program files (x86)\microsoft sdks\windows\v7.1a\include\specstrings_supp.h(77) : warning C4005: '__on_failure' : macro redefinition
        C:\Program Files (x86)\Microsoft Visual Studio 12.0\VC\include\sal.h(2896) : see previous definition of '__on_failure'
	link /nologo /subsystem:console /opt:ref /debug /dll /out:out32dll\atalla.dll  @C:\Users\rranft\AppData\Local\Temp\nm3984.tmp
   Creating library out32dll\atalla.lib and object out32dll\atalla.exp
	IF EXIST out32dll\atalla.dll.manifest mt -nologo -manifest out32dll\atalla.dll.manifest -outputresource:out32dll\atalla.dll;2
	cl /Fotmp32dll\e_cswift.obj  -Iinc32 -Itmp32dll /MD /Ox /O2 /Ob2 -DOPENSSL_THREADS  -DDSO_WIN32 -W3 -Gs0 -GF -Gy -nologo -DOPENSSL_SYSNAME_WIN32 -DWIN32_LEAN_AND_MEAN -DL_ENDIAN -D_CRT_SECURE_NO_DEPRECATE -DOPENSSL_USE_APPLINK -I. -DOPENSSL_NO_RC5 -DOPENSSL_NO_MD2 -DOPENSSL_NO_KRB5 -DOPENSSL_NO_JPAKE -DOPENSSL_NO_STATIC_ENGINE /Zi /Fdtmp32dll/lib -D_WINDLL  -DOPENSSL_BUILD_SHLIBCRYPTO -c .\engines\e_cswift.c
e_cswift.c
c:\program files (x86)\microsoft sdks\windows\v7.1a\include\sal_supp.h(57) : warning C4005: '__useHeader' : macro redefinition
        C:\Program Files (x86)\Microsoft Visual Studio 12.0\VC\include\sal.h(2886) : see previous definition of '__useHeader'
c:\program files (x86)\microsoft sdks\windows\v7.1a\include\specstrings_supp.h(77) : warning C4005: '__on_failure' : macro redefinition
        C:\Program Files (x86)\Microsoft Visual Studio 12.0\VC\include\sal.h(2896) : see previous definition of '__on_failure'
	link /nologo /subsystem:console /opt:ref /debug /dll /out:out32dll\cswift.dll  @C:\Users\rranft\AppData\Local\Temp\nm3B2A.tmp
   Creating library out32dll\cswift.lib and object out32dll\cswift.exp
	IF EXIST out32dll\cswift.dll.manifest mt -nologo -manifest out32dll\cswift.dll.manifest -outputresource:out32dll\cswift.dll;2
	cl /Fotmp32dll\e_gmp.obj  -Iinc32 -Itmp32dll /MD /Ox /O2 /Ob2 -DOPENSSL_THREADS  -DDSO_WIN32 -W3 -Gs0 -GF -Gy -nologo -DOPENSSL_SYSNAME_WIN32 -DWIN32_LEAN_AND_MEAN -DL_ENDIAN -D_CRT_SECURE_NO_DEPRECATE -DOPENSSL_USE_APPLINK -I. -DOPENSSL_NO_RC5 -DOPENSSL_NO_MD2 -DOPENSSL_NO_KRB5 -DOPENSSL_NO_JPAKE -DOPENSSL_NO_STATIC_ENGINE /Zi /Fdtmp32dll/lib -D_WINDLL  -DOPENSSL_BUILD_SHLIBCRYPTO -c .\engines\e_gmp.c
e_gmp.c
c:\program files (x86)\microsoft sdks\windows\v7.1a\include\sal_supp.h(57) : warning C4005: '__useHeader' : macro redefinition
        C:\Program Files (x86)\Microsoft Visual Studio 12.0\VC\include\sal.h(2886) : see previous definition of '__useHeader'
c:\program files (x86)\microsoft sdks\windows\v7.1a\include\specstrings_supp.h(77) : warning C4005: '__on_failure' : macro redefinition
        C:\Program Files (x86)\Microsoft Visual Studio 12.0\VC\include\sal.h(2896) : see previous definition of '__on_failure'
	link /nologo /subsystem:console /opt:ref /debug /dll /out:out32dll\gmp.dll  @C:\Users\rranft\AppData\Local\Temp\nm3CC1.tmp
   Creating library out32dll\gmp.lib and object out32dll\gmp.exp
	IF EXIST out32dll\gmp.dll.manifest mt -nologo -manifest out32dll\gmp.dll.manifest -outputresource:out32dll\gmp.dll;2
	cl /Fotmp32dll\e_chil.obj  -Iinc32 -Itmp32dll /MD /Ox /O2 /Ob2 -DOPENSSL_THREADS  -DDSO_WIN32 -W3 -Gs0 -GF -Gy -nologo -DOPENSSL_SYSNAME_WIN32 -DWIN32_LEAN_AND_MEAN -DL_ENDIAN -D_CRT_SECURE_NO_DEPRECATE -DOPENSSL_USE_APPLINK -I. -DOPENSSL_NO_RC5 -DOPENSSL_NO_MD2 -DOPENSSL_NO_KRB5 -DOPENSSL_NO_JPAKE -DOPENSSL_NO_STATIC_ENGINE /Zi /Fdtmp32dll/lib -D_WINDLL  -DOPENSSL_BUILD_SHLIBCRYPTO -c .\engines\e_chil.c
e_chil.c
c:\program files (x86)\microsoft sdks\windows\v7.1a\include\sal_supp.h(57) : warning C4005: '__useHeader' : macro redefinition
        C:\Program Files (x86)\Microsoft Visual Studio 12.0\VC\include\sal.h(2886) : see previous definition of '__useHeader'
c:\program files (x86)\microsoft sdks\windows\v7.1a\include\specstrings_supp.h(77) : warning C4005: '__on_failure' : macro redefinition
        C:\Program Files (x86)\Microsoft Visual Studio 12.0\VC\include\sal.h(2896) : see previous definition of '__on_failure'
	link /nologo /subsystem:console /opt:ref /debug /dll /out:out32dll\chil.dll  @C:\Users\rranft\AppData\Local\Temp\nm3E67.tmp
   Creating library out32dll\chil.lib and object out32dll\chil.exp
	IF EXIST out32dll\chil.dll.manifest mt -nologo -manifest out32dll\chil.dll.manifest -outputresource:out32dll\chil.dll;2
	cl /Fotmp32dll\e_nuron.obj  -Iinc32 -Itmp32dll /MD /Ox /O2 /Ob2 -DOPENSSL_THREADS  -DDSO_WIN32 -W3 -Gs0 -GF -Gy -nologo -DOPENSSL_SYSNAME_WIN32 -DWIN32_LEAN_AND_MEAN -DL_ENDIAN -D_CRT_SECURE_NO_DEPRECATE -DOPENSSL_USE_APPLINK -I. -DOPENSSL_NO_RC5 -DOPENSSL_NO_MD2 -DOPENSSL_NO_KRB5 -DOPENSSL_NO_JPAKE -DOPENSSL_NO_STATIC_ENGINE /Zi /Fdtmp32dll/lib -D_WINDLL  -DOPENSSL_BUILD_SHLIBCRYPTO -c .\engines\e_nuron.c
e_nuron.c
c:\program files (x86)\microsoft sdks\windows\v7.1a\include\sal_supp.h(57) : warning C4005: '__useHeader' : macro redefinition
        C:\Program Files (x86)\Microsoft Visual Studio 12.0\VC\include\sal.h(2886) : see previous definition of '__useHeader'
c:\program files (x86)\microsoft sdks\windows\v7.1a\include\specstrings_supp.h(77) : warning C4005: '__on_failure' : macro redefinition
        C:\Program Files (x86)\Microsoft Visual Studio 12.0\VC\include\sal.h(2896) : see previous definition of '__on_failure'
	link /nologo /subsystem:console /opt:ref /debug /dll /out:out32dll\nuron.dll  @C:\Users\rranft\AppData\Local\Temp\nm401D.tmp
   Creating library out32dll\nuron.lib and object out32dll\nuron.exp
	IF EXIST out32dll\nuron.dll.manifest mt -nologo -manifest out32dll\nuron.dll.manifest -outputresource:out32dll\nuron.dll;2
	cl /Fotmp32dll\e_sureware.obj  -Iinc32 -Itmp32dll /MD /Ox /O2 /Ob2 -DOPENSSL_THREADS  -DDSO_WIN32 -W3 -Gs0 -GF -Gy -nologo -DOPENSSL_SYSNAME_WIN32 -DWIN32_LEAN_AND_MEAN -DL_ENDIAN -D_CRT_SECURE_NO_DEPRECATE -DOPENSSL_USE_APPLINK -I. -DOPENSSL_NO_RC5 -DOPENSSL_NO_MD2 -DOPENSSL_NO_KRB5 -DOPENSSL_NO_JPAKE -DOPENSSL_NO_STATIC_ENGINE /Zi /Fdtmp32dll/lib -D_WINDLL  -DOPENSSL_BUILD_SHLIBCRYPTO -c .\engines\e_sureware.c
e_sureware.c
c:\program files (x86)\microsoft sdks\windows\v7.1a\include\sal_supp.h(57) : warning C4005: '__useHeader' : macro redefinition
        C:\Program Files (x86)\Microsoft Visual Studio 12.0\VC\include\sal.h(2886) : see previous definition of '__useHeader'
c:\program files (x86)\microsoft sdks\windows\v7.1a\include\specstrings_supp.h(77) : warning C4005: '__on_failure' : macro redefinition
        C:\Program Files (x86)\Microsoft Visual Studio 12.0\VC\include\sal.h(2896) : see previous definition of '__on_failure'
	link /nologo /subsystem:console /opt:ref /debug /dll /out:out32dll\sureware.dll  @C:\Users\rranft\AppData\Local\Temp\nm41D2.tmp
   Creating library out32dll\sureware.lib and object out32dll\sureware.exp
	IF EXIST out32dll\sureware.dll.manifest mt -nologo -manifest out32dll\sureware.dll.manifest -outputresource:out32dll\sureware.dll;2
	cl /Fotmp32dll\e_ubsec.obj  -Iinc32 -Itmp32dll /MD /Ox /O2 /Ob2 -DOPENSSL_THREADS  -DDSO_WIN32 -W3 -Gs0 -GF -Gy -nologo -DOPENSSL_SYSNAME_WIN32 -DWIN32_LEAN_AND_MEAN -DL_ENDIAN -D_CRT_SECURE_NO_DEPRECATE -DOPENSSL_USE_APPLINK -I. -DOPENSSL_NO_RC5 -DOPENSSL_NO_MD2 -DOPENSSL_NO_KRB5 -DOPENSSL_NO_JPAKE -DOPENSSL_NO_STATIC_ENGINE /Zi /Fdtmp32dll/lib -D_WINDLL  -DOPENSSL_BUILD_SHLIBCRYPTO -c .\engines\e_ubsec.c
e_ubsec.c
c:\program files (x86)\microsoft sdks\windows\v7.1a\include\sal_supp.h(57) : warning C4005: '__useHeader' : macro redefinition
        C:\Program Files (x86)\Microsoft Visual Studio 12.0\VC\include\sal.h(2886) : see previous definition of '__useHeader'
c:\program files (x86)\microsoft sdks\windows\v7.1a\include\specstrings_supp.h(77) : warning C4005: '__on_failure' : macro redefinition
        C:\Program Files (x86)\Microsoft Visual Studio 12.0\VC\include\sal.h(2896) : see previous definition of '__on_failure'
	link /nologo /subsystem:console /opt:ref /debug /dll /out:out32dll\ubsec.dll  @C:\Users\rranft\AppData\Local\Temp\nm4388.tmp
   Creating library out32dll\ubsec.lib and object out32dll\ubsec.exp
	IF EXIST out32dll\ubsec.dll.manifest mt -nologo -manifest out32dll\ubsec.dll.manifest -outputresource:out32dll\ubsec.dll;2
	cl /Fotmp32dll\e_padlock.obj  -Iinc32 -Itmp32dll /MD /Ox /O2 /Ob2 -DOPENSSL_THREADS  -DDSO_WIN32 -W3 -Gs0 -GF -Gy -nologo -DOPENSSL_SYSNAME_WIN32 -DWIN32_LEAN_AND_MEAN -DL_ENDIAN -D_CRT_SECURE_NO_DEPRECATE -DOPENSSL_USE_APPLINK -I. -DOPENSSL_NO_RC5 -DOPENSSL_NO_MD2 -DOPENSSL_NO_KRB5 -DOPENSSL_NO_JPAKE -DOPENSSL_NO_STATIC_ENGINE /Zi /Fdtmp32dll/lib -D_WINDLL  -DOPENSSL_BUILD_SHLIBCRYPTO -c .\engines\e_padlock.c
e_padlock.c
c:\program files (x86)\microsoft sdks\windows\v7.1a\include\sal_supp.h(57) : warning C4005: '__useHeader' : macro redefinition
        C:\Program Files (x86)\Microsoft Visual Studio 12.0\VC\include\sal.h(2886) : see previous definition of '__useHeader'
c:\program files (x86)\microsoft sdks\windows\v7.1a\include\specstrings_supp.h(77) : warning C4005: '__on_failure' : macro redefinition
        C:\Program Files (x86)\Microsoft Visual Studio 12.0\VC\include\sal.h(2896) : see previous definition of '__on_failure'
	link /nologo /subsystem:console /opt:ref /debug /dll /out:out32dll\padlock.dll  @C:\Users\rranft\AppData\Local\Temp\nm453E.tmp
   Creating library out32dll\padlock.lib and object out32dll\padlock.exp
	IF EXIST out32dll\padlock.dll.manifest mt -nologo -manifest out32dll\padlock.dll.manifest -outputresource:out32dll\padlock.dll;2
	cl /Fotmp32dll\e_capi.obj  -Iinc32 -Itmp32dll /MD /Ox /O2 /Ob2 -DOPENSSL_THREADS  -DDSO_WIN32 -W3 -Gs0 -GF -Gy -nologo -DOPENSSL_SYSNAME_WIN32 -DWIN32_LEAN_AND_MEAN -DL_ENDIAN -D_CRT_SECURE_NO_DEPRECATE -DOPENSSL_USE_APPLINK -I. -DOPENSSL_NO_RC5 -DOPENSSL_NO_MD2 -DOPENSSL_NO_KRB5 -DOPENSSL_NO_JPAKE -DOPENSSL_NO_STATIC_ENGINE /Zi /Fdtmp32dll/lib -D_WINDLL  -DOPENSSL_BUILD_SHLIBCRYPTO -c .\engines\e_capi.c
e_capi.c
c:\program files (x86)\microsoft sdks\windows\v7.1a\include\sal_supp.h(57) : warning C4005: '__useHeader' : macro redefinition
        C:\Program Files (x86)\Microsoft Visual Studio 12.0\VC\include\sal.h(2886) : see previous definition of '__useHeader'
c:\program files (x86)\microsoft sdks\windows\v7.1a\include\specstrings_supp.h(77) : warning C4005: '__on_failure' : macro redefinition
        C:\Program Files (x86)\Microsoft Visual Studio 12.0\VC\include\sal.h(2896) : see previous definition of '__on_failure'
	link /nologo /subsystem:console /opt:ref /debug /dll /out:out32dll\capi.dll  @C:\Users\rranft\AppData\Local\Temp\nm4713.tmp
   Creating library out32dll\capi.lib and object out32dll\capi.exp
	IF EXIST out32dll\capi.dll.manifest mt -nologo -manifest out32dll\capi.dll.manifest -outputresource:out32dll\capi.dll;2
	cl /Fotmp32dll\e_gost_err.obj  -Iinc32 -Itmp32dll /MD /Ox /O2 /Ob2 -DOPENSSL_THREADS  -DDSO_WIN32 -W3 -Gs0 -GF -Gy -nologo -DOPENSSL_SYSNAME_WIN32 -DWIN32_LEAN_AND_MEAN -DL_ENDIAN -D_CRT_SECURE_NO_DEPRECATE -DOPENSSL_USE_APPLINK -I. -DOPENSSL_NO_RC5 -DOPENSSL_NO_MD2 -DOPENSSL_NO_KRB5 -DOPENSSL_NO_JPAKE -DOPENSSL_NO_STATIC_ENGINE /Zi /Fdtmp32dll/lib -D_WINDLL  -c .\engines\ccgost\e_gost_err.c
e_gost_err.c
	cl /Fotmp32dll\gost2001_keyx.obj  -Iinc32 -Itmp32dll /MD /Ox /O2 /Ob2 -DOPENSSL_THREADS  -DDSO_WIN32 -W3 -Gs0 -GF -Gy -nologo -DOPENSSL_SYSNAME_WIN32 -DWIN32_LEAN_AND_MEAN -DL_ENDIAN -D_CRT_SECURE_NO_DEPRECATE -DOPENSSL_USE_APPLINK -I. -DOPENSSL_NO_RC5 -DOPENSSL_NO_MD2 -DOPENSSL_NO_KRB5 -DOPENSSL_NO_JPAKE -DOPENSSL_NO_STATIC_ENGINE /Zi /Fdtmp32dll/lib -D_WINDLL  -c .\engines\ccgost\gost2001_keyx.c
gost2001_keyx.c
c:\program files (x86)\microsoft sdks\windows\v7.1a\include\sal_supp.h(57) : warning C4005: '__useHeader' : macro redefinition
        C:\Program Files (x86)\Microsoft Visual Studio 12.0\VC\include\sal.h(2886) : see previous definition of '__useHeader'
c:\program files (x86)\microsoft sdks\windows\v7.1a\include\specstrings_supp.h(77) : warning C4005: '__on_failure' : macro redefinition
        C:\Program Files (x86)\Microsoft Visual Studio 12.0\VC\include\sal.h(2896) : see previous definition of '__on_failure'
	cl /Fotmp32dll\gost2001.obj  -Iinc32 -Itmp32dll /MD /Ox /O2 /Ob2 -DOPENSSL_THREADS  -DDSO_WIN32 -W3 -Gs0 -GF -Gy -nologo -DOPENSSL_SYSNAME_WIN32 -DWIN32_LEAN_AND_MEAN -DL_ENDIAN -D_CRT_SECURE_NO_DEPRECATE -DOPENSSL_USE_APPLINK -I. -DOPENSSL_NO_RC5 -DOPENSSL_NO_MD2 -DOPENSSL_NO_KRB5 -DOPENSSL_NO_JPAKE -DOPENSSL_NO_STATIC_ENGINE /Zi /Fdtmp32dll/lib -D_WINDLL  -c .\engines\ccgost\gost2001.c
gost2001.c
c:\program files (x86)\microsoft sdks\windows\v7.1a\include\sal_supp.h(57) : warning C4005: '__useHeader' : macro redefinition
        C:\Program Files (x86)\Microsoft Visual Studio 12.0\VC\include\sal.h(2886) : see previous definition of '__useHeader'
c:\program files (x86)\microsoft sdks\windows\v7.1a\include\specstrings_supp.h(77) : warning C4005: '__on_failure' : macro redefinition
        C:\Program Files (x86)\Microsoft Visual Studio 12.0\VC\include\sal.h(2896) : see previous definition of '__on_failure'
	cl /Fotmp32dll\gost89.obj  -Iinc32 -Itmp32dll /MD /Ox /O2 /Ob2 -DOPENSSL_THREADS  -DDSO_WIN32 -W3 -Gs0 -GF -Gy -nologo -DOPENSSL_SYSNAME_WIN32 -DWIN32_LEAN_AND_MEAN -DL_ENDIAN -D_CRT_SECURE_NO_DEPRECATE -DOPENSSL_USE_APPLINK -I. -DOPENSSL_NO_RC5 -DOPENSSL_NO_MD2 -DOPENSSL_NO_KRB5 -DOPENSSL_NO_JPAKE -DOPENSSL_NO_STATIC_ENGINE /Zi /Fdtmp32dll/lib -D_WINDLL  -c .\engines\ccgost\gost89.c
gost89.c
	cl /Fotmp32dll\gost94_keyx.obj  -Iinc32 -Itmp32dll /MD /Ox /O2 /Ob2 -DOPENSSL_THREADS  -DDSO_WIN32 -W3 -Gs0 -GF -Gy -nologo -DOPENSSL_SYSNAME_WIN32 -DWIN32_LEAN_AND_MEAN -DL_ENDIAN -D_CRT_SECURE_NO_DEPRECATE -DOPENSSL_USE_APPLINK -I. -DOPENSSL_NO_RC5 -DOPENSSL_NO_MD2 -DOPENSSL_NO_KRB5 -DOPENSSL_NO_JPAKE -DOPENSSL_NO_STATIC_ENGINE /Zi /Fdtmp32dll/lib -D_WINDLL  -c .\engines\ccgost\gost94_keyx.c
gost94_keyx.c
c:\program files (x86)\microsoft sdks\windows\v7.1a\include\sal_supp.h(57) : warning C4005: '__useHeader' : macro redefinition
        C:\Program Files (x86)\Microsoft Visual Studio 12.0\VC\include\sal.h(2886) : see previous definition of '__useHeader'
c:\program files (x86)\microsoft sdks\windows\v7.1a\include\specstrings_supp.h(77) : warning C4005: '__on_failure' : macro redefinition
        C:\Program Files (x86)\Microsoft Visual Studio 12.0\VC\include\sal.h(2896) : see previous definition of '__on_failure'
	cl /Fotmp32dll\gost_ameth.obj  -Iinc32 -Itmp32dll /MD /Ox /O2 /Ob2 -DOPENSSL_THREADS  -DDSO_WIN32 -W3 -Gs0 -GF -Gy -nologo -DOPENSSL_SYSNAME_WIN32 -DWIN32_LEAN_AND_MEAN -DL_ENDIAN -D_CRT_SECURE_NO_DEPRECATE -DOPENSSL_USE_APPLINK -I. -DOPENSSL_NO_RC5 -DOPENSSL_NO_MD2 -DOPENSSL_NO_KRB5 -DOPENSSL_NO_JPAKE -DOPENSSL_NO_STATIC_ENGINE /Zi /Fdtmp32dll/lib -D_WINDLL  -c .\engines\ccgost\gost_ameth.c
gost_ameth.c
c:\program files (x86)\microsoft sdks\windows\v7.1a\include\sal_supp.h(57) : warning C4005: '__useHeader' : macro redefinition
        C:\Program Files (x86)\Microsoft Visual Studio 12.0\VC\include\sal.h(2886) : see previous definition of '__useHeader'
c:\program files (x86)\microsoft sdks\windows\v7.1a\include\specstrings_supp.h(77) : warning C4005: '__on_failure' : macro redefinition
        C:\Program Files (x86)\Microsoft Visual Studio 12.0\VC\include\sal.h(2896) : see previous definition of '__on_failure'
	cl /Fotmp32dll\gost_asn1.obj  -Iinc32 -Itmp32dll /MD /Ox /O2 /Ob2 -DOPENSSL_THREADS  -DDSO_WIN32 -W3 -Gs0 -GF -Gy -nologo -DOPENSSL_SYSNAME_WIN32 -DWIN32_LEAN_AND_MEAN -DL_ENDIAN -D_CRT_SECURE_NO_DEPRECATE -DOPENSSL_USE_APPLINK -I. -DOPENSSL_NO_RC5 -DOPENSSL_NO_MD2 -DOPENSSL_NO_KRB5 -DOPENSSL_NO_JPAKE -DOPENSSL_NO_STATIC_ENGINE /Zi /Fdtmp32dll/lib -D_WINDLL  -c .\engines\ccgost\gost_asn1.c
gost_asn1.c
c:\program files (x86)\microsoft sdks\windows\v7.1a\include\sal_supp.h(57) : warning C4005: '__useHeader' : macro redefinition
        C:\Program Files (x86)\Microsoft Visual Studio 12.0\VC\include\sal.h(2886) : see previous definition of '__useHeader'
c:\program files (x86)\microsoft sdks\windows\v7.1a\include\specstrings_supp.h(77) : warning C4005: '__on_failure' : macro redefinition
        C:\Program Files (x86)\Microsoft Visual Studio 12.0\VC\include\sal.h(2896) : see previous definition of '__on_failure'
	cl /Fotmp32dll\gost_crypt.obj  -Iinc32 -Itmp32dll /MD /Ox /O2 /Ob2 -DOPENSSL_THREADS  -DDSO_WIN32 -W3 -Gs0 -GF -Gy -nologo -DOPENSSL_SYSNAME_WIN32 -DWIN32_LEAN_AND_MEAN -DL_ENDIAN -D_CRT_SECURE_NO_DEPRECATE -DOPENSSL_USE_APPLINK -I. -DOPENSSL_NO_RC5 -DOPENSSL_NO_MD2 -DOPENSSL_NO_KRB5 -DOPENSSL_NO_JPAKE -DOPENSSL_NO_STATIC_ENGINE /Zi /Fdtmp32dll/lib -D_WINDLL  -c .\engines\ccgost\gost_crypt.c
gost_crypt.c
c:\program files (x86)\microsoft sdks\windows\v7.1a\include\sal_supp.h(57) : warning C4005: '__useHeader' : macro redefinition
        C:\Program Files (x86)\Microsoft Visual Studio 12.0\VC\include\sal.h(2886) : see previous definition of '__useHeader'
c:\program files (x86)\microsoft sdks\windows\v7.1a\include\specstrings_supp.h(77) : warning C4005: '__on_failure' : macro redefinition
        C:\Program Files (x86)\Microsoft Visual Studio 12.0\VC\include\sal.h(2896) : see previous definition of '__on_failure'
	cl /Fotmp32dll\gost_ctl.obj  -Iinc32 -Itmp32dll /MD /Ox /O2 /Ob2 -DOPENSSL_THREADS  -DDSO_WIN32 -W3 -Gs0 -GF -Gy -nologo -DOPENSSL_SYSNAME_WIN32 -DWIN32_LEAN_AND_MEAN -DL_ENDIAN -D_CRT_SECURE_NO_DEPRECATE -DOPENSSL_USE_APPLINK -I. -DOPENSSL_NO_RC5 -DOPENSSL_NO_MD2 -DOPENSSL_NO_KRB5 -DOPENSSL_NO_JPAKE -DOPENSSL_NO_STATIC_ENGINE /Zi /Fdtmp32dll/lib -D_WINDLL  -c .\engines\ccgost\gost_ctl.c
gost_ctl.c
c:\program files (x86)\microsoft sdks\windows\v7.1a\include\sal_supp.h(57) : warning C4005: '__useHeader' : macro redefinition
        C:\Program Files (x86)\Microsoft Visual Studio 12.0\VC\include\sal.h(2886) : see previous definition of '__useHeader'
c:\program files (x86)\microsoft sdks\windows\v7.1a\include\specstrings_supp.h(77) : warning C4005: '__on_failure' : macro redefinition
        C:\Program Files (x86)\Microsoft Visual Studio 12.0\VC\include\sal.h(2896) : see previous definition of '__on_failure'
	cl /Fotmp32dll\gost_eng.obj  -Iinc32 -Itmp32dll /MD /Ox /O2 /Ob2 -DOPENSSL_THREADS  -DDSO_WIN32 -W3 -Gs0 -GF -Gy -nologo -DOPENSSL_SYSNAME_WIN32 -DWIN32_LEAN_AND_MEAN -DL_ENDIAN -D_CRT_SECURE_NO_DEPRECATE -DOPENSSL_USE_APPLINK -I. -DOPENSSL_NO_RC5 -DOPENSSL_NO_MD2 -DOPENSSL_NO_KRB5 -DOPENSSL_NO_JPAKE -DOPENSSL_NO_STATIC_ENGINE /Zi /Fdtmp32dll/lib -D_WINDLL  -c .\engines\ccgost\gost_eng.c
gost_eng.c
c:\program files (x86)\microsoft sdks\windows\v7.1a\include\sal_supp.h(57) : warning C4005: '__useHeader' : macro redefinition
        C:\Program Files (x86)\Microsoft Visual Studio 12.0\VC\include\sal.h(2886) : see previous definition of '__useHeader'
c:\program files (x86)\microsoft sdks\windows\v7.1a\include\specstrings_supp.h(77) : warning C4005: '__on_failure' : macro redefinition
        C:\Program Files (x86)\Microsoft Visual Studio 12.0\VC\include\sal.h(2896) : see previous definition of '__on_failure'
	cl /Fotmp32dll\gosthash.obj  -Iinc32 -Itmp32dll /MD /Ox /O2 /Ob2 -DOPENSSL_THREADS  -DDSO_WIN32 -W3 -Gs0 -GF -Gy -nologo -DOPENSSL_SYSNAME_WIN32 -DWIN32_LEAN_AND_MEAN -DL_ENDIAN -D_CRT_SECURE_NO_DEPRECATE -DOPENSSL_USE_APPLINK -I. -DOPENSSL_NO_RC5 -DOPENSSL_NO_MD2 -DOPENSSL_NO_KRB5 -DOPENSSL_NO_JPAKE -DOPENSSL_NO_STATIC_ENGINE /Zi /Fdtmp32dll/lib -D_WINDLL  -c .\engines\ccgost\gosthash.c
gosthash.c
	cl /Fotmp32dll\gost_keywrap.obj  -Iinc32 -Itmp32dll /MD /Ox /O2 /Ob2 -DOPENSSL_THREADS  -DDSO_WIN32 -W3 -Gs0 -GF -Gy -nologo -DOPENSSL_SYSNAME_WIN32 -DWIN32_LEAN_AND_MEAN -DL_ENDIAN -D_CRT_SECURE_NO_DEPRECATE -DOPENSSL_USE_APPLINK -I. -DOPENSSL_NO_RC5 -DOPENSSL_NO_MD2 -DOPENSSL_NO_KRB5 -DOPENSSL_NO_JPAKE -DOPENSSL_NO_STATIC_ENGINE /Zi /Fdtmp32dll/lib -D_WINDLL  -c .\engines\ccgost\gost_keywrap.c
gost_keywrap.c
	cl /Fotmp32dll\gost_md.obj  -Iinc32 -Itmp32dll /MD /Ox /O2 /Ob2 -DOPENSSL_THREADS  -DDSO_WIN32 -W3 -Gs0 -GF -Gy -nologo -DOPENSSL_SYSNAME_WIN32 -DWIN32_LEAN_AND_MEAN -DL_ENDIAN -D_CRT_SECURE_NO_DEPRECATE -DOPENSSL_USE_APPLINK -I. -DOPENSSL_NO_RC5 -DOPENSSL_NO_MD2 -DOPENSSL_NO_KRB5 -DOPENSSL_NO_JPAKE -DOPENSSL_NO_STATIC_ENGINE /Zi /Fdtmp32dll/lib -D_WINDLL  -c .\engines\ccgost\gost_md.c
gost_md.c
c:\program files (x86)\microsoft sdks\windows\v7.1a\include\sal_supp.h(57) : warning C4005: '__useHeader' : macro redefinition
        C:\Program Files (x86)\Microsoft Visual Studio 12.0\VC\include\sal.h(2886) : see previous definition of '__useHeader'
c:\program files (x86)\microsoft sdks\windows\v7.1a\include\specstrings_supp.h(77) : warning C4005: '__on_failure' : macro redefinition
        C:\Program Files (x86)\Microsoft Visual Studio 12.0\VC\include\sal.h(2896) : see previous definition of '__on_failure'
	cl /Fotmp32dll\gost_params.obj  -Iinc32 -Itmp32dll /MD /Ox /O2 /Ob2 -DOPENSSL_THREADS  -DDSO_WIN32 -W3 -Gs0 -GF -Gy -nologo -DOPENSSL_SYSNAME_WIN32 -DWIN32_LEAN_AND_MEAN -DL_ENDIAN -D_CRT_SECURE_NO_DEPRECATE -DOPENSSL_USE_APPLINK -I. -DOPENSSL_NO_RC5 -DOPENSSL_NO_MD2 -DOPENSSL_NO_KRB5 -DOPENSSL_NO_JPAKE -DOPENSSL_NO_STATIC_ENGINE /Zi /Fdtmp32dll/lib -D_WINDLL  -c .\engines\ccgost\gost_params.c
gost_params.c
	cl /Fotmp32dll\gost_pmeth.obj  -Iinc32 -Itmp32dll /MD /Ox /O2 /Ob2 -DOPENSSL_THREADS  -DDSO_WIN32 -W3 -Gs0 -GF -Gy -nologo -DOPENSSL_SYSNAME_WIN32 -DWIN32_LEAN_AND_MEAN -DL_ENDIAN -D_CRT_SECURE_NO_DEPRECATE -DOPENSSL_USE_APPLINK -I. -DOPENSSL_NO_RC5 -DOPENSSL_NO_MD2 -DOPENSSL_NO_KRB5 -DOPENSSL_NO_JPAKE -DOPENSSL_NO_STATIC_ENGINE /Zi /Fdtmp32dll/lib -D_WINDLL  -c .\engines\ccgost\gost_pmeth.c
gost_pmeth.c
c:\program files (x86)\microsoft sdks\windows\v7.1a\include\sal_supp.h(57) : warning C4005: '__useHeader' : macro redefinition
        C:\Program Files (x86)\Microsoft Visual Studio 12.0\VC\include\sal.h(2886) : see previous definition of '__useHeader'
c:\program files (x86)\microsoft sdks\windows\v7.1a\include\specstrings_supp.h(77) : warning C4005: '__on_failure' : macro redefinition
        C:\Program Files (x86)\Microsoft Visual Studio 12.0\VC\include\sal.h(2896) : see previous definition of '__on_failure'
	cl /Fotmp32dll\gost_sign.obj  -Iinc32 -Itmp32dll /MD /Ox /O2 /Ob2 -DOPENSSL_THREADS  -DDSO_WIN32 -W3 -Gs0 -GF -Gy -nologo -DOPENSSL_SYSNAME_WIN32 -DWIN32_LEAN_AND_MEAN -DL_ENDIAN -D_CRT_SECURE_NO_DEPRECATE -DOPENSSL_USE_APPLINK -I. -DOPENSSL_NO_RC5 -DOPENSSL_NO_MD2 -DOPENSSL_NO_KRB5 -DOPENSSL_NO_JPAKE -DOPENSSL_NO_STATIC_ENGINE /Zi /Fdtmp32dll/lib -D_WINDLL  -c .\engines\ccgost\gost_sign.c
gost_sign.c
c:\program files (x86)\microsoft sdks\windows\v7.1a\include\sal_supp.h(57) : warning C4005: '__useHeader' : macro redefinition
        C:\Program Files (x86)\Microsoft Visual Studio 12.0\VC\include\sal.h(2886) : see previous definition of '__useHeader'
c:\program files (x86)\microsoft sdks\windows\v7.1a\include\specstrings_supp.h(77) : warning C4005: '__on_failure' : macro redefinition
        C:\Program Files (x86)\Microsoft Visual Studio 12.0\VC\include\sal.h(2896) : see previous definition of '__on_failure'
	link /nologo /subsystem:console /opt:ref /debug /dll /out:out32dll\gost.dll  @C:\Users\rranft\AppData\Local\Temp\nm52F6.tmp
   Creating library out32dll\gost.lib and object out32dll\gost.exp
	IF EXIST out32dll\gost.dll.manifest mt -nologo -manifest out32dll\gost.dll.manifest -outputresource:out32dll\gost.dll;2
	cl /Fotmp32dll\constant_time_test.obj -Iinc32 -Itmp32dll /MD /Ox /O2 /Ob2 -DOPENSSL_THREADS  -DDSO_WIN32 -W3 -Gs0 -GF -Gy -nologo -DOPENSSL_SYSNAME_WIN32 -DWIN32_LEAN_AND_MEAN -DL_ENDIAN -D_CRT_SECURE_NO_DEPRECATE -DOPENSSL_USE_APPLINK -I. -DOPENSSL_NO_RC5 -DOPENSSL_NO_MD2 -DOPENSSL_NO_KRB5 -DOPENSSL_NO_JPAKE -DOPENSSL_NO_STATIC_ENGINE /Zi /Fdtmp32dll/app -c .\crypto\constant_time_test.c
constant_time_test.c
c:\program files (x86)\microsoft sdks\windows\v7.1a\include\sal_supp.h(57) : warning C4005: '__useHeader' : macro redefinition
        C:\Program Files (x86)\Microsoft Visual Studio 12.0\VC\include\sal.h(2886) : see previous definition of '__useHeader'
c:\program files (x86)\microsoft sdks\windows\v7.1a\include\specstrings_supp.h(77) : warning C4005: '__on_failure' : macro redefinition
        C:\Program Files (x86)\Microsoft Visual Studio 12.0\VC\include\sal.h(2896) : see previous definition of '__on_failure'
	link /nologo /subsystem:console /opt:ref /debug /out:out32dll\constant_time_test.exe @C:\Users\rranft\AppData\Local\Temp\nm54CB.tmp
   Creating library tmp32dll\junk.lib and object tmp32dll\junk.exp
	IF EXIST out32dll\constant_time_test.exe.manifest mt -nologo -manifest out32dll\constant_time_test.exe.manifest -outputresource:out32dll\constant_time_test.exe;1
	cl /Fotmp32dll\md4test.obj -Iinc32 -Itmp32dll /MD /Ox /O2 /Ob2 -DOPENSSL_THREADS  -DDSO_WIN32 -W3 -Gs0 -GF -Gy -nologo -DOPENSSL_SYSNAME_WIN32 -DWIN32_LEAN_AND_MEAN -DL_ENDIAN -D_CRT_SECURE_NO_DEPRECATE -DOPENSSL_USE_APPLINK -I. -DOPENSSL_NO_RC5 -DOPENSSL_NO_MD2 -DOPENSSL_NO_KRB5 -DOPENSSL_NO_JPAKE -DOPENSSL_NO_STATIC_ENGINE /Zi /Fdtmp32dll/app -c .\crypto\md4\md4test.c
md4test.c
c:\program files (x86)\microsoft sdks\windows\v7.1a\include\sal_supp.h(57) : warning C4005: '__useHeader' : macro redefinition
        C:\Program Files (x86)\Microsoft Visual Studio 12.0\VC\include\sal.h(2886) : see previous definition of '__useHeader'
c:\program files (x86)\microsoft sdks\windows\v7.1a\include\specstrings_supp.h(77) : warning C4005: '__on_failure' : macro redefinition
        C:\Program Files (x86)\Microsoft Visual Studio 12.0\VC\include\sal.h(2896) : see previous definition of '__on_failure'
	link /nologo /subsystem:console /opt:ref /debug /out:out32dll\md4test.exe @C:\Users\rranft\AppData\Local\Temp\nm5652.tmp
   Creating library tmp32dll\junk.lib and object tmp32dll\junk.exp
	IF EXIST out32dll\md4test.exe.manifest mt -nologo -manifest out32dll\md4test.exe.manifest -outputresource:out32dll\md4test.exe;1
	cl /Fotmp32dll\md5test.obj -Iinc32 -Itmp32dll /MD /Ox /O2 /Ob2 -DOPENSSL_THREADS  -DDSO_WIN32 -W3 -Gs0 -GF -Gy -nologo -DOPENSSL_SYSNAME_WIN32 -DWIN32_LEAN_AND_MEAN -DL_ENDIAN -D_CRT_SECURE_NO_DEPRECATE -DOPENSSL_USE_APPLINK -I. -DOPENSSL_NO_RC5 -DOPENSSL_NO_MD2 -DOPENSSL_NO_KRB5 -DOPENSSL_NO_JPAKE -DOPENSSL_NO_STATIC_ENGINE /Zi /Fdtmp32dll/app -c .\crypto\md5\md5test.c
md5test.c
c:\program files (x86)\microsoft sdks\windows\v7.1a\include\sal_supp.h(57) : warning C4005: '__useHeader' : macro redefinition
        C:\Program Files (x86)\Microsoft Visual Studio 12.0\VC\include\sal.h(2886) : see previous definition of '__useHeader'
c:\program files (x86)\microsoft sdks\windows\v7.1a\include\specstrings_supp.h(77) : warning C4005: '__on_failure' : macro redefinition
        C:\Program Files (x86)\Microsoft Visual Studio 12.0\VC\include\sal.h(2896) : see previous definition of '__on_failure'
	link /nologo /subsystem:console /opt:ref /debug /out:out32dll\md5test.exe @C:\Users\rranft\AppData\Local\Temp\nm57E9.tmp
   Creating library tmp32dll\junk.lib and object tmp32dll\junk.exp
	IF EXIST out32dll\md5test.exe.manifest mt -nologo -manifest out32dll\md5test.exe.manifest -outputresource:out32dll\md5test.exe;1
	cl /Fotmp32dll\shatest.obj -Iinc32 -Itmp32dll /MD /Ox /O2 /Ob2 -DOPENSSL_THREADS  -DDSO_WIN32 -W3 -Gs0 -GF -Gy -nologo -DOPENSSL_SYSNAME_WIN32 -DWIN32_LEAN_AND_MEAN -DL_ENDIAN -D_CRT_SECURE_NO_DEPRECATE -DOPENSSL_USE_APPLINK -I. -DOPENSSL_NO_RC5 -DOPENSSL_NO_MD2 -DOPENSSL_NO_KRB5 -DOPENSSL_NO_JPAKE -DOPENSSL_NO_STATIC_ENGINE /Zi /Fdtmp32dll/app -c .\crypto\sha\shatest.c
shatest.c
c:\program files (x86)\microsoft sdks\windows\v7.1a\include\sal_supp.h(57) : warning C4005: '__useHeader' : macro redefinition
        C:\Program Files (x86)\Microsoft Visual Studio 12.0\VC\include\sal.h(2886) : see previous definition of '__useHeader'
c:\program files (x86)\microsoft sdks\windows\v7.1a\include\specstrings_supp.h(77) : warning C4005: '__on_failure' : macro redefinition
        C:\Program Files (x86)\Microsoft Visual Studio 12.0\VC\include\sal.h(2896) : see previous definition of '__on_failure'
	link /nologo /subsystem:console /opt:ref /debug /out:out32dll\shatest.exe @C:\Users\rranft\AppData\Local\Temp\nm597F.tmp
   Creating library tmp32dll\junk.lib and object tmp32dll\junk.exp
	IF EXIST out32dll\shatest.exe.manifest mt -nologo -manifest out32dll\shatest.exe.manifest -outputresource:out32dll\shatest.exe;1
	cl /Fotmp32dll\sha1test.obj -Iinc32 -Itmp32dll /MD /Ox /O2 /Ob2 -DOPENSSL_THREADS  -DDSO_WIN32 -W3 -Gs0 -GF -Gy -nologo -DOPENSSL_SYSNAME_WIN32 -DWIN32_LEAN_AND_MEAN -DL_ENDIAN -D_CRT_SECURE_NO_DEPRECATE -DOPENSSL_USE_APPLINK -I. -DOPENSSL_NO_RC5 -DOPENSSL_NO_MD2 -DOPENSSL_NO_KRB5 -DOPENSSL_NO_JPAKE -DOPENSSL_NO_STATIC_ENGINE /Zi /Fdtmp32dll/app -c .\crypto\sha\sha1test.c
sha1test.c
c:\program files (x86)\microsoft sdks\windows\v7.1a\include\sal_supp.h(57) : warning C4005: '__useHeader' : macro redefinition
        C:\Program Files (x86)\Microsoft Visual Studio 12.0\VC\include\sal.h(2886) : see previous definition of '__useHeader'
c:\program files (x86)\microsoft sdks\windows\v7.1a\include\specstrings_supp.h(77) : warning C4005: '__on_failure' : macro redefinition
        C:\Program Files (x86)\Microsoft Visual Studio 12.0\VC\include\sal.h(2896) : see previous definition of '__on_failure'
	link /nologo /subsystem:console /opt:ref /debug /out:out32dll\sha1test.exe @C:\Users\rranft\AppData\Local\Temp\nm5B06.tmp
   Creating library tmp32dll\junk.lib and object tmp32dll\junk.exp
	IF EXIST out32dll\sha1test.exe.manifest mt -nologo -manifest out32dll\sha1test.exe.manifest -outputresource:out32dll\sha1test.exe;1
	cl /Fotmp32dll\sha256t.obj -Iinc32 -Itmp32dll /MD /Ox /O2 /Ob2 -DOPENSSL_THREADS  -DDSO_WIN32 -W3 -Gs0 -GF -Gy -nologo -DOPENSSL_SYSNAME_WIN32 -DWIN32_LEAN_AND_MEAN -DL_ENDIAN -D_CRT_SECURE_NO_DEPRECATE -DOPENSSL_USE_APPLINK -I. -DOPENSSL_NO_RC5 -DOPENSSL_NO_MD2 -DOPENSSL_NO_KRB5 -DOPENSSL_NO_JPAKE -DOPENSSL_NO_STATIC_ENGINE /Zi /Fdtmp32dll/app -c .\crypto\sha\sha256t.c
sha256t.c
	link /nologo /subsystem:console /opt:ref /debug /out:out32dll\sha256t.exe @C:\Users\rranft\AppData\Local\Temp\nm5C6E.tmp
   Creating library tmp32dll\junk.lib and object tmp32dll\junk.exp
	IF EXIST out32dll\sha256t.exe.manifest mt -nologo -manifest out32dll\sha256t.exe.manifest -outputresource:out32dll\sha256t.exe;1
	cl /Fotmp32dll\sha512t.obj -Iinc32 -Itmp32dll /MD /Ox /O2 /Ob2 -DOPENSSL_THREADS  -DDSO_WIN32 -W3 -Gs0 -GF -Gy -nologo -DOPENSSL_SYSNAME_WIN32 -DWIN32_LEAN_AND_MEAN -DL_ENDIAN -D_CRT_SECURE_NO_DEPRECATE -DOPENSSL_USE_APPLINK -I. -DOPENSSL_NO_RC5 -DOPENSSL_NO_MD2 -DOPENSSL_NO_KRB5 -DOPENSSL_NO_JPAKE -DOPENSSL_NO_STATIC_ENGINE /Zi /Fdtmp32dll/app -c .\crypto\sha\sha512t.c
sha512t.c
	link /nologo /subsystem:console /opt:ref /debug /out:out32dll\sha512t.exe @C:\Users\rranft\AppData\Local\Temp\nm5DD6.tmp
   Creating library tmp32dll\junk.lib and object tmp32dll\junk.exp
	IF EXIST out32dll\sha512t.exe.manifest mt -nologo -manifest out32dll\sha512t.exe.manifest -outputresource:out32dll\sha512t.exe;1
	cl /Fotmp32dll\mdc2test.obj -Iinc32 -Itmp32dll /MD /Ox /O2 /Ob2 -DOPENSSL_THREADS  -DDSO_WIN32 -W3 -Gs0 -GF -Gy -nologo -DOPENSSL_SYSNAME_WIN32 -DWIN32_LEAN_AND_MEAN -DL_ENDIAN -D_CRT_SECURE_NO_DEPRECATE -DOPENSSL_USE_APPLINK -I. -DOPENSSL_NO_RC5 -DOPENSSL_NO_MD2 -DOPENSSL_NO_KRB5 -DOPENSSL_NO_JPAKE -DOPENSSL_NO_STATIC_ENGINE /Zi /Fdtmp32dll/app -c .\crypto\mdc2\mdc2test.c
mdc2test.c
c:\program files (x86)\microsoft sdks\windows\v7.1a\include\sal_supp.h(57) : warning C4005: '__useHeader' : macro redefinition
        C:\Program Files (x86)\Microsoft Visual Studio 12.0\VC\include\sal.h(2886) : see previous definition of '__useHeader'
c:\program files (x86)\microsoft sdks\windows\v7.1a\include\specstrings_supp.h(77) : warning C4005: '__on_failure' : macro redefinition
        C:\Program Files (x86)\Microsoft Visual Studio 12.0\VC\include\sal.h(2896) : see previous definition of '__on_failure'
	link /nologo /subsystem:console /opt:ref /debug /out:out32dll\mdc2test.exe @C:\Users\rranft\AppData\Local\Temp\nm5F6C.tmp
   Creating library tmp32dll\junk.lib and object tmp32dll\junk.exp
	IF EXIST out32dll\mdc2test.exe.manifest mt -nologo -manifest out32dll\mdc2test.exe.manifest -outputresource:out32dll\mdc2test.exe;1
	cl /Fotmp32dll\hmactest.obj -Iinc32 -Itmp32dll /MD /Ox /O2 /Ob2 -DOPENSSL_THREADS  -DDSO_WIN32 -W3 -Gs0 -GF -Gy -nologo -DOPENSSL_SYSNAME_WIN32 -DWIN32_LEAN_AND_MEAN -DL_ENDIAN -D_CRT_SECURE_NO_DEPRECATE -DOPENSSL_USE_APPLINK -I. -DOPENSSL_NO_RC5 -DOPENSSL_NO_MD2 -DOPENSSL_NO_KRB5 -DOPENSSL_NO_JPAKE -DOPENSSL_NO_STATIC_ENGINE /Zi /Fdtmp32dll/app -c .\crypto\hmac\hmactest.c
hmactest.c
c:\program files (x86)\microsoft sdks\windows\v7.1a\include\sal_supp.h(57) : warning C4005: '__useHeader' : macro redefinition
        C:\Program Files (x86)\Microsoft Visual Studio 12.0\VC\include\sal.h(2886) : see previous definition of '__useHeader'
c:\program files (x86)\microsoft sdks\windows\v7.1a\include\specstrings_supp.h(77) : warning C4005: '__on_failure' : macro redefinition
        C:\Program Files (x86)\Microsoft Visual Studio 12.0\VC\include\sal.h(2896) : see previous definition of '__on_failure'
	link /nologo /subsystem:console /opt:ref /debug /out:out32dll\hmactest.exe @C:\Users\rranft\AppData\Local\Temp\nm6103.tmp
   Creating library tmp32dll\junk.lib and object tmp32dll\junk.exp
	IF EXIST out32dll\hmactest.exe.manifest mt -nologo -manifest out32dll\hmactest.exe.manifest -outputresource:out32dll\hmactest.exe;1
	cl /Fotmp32dll\rmdtest.obj -Iinc32 -Itmp32dll /MD /Ox /O2 /Ob2 -DOPENSSL_THREADS  -DDSO_WIN32 -W3 -Gs0 -GF -Gy -nologo -DOPENSSL_SYSNAME_WIN32 -DWIN32_LEAN_AND_MEAN -DL_ENDIAN -D_CRT_SECURE_NO_DEPRECATE -DOPENSSL_USE_APPLINK -I. -DOPENSSL_NO_RC5 -DOPENSSL_NO_MD2 -DOPENSSL_NO_KRB5 -DOPENSSL_NO_JPAKE -DOPENSSL_NO_STATIC_ENGINE /Zi /Fdtmp32dll/app -c .\crypto\ripemd\rmdtest.c
rmdtest.c
c:\program files (x86)\microsoft sdks\windows\v7.1a\include\sal_supp.h(57) : warning C4005: '__useHeader' : macro redefinition
        C:\Program Files (x86)\Microsoft Visual Studio 12.0\VC\include\sal.h(2886) : see previous definition of '__useHeader'
c:\program files (x86)\microsoft sdks\windows\v7.1a\include\specstrings_supp.h(77) : warning C4005: '__on_failure' : macro redefinition
        C:\Program Files (x86)\Microsoft Visual Studio 12.0\VC\include\sal.h(2896) : see previous definition of '__on_failure'
	link /nologo /subsystem:console /opt:ref /debug /out:out32dll\rmdtest.exe @C:\Users\rranft\AppData\Local\Temp\nm62A9.tmp
   Creating library tmp32dll\junk.lib and object tmp32dll\junk.exp
	IF EXIST out32dll\rmdtest.exe.manifest mt -nologo -manifest out32dll\rmdtest.exe.manifest -outputresource:out32dll\rmdtest.exe;1
	cl /Fotmp32dll\destest.obj -Iinc32 -Itmp32dll /MD /Ox /O2 /Ob2 -DOPENSSL_THREADS  -DDSO_WIN32 -W3 -Gs0 -GF -Gy -nologo -DOPENSSL_SYSNAME_WIN32 -DWIN32_LEAN_AND_MEAN -DL_ENDIAN -D_CRT_SECURE_NO_DEPRECATE -DOPENSSL_USE_APPLINK -I. -DOPENSSL_NO_RC5 -DOPENSSL_NO_MD2 -DOPENSSL_NO_KRB5 -DOPENSSL_NO_JPAKE -DOPENSSL_NO_STATIC_ENGINE /Zi /Fdtmp32dll/app -c .\crypto\des\destest.c
destest.c
	link /nologo /subsystem:console /opt:ref /debug /out:out32dll\destest.exe @C:\Users\rranft\AppData\Local\Temp\nm6421.tmp
   Creating library tmp32dll\junk.lib and object tmp32dll\junk.exp
	IF EXIST out32dll\destest.exe.manifest mt -nologo -manifest out32dll\destest.exe.manifest -outputresource:out32dll\destest.exe;1
	cl /Fotmp32dll\rc2test.obj -Iinc32 -Itmp32dll /MD /Ox /O2 /Ob2 -DOPENSSL_THREADS  -DDSO_WIN32 -W3 -Gs0 -GF -Gy -nologo -DOPENSSL_SYSNAME_WIN32 -DWIN32_LEAN_AND_MEAN -DL_ENDIAN -D_CRT_SECURE_NO_DEPRECATE -DOPENSSL_USE_APPLINK -I. -DOPENSSL_NO_RC5 -DOPENSSL_NO_MD2 -DOPENSSL_NO_KRB5 -DOPENSSL_NO_JPAKE -DOPENSSL_NO_STATIC_ENGINE /Zi /Fdtmp32dll/app -c .\crypto\rc2\rc2test.c
rc2test.c
c:\program files (x86)\microsoft sdks\windows\v7.1a\include\sal_supp.h(57) : warning C4005: '__useHeader' : macro redefinition
        C:\Program Files (x86)\Microsoft Visual Studio 12.0\VC\include\sal.h(2886) : see previous definition of '__useHeader'
c:\program files (x86)\microsoft sdks\windows\v7.1a\include\specstrings_supp.h(77) : warning C4005: '__on_failure' : macro redefinition
        C:\Program Files (x86)\Microsoft Visual Studio 12.0\VC\include\sal.h(2896) : see previous definition of '__on_failure'
	link /nologo /subsystem:console /opt:ref /debug /out:out32dll\rc2test.exe @C:\Users\rranft\AppData\Local\Temp\nm6598.tmp
   Creating library tmp32dll\junk.lib and object tmp32dll\junk.exp
	IF EXIST out32dll\rc2test.exe.manifest mt -nologo -manifest out32dll\rc2test.exe.manifest -outputresource:out32dll\rc2test.exe;1
	cl /Fotmp32dll\rc4test.obj -Iinc32 -Itmp32dll /MD /Ox /O2 /Ob2 -DOPENSSL_THREADS  -DDSO_WIN32 -W3 -Gs0 -GF -Gy -nologo -DOPENSSL_SYSNAME_WIN32 -DWIN32_LEAN_AND_MEAN -DL_ENDIAN -D_CRT_SECURE_NO_DEPRECATE -DOPENSSL_USE_APPLINK -I. -DOPENSSL_NO_RC5 -DOPENSSL_NO_MD2 -DOPENSSL_NO_KRB5 -DOPENSSL_NO_JPAKE -DOPENSSL_NO_STATIC_ENGINE /Zi /Fdtmp32dll/app -c .\crypto\rc4\rc4test.c
rc4test.c
c:\program files (x86)\microsoft sdks\windows\v7.1a\include\sal_supp.h(57) : warning C4005: '__useHeader' : macro redefinition
        C:\Program Files (x86)\Microsoft Visual Studio 12.0\VC\include\sal.h(2886) : see previous definition of '__useHeader'
c:\program files (x86)\microsoft sdks\windows\v7.1a\include\specstrings_supp.h(77) : warning C4005: '__on_failure' : macro redefinition
        C:\Program Files (x86)\Microsoft Visual Studio 12.0\VC\include\sal.h(2896) : see previous definition of '__on_failure'
	link /nologo /subsystem:console /opt:ref /debug /out:out32dll\rc4test.exe @C:\Users\rranft\AppData\Local\Temp\nm672F.tmp
   Creating library tmp32dll\junk.lib and object tmp32dll\junk.exp
	IF EXIST out32dll\rc4test.exe.manifest mt -nologo -manifest out32dll\rc4test.exe.manifest -outputresource:out32dll\rc4test.exe;1
	cl /Fotmp32dll\ideatest.obj -Iinc32 -Itmp32dll /MD /Ox /O2 /Ob2 -DOPENSSL_THREADS  -DDSO_WIN32 -W3 -Gs0 -GF -Gy -nologo -DOPENSSL_SYSNAME_WIN32 -DWIN32_LEAN_AND_MEAN -DL_ENDIAN -D_CRT_SECURE_NO_DEPRECATE -DOPENSSL_USE_APPLINK -I. -DOPENSSL_NO_RC5 -DOPENSSL_NO_MD2 -DOPENSSL_NO_KRB5 -DOPENSSL_NO_JPAKE -DOPENSSL_NO_STATIC_ENGINE /Zi /Fdtmp32dll/app -c .\crypto\idea\ideatest.c
ideatest.c
c:\program files (x86)\microsoft sdks\windows\v7.1a\include\sal_supp.h(57) : warning C4005: '__useHeader' : macro redefinition
        C:\Program Files (x86)\Microsoft Visual Studio 12.0\VC\include\sal.h(2886) : see previous definition of '__useHeader'
c:\program files (x86)\microsoft sdks\windows\v7.1a\include\specstrings_supp.h(77) : warning C4005: '__on_failure' : macro redefinition
        C:\Program Files (x86)\Microsoft Visual Studio 12.0\VC\include\sal.h(2896) : see previous definition of '__on_failure'
	link /nologo /subsystem:console /opt:ref /debug /out:out32dll\ideatest.exe @C:\Users\rranft\AppData\Local\Temp\nm68C5.tmp
   Creating library tmp32dll\junk.lib and object tmp32dll\junk.exp
	IF EXIST out32dll\ideatest.exe.manifest mt -nologo -manifest out32dll\ideatest.exe.manifest -outputresource:out32dll\ideatest.exe;1
	cl /Fotmp32dll\bftest.obj -Iinc32 -Itmp32dll /MD /Ox /O2 /Ob2 -DOPENSSL_THREADS  -DDSO_WIN32 -W3 -Gs0 -GF -Gy -nologo -DOPENSSL_SYSNAME_WIN32 -DWIN32_LEAN_AND_MEAN -DL_ENDIAN -D_CRT_SECURE_NO_DEPRECATE -DOPENSSL_USE_APPLINK -I. -DOPENSSL_NO_RC5 -DOPENSSL_NO_MD2 -DOPENSSL_NO_KRB5 -DOPENSSL_NO_JPAKE -DOPENSSL_NO_STATIC_ENGINE /Zi /Fdtmp32dll/app -c .\crypto\bf\bftest.c
bftest.c
c:\program files (x86)\microsoft sdks\windows\v7.1a\include\sal_supp.h(57) : warning C4005: '__useHeader' : macro redefinition
        C:\Program Files (x86)\Microsoft Visual Studio 12.0\VC\include\sal.h(2886) : see previous definition of '__useHeader'
c:\program files (x86)\microsoft sdks\windows\v7.1a\include\specstrings_supp.h(77) : warning C4005: '__on_failure' : macro redefinition
        C:\Program Files (x86)\Microsoft Visual Studio 12.0\VC\include\sal.h(2896) : see previous definition of '__on_failure'
	link /nologo /subsystem:console /opt:ref /debug /out:out32dll\bftest.exe @C:\Users\rranft\AppData\Local\Temp\nm6A6B.tmp
   Creating library tmp32dll\junk.lib and object tmp32dll\junk.exp
	IF EXIST out32dll\bftest.exe.manifest mt -nologo -manifest out32dll\bftest.exe.manifest -outputresource:out32dll\bftest.exe;1
	cl /Fotmp32dll\casttest.obj -Iinc32 -Itmp32dll /MD /Ox /O2 /Ob2 -DOPENSSL_THREADS  -DDSO_WIN32 -W3 -Gs0 -GF -Gy -nologo -DOPENSSL_SYSNAME_WIN32 -DWIN32_LEAN_AND_MEAN -DL_ENDIAN -D_CRT_SECURE_NO_DEPRECATE -DOPENSSL_USE_APPLINK -I. -DOPENSSL_NO_RC5 -DOPENSSL_NO_MD2 -DOPENSSL_NO_KRB5 -DOPENSSL_NO_JPAKE -DOPENSSL_NO_STATIC_ENGINE /Zi /Fdtmp32dll/app -c .\crypto\cast\casttest.c
casttest.c
c:\program files (x86)\microsoft sdks\windows\v7.1a\include\sal_supp.h(57) : warning C4005: '__useHeader' : macro redefinition
        C:\Program Files (x86)\Microsoft Visual Studio 12.0\VC\include\sal.h(2886) : see previous definition of '__useHeader'
c:\program files (x86)\microsoft sdks\windows\v7.1a\include\specstrings_supp.h(77) : warning C4005: '__on_failure' : macro redefinition
        C:\Program Files (x86)\Microsoft Visual Studio 12.0\VC\include\sal.h(2896) : see previous definition of '__on_failure'
	link /nologo /subsystem:console /opt:ref /debug /out:out32dll\casttest.exe @C:\Users\rranft\AppData\Local\Temp\nm6BE3.tmp
   Creating library tmp32dll\junk.lib and object tmp32dll\junk.exp
	IF EXIST out32dll\casttest.exe.manifest mt -nologo -manifest out32dll\casttest.exe.manifest -outputresource:out32dll\casttest.exe;1
	cl /Fotmp32dll\bntest.obj -Iinc32 -Itmp32dll /MD /Ox /O2 /Ob2 -DOPENSSL_THREADS  -DDSO_WIN32 -W3 -Gs0 -GF -Gy -nologo -DOPENSSL_SYSNAME_WIN32 -DWIN32_LEAN_AND_MEAN -DL_ENDIAN -D_CRT_SECURE_NO_DEPRECATE -DOPENSSL_USE_APPLINK -I. -DOPENSSL_NO_RC5 -DOPENSSL_NO_MD2 -DOPENSSL_NO_KRB5 -DOPENSSL_NO_JPAKE -DOPENSSL_NO_STATIC_ENGINE /Zi /Fdtmp32dll/app -c .\crypto\bn\bntest.c
bntest.c
c:\program files (x86)\microsoft sdks\windows\v7.1a\include\sal_supp.h(57) : warning C4005: '__useHeader' : macro redefinition
        C:\Program Files (x86)\Microsoft Visual Studio 12.0\VC\include\sal.h(2886) : see previous definition of '__useHeader'
c:\program files (x86)\microsoft sdks\windows\v7.1a\include\specstrings_supp.h(77) : warning C4005: '__on_failure' : macro redefinition
        C:\Program Files (x86)\Microsoft Visual Studio 12.0\VC\include\sal.h(2896) : see previous definition of '__on_failure'
	link /nologo /subsystem:console /opt:ref /debug /out:out32dll\bntest.exe @C:\Users\rranft\AppData\Local\Temp\nm6DB8.tmp
   Creating library tmp32dll\junk.lib and object tmp32dll\junk.exp
	IF EXIST out32dll\bntest.exe.manifest mt -nologo -manifest out32dll\bntest.exe.manifest -outputresource:out32dll\bntest.exe;1
	cl /Fotmp32dll\exptest.obj -Iinc32 -Itmp32dll /MD /Ox /O2 /Ob2 -DOPENSSL_THREADS  -DDSO_WIN32 -W3 -Gs0 -GF -Gy -nologo -DOPENSSL_SYSNAME_WIN32 -DWIN32_LEAN_AND_MEAN -DL_ENDIAN -D_CRT_SECURE_NO_DEPRECATE -DOPENSSL_USE_APPLINK -I. -DOPENSSL_NO_RC5 -DOPENSSL_NO_MD2 -DOPENSSL_NO_KRB5 -DOPENSSL_NO_JPAKE -DOPENSSL_NO_STATIC_ENGINE /Zi /Fdtmp32dll/app -c .\crypto\bn\exptest.c
exptest.c
c:\program files (x86)\microsoft sdks\windows\v7.1a\include\sal_supp.h(57) : warning C4005: '__useHeader' : macro redefinition
        C:\Program Files (x86)\Microsoft Visual Studio 12.0\VC\include\sal.h(2886) : see previous definition of '__useHeader'
c:\program files (x86)\microsoft sdks\windows\v7.1a\include\specstrings_supp.h(77) : warning C4005: '__on_failure' : macro redefinition
        C:\Program Files (x86)\Microsoft Visual Studio 12.0\VC\include\sal.h(2896) : see previous definition of '__on_failure'
	link /nologo /subsystem:console /opt:ref /debug /out:out32dll\exptest.exe @C:\Users\rranft\AppData\Local\Temp\nm6F3F.tmp
   Creating library tmp32dll\junk.lib and object tmp32dll\junk.exp
	IF EXIST out32dll\exptest.exe.manifest mt -nologo -manifest out32dll\exptest.exe.manifest -outputresource:out32dll\exptest.exe;1
	cl /Fotmp32dll\rsa_test.obj -Iinc32 -Itmp32dll /MD /Ox /O2 /Ob2 -DOPENSSL_THREADS  -DDSO_WIN32 -W3 -Gs0 -GF -Gy -nologo -DOPENSSL_SYSNAME_WIN32 -DWIN32_LEAN_AND_MEAN -DL_ENDIAN -D_CRT_SECURE_NO_DEPRECATE -DOPENSSL_USE_APPLINK -I. -DOPENSSL_NO_RC5 -DOPENSSL_NO_MD2 -DOPENSSL_NO_KRB5 -DOPENSSL_NO_JPAKE -DOPENSSL_NO_STATIC_ENGINE /Zi /Fdtmp32dll/app -c .\crypto\rsa\rsa_test.c
rsa_test.c
c:\program files (x86)\microsoft sdks\windows\v7.1a\include\sal_supp.h(57) : warning C4005: '__useHeader' : macro redefinition
        C:\Program Files (x86)\Microsoft Visual Studio 12.0\VC\include\sal.h(2886) : see previous definition of '__useHeader'
c:\program files (x86)\microsoft sdks\windows\v7.1a\include\specstrings_supp.h(77) : warning C4005: '__on_failure' : macro redefinition
        C:\Program Files (x86)\Microsoft Visual Studio 12.0\VC\include\sal.h(2896) : see previous definition of '__on_failure'
	link /nologo /subsystem:console /opt:ref /debug /out:out32dll\rsa_test.exe @C:\Users\rranft\AppData\Local\Temp\nm70E5.tmp
   Creating library tmp32dll\junk.lib and object tmp32dll\junk.exp
	IF EXIST out32dll\rsa_test.exe.manifest mt -nologo -manifest out32dll\rsa_test.exe.manifest -outputresource:out32dll\rsa_test.exe;1
	cl /Fotmp32dll\dsatest.obj -Iinc32 -Itmp32dll /MD /Ox /O2 /Ob2 -DOPENSSL_THREADS  -DDSO_WIN32 -W3 -Gs0 -GF -Gy -nologo -DOPENSSL_SYSNAME_WIN32 -DWIN32_LEAN_AND_MEAN -DL_ENDIAN -D_CRT_SECURE_NO_DEPRECATE -DOPENSSL_USE_APPLINK -I. -DOPENSSL_NO_RC5 -DOPENSSL_NO_MD2 -DOPENSSL_NO_KRB5 -DOPENSSL_NO_JPAKE -DOPENSSL_NO_STATIC_ENGINE /Zi /Fdtmp32dll/app -c .\crypto\dsa\dsatest.c
dsatest.c
c:\program files (x86)\microsoft sdks\windows\v7.1a\include\sal_supp.h(57) : warning C4005: '__useHeader' : macro redefinition
        C:\Program Files (x86)\Microsoft Visual Studio 12.0\VC\include\sal.h(2886) : see previous definition of '__useHeader'
c:\program files (x86)\microsoft sdks\windows\v7.1a\include\specstrings_supp.h(77) : warning C4005: '__on_failure' : macro redefinition
        C:\Program Files (x86)\Microsoft Visual Studio 12.0\VC\include\sal.h(2896) : see previous definition of '__on_failure'
	link /nologo /subsystem:console /opt:ref /debug /out:out32dll\dsatest.exe @C:\Users\rranft\AppData\Local\Temp\nm728B.tmp
   Creating library tmp32dll\junk.lib and object tmp32dll\junk.exp
	IF EXIST out32dll\dsatest.exe.manifest mt -nologo -manifest out32dll\dsatest.exe.manifest -outputresource:out32dll\dsatest.exe;1
	cl /Fotmp32dll\dhtest.obj -Iinc32 -Itmp32dll /MD /Ox /O2 /Ob2 -DOPENSSL_THREADS  -DDSO_WIN32 -W3 -Gs0 -GF -Gy -nologo -DOPENSSL_SYSNAME_WIN32 -DWIN32_LEAN_AND_MEAN -DL_ENDIAN -D_CRT_SECURE_NO_DEPRECATE -DOPENSSL_USE_APPLINK -I. -DOPENSSL_NO_RC5 -DOPENSSL_NO_MD2 -DOPENSSL_NO_KRB5 -DOPENSSL_NO_JPAKE -DOPENSSL_NO_STATIC_ENGINE /Zi /Fdtmp32dll/app -c .\crypto\dh\dhtest.c
dhtest.c
c:\program files (x86)\microsoft sdks\windows\v7.1a\include\sal_supp.h(57) : warning C4005: '__useHeader' : macro redefinition
        C:\Program Files (x86)\Microsoft Visual Studio 12.0\VC\include\sal.h(2886) : see previous definition of '__useHeader'
c:\program files (x86)\microsoft sdks\windows\v7.1a\include\specstrings_supp.h(77) : warning C4005: '__on_failure' : macro redefinition
        C:\Program Files (x86)\Microsoft Visual Studio 12.0\VC\include\sal.h(2896) : see previous definition of '__on_failure'
	link /nologo /subsystem:console /opt:ref /debug /out:out32dll\dhtest.exe @C:\Users\rranft\AppData\Local\Temp\nm7422.tmp
   Creating library tmp32dll\junk.lib and object tmp32dll\junk.exp
	IF EXIST out32dll\dhtest.exe.manifest mt -nologo -manifest out32dll\dhtest.exe.manifest -outputresource:out32dll\dhtest.exe;1
	cl /Fotmp32dll\ectest.obj -Iinc32 -Itmp32dll /MD /Ox /O2 /Ob2 -DOPENSSL_THREADS  -DDSO_WIN32 -W3 -Gs0 -GF -Gy -nologo -DOPENSSL_SYSNAME_WIN32 -DWIN32_LEAN_AND_MEAN -DL_ENDIAN -D_CRT_SECURE_NO_DEPRECATE -DOPENSSL_USE_APPLINK -I. -DOPENSSL_NO_RC5 -DOPENSSL_NO_MD2 -DOPENSSL_NO_KRB5 -DOPENSSL_NO_JPAKE -DOPENSSL_NO_STATIC_ENGINE /Zi /Fdtmp32dll/app -c .\crypto\ec\ectest.c
ectest.c
c:\program files (x86)\microsoft sdks\windows\v7.1a\include\sal_supp.h(57) : warning C4005: '__useHeader' : macro redefinition
        C:\Program Files (x86)\Microsoft Visual Studio 12.0\VC\include\sal.h(2886) : see previous definition of '__useHeader'
c:\program files (x86)\microsoft sdks\windows\v7.1a\include\specstrings_supp.h(77) : warning C4005: '__on_failure' : macro redefinition
        C:\Program Files (x86)\Microsoft Visual Studio 12.0\VC\include\sal.h(2896) : see previous definition of '__on_failure'
	link /nologo /subsystem:console /opt:ref /debug /out:out32dll\ectest.exe @C:\Users\rranft\AppData\Local\Temp\nm76D1.tmp
   Creating library tmp32dll\junk.lib and object tmp32dll\junk.exp
	IF EXIST out32dll\ectest.exe.manifest mt -nologo -manifest out32dll\ectest.exe.manifest -outputresource:out32dll\ectest.exe;1
	cl /Fotmp32dll\ecdhtest.obj -Iinc32 -Itmp32dll /MD /Ox /O2 /Ob2 -DOPENSSL_THREADS  -DDSO_WIN32 -W3 -Gs0 -GF -Gy -nologo -DOPENSSL_SYSNAME_WIN32 -DWIN32_LEAN_AND_MEAN -DL_ENDIAN -D_CRT_SECURE_NO_DEPRECATE -DOPENSSL_USE_APPLINK -I. -DOPENSSL_NO_RC5 -DOPENSSL_NO_MD2 -DOPENSSL_NO_KRB5 -DOPENSSL_NO_JPAKE -DOPENSSL_NO_STATIC_ENGINE /Zi /Fdtmp32dll/app -c .\crypto\ecdh\ecdhtest.c
ecdhtest.c
c:\program files (x86)\microsoft sdks\windows\v7.1a\include\sal_supp.h(57) : warning C4005: '__useHeader' : macro redefinition
        C:\Program Files (x86)\Microsoft Visual Studio 12.0\VC\include\sal.h(2886) : see previous definition of '__useHeader'
c:\program files (x86)\microsoft sdks\windows\v7.1a\include\specstrings_supp.h(77) : warning C4005: '__on_failure' : macro redefinition
        C:\Program Files (x86)\Microsoft Visual Studio 12.0\VC\include\sal.h(2896) : see previous definition of '__on_failure'
	link /nologo /subsystem:console /opt:ref /debug /out:out32dll\ecdhtest.exe @C:\Users\rranft\AppData\Local\Temp\nm7868.tmp
   Creating library tmp32dll\junk.lib and object tmp32dll\junk.exp
	IF EXIST out32dll\ecdhtest.exe.manifest mt -nologo -manifest out32dll\ecdhtest.exe.manifest -outputresource:out32dll\ecdhtest.exe;1
	cl /Fotmp32dll\ecdsatest.obj -Iinc32 -Itmp32dll /MD /Ox /O2 /Ob2 -DOPENSSL_THREADS  -DDSO_WIN32 -W3 -Gs0 -GF -Gy -nologo -DOPENSSL_SYSNAME_WIN32 -DWIN32_LEAN_AND_MEAN -DL_ENDIAN -D_CRT_SECURE_NO_DEPRECATE -DOPENSSL_USE_APPLINK -I. -DOPENSSL_NO_RC5 -DOPENSSL_NO_MD2 -DOPENSSL_NO_KRB5 -DOPENSSL_NO_JPAKE -DOPENSSL_NO_STATIC_ENGINE /Zi /Fdtmp32dll/app -c .\crypto\ecdsa\ecdsatest.c
ecdsatest.c
c:\program files (x86)\microsoft sdks\windows\v7.1a\include\sal_supp.h(57) : warning C4005: '__useHeader' : macro redefinition
        C:\Program Files (x86)\Microsoft Visual Studio 12.0\VC\include\sal.h(2886) : see previous definition of '__useHeader'
c:\program files (x86)\microsoft sdks\windows\v7.1a\include\specstrings_supp.h(77) : warning C4005: '__on_failure' : macro redefinition
        C:\Program Files (x86)\Microsoft Visual Studio 12.0\VC\include\sal.h(2896) : see previous definition of '__on_failure'
	link /nologo /subsystem:console /opt:ref /debug /out:out32dll\ecdsatest.exe @C:\Users\rranft\AppData\Local\Temp\nm7A0E.tmp
   Creating library tmp32dll\junk.lib and object tmp32dll\junk.exp
	IF EXIST out32dll\ecdsatest.exe.manifest mt -nologo -manifest out32dll\ecdsatest.exe.manifest -outputresource:out32dll\ecdsatest.exe;1
	cl /Fotmp32dll\randtest.obj -Iinc32 -Itmp32dll /MD /Ox /O2 /Ob2 -DOPENSSL_THREADS  -DDSO_WIN32 -W3 -Gs0 -GF -Gy -nologo -DOPENSSL_SYSNAME_WIN32 -DWIN32_LEAN_AND_MEAN -DL_ENDIAN -D_CRT_SECURE_NO_DEPRECATE -DOPENSSL_USE_APPLINK -I. -DOPENSSL_NO_RC5 -DOPENSSL_NO_MD2 -DOPENSSL_NO_KRB5 -DOPENSSL_NO_JPAKE -DOPENSSL_NO_STATIC_ENGINE /Zi /Fdtmp32dll/app -c .\crypto\rand\randtest.c
randtest.c
c:\program files (x86)\microsoft sdks\windows\v7.1a\include\sal_supp.h(57) : warning C4005: '__useHeader' : macro redefinition
        C:\Program Files (x86)\Microsoft Visual Studio 12.0\VC\include\sal.h(2886) : see previous definition of '__useHeader'
c:\program files (x86)\microsoft sdks\windows\v7.1a\include\specstrings_supp.h(77) : warning C4005: '__on_failure' : macro redefinition
        C:\Program Files (x86)\Microsoft Visual Studio 12.0\VC\include\sal.h(2896) : see previous definition of '__on_failure'
	link /nologo /subsystem:console /opt:ref /debug /out:out32dll\randtest.exe @C:\Users\rranft\AppData\Local\Temp\nm7B95.tmp
   Creating library tmp32dll\junk.lib and object tmp32dll\junk.exp
	IF EXIST out32dll\randtest.exe.manifest mt -nologo -manifest out32dll\randtest.exe.manifest -outputresource:out32dll\randtest.exe;1
	cl /Fotmp32dll\evp_test.obj -Iinc32 -Itmp32dll /MD /Ox /O2 /Ob2 -DOPENSSL_THREADS  -DDSO_WIN32 -W3 -Gs0 -GF -Gy -nologo -DOPENSSL_SYSNAME_WIN32 -DWIN32_LEAN_AND_MEAN -DL_ENDIAN -D_CRT_SECURE_NO_DEPRECATE -DOPENSSL_USE_APPLINK -I. -DOPENSSL_NO_RC5 -DOPENSSL_NO_MD2 -DOPENSSL_NO_KRB5 -DOPENSSL_NO_JPAKE -DOPENSSL_NO_STATIC_ENGINE /Zi /Fdtmp32dll/app -c .\crypto\evp\evp_test.c
evp_test.c
c:\program files (x86)\microsoft sdks\windows\v7.1a\include\sal_supp.h(57) : warning C4005: '__useHeader' : macro redefinition
        C:\Program Files (x86)\Microsoft Visual Studio 12.0\VC\include\sal.h(2886) : see previous definition of '__useHeader'
c:\program files (x86)\microsoft sdks\windows\v7.1a\include\specstrings_supp.h(77) : warning C4005: '__on_failure' : macro redefinition
        C:\Program Files (x86)\Microsoft Visual Studio 12.0\VC\include\sal.h(2896) : see previous definition of '__on_failure'
	link /nologo /subsystem:console /opt:ref /debug /out:out32dll\evp_test.exe @C:\Users\rranft\AppData\Local\Temp\nm7D5A.tmp
   Creating library tmp32dll\junk.lib and object tmp32dll\junk.exp
	IF EXIST out32dll\evp_test.exe.manifest mt -nologo -manifest out32dll\evp_test.exe.manifest -outputresource:out32dll\evp_test.exe;1
	cl /Fotmp32dll\evp_extra_test.obj -Iinc32 -Itmp32dll /MD /Ox /O2 /Ob2 -DOPENSSL_THREADS  -DDSO_WIN32 -W3 -Gs0 -GF -Gy -nologo -DOPENSSL_SYSNAME_WIN32 -DWIN32_LEAN_AND_MEAN -DL_ENDIAN -D_CRT_SECURE_NO_DEPRECATE -DOPENSSL_USE_APPLINK -I. -DOPENSSL_NO_RC5 -DOPENSSL_NO_MD2 -DOPENSSL_NO_KRB5 -DOPENSSL_NO_JPAKE -DOPENSSL_NO_STATIC_ENGINE /Zi /Fdtmp32dll/app -c .\crypto\evp\evp_extra_test.c
evp_extra_test.c
	link /nologo /subsystem:console /opt:ref /debug /out:out32dll\evp_extra_test.exe @C:\Users\rranft\AppData\Local\Temp\nm7EB3.tmp
   Creating library tmp32dll\junk.lib and object tmp32dll\junk.exp
	IF EXIST out32dll\evp_extra_test.exe.manifest mt -nologo -manifest out32dll\evp_extra_test.exe.manifest -outputresource:out32dll\evp_extra_test.exe;1
	cl /Fotmp32dll\verify_extra_test.obj -Iinc32 -Itmp32dll /MD /Ox /O2 /Ob2 -DOPENSSL_THREADS  -DDSO_WIN32 -W3 -Gs0 -GF -Gy -nologo -DOPENSSL_SYSNAME_WIN32 -DWIN32_LEAN_AND_MEAN -DL_ENDIAN -D_CRT_SECURE_NO_DEPRECATE -DOPENSSL_USE_APPLINK -I. -DOPENSSL_NO_RC5 -DOPENSSL_NO_MD2 -DOPENSSL_NO_KRB5 -DOPENSSL_NO_JPAKE -DOPENSSL_NO_STATIC_ENGINE /Zi /Fdtmp32dll/app -c .\crypto\x509\verify_extra_test.c
verify_extra_test.c
	link /nologo /subsystem:console /opt:ref /debug /out:out32dll\verify_extra_test.exe @C:\Users\rranft\AppData\Local\Temp\nm801A.tmp
   Creating library tmp32dll\junk.lib and object tmp32dll\junk.exp
	IF EXIST out32dll\verify_extra_test.exe.manifest mt -nologo -manifest out32dll\verify_extra_test.exe.manifest -outputresource:out32dll\verify_extra_test.exe;1
	cl /Fotmp32dll\v3nametest.obj -Iinc32 -Itmp32dll /MD /Ox /O2 /Ob2 -DOPENSSL_THREADS  -DDSO_WIN32 -W3 -Gs0 -GF -Gy -nologo -DOPENSSL_SYSNAME_WIN32 -DWIN32_LEAN_AND_MEAN -DL_ENDIAN -D_CRT_SECURE_NO_DEPRECATE -DOPENSSL_USE_APPLINK -I. -DOPENSSL_NO_RC5 -DOPENSSL_NO_MD2 -DOPENSSL_NO_KRB5 -DOPENSSL_NO_JPAKE -DOPENSSL_NO_STATIC_ENGINE /Zi /Fdtmp32dll/app -c .\crypto\x509v3\v3nametest.c
v3nametest.c
c:\program files (x86)\microsoft sdks\windows\v7.1a\include\sal_supp.h(57) : warning C4005: '__useHeader' : macro redefinition
        C:\Program Files (x86)\Microsoft Visual Studio 12.0\VC\include\sal.h(2886) : see previous definition of '__useHeader'
c:\program files (x86)\microsoft sdks\windows\v7.1a\include\specstrings_supp.h(77) : warning C4005: '__on_failure' : macro redefinition
        C:\Program Files (x86)\Microsoft Visual Studio 12.0\VC\include\sal.h(2896) : see previous definition of '__on_failure'
	link /nologo /subsystem:console /opt:ref /debug /out:out32dll\v3nametest.exe @C:\Users\rranft\AppData\Local\Temp\nm81D0.tmp
   Creating library tmp32dll\junk.lib and object tmp32dll\junk.exp
	IF EXIST out32dll\v3nametest.exe.manifest mt -nologo -manifest out32dll\v3nametest.exe.manifest -outputresource:out32dll\v3nametest.exe;1
	cl /Fotmp32dll\enginetest.obj -Iinc32 -Itmp32dll /MD /Ox /O2 /Ob2 -DOPENSSL_THREADS  -DDSO_WIN32 -W3 -Gs0 -GF -Gy -nologo -DOPENSSL_SYSNAME_WIN32 -DWIN32_LEAN_AND_MEAN -DL_ENDIAN -D_CRT_SECURE_NO_DEPRECATE -DOPENSSL_USE_APPLINK -I. -DOPENSSL_NO_RC5 -DOPENSSL_NO_MD2 -DOPENSSL_NO_KRB5 -DOPENSSL_NO_JPAKE -DOPENSSL_NO_STATIC_ENGINE /Zi /Fdtmp32dll/app -c .\crypto\engine\enginetest.c
enginetest.c
c:\program files (x86)\microsoft sdks\windows\v7.1a\include\sal_supp.h(57) : warning C4005: '__useHeader' : macro redefinition
        C:\Program Files (x86)\Microsoft Visual Studio 12.0\VC\include\sal.h(2886) : see previous definition of '__useHeader'
c:\program files (x86)\microsoft sdks\windows\v7.1a\include\specstrings_supp.h(77) : warning C4005: '__on_failure' : macro redefinition
        C:\Program Files (x86)\Microsoft Visual Studio 12.0\VC\include\sal.h(2896) : see previous definition of '__on_failure'
	link /nologo /subsystem:console /opt:ref /debug /out:out32dll\enginetest.exe @C:\Users\rranft\AppData\Local\Temp\nm8376.tmp
   Creating library tmp32dll\junk.lib and object tmp32dll\junk.exp
	IF EXIST out32dll\enginetest.exe.manifest mt -nologo -manifest out32dll\enginetest.exe.manifest -outputresource:out32dll\enginetest.exe;1
	cl /Fotmp32dll\wp_test.obj -Iinc32 -Itmp32dll /MD /Ox /O2 /Ob2 -DOPENSSL_THREADS  -DDSO_WIN32 -W3 -Gs0 -GF -Gy -nologo -DOPENSSL_SYSNAME_WIN32 -DWIN32_LEAN_AND_MEAN -DL_ENDIAN -D_CRT_SECURE_NO_DEPRECATE -DOPENSSL_USE_APPLINK -I. -DOPENSSL_NO_RC5 -DOPENSSL_NO_MD2 -DOPENSSL_NO_KRB5 -DOPENSSL_NO_JPAKE -DOPENSSL_NO_STATIC_ENGINE /Zi /Fdtmp32dll/app -c .\crypto\whrlpool\wp_test.c
wp_test.c
	link /nologo /subsystem:console /opt:ref /debug /out:out32dll\wp_test.exe @C:\Users\rranft\AppData\Local\Temp\nm84BF.tmp
   Creating library tmp32dll\junk.lib and object tmp32dll\junk.exp
	IF EXIST out32dll\wp_test.exe.manifest mt -nologo -manifest out32dll\wp_test.exe.manifest -outputresource:out32dll\wp_test.exe;1
	cl /Fotmp32dll\srptest.obj -Iinc32 -Itmp32dll /MD /Ox /O2 /Ob2 -DOPENSSL_THREADS  -DDSO_WIN32 -W3 -Gs0 -GF -Gy -nologo -DOPENSSL_SYSNAME_WIN32 -DWIN32_LEAN_AND_MEAN -DL_ENDIAN -D_CRT_SECURE_NO_DEPRECATE -DOPENSSL_USE_APPLINK -I. -DOPENSSL_NO_RC5 -DOPENSSL_NO_MD2 -DOPENSSL_NO_KRB5 -DOPENSSL_NO_JPAKE -DOPENSSL_NO_STATIC_ENGINE /Zi /Fdtmp32dll/app -c .\crypto\srp\srptest.c
srptest.c
c:\program files (x86)\microsoft sdks\windows\v7.1a\include\sal_supp.h(57) : warning C4005: '__useHeader' : macro redefinition
        C:\Program Files (x86)\Microsoft Visual Studio 12.0\VC\include\sal.h(2886) : see previous definition of '__useHeader'
c:\program files (x86)\microsoft sdks\windows\v7.1a\include\specstrings_supp.h(77) : warning C4005: '__on_failure' : macro redefinition
        C:\Program Files (x86)\Microsoft Visual Studio 12.0\VC\include\sal.h(2896) : see previous definition of '__on_failure'
	link /nologo /subsystem:console /opt:ref /debug /out:out32dll\srptest.exe @C:\Users\rranft\AppData\Local\Temp\nm8646.tmp
   Creating library tmp32dll\junk.lib and object tmp32dll\junk.exp
	IF EXIST out32dll\srptest.exe.manifest mt -nologo -manifest out32dll\srptest.exe.manifest -outputresource:out32dll\srptest.exe;1
	cl /Fotmp32dll\ssltest.obj -Iinc32 -Itmp32dll /MD /Ox /O2 /Ob2 -DOPENSSL_THREADS  -DDSO_WIN32 -W3 -Gs0 -GF -Gy -nologo -DOPENSSL_SYSNAME_WIN32 -DWIN32_LEAN_AND_MEAN -DL_ENDIAN -D_CRT_SECURE_NO_DEPRECATE -DOPENSSL_USE_APPLINK -I. -DOPENSSL_NO_RC5 -DOPENSSL_NO_MD2 -DOPENSSL_NO_KRB5 -DOPENSSL_NO_JPAKE -DOPENSSL_NO_STATIC_ENGINE /Zi /Fdtmp32dll/app -c .\ssl\ssltest.c
ssltest.c
c:\program files (x86)\microsoft sdks\windows\v7.1a\include\sal_supp.h(57) : warning C4005: '__useHeader' : macro redefinition
        C:\Program Files (x86)\Microsoft Visual Studio 12.0\VC\include\sal.h(2886) : see previous definition of '__useHeader'
c:\program files (x86)\microsoft sdks\windows\v7.1a\include\specstrings_supp.h(77) : warning C4005: '__on_failure' : macro redefinition
        C:\Program Files (x86)\Microsoft Visual Studio 12.0\VC\include\sal.h(2896) : see previous definition of '__on_failure'
	link /nologo /subsystem:console /opt:ref /debug /out:out32dll\ssltest.exe @C:\Users\rranft\AppData\Local\Temp\nm884A.tmp
   Creating library tmp32dll\junk.lib and object tmp32dll\junk.exp
	IF EXIST out32dll\ssltest.exe.manifest mt -nologo -manifest out32dll\ssltest.exe.manifest -outputresource:out32dll\ssltest.exe;1
	cl /Fotmp32dll\heartbeat_test.obj -Iinc32 -Itmp32dll /MD /Ox /O2 /Ob2 -DOPENSSL_THREADS  -DDSO_WIN32 -W3 -Gs0 -GF -Gy -nologo -DOPENSSL_SYSNAME_WIN32 -DWIN32_LEAN_AND_MEAN -DL_ENDIAN -D_CRT_SECURE_NO_DEPRECATE -DOPENSSL_USE_APPLINK -I. -DOPENSSL_NO_RC5 -DOPENSSL_NO_MD2 -DOPENSSL_NO_KRB5 -DOPENSSL_NO_JPAKE -DOPENSSL_NO_STATIC_ENGINE /Zi /Fdtmp32dll/app -c .\ssl\heartbeat_test.c
heartbeat_test.c
c:\program files (x86)\microsoft sdks\windows\v7.1a\include\sal_supp.h(57) : warning C4005: '__useHeader' : macro redefinition
        C:\Program Files (x86)\Microsoft Visual Studio 12.0\VC\include\sal.h(2886) : see previous definition of '__useHeader'
c:\program files (x86)\microsoft sdks\windows\v7.1a\include\specstrings_supp.h(77) : warning C4005: '__on_failure' : macro redefinition
        C:\Program Files (x86)\Microsoft Visual Studio 12.0\VC\include\sal.h(2896) : see previous definition of '__on_failure'
	link /nologo /subsystem:console /opt:ref /debug /out:out32dll\heartbeat_test.exe @C:\Users\rranft\AppData\Local\Temp\nm8A00.tmp
   Creating library tmp32dll\junk.lib and object tmp32dll\junk.exp
	IF EXIST out32dll\heartbeat_test.exe.manifest mt -nologo -manifest out32dll\heartbeat_test.exe.manifest -outputresource:out32dll\heartbeat_test.exe;1
	cl /Fotmp32dll\clienthellotest.obj -Iinc32 -Itmp32dll /MD /Ox /O2 /Ob2 -DOPENSSL_THREADS  -DDSO_WIN32 -W3 -Gs0 -GF -Gy -nologo -DOPENSSL_SYSNAME_WIN32 -DWIN32_LEAN_AND_MEAN -DL_ENDIAN -D_CRT_SECURE_NO_DEPRECATE -DOPENSSL_USE_APPLINK -I. -DOPENSSL_NO_RC5 -DOPENSSL_NO_MD2 -DOPENSSL_NO_KRB5 -DOPENSSL_NO_JPAKE -DOPENSSL_NO_STATIC_ENGINE /Zi /Fdtmp32dll/app -c .\ssl\clienthellotest.c
clienthellotest.c
c:\program files (x86)\microsoft sdks\windows\v7.1a\include\sal_supp.h(57) : warning C4005: '__useHeader' : macro redefinition
        C:\Program Files (x86)\Microsoft Visual Studio 12.0\VC\include\sal.h(2886) : see previous definition of '__useHeader'
c:\program files (x86)\microsoft sdks\windows\v7.1a\include\specstrings_supp.h(77) : warning C4005: '__on_failure' : macro redefinition
        C:\Program Files (x86)\Microsoft Visual Studio 12.0\VC\include\sal.h(2896) : see previous definition of '__on_failure'
	link /nologo /subsystem:console /opt:ref /debug /out:out32dll\clienthellotest.exe @C:\Users\rranft\AppData\Local\Temp\nm8B96.tmp
   Creating library tmp32dll\junk.lib and object tmp32dll\junk.exp
	IF EXIST out32dll\clienthellotest.exe.manifest mt -nologo -manifest out32dll\clienthellotest.exe.manifest -outputresource:out32dll\clienthellotest.exe;1
	cl /Fotmp32dll\igetest.obj -Iinc32 -Itmp32dll /MD /Ox /O2 /Ob2 -DOPENSSL_THREADS  -DDSO_WIN32 -W3 -Gs0 -GF -Gy -nologo -DOPENSSL_SYSNAME_WIN32 -DWIN32_LEAN_AND_MEAN -DL_ENDIAN -D_CRT_SECURE_NO_DEPRECATE -DOPENSSL_USE_APPLINK -I. -DOPENSSL_NO_RC5 -DOPENSSL_NO_MD2 -DOPENSSL_NO_KRB5 -DOPENSSL_NO_JPAKE -DOPENSSL_NO_STATIC_ENGINE /Zi /Fdtmp32dll/app -c .\test\igetest.c
igetest.c
c:\program files (x86)\microsoft sdks\windows\v7.1a\include\sal_supp.h(57) : warning C4005: '__useHeader' : macro redefinition
        C:\Program Files (x86)\Microsoft Visual Studio 12.0\VC\include\sal.h(2886) : see previous definition of '__useHeader'
c:\program files (x86)\microsoft sdks\windows\v7.1a\include\specstrings_supp.h(77) : warning C4005: '__on_failure' : macro redefinition
        C:\Program Files (x86)\Microsoft Visual Studio 12.0\VC\include\sal.h(2896) : see previous definition of '__on_failure'
	link /nologo /subsystem:console /opt:ref /debug /out:out32dll\igetest.exe @C:\Users\rranft\AppData\Local\Temp\nm8D3C.tmp
   Creating library tmp32dll\junk.lib and object tmp32dll\junk.exp
	IF EXIST out32dll\igetest.exe.manifest mt -nologo -manifest out32dll\igetest.exe.manifest -outputresource:out32dll\igetest.exe;1
	cl /Fotmp32dll\verify.obj -DMONOLITH -Iinc32 -Itmp32dll /MD /Ox /O2 /Ob2 -DOPENSSL_THREADS  -DDSO_WIN32 -W3 -Gs0 -GF -Gy -nologo -DOPENSSL_SYSNAME_WIN32 -DWIN32_LEAN_AND_MEAN -DL_ENDIAN -D_CRT_SECURE_NO_DEPRECATE -DOPENSSL_USE_APPLINK -I. -DOPENSSL_NO_RC5 -DOPENSSL_NO_MD2 -DOPENSSL_NO_KRB5 -DOPENSSL_NO_JPAKE -DOPENSSL_NO_STATIC_ENGINE /Zi /Fdtmp32dll/app -c .\apps\verify.c
verify.c
c:\program files (x86)\microsoft sdks\windows\v7.1a\include\sal_supp.h(57) : warning C4005: '__useHeader' : macro redefinition
        C:\Program Files (x86)\Microsoft Visual Studio 12.0\VC\include\sal.h(2886) : see previous definition of '__useHeader'
c:\program files (x86)\microsoft sdks\windows\v7.1a\include\specstrings_supp.h(77) : warning C4005: '__on_failure' : macro redefinition
        C:\Program Files (x86)\Microsoft Visual Studio 12.0\VC\include\sal.h(2896) : see previous definition of '__on_failure'
	cl /Fotmp32dll\asn1pars.obj -DMONOLITH -Iinc32 -Itmp32dll /MD /Ox /O2 /Ob2 -DOPENSSL_THREADS  -DDSO_WIN32 -W3 -Gs0 -GF -Gy -nologo -DOPENSSL_SYSNAME_WIN32 -DWIN32_LEAN_AND_MEAN -DL_ENDIAN -D_CRT_SECURE_NO_DEPRECATE -DOPENSSL_USE_APPLINK -I. -DOPENSSL_NO_RC5 -DOPENSSL_NO_MD2 -DOPENSSL_NO_KRB5 -DOPENSSL_NO_JPAKE -DOPENSSL_NO_STATIC_ENGINE /Zi /Fdtmp32dll/app -c .\apps\asn1pars.c
asn1pars.c
c:\program files (x86)\microsoft sdks\windows\v7.1a\include\sal_supp.h(57) : warning C4005: '__useHeader' : macro redefinition
        C:\Program Files (x86)\Microsoft Visual Studio 12.0\VC\include\sal.h(2886) : see previous definition of '__useHeader'
c:\program files (x86)\microsoft sdks\windows\v7.1a\include\specstrings_supp.h(77) : warning C4005: '__on_failure' : macro redefinition
        C:\Program Files (x86)\Microsoft Visual Studio 12.0\VC\include\sal.h(2896) : see previous definition of '__on_failure'
	cl /Fotmp32dll\req.obj -DMONOLITH -Iinc32 -Itmp32dll /MD /Ox /O2 /Ob2 -DOPENSSL_THREADS  -DDSO_WIN32 -W3 -Gs0 -GF -Gy -nologo -DOPENSSL_SYSNAME_WIN32 -DWIN32_LEAN_AND_MEAN -DL_ENDIAN -D_CRT_SECURE_NO_DEPRECATE -DOPENSSL_USE_APPLINK -I. -DOPENSSL_NO_RC5 -DOPENSSL_NO_MD2 -DOPENSSL_NO_KRB5 -DOPENSSL_NO_JPAKE -DOPENSSL_NO_STATIC_ENGINE /Zi /Fdtmp32dll/app -c .\apps\req.c
req.c
c:\program files (x86)\microsoft sdks\windows\v7.1a\include\sal_supp.h(57) : warning C4005: '__useHeader' : macro redefinition
        C:\Program Files (x86)\Microsoft Visual Studio 12.0\VC\include\sal.h(2886) : see previous definition of '__useHeader'
c:\program files (x86)\microsoft sdks\windows\v7.1a\include\specstrings_supp.h(77) : warning C4005: '__on_failure' : macro redefinition
        C:\Program Files (x86)\Microsoft Visual Studio 12.0\VC\include\sal.h(2896) : see previous definition of '__on_failure'
	cl /Fotmp32dll\dgst.obj -DMONOLITH -Iinc32 -Itmp32dll /MD /Ox /O2 /Ob2 -DOPENSSL_THREADS  -DDSO_WIN32 -W3 -Gs0 -GF -Gy -nologo -DOPENSSL_SYSNAME_WIN32 -DWIN32_LEAN_AND_MEAN -DL_ENDIAN -D_CRT_SECURE_NO_DEPRECATE -DOPENSSL_USE_APPLINK -I. -DOPENSSL_NO_RC5 -DOPENSSL_NO_MD2 -DOPENSSL_NO_KRB5 -DOPENSSL_NO_JPAKE -DOPENSSL_NO_STATIC_ENGINE /Zi /Fdtmp32dll/app -c .\apps\dgst.c
dgst.c
c:\program files (x86)\microsoft sdks\windows\v7.1a\include\sal_supp.h(57) : warning C4005: '__useHeader' : macro redefinition
        C:\Program Files (x86)\Microsoft Visual Studio 12.0\VC\include\sal.h(2886) : see previous definition of '__useHeader'
c:\program files (x86)\microsoft sdks\windows\v7.1a\include\specstrings_supp.h(77) : warning C4005: '__on_failure' : macro redefinition
        C:\Program Files (x86)\Microsoft Visual Studio 12.0\VC\include\sal.h(2896) : see previous definition of '__on_failure'
	cl /Fotmp32dll\dh.obj -DMONOLITH -Iinc32 -Itmp32dll /MD /Ox /O2 /Ob2 -DOPENSSL_THREADS  -DDSO_WIN32 -W3 -Gs0 -GF -Gy -nologo -DOPENSSL_SYSNAME_WIN32 -DWIN32_LEAN_AND_MEAN -DL_ENDIAN -D_CRT_SECURE_NO_DEPRECATE -DOPENSSL_USE_APPLINK -I. -DOPENSSL_NO_RC5 -DOPENSSL_NO_MD2 -DOPENSSL_NO_KRB5 -DOPENSSL_NO_JPAKE -DOPENSSL_NO_STATIC_ENGINE /Zi /Fdtmp32dll/app -c .\apps\dh.c
dh.c
c:\program files (x86)\microsoft sdks\windows\v7.1a\include\sal_supp.h(57) : warning C4005: '__useHeader' : macro redefinition
        C:\Program Files (x86)\Microsoft Visual Studio 12.0\VC\include\sal.h(2886) : see previous definition of '__useHeader'
c:\program files (x86)\microsoft sdks\windows\v7.1a\include\specstrings_supp.h(77) : warning C4005: '__on_failure' : macro redefinition
        C:\Program Files (x86)\Microsoft Visual Studio 12.0\VC\include\sal.h(2896) : see previous definition of '__on_failure'
	cl /Fotmp32dll\dhparam.obj -DMONOLITH -Iinc32 -Itmp32dll /MD /Ox /O2 /Ob2 -DOPENSSL_THREADS  -DDSO_WIN32 -W3 -Gs0 -GF -Gy -nologo -DOPENSSL_SYSNAME_WIN32 -DWIN32_LEAN_AND_MEAN -DL_ENDIAN -D_CRT_SECURE_NO_DEPRECATE -DOPENSSL_USE_APPLINK -I. -DOPENSSL_NO_RC5 -DOPENSSL_NO_MD2 -DOPENSSL_NO_KRB5 -DOPENSSL_NO_JPAKE -DOPENSSL_NO_STATIC_ENGINE /Zi /Fdtmp32dll/app -c .\apps\dhparam.c
dhparam.c
c:\program files (x86)\microsoft sdks\windows\v7.1a\include\sal_supp.h(57) : warning C4005: '__useHeader' : macro redefinition
        C:\Program Files (x86)\Microsoft Visual Studio 12.0\VC\include\sal.h(2886) : see previous definition of '__useHeader'
c:\program files (x86)\microsoft sdks\windows\v7.1a\include\specstrings_supp.h(77) : warning C4005: '__on_failure' : macro redefinition
        C:\Program Files (x86)\Microsoft Visual Studio 12.0\VC\include\sal.h(2896) : see previous definition of '__on_failure'
	cl /Fotmp32dll\enc.obj -DMONOLITH -Iinc32 -Itmp32dll /MD /Ox /O2 /Ob2 -DOPENSSL_THREADS  -DDSO_WIN32 -W3 -Gs0 -GF -Gy -nologo -DOPENSSL_SYSNAME_WIN32 -DWIN32_LEAN_AND_MEAN -DL_ENDIAN -D_CRT_SECURE_NO_DEPRECATE -DOPENSSL_USE_APPLINK -I. -DOPENSSL_NO_RC5 -DOPENSSL_NO_MD2 -DOPENSSL_NO_KRB5 -DOPENSSL_NO_JPAKE -DOPENSSL_NO_STATIC_ENGINE /Zi /Fdtmp32dll/app -c .\apps\enc.c
enc.c
c:\program files (x86)\microsoft sdks\windows\v7.1a\include\sal_supp.h(57) : warning C4005: '__useHeader' : macro redefinition
        C:\Program Files (x86)\Microsoft Visual Studio 12.0\VC\include\sal.h(2886) : see previous definition of '__useHeader'
c:\program files (x86)\microsoft sdks\windows\v7.1a\include\specstrings_supp.h(77) : warning C4005: '__on_failure' : macro redefinition
        C:\Program Files (x86)\Microsoft Visual Studio 12.0\VC\include\sal.h(2896) : see previous definition of '__on_failure'
	cl /Fotmp32dll\passwd.obj -DMONOLITH -Iinc32 -Itmp32dll /MD /Ox /O2 /Ob2 -DOPENSSL_THREADS  -DDSO_WIN32 -W3 -Gs0 -GF -Gy -nologo -DOPENSSL_SYSNAME_WIN32 -DWIN32_LEAN_AND_MEAN -DL_ENDIAN -D_CRT_SECURE_NO_DEPRECATE -DOPENSSL_USE_APPLINK -I. -DOPENSSL_NO_RC5 -DOPENSSL_NO_MD2 -DOPENSSL_NO_KRB5 -DOPENSSL_NO_JPAKE -DOPENSSL_NO_STATIC_ENGINE /Zi /Fdtmp32dll/app -c .\apps\passwd.c
passwd.c
c:\program files (x86)\microsoft sdks\windows\v7.1a\include\sal_supp.h(57) : warning C4005: '__useHeader' : macro redefinition
        C:\Program Files (x86)\Microsoft Visual Studio 12.0\VC\include\sal.h(2886) : see previous definition of '__useHeader'
c:\program files (x86)\microsoft sdks\windows\v7.1a\include\specstrings_supp.h(77) : warning C4005: '__on_failure' : macro redefinition
        C:\Program Files (x86)\Microsoft Visual Studio 12.0\VC\include\sal.h(2896) : see previous definition of '__on_failure'
	cl /Fotmp32dll\gendh.obj -DMONOLITH -Iinc32 -Itmp32dll /MD /Ox /O2 /Ob2 -DOPENSSL_THREADS  -DDSO_WIN32 -W3 -Gs0 -GF -Gy -nologo -DOPENSSL_SYSNAME_WIN32 -DWIN32_LEAN_AND_MEAN -DL_ENDIAN -D_CRT_SECURE_NO_DEPRECATE -DOPENSSL_USE_APPLINK -I. -DOPENSSL_NO_RC5 -DOPENSSL_NO_MD2 -DOPENSSL_NO_KRB5 -DOPENSSL_NO_JPAKE -DOPENSSL_NO_STATIC_ENGINE /Zi /Fdtmp32dll/app -c .\apps\gendh.c
gendh.c
c:\program files (x86)\microsoft sdks\windows\v7.1a\include\sal_supp.h(57) : warning C4005: '__useHeader' : macro redefinition
        C:\Program Files (x86)\Microsoft Visual Studio 12.0\VC\include\sal.h(2886) : see previous definition of '__useHeader'
c:\program files (x86)\microsoft sdks\windows\v7.1a\include\specstrings_supp.h(77) : warning C4005: '__on_failure' : macro redefinition
        C:\Program Files (x86)\Microsoft Visual Studio 12.0\VC\include\sal.h(2896) : see previous definition of '__on_failure'
	cl /Fotmp32dll\errstr.obj -DMONOLITH -Iinc32 -Itmp32dll /MD /Ox /O2 /Ob2 -DOPENSSL_THREADS  -DDSO_WIN32 -W3 -Gs0 -GF -Gy -nologo -DOPENSSL_SYSNAME_WIN32 -DWIN32_LEAN_AND_MEAN -DL_ENDIAN -D_CRT_SECURE_NO_DEPRECATE -DOPENSSL_USE_APPLINK -I. -DOPENSSL_NO_RC5 -DOPENSSL_NO_MD2 -DOPENSSL_NO_KRB5 -DOPENSSL_NO_JPAKE -DOPENSSL_NO_STATIC_ENGINE /Zi /Fdtmp32dll/app -c .\apps\errstr.c
errstr.c
c:\program files (x86)\microsoft sdks\windows\v7.1a\include\sal_supp.h(57) : warning C4005: '__useHeader' : macro redefinition
        C:\Program Files (x86)\Microsoft Visual Studio 12.0\VC\include\sal.h(2886) : see previous definition of '__useHeader'
c:\program files (x86)\microsoft sdks\windows\v7.1a\include\specstrings_supp.h(77) : warning C4005: '__on_failure' : macro redefinition
        C:\Program Files (x86)\Microsoft Visual Studio 12.0\VC\include\sal.h(2896) : see previous definition of '__on_failure'
	cl /Fotmp32dll\ca.obj -DMONOLITH -Iinc32 -Itmp32dll /MD /Ox /O2 /Ob2 -DOPENSSL_THREADS  -DDSO_WIN32 -W3 -Gs0 -GF -Gy -nologo -DOPENSSL_SYSNAME_WIN32 -DWIN32_LEAN_AND_MEAN -DL_ENDIAN -D_CRT_SECURE_NO_DEPRECATE -DOPENSSL_USE_APPLINK -I. -DOPENSSL_NO_RC5 -DOPENSSL_NO_MD2 -DOPENSSL_NO_KRB5 -DOPENSSL_NO_JPAKE -DOPENSSL_NO_STATIC_ENGINE /Zi /Fdtmp32dll/app -c .\apps\ca.c
ca.c
c:\program files (x86)\microsoft sdks\windows\v7.1a\include\sal_supp.h(57) : warning C4005: '__useHeader' : macro redefinition
        C:\Program Files (x86)\Microsoft Visual Studio 12.0\VC\include\sal.h(2886) : see previous definition of '__useHeader'
c:\program files (x86)\microsoft sdks\windows\v7.1a\include\specstrings_supp.h(77) : warning C4005: '__on_failure' : macro redefinition
        C:\Program Files (x86)\Microsoft Visual Studio 12.0\VC\include\sal.h(2896) : see previous definition of '__on_failure'
	cl /Fotmp32dll\pkcs7.obj -DMONOLITH -Iinc32 -Itmp32dll /MD /Ox /O2 /Ob2 -DOPENSSL_THREADS  -DDSO_WIN32 -W3 -Gs0 -GF -Gy -nologo -DOPENSSL_SYSNAME_WIN32 -DWIN32_LEAN_AND_MEAN -DL_ENDIAN -D_CRT_SECURE_NO_DEPRECATE -DOPENSSL_USE_APPLINK -I. -DOPENSSL_NO_RC5 -DOPENSSL_NO_MD2 -DOPENSSL_NO_KRB5 -DOPENSSL_NO_JPAKE -DOPENSSL_NO_STATIC_ENGINE /Zi /Fdtmp32dll/app -c .\apps\pkcs7.c
pkcs7.c
c:\program files (x86)\microsoft sdks\windows\v7.1a\include\sal_supp.h(57) : warning C4005: '__useHeader' : macro redefinition
        C:\Program Files (x86)\Microsoft Visual Studio 12.0\VC\include\sal.h(2886) : see previous definition of '__useHeader'
c:\program files (x86)\microsoft sdks\windows\v7.1a\include\specstrings_supp.h(77) : warning C4005: '__on_failure' : macro redefinition
        C:\Program Files (x86)\Microsoft Visual Studio 12.0\VC\include\sal.h(2896) : see previous definition of '__on_failure'
	cl /Fotmp32dll\crl2p7.obj -DMONOLITH -Iinc32 -Itmp32dll /MD /Ox /O2 /Ob2 -DOPENSSL_THREADS  -DDSO_WIN32 -W3 -Gs0 -GF -Gy -nologo -DOPENSSL_SYSNAME_WIN32 -DWIN32_LEAN_AND_MEAN -DL_ENDIAN -D_CRT_SECURE_NO_DEPRECATE -DOPENSSL_USE_APPLINK -I. -DOPENSSL_NO_RC5 -DOPENSSL_NO_MD2 -DOPENSSL_NO_KRB5 -DOPENSSL_NO_JPAKE -DOPENSSL_NO_STATIC_ENGINE /Zi /Fdtmp32dll/app -c .\apps\crl2p7.c
crl2p7.c
c:\program files (x86)\microsoft sdks\windows\v7.1a\include\sal_supp.h(57) : warning C4005: '__useHeader' : macro redefinition
        C:\Program Files (x86)\Microsoft Visual Studio 12.0\VC\include\sal.h(2886) : see previous definition of '__useHeader'
c:\program files (x86)\microsoft sdks\windows\v7.1a\include\specstrings_supp.h(77) : warning C4005: '__on_failure' : macro redefinition
        C:\Program Files (x86)\Microsoft Visual Studio 12.0\VC\include\sal.h(2896) : see previous definition of '__on_failure'
	cl /Fotmp32dll\crl.obj -DMONOLITH -Iinc32 -Itmp32dll /MD /Ox /O2 /Ob2 -DOPENSSL_THREADS  -DDSO_WIN32 -W3 -Gs0 -GF -Gy -nologo -DOPENSSL_SYSNAME_WIN32 -DWIN32_LEAN_AND_MEAN -DL_ENDIAN -D_CRT_SECURE_NO_DEPRECATE -DOPENSSL_USE_APPLINK -I. -DOPENSSL_NO_RC5 -DOPENSSL_NO_MD2 -DOPENSSL_NO_KRB5 -DOPENSSL_NO_JPAKE -DOPENSSL_NO_STATIC_ENGINE /Zi /Fdtmp32dll/app -c .\apps\crl.c
crl.c
c:\program files (x86)\microsoft sdks\windows\v7.1a\include\sal_supp.h(57) : warning C4005: '__useHeader' : macro redefinition
        C:\Program Files (x86)\Microsoft Visual Studio 12.0\VC\include\sal.h(2886) : see previous definition of '__useHeader'
c:\program files (x86)\microsoft sdks\windows\v7.1a\include\specstrings_supp.h(77) : warning C4005: '__on_failure' : macro redefinition
        C:\Program Files (x86)\Microsoft Visual Studio 12.0\VC\include\sal.h(2896) : see previous definition of '__on_failure'
	cl /Fotmp32dll\rsa.obj -DMONOLITH -Iinc32 -Itmp32dll /MD /Ox /O2 /Ob2 -DOPENSSL_THREADS  -DDSO_WIN32 -W3 -Gs0 -GF -Gy -nologo -DOPENSSL_SYSNAME_WIN32 -DWIN32_LEAN_AND_MEAN -DL_ENDIAN -D_CRT_SECURE_NO_DEPRECATE -DOPENSSL_USE_APPLINK -I. -DOPENSSL_NO_RC5 -DOPENSSL_NO_MD2 -DOPENSSL_NO_KRB5 -DOPENSSL_NO_JPAKE -DOPENSSL_NO_STATIC_ENGINE /Zi /Fdtmp32dll/app -c .\apps\rsa.c
rsa.c
c:\program files (x86)\microsoft sdks\windows\v7.1a\include\sal_supp.h(57) : warning C4005: '__useHeader' : macro redefinition
        C:\Program Files (x86)\Microsoft Visual Studio 12.0\VC\include\sal.h(2886) : see previous definition of '__useHeader'
c:\program files (x86)\microsoft sdks\windows\v7.1a\include\specstrings_supp.h(77) : warning C4005: '__on_failure' : macro redefinition
        C:\Program Files (x86)\Microsoft Visual Studio 12.0\VC\include\sal.h(2896) : see previous definition of '__on_failure'
	cl /Fotmp32dll\rsautl.obj -DMONOLITH -Iinc32 -Itmp32dll /MD /Ox /O2 /Ob2 -DOPENSSL_THREADS  -DDSO_WIN32 -W3 -Gs0 -GF -Gy -nologo -DOPENSSL_SYSNAME_WIN32 -DWIN32_LEAN_AND_MEAN -DL_ENDIAN -D_CRT_SECURE_NO_DEPRECATE -DOPENSSL_USE_APPLINK -I. -DOPENSSL_NO_RC5 -DOPENSSL_NO_MD2 -DOPENSSL_NO_KRB5 -DOPENSSL_NO_JPAKE -DOPENSSL_NO_STATIC_ENGINE /Zi /Fdtmp32dll/app -c .\apps\rsautl.c
rsautl.c
c:\program files (x86)\microsoft sdks\windows\v7.1a\include\sal_supp.h(57) : warning C4005: '__useHeader' : macro redefinition
        C:\Program Files (x86)\Microsoft Visual Studio 12.0\VC\include\sal.h(2886) : see previous definition of '__useHeader'
c:\program files (x86)\microsoft sdks\windows\v7.1a\include\specstrings_supp.h(77) : warning C4005: '__on_failure' : macro redefinition
        C:\Program Files (x86)\Microsoft Visual Studio 12.0\VC\include\sal.h(2896) : see previous definition of '__on_failure'
	cl /Fotmp32dll\dsa.obj -DMONOLITH -Iinc32 -Itmp32dll /MD /Ox /O2 /Ob2 -DOPENSSL_THREADS  -DDSO_WIN32 -W3 -Gs0 -GF -Gy -nologo -DOPENSSL_SYSNAME_WIN32 -DWIN32_LEAN_AND_MEAN -DL_ENDIAN -D_CRT_SECURE_NO_DEPRECATE -DOPENSSL_USE_APPLINK -I. -DOPENSSL_NO_RC5 -DOPENSSL_NO_MD2 -DOPENSSL_NO_KRB5 -DOPENSSL_NO_JPAKE -DOPENSSL_NO_STATIC_ENGINE /Zi /Fdtmp32dll/app -c .\apps\dsa.c
dsa.c
c:\program files (x86)\microsoft sdks\windows\v7.1a\include\sal_supp.h(57) : warning C4005: '__useHeader' : macro redefinition
        C:\Program Files (x86)\Microsoft Visual Studio 12.0\VC\include\sal.h(2886) : see previous definition of '__useHeader'
c:\program files (x86)\microsoft sdks\windows\v7.1a\include\specstrings_supp.h(77) : warning C4005: '__on_failure' : macro redefinition
        C:\Program Files (x86)\Microsoft Visual Studio 12.0\VC\include\sal.h(2896) : see previous definition of '__on_failure'
	cl /Fotmp32dll\dsaparam.obj -DMONOLITH -Iinc32 -Itmp32dll /MD /Ox /O2 /Ob2 -DOPENSSL_THREADS  -DDSO_WIN32 -W3 -Gs0 -GF -Gy -nologo -DOPENSSL_SYSNAME_WIN32 -DWIN32_LEAN_AND_MEAN -DL_ENDIAN -D_CRT_SECURE_NO_DEPRECATE -DOPENSSL_USE_APPLINK -I. -DOPENSSL_NO_RC5 -DOPENSSL_NO_MD2 -DOPENSSL_NO_KRB5 -DOPENSSL_NO_JPAKE -DOPENSSL_NO_STATIC_ENGINE /Zi /Fdtmp32dll/app -c .\apps\dsaparam.c
dsaparam.c
c:\program files (x86)\microsoft sdks\windows\v7.1a\include\sal_supp.h(57) : warning C4005: '__useHeader' : macro redefinition
        C:\Program Files (x86)\Microsoft Visual Studio 12.0\VC\include\sal.h(2886) : see previous definition of '__useHeader'
c:\program files (x86)\microsoft sdks\windows\v7.1a\include\specstrings_supp.h(77) : warning C4005: '__on_failure' : macro redefinition
        C:\Program Files (x86)\Microsoft Visual Studio 12.0\VC\include\sal.h(2896) : see previous definition of '__on_failure'
	cl /Fotmp32dll\ec.obj -DMONOLITH -Iinc32 -Itmp32dll /MD /Ox /O2 /Ob2 -DOPENSSL_THREADS  -DDSO_WIN32 -W3 -Gs0 -GF -Gy -nologo -DOPENSSL_SYSNAME_WIN32 -DWIN32_LEAN_AND_MEAN -DL_ENDIAN -D_CRT_SECURE_NO_DEPRECATE -DOPENSSL_USE_APPLINK -I. -DOPENSSL_NO_RC5 -DOPENSSL_NO_MD2 -DOPENSSL_NO_KRB5 -DOPENSSL_NO_JPAKE -DOPENSSL_NO_STATIC_ENGINE /Zi /Fdtmp32dll/app -c .\apps\ec.c
ec.c
c:\program files (x86)\microsoft sdks\windows\v7.1a\include\sal_supp.h(57) : warning C4005: '__useHeader' : macro redefinition
        C:\Program Files (x86)\Microsoft Visual Studio 12.0\VC\include\sal.h(2886) : see previous definition of '__useHeader'
c:\program files (x86)\microsoft sdks\windows\v7.1a\include\specstrings_supp.h(77) : warning C4005: '__on_failure' : macro redefinition
        C:\Program Files (x86)\Microsoft Visual Studio 12.0\VC\include\sal.h(2896) : see previous definition of '__on_failure'
	cl /Fotmp32dll\ecparam.obj -DMONOLITH -Iinc32 -Itmp32dll /MD /Ox /O2 /Ob2 -DOPENSSL_THREADS  -DDSO_WIN32 -W3 -Gs0 -GF -Gy -nologo -DOPENSSL_SYSNAME_WIN32 -DWIN32_LEAN_AND_MEAN -DL_ENDIAN -D_CRT_SECURE_NO_DEPRECATE -DOPENSSL_USE_APPLINK -I. -DOPENSSL_NO_RC5 -DOPENSSL_NO_MD2 -DOPENSSL_NO_KRB5 -DOPENSSL_NO_JPAKE -DOPENSSL_NO_STATIC_ENGINE /Zi /Fdtmp32dll/app -c .\apps\ecparam.c
ecparam.c
c:\program files (x86)\microsoft sdks\windows\v7.1a\include\sal_supp.h(57) : warning C4005: '__useHeader' : macro redefinition
        C:\Program Files (x86)\Microsoft Visual Studio 12.0\VC\include\sal.h(2886) : see previous definition of '__useHeader'
c:\program files (x86)\microsoft sdks\windows\v7.1a\include\specstrings_supp.h(77) : warning C4005: '__on_failure' : macro redefinition
        C:\Program Files (x86)\Microsoft Visual Studio 12.0\VC\include\sal.h(2896) : see previous definition of '__on_failure'
	cl /Fotmp32dll\x509.obj -DMONOLITH -Iinc32 -Itmp32dll /MD /Ox /O2 /Ob2 -DOPENSSL_THREADS  -DDSO_WIN32 -W3 -Gs0 -GF -Gy -nologo -DOPENSSL_SYSNAME_WIN32 -DWIN32_LEAN_AND_MEAN -DL_ENDIAN -D_CRT_SECURE_NO_DEPRECATE -DOPENSSL_USE_APPLINK -I. -DOPENSSL_NO_RC5 -DOPENSSL_NO_MD2 -DOPENSSL_NO_KRB5 -DOPENSSL_NO_JPAKE -DOPENSSL_NO_STATIC_ENGINE /Zi /Fdtmp32dll/app -c .\apps\x509.c
x509.c
c:\program files (x86)\microsoft sdks\windows\v7.1a\include\sal_supp.h(57) : warning C4005: '__useHeader' : macro redefinition
        C:\Program Files (x86)\Microsoft Visual Studio 12.0\VC\include\sal.h(2886) : see previous definition of '__useHeader'
c:\program files (x86)\microsoft sdks\windows\v7.1a\include\specstrings_supp.h(77) : warning C4005: '__on_failure' : macro redefinition
        C:\Program Files (x86)\Microsoft Visual Studio 12.0\VC\include\sal.h(2896) : see previous definition of '__on_failure'
	cl /Fotmp32dll\genrsa.obj -DMONOLITH -Iinc32 -Itmp32dll /MD /Ox /O2 /Ob2 -DOPENSSL_THREADS  -DDSO_WIN32 -W3 -Gs0 -GF -Gy -nologo -DOPENSSL_SYSNAME_WIN32 -DWIN32_LEAN_AND_MEAN -DL_ENDIAN -D_CRT_SECURE_NO_DEPRECATE -DOPENSSL_USE_APPLINK -I. -DOPENSSL_NO_RC5 -DOPENSSL_NO_MD2 -DOPENSSL_NO_KRB5 -DOPENSSL_NO_JPAKE -DOPENSSL_NO_STATIC_ENGINE /Zi /Fdtmp32dll/app -c .\apps\genrsa.c
genrsa.c
c:\program files (x86)\microsoft sdks\windows\v7.1a\include\sal_supp.h(57) : warning C4005: '__useHeader' : macro redefinition
        C:\Program Files (x86)\Microsoft Visual Studio 12.0\VC\include\sal.h(2886) : see previous definition of '__useHeader'
c:\program files (x86)\microsoft sdks\windows\v7.1a\include\specstrings_supp.h(77) : warning C4005: '__on_failure' : macro redefinition
        C:\Program Files (x86)\Microsoft Visual Studio 12.0\VC\include\sal.h(2896) : see previous definition of '__on_failure'
	cl /Fotmp32dll\gendsa.obj -DMONOLITH -Iinc32 -Itmp32dll /MD /Ox /O2 /Ob2 -DOPENSSL_THREADS  -DDSO_WIN32 -W3 -Gs0 -GF -Gy -nologo -DOPENSSL_SYSNAME_WIN32 -DWIN32_LEAN_AND_MEAN -DL_ENDIAN -D_CRT_SECURE_NO_DEPRECATE -DOPENSSL_USE_APPLINK -I. -DOPENSSL_NO_RC5 -DOPENSSL_NO_MD2 -DOPENSSL_NO_KRB5 -DOPENSSL_NO_JPAKE -DOPENSSL_NO_STATIC_ENGINE /Zi /Fdtmp32dll/app -c .\apps\gendsa.c
gendsa.c
c:\program files (x86)\microsoft sdks\windows\v7.1a\include\sal_supp.h(57) : warning C4005: '__useHeader' : macro redefinition
        C:\Program Files (x86)\Microsoft Visual Studio 12.0\VC\include\sal.h(2886) : see previous definition of '__useHeader'
c:\program files (x86)\microsoft sdks\windows\v7.1a\include\specstrings_supp.h(77) : warning C4005: '__on_failure' : macro redefinition
        C:\Program Files (x86)\Microsoft Visual Studio 12.0\VC\include\sal.h(2896) : see previous definition of '__on_failure'
	cl /Fotmp32dll\genpkey.obj -DMONOLITH -Iinc32 -Itmp32dll /MD /Ox /O2 /Ob2 -DOPENSSL_THREADS  -DDSO_WIN32 -W3 -Gs0 -GF -Gy -nologo -DOPENSSL_SYSNAME_WIN32 -DWIN32_LEAN_AND_MEAN -DL_ENDIAN -D_CRT_SECURE_NO_DEPRECATE -DOPENSSL_USE_APPLINK -I. -DOPENSSL_NO_RC5 -DOPENSSL_NO_MD2 -DOPENSSL_NO_KRB5 -DOPENSSL_NO_JPAKE -DOPENSSL_NO_STATIC_ENGINE /Zi /Fdtmp32dll/app -c .\apps\genpkey.c
genpkey.c
c:\program files (x86)\microsoft sdks\windows\v7.1a\include\sal_supp.h(57) : warning C4005: '__useHeader' : macro redefinition
        C:\Program Files (x86)\Microsoft Visual Studio 12.0\VC\include\sal.h(2886) : see previous definition of '__useHeader'
c:\program files (x86)\microsoft sdks\windows\v7.1a\include\specstrings_supp.h(77) : warning C4005: '__on_failure' : macro redefinition
        C:\Program Files (x86)\Microsoft Visual Studio 12.0\VC\include\sal.h(2896) : see previous definition of '__on_failure'
	cl /Fotmp32dll\s_server.obj -DMONOLITH -Iinc32 -Itmp32dll /MD /Ox /O2 /Ob2 -DOPENSSL_THREADS  -DDSO_WIN32 -W3 -Gs0 -GF -Gy -nologo -DOPENSSL_SYSNAME_WIN32 -DWIN32_LEAN_AND_MEAN -DL_ENDIAN -D_CRT_SECURE_NO_DEPRECATE -DOPENSSL_USE_APPLINK -I. -DOPENSSL_NO_RC5 -DOPENSSL_NO_MD2 -DOPENSSL_NO_KRB5 -DOPENSSL_NO_JPAKE -DOPENSSL_NO_STATIC_ENGINE /Zi /Fdtmp32dll/app -c .\apps\s_server.c
s_server.c
c:\program files (x86)\microsoft sdks\windows\v7.1a\include\sal_supp.h(57) : warning C4005: '__useHeader' : macro redefinition
        C:\Program Files (x86)\Microsoft Visual Studio 12.0\VC\include\sal.h(2886) : see previous definition of '__useHeader'
c:\program files (x86)\microsoft sdks\windows\v7.1a\include\specstrings_supp.h(77) : warning C4005: '__on_failure' : macro redefinition
        C:\Program Files (x86)\Microsoft Visual Studio 12.0\VC\include\sal.h(2896) : see previous definition of '__on_failure'
	cl /Fotmp32dll\s_client.obj -DMONOLITH -Iinc32 -Itmp32dll /MD /Ox /O2 /Ob2 -DOPENSSL_THREADS  -DDSO_WIN32 -W3 -Gs0 -GF -Gy -nologo -DOPENSSL_SYSNAME_WIN32 -DWIN32_LEAN_AND_MEAN -DL_ENDIAN -D_CRT_SECURE_NO_DEPRECATE -DOPENSSL_USE_APPLINK -I. -DOPENSSL_NO_RC5 -DOPENSSL_NO_MD2 -DOPENSSL_NO_KRB5 -DOPENSSL_NO_JPAKE -DOPENSSL_NO_STATIC_ENGINE /Zi /Fdtmp32dll/app -c .\apps\s_client.c
s_client.c
c:\program files (x86)\microsoft sdks\windows\v7.1a\include\sal_supp.h(57) : warning C4005: '__useHeader' : macro redefinition
        C:\Program Files (x86)\Microsoft Visual Studio 12.0\VC\include\sal.h(2886) : see previous definition of '__useHeader'
c:\program files (x86)\microsoft sdks\windows\v7.1a\include\specstrings_supp.h(77) : warning C4005: '__on_failure' : macro redefinition
        C:\Program Files (x86)\Microsoft Visual Studio 12.0\VC\include\sal.h(2896) : see previous definition of '__on_failure'
	cl /Fotmp32dll\speed.obj -DMONOLITH -Iinc32 -Itmp32dll /MD /Ox /O2 /Ob2 -DOPENSSL_THREADS  -DDSO_WIN32 -W3 -Gs0 -GF -Gy -nologo -DOPENSSL_SYSNAME_WIN32 -DWIN32_LEAN_AND_MEAN -DL_ENDIAN -D_CRT_SECURE_NO_DEPRECATE -DOPENSSL_USE_APPLINK -I. -DOPENSSL_NO_RC5 -DOPENSSL_NO_MD2 -DOPENSSL_NO_KRB5 -DOPENSSL_NO_JPAKE -DOPENSSL_NO_STATIC_ENGINE /Zi /Fdtmp32dll/app -c .\apps\speed.c
speed.c
c:\program files (x86)\microsoft sdks\windows\v7.1a\include\sal_supp.h(57) : warning C4005: '__useHeader' : macro redefinition
        C:\Program Files (x86)\Microsoft Visual Studio 12.0\VC\include\sal.h(2886) : see previous definition of '__useHeader'
c:\program files (x86)\microsoft sdks\windows\v7.1a\include\specstrings_supp.h(77) : warning C4005: '__on_failure' : macro redefinition
        C:\Program Files (x86)\Microsoft Visual Studio 12.0\VC\include\sal.h(2896) : see previous definition of '__on_failure'
	cl /Fotmp32dll\s_time.obj -DMONOLITH -Iinc32 -Itmp32dll /MD /Ox /O2 /Ob2 -DOPENSSL_THREADS  -DDSO_WIN32 -W3 -Gs0 -GF -Gy -nologo -DOPENSSL_SYSNAME_WIN32 -DWIN32_LEAN_AND_MEAN -DL_ENDIAN -D_CRT_SECURE_NO_DEPRECATE -DOPENSSL_USE_APPLINK -I. -DOPENSSL_NO_RC5 -DOPENSSL_NO_MD2 -DOPENSSL_NO_KRB5 -DOPENSSL_NO_JPAKE -DOPENSSL_NO_STATIC_ENGINE /Zi /Fdtmp32dll/app -c .\apps\s_time.c
s_time.c
c:\program files (x86)\microsoft sdks\windows\v7.1a\include\sal_supp.h(57) : warning C4005: '__useHeader' : macro redefinition
        C:\Program Files (x86)\Microsoft Visual Studio 12.0\VC\include\sal.h(2886) : see previous definition of '__useHeader'
c:\program files (x86)\microsoft sdks\windows\v7.1a\include\specstrings_supp.h(77) : warning C4005: '__on_failure' : macro redefinition
        C:\Program Files (x86)\Microsoft Visual Studio 12.0\VC\include\sal.h(2896) : see previous definition of '__on_failure'
	cl /Fotmp32dll\apps.obj -DMONOLITH -Iinc32 -Itmp32dll /MD /Ox /O2 /Ob2 -DOPENSSL_THREADS  -DDSO_WIN32 -W3 -Gs0 -GF -Gy -nologo -DOPENSSL_SYSNAME_WIN32 -DWIN32_LEAN_AND_MEAN -DL_ENDIAN -D_CRT_SECURE_NO_DEPRECATE -DOPENSSL_USE_APPLINK -I. -DOPENSSL_NO_RC5 -DOPENSSL_NO_MD2 -DOPENSSL_NO_KRB5 -DOPENSSL_NO_JPAKE -DOPENSSL_NO_STATIC_ENGINE /Zi /Fdtmp32dll/app -c .\apps\apps.c
apps.c
c:\program files (x86)\microsoft sdks\windows\v7.1a\include\sal_supp.h(57) : warning C4005: '__useHeader' : macro redefinition
        C:\Program Files (x86)\Microsoft Visual Studio 12.0\VC\include\sal.h(2886) : see previous definition of '__useHeader'
c:\program files (x86)\microsoft sdks\windows\v7.1a\include\specstrings_supp.h(77) : warning C4005: '__on_failure' : macro redefinition
        C:\Program Files (x86)\Microsoft Visual Studio 12.0\VC\include\sal.h(2896) : see previous definition of '__on_failure'
	cl /Fotmp32dll\s_cb.obj -DMONOLITH -Iinc32 -Itmp32dll /MD /Ox /O2 /Ob2 -DOPENSSL_THREADS  -DDSO_WIN32 -W3 -Gs0 -GF -Gy -nologo -DOPENSSL_SYSNAME_WIN32 -DWIN32_LEAN_AND_MEAN -DL_ENDIAN -D_CRT_SECURE_NO_DEPRECATE -DOPENSSL_USE_APPLINK -I. -DOPENSSL_NO_RC5 -DOPENSSL_NO_MD2 -DOPENSSL_NO_KRB5 -DOPENSSL_NO_JPAKE -DOPENSSL_NO_STATIC_ENGINE /Zi /Fdtmp32dll/app -c .\apps\s_cb.c
s_cb.c
c:\program files (x86)\microsoft sdks\windows\v7.1a\include\sal_supp.h(57) : warning C4005: '__useHeader' : macro redefinition
        C:\Program Files (x86)\Microsoft Visual Studio 12.0\VC\include\sal.h(2886) : see previous definition of '__useHeader'
c:\program files (x86)\microsoft sdks\windows\v7.1a\include\specstrings_supp.h(77) : warning C4005: '__on_failure' : macro redefinition
        C:\Program Files (x86)\Microsoft Visual Studio 12.0\VC\include\sal.h(2896) : see previous definition of '__on_failure'
	cl /Fotmp32dll\s_socket.obj -DMONOLITH -Iinc32 -Itmp32dll /MD /Ox /O2 /Ob2 -DOPENSSL_THREADS  -DDSO_WIN32 -W3 -Gs0 -GF -Gy -nologo -DOPENSSL_SYSNAME_WIN32 -DWIN32_LEAN_AND_MEAN -DL_ENDIAN -D_CRT_SECURE_NO_DEPRECATE -DOPENSSL_USE_APPLINK -I. -DOPENSSL_NO_RC5 -DOPENSSL_NO_MD2 -DOPENSSL_NO_KRB5 -DOPENSSL_NO_JPAKE -DOPENSSL_NO_STATIC_ENGINE /Zi /Fdtmp32dll/app -c .\apps\s_socket.c
s_socket.c
c:\program files (x86)\microsoft sdks\windows\v7.1a\include\sal_supp.h(57) : warning C4005: '__useHeader' : macro redefinition
        C:\Program Files (x86)\Microsoft Visual Studio 12.0\VC\include\sal.h(2886) : see previous definition of '__useHeader'
c:\program files (x86)\microsoft sdks\windows\v7.1a\include\specstrings_supp.h(77) : warning C4005: '__on_failure' : macro redefinition
        C:\Program Files (x86)\Microsoft Visual Studio 12.0\VC\include\sal.h(2896) : see previous definition of '__on_failure'
	cl /Fotmp32dll\app_rand.obj -DMONOLITH -Iinc32 -Itmp32dll /MD /Ox /O2 /Ob2 -DOPENSSL_THREADS  -DDSO_WIN32 -W3 -Gs0 -GF -Gy -nologo -DOPENSSL_SYSNAME_WIN32 -DWIN32_LEAN_AND_MEAN -DL_ENDIAN -D_CRT_SECURE_NO_DEPRECATE -DOPENSSL_USE_APPLINK -I. -DOPENSSL_NO_RC5 -DOPENSSL_NO_MD2 -DOPENSSL_NO_KRB5 -DOPENSSL_NO_JPAKE -DOPENSSL_NO_STATIC_ENGINE /Zi /Fdtmp32dll/app -c .\apps\app_rand.c
app_rand.c
c:\program files (x86)\microsoft sdks\windows\v7.1a\include\sal_supp.h(57) : warning C4005: '__useHeader' : macro redefinition
        C:\Program Files (x86)\Microsoft Visual Studio 12.0\VC\include\sal.h(2886) : see previous definition of '__useHeader'
c:\program files (x86)\microsoft sdks\windows\v7.1a\include\specstrings_supp.h(77) : warning C4005: '__on_failure' : macro redefinition
        C:\Program Files (x86)\Microsoft Visual Studio 12.0\VC\include\sal.h(2896) : see previous definition of '__on_failure'
	cl /Fotmp32dll\version.obj -DMONOLITH -Iinc32 -Itmp32dll /MD /Ox /O2 /Ob2 -DOPENSSL_THREADS  -DDSO_WIN32 -W3 -Gs0 -GF -Gy -nologo -DOPENSSL_SYSNAME_WIN32 -DWIN32_LEAN_AND_MEAN -DL_ENDIAN -D_CRT_SECURE_NO_DEPRECATE -DOPENSSL_USE_APPLINK -I. -DOPENSSL_NO_RC5 -DOPENSSL_NO_MD2 -DOPENSSL_NO_KRB5 -DOPENSSL_NO_JPAKE -DOPENSSL_NO_STATIC_ENGINE /Zi /Fdtmp32dll/app -c .\apps\version.c
version.c
c:\program files (x86)\microsoft sdks\windows\v7.1a\include\sal_supp.h(57) : warning C4005: '__useHeader' : macro redefinition
        C:\Program Files (x86)\Microsoft Visual Studio 12.0\VC\include\sal.h(2886) : see previous definition of '__useHeader'
c:\program files (x86)\microsoft sdks\windows\v7.1a\include\specstrings_supp.h(77) : warning C4005: '__on_failure' : macro redefinition
        C:\Program Files (x86)\Microsoft Visual Studio 12.0\VC\include\sal.h(2896) : see previous definition of '__on_failure'
	cl /Fotmp32dll\sess_id.obj -DMONOLITH -Iinc32 -Itmp32dll /MD /Ox /O2 /Ob2 -DOPENSSL_THREADS  -DDSO_WIN32 -W3 -Gs0 -GF -Gy -nologo -DOPENSSL_SYSNAME_WIN32 -DWIN32_LEAN_AND_MEAN -DL_ENDIAN -D_CRT_SECURE_NO_DEPRECATE -DOPENSSL_USE_APPLINK -I. -DOPENSSL_NO_RC5 -DOPENSSL_NO_MD2 -DOPENSSL_NO_KRB5 -DOPENSSL_NO_JPAKE -DOPENSSL_NO_STATIC_ENGINE /Zi /Fdtmp32dll/app -c .\apps\sess_id.c
sess_id.c
c:\program files (x86)\microsoft sdks\windows\v7.1a\include\sal_supp.h(57) : warning C4005: '__useHeader' : macro redefinition
        C:\Program Files (x86)\Microsoft Visual Studio 12.0\VC\include\sal.h(2886) : see previous definition of '__useHeader'
c:\program files (x86)\microsoft sdks\windows\v7.1a\include\specstrings_supp.h(77) : warning C4005: '__on_failure' : macro redefinition
        C:\Program Files (x86)\Microsoft Visual Studio 12.0\VC\include\sal.h(2896) : see previous definition of '__on_failure'
	cl /Fotmp32dll\ciphers.obj -DMONOLITH -Iinc32 -Itmp32dll /MD /Ox /O2 /Ob2 -DOPENSSL_THREADS  -DDSO_WIN32 -W3 -Gs0 -GF -Gy -nologo -DOPENSSL_SYSNAME_WIN32 -DWIN32_LEAN_AND_MEAN -DL_ENDIAN -D_CRT_SECURE_NO_DEPRECATE -DOPENSSL_USE_APPLINK -I. -DOPENSSL_NO_RC5 -DOPENSSL_NO_MD2 -DOPENSSL_NO_KRB5 -DOPENSSL_NO_JPAKE -DOPENSSL_NO_STATIC_ENGINE /Zi /Fdtmp32dll/app -c .\apps\ciphers.c
ciphers.c
c:\program files (x86)\microsoft sdks\windows\v7.1a\include\sal_supp.h(57) : warning C4005: '__useHeader' : macro redefinition
        C:\Program Files (x86)\Microsoft Visual Studio 12.0\VC\include\sal.h(2886) : see previous definition of '__useHeader'
c:\program files (x86)\microsoft sdks\windows\v7.1a\include\specstrings_supp.h(77) : warning C4005: '__on_failure' : macro redefinition
        C:\Program Files (x86)\Microsoft Visual Studio 12.0\VC\include\sal.h(2896) : see previous definition of '__on_failure'
	cl /Fotmp32dll\nseq.obj -DMONOLITH -Iinc32 -Itmp32dll /MD /Ox /O2 /Ob2 -DOPENSSL_THREADS  -DDSO_WIN32 -W3 -Gs0 -GF -Gy -nologo -DOPENSSL_SYSNAME_WIN32 -DWIN32_LEAN_AND_MEAN -DL_ENDIAN -D_CRT_SECURE_NO_DEPRECATE -DOPENSSL_USE_APPLINK -I. -DOPENSSL_NO_RC5 -DOPENSSL_NO_MD2 -DOPENSSL_NO_KRB5 -DOPENSSL_NO_JPAKE -DOPENSSL_NO_STATIC_ENGINE /Zi /Fdtmp32dll/app -c .\apps\nseq.c
nseq.c
c:\program files (x86)\microsoft sdks\windows\v7.1a\include\sal_supp.h(57) : warning C4005: '__useHeader' : macro redefinition
        C:\Program Files (x86)\Microsoft Visual Studio 12.0\VC\include\sal.h(2886) : see previous definition of '__useHeader'
c:\program files (x86)\microsoft sdks\windows\v7.1a\include\specstrings_supp.h(77) : warning C4005: '__on_failure' : macro redefinition
        C:\Program Files (x86)\Microsoft Visual Studio 12.0\VC\include\sal.h(2896) : see previous definition of '__on_failure'
	cl /Fotmp32dll\pkcs12.obj -DMONOLITH -Iinc32 -Itmp32dll /MD /Ox /O2 /Ob2 -DOPENSSL_THREADS  -DDSO_WIN32 -W3 -Gs0 -GF -Gy -nologo -DOPENSSL_SYSNAME_WIN32 -DWIN32_LEAN_AND_MEAN -DL_ENDIAN -D_CRT_SECURE_NO_DEPRECATE -DOPENSSL_USE_APPLINK -I. -DOPENSSL_NO_RC5 -DOPENSSL_NO_MD2 -DOPENSSL_NO_KRB5 -DOPENSSL_NO_JPAKE -DOPENSSL_NO_STATIC_ENGINE /Zi /Fdtmp32dll/app -c .\apps\pkcs12.c
pkcs12.c
c:\program files (x86)\microsoft sdks\windows\v7.1a\include\sal_supp.h(57) : warning C4005: '__useHeader' : macro redefinition
        C:\Program Files (x86)\Microsoft Visual Studio 12.0\VC\include\sal.h(2886) : see previous definition of '__useHeader'
c:\program files (x86)\microsoft sdks\windows\v7.1a\include\specstrings_supp.h(77) : warning C4005: '__on_failure' : macro redefinition
        C:\Program Files (x86)\Microsoft Visual Studio 12.0\VC\include\sal.h(2896) : see previous definition of '__on_failure'
	cl /Fotmp32dll\pkcs8.obj -DMONOLITH -Iinc32 -Itmp32dll /MD /Ox /O2 /Ob2 -DOPENSSL_THREADS  -DDSO_WIN32 -W3 -Gs0 -GF -Gy -nologo -DOPENSSL_SYSNAME_WIN32 -DWIN32_LEAN_AND_MEAN -DL_ENDIAN -D_CRT_SECURE_NO_DEPRECATE -DOPENSSL_USE_APPLINK -I. -DOPENSSL_NO_RC5 -DOPENSSL_NO_MD2 -DOPENSSL_NO_KRB5 -DOPENSSL_NO_JPAKE -DOPENSSL_NO_STATIC_ENGINE /Zi /Fdtmp32dll/app -c .\apps\pkcs8.c
pkcs8.c
c:\program files (x86)\microsoft sdks\windows\v7.1a\include\sal_supp.h(57) : warning C4005: '__useHeader' : macro redefinition
        C:\Program Files (x86)\Microsoft Visual Studio 12.0\VC\include\sal.h(2886) : see previous definition of '__useHeader'
c:\program files (x86)\microsoft sdks\windows\v7.1a\include\specstrings_supp.h(77) : warning C4005: '__on_failure' : macro redefinition
        C:\Program Files (x86)\Microsoft Visual Studio 12.0\VC\include\sal.h(2896) : see previous definition of '__on_failure'
	cl /Fotmp32dll\pkey.obj -DMONOLITH -Iinc32 -Itmp32dll /MD /Ox /O2 /Ob2 -DOPENSSL_THREADS  -DDSO_WIN32 -W3 -Gs0 -GF -Gy -nologo -DOPENSSL_SYSNAME_WIN32 -DWIN32_LEAN_AND_MEAN -DL_ENDIAN -D_CRT_SECURE_NO_DEPRECATE -DOPENSSL_USE_APPLINK -I. -DOPENSSL_NO_RC5 -DOPENSSL_NO_MD2 -DOPENSSL_NO_KRB5 -DOPENSSL_NO_JPAKE -DOPENSSL_NO_STATIC_ENGINE /Zi /Fdtmp32dll/app -c .\apps\pkey.c
pkey.c
c:\program files (x86)\microsoft sdks\windows\v7.1a\include\sal_supp.h(57) : warning C4005: '__useHeader' : macro redefinition
        C:\Program Files (x86)\Microsoft Visual Studio 12.0\VC\include\sal.h(2886) : see previous definition of '__useHeader'
c:\program files (x86)\microsoft sdks\windows\v7.1a\include\specstrings_supp.h(77) : warning C4005: '__on_failure' : macro redefinition
        C:\Program Files (x86)\Microsoft Visual Studio 12.0\VC\include\sal.h(2896) : see previous definition of '__on_failure'
	cl /Fotmp32dll\pkeyparam.obj -DMONOLITH -Iinc32 -Itmp32dll /MD /Ox /O2 /Ob2 -DOPENSSL_THREADS  -DDSO_WIN32 -W3 -Gs0 -GF -Gy -nologo -DOPENSSL_SYSNAME_WIN32 -DWIN32_LEAN_AND_MEAN -DL_ENDIAN -D_CRT_SECURE_NO_DEPRECATE -DOPENSSL_USE_APPLINK -I. -DOPENSSL_NO_RC5 -DOPENSSL_NO_MD2 -DOPENSSL_NO_KRB5 -DOPENSSL_NO_JPAKE -DOPENSSL_NO_STATIC_ENGINE /Zi /Fdtmp32dll/app -c .\apps\pkeyparam.c
pkeyparam.c
c:\program files (x86)\microsoft sdks\windows\v7.1a\include\sal_supp.h(57) : warning C4005: '__useHeader' : macro redefinition
        C:\Program Files (x86)\Microsoft Visual Studio 12.0\VC\include\sal.h(2886) : see previous definition of '__useHeader'
c:\program files (x86)\microsoft sdks\windows\v7.1a\include\specstrings_supp.h(77) : warning C4005: '__on_failure' : macro redefinition
        C:\Program Files (x86)\Microsoft Visual Studio 12.0\VC\include\sal.h(2896) : see previous definition of '__on_failure'
	cl /Fotmp32dll\pkeyutl.obj -DMONOLITH -Iinc32 -Itmp32dll /MD /Ox /O2 /Ob2 -DOPENSSL_THREADS  -DDSO_WIN32 -W3 -Gs0 -GF -Gy -nologo -DOPENSSL_SYSNAME_WIN32 -DWIN32_LEAN_AND_MEAN -DL_ENDIAN -D_CRT_SECURE_NO_DEPRECATE -DOPENSSL_USE_APPLINK -I. -DOPENSSL_NO_RC5 -DOPENSSL_NO_MD2 -DOPENSSL_NO_KRB5 -DOPENSSL_NO_JPAKE -DOPENSSL_NO_STATIC_ENGINE /Zi /Fdtmp32dll/app -c .\apps\pkeyutl.c
pkeyutl.c
c:\program files (x86)\microsoft sdks\windows\v7.1a\include\sal_supp.h(57) : warning C4005: '__useHeader' : macro redefinition
        C:\Program Files (x86)\Microsoft Visual Studio 12.0\VC\include\sal.h(2886) : see previous definition of '__useHeader'
c:\program files (x86)\microsoft sdks\windows\v7.1a\include\specstrings_supp.h(77) : warning C4005: '__on_failure' : macro redefinition
        C:\Program Files (x86)\Microsoft Visual Studio 12.0\VC\include\sal.h(2896) : see previous definition of '__on_failure'
	cl /Fotmp32dll\spkac.obj -DMONOLITH -Iinc32 -Itmp32dll /MD /Ox /O2 /Ob2 -DOPENSSL_THREADS  -DDSO_WIN32 -W3 -Gs0 -GF -Gy -nologo -DOPENSSL_SYSNAME_WIN32 -DWIN32_LEAN_AND_MEAN -DL_ENDIAN -D_CRT_SECURE_NO_DEPRECATE -DOPENSSL_USE_APPLINK -I. -DOPENSSL_NO_RC5 -DOPENSSL_NO_MD2 -DOPENSSL_NO_KRB5 -DOPENSSL_NO_JPAKE -DOPENSSL_NO_STATIC_ENGINE /Zi /Fdtmp32dll/app -c .\apps\spkac.c
spkac.c
c:\program files (x86)\microsoft sdks\windows\v7.1a\include\sal_supp.h(57) : warning C4005: '__useHeader' : macro redefinition
        C:\Program Files (x86)\Microsoft Visual Studio 12.0\VC\include\sal.h(2886) : see previous definition of '__useHeader'
c:\program files (x86)\microsoft sdks\windows\v7.1a\include\specstrings_supp.h(77) : warning C4005: '__on_failure' : macro redefinition
        C:\Program Files (x86)\Microsoft Visual Studio 12.0\VC\include\sal.h(2896) : see previous definition of '__on_failure'
	cl /Fotmp32dll\smime.obj -DMONOLITH -Iinc32 -Itmp32dll /MD /Ox /O2 /Ob2 -DOPENSSL_THREADS  -DDSO_WIN32 -W3 -Gs0 -GF -Gy -nologo -DOPENSSL_SYSNAME_WIN32 -DWIN32_LEAN_AND_MEAN -DL_ENDIAN -D_CRT_SECURE_NO_DEPRECATE -DOPENSSL_USE_APPLINK -I. -DOPENSSL_NO_RC5 -DOPENSSL_NO_MD2 -DOPENSSL_NO_KRB5 -DOPENSSL_NO_JPAKE -DOPENSSL_NO_STATIC_ENGINE /Zi /Fdtmp32dll/app -c .\apps\smime.c
smime.c
c:\program files (x86)\microsoft sdks\windows\v7.1a\include\sal_supp.h(57) : warning C4005: '__useHeader' : macro redefinition
        C:\Program Files (x86)\Microsoft Visual Studio 12.0\VC\include\sal.h(2886) : see previous definition of '__useHeader'
c:\program files (x86)\microsoft sdks\windows\v7.1a\include\specstrings_supp.h(77) : warning C4005: '__on_failure' : macro redefinition
        C:\Program Files (x86)\Microsoft Visual Studio 12.0\VC\include\sal.h(2896) : see previous definition of '__on_failure'
	cl /Fotmp32dll\cms.obj -DMONOLITH -Iinc32 -Itmp32dll /MD /Ox /O2 /Ob2 -DOPENSSL_THREADS  -DDSO_WIN32 -W3 -Gs0 -GF -Gy -nologo -DOPENSSL_SYSNAME_WIN32 -DWIN32_LEAN_AND_MEAN -DL_ENDIAN -D_CRT_SECURE_NO_DEPRECATE -DOPENSSL_USE_APPLINK -I. -DOPENSSL_NO_RC5 -DOPENSSL_NO_MD2 -DOPENSSL_NO_KRB5 -DOPENSSL_NO_JPAKE -DOPENSSL_NO_STATIC_ENGINE /Zi /Fdtmp32dll/app -c .\apps\cms.c
cms.c
c:\program files (x86)\microsoft sdks\windows\v7.1a\include\sal_supp.h(57) : warning C4005: '__useHeader' : macro redefinition
        C:\Program Files (x86)\Microsoft Visual Studio 12.0\VC\include\sal.h(2886) : see previous definition of '__useHeader'
c:\program files (x86)\microsoft sdks\windows\v7.1a\include\specstrings_supp.h(77) : warning C4005: '__on_failure' : macro redefinition
        C:\Program Files (x86)\Microsoft Visual Studio 12.0\VC\include\sal.h(2896) : see previous definition of '__on_failure'
	cl /Fotmp32dll\rand.obj -DMONOLITH -Iinc32 -Itmp32dll /MD /Ox /O2 /Ob2 -DOPENSSL_THREADS  -DDSO_WIN32 -W3 -Gs0 -GF -Gy -nologo -DOPENSSL_SYSNAME_WIN32 -DWIN32_LEAN_AND_MEAN -DL_ENDIAN -D_CRT_SECURE_NO_DEPRECATE -DOPENSSL_USE_APPLINK -I. -DOPENSSL_NO_RC5 -DOPENSSL_NO_MD2 -DOPENSSL_NO_KRB5 -DOPENSSL_NO_JPAKE -DOPENSSL_NO_STATIC_ENGINE /Zi /Fdtmp32dll/app -c .\apps\rand.c
rand.c
c:\program files (x86)\microsoft sdks\windows\v7.1a\include\sal_supp.h(57) : warning C4005: '__useHeader' : macro redefinition
        C:\Program Files (x86)\Microsoft Visual Studio 12.0\VC\include\sal.h(2886) : see previous definition of '__useHeader'
c:\program files (x86)\microsoft sdks\windows\v7.1a\include\specstrings_supp.h(77) : warning C4005: '__on_failure' : macro redefinition
        C:\Program Files (x86)\Microsoft Visual Studio 12.0\VC\include\sal.h(2896) : see previous definition of '__on_failure'
	cl /Fotmp32dll\engine.obj -DMONOLITH -Iinc32 -Itmp32dll /MD /Ox /O2 /Ob2 -DOPENSSL_THREADS  -DDSO_WIN32 -W3 -Gs0 -GF -Gy -nologo -DOPENSSL_SYSNAME_WIN32 -DWIN32_LEAN_AND_MEAN -DL_ENDIAN -D_CRT_SECURE_NO_DEPRECATE -DOPENSSL_USE_APPLINK -I. -DOPENSSL_NO_RC5 -DOPENSSL_NO_MD2 -DOPENSSL_NO_KRB5 -DOPENSSL_NO_JPAKE -DOPENSSL_NO_STATIC_ENGINE /Zi /Fdtmp32dll/app -c .\apps\engine.c
engine.c
c:\program files (x86)\microsoft sdks\windows\v7.1a\include\sal_supp.h(57) : warning C4005: '__useHeader' : macro redefinition
        C:\Program Files (x86)\Microsoft Visual Studio 12.0\VC\include\sal.h(2886) : see previous definition of '__useHeader'
c:\program files (x86)\microsoft sdks\windows\v7.1a\include\specstrings_supp.h(77) : warning C4005: '__on_failure' : macro redefinition
        C:\Program Files (x86)\Microsoft Visual Studio 12.0\VC\include\sal.h(2896) : see previous definition of '__on_failure'
	cl /Fotmp32dll\ocsp.obj -DMONOLITH -Iinc32 -Itmp32dll /MD /Ox /O2 /Ob2 -DOPENSSL_THREADS  -DDSO_WIN32 -W3 -Gs0 -GF -Gy -nologo -DOPENSSL_SYSNAME_WIN32 -DWIN32_LEAN_AND_MEAN -DL_ENDIAN -D_CRT_SECURE_NO_DEPRECATE -DOPENSSL_USE_APPLINK -I. -DOPENSSL_NO_RC5 -DOPENSSL_NO_MD2 -DOPENSSL_NO_KRB5 -DOPENSSL_NO_JPAKE -DOPENSSL_NO_STATIC_ENGINE /Zi /Fdtmp32dll/app -c .\apps\ocsp.c
ocsp.c
c:\program files (x86)\microsoft sdks\windows\v7.1a\include\sal_supp.h(57) : warning C4005: '__useHeader' : macro redefinition
        C:\Program Files (x86)\Microsoft Visual Studio 12.0\VC\include\sal.h(2886) : see previous definition of '__useHeader'
c:\program files (x86)\microsoft sdks\windows\v7.1a\include\specstrings_supp.h(77) : warning C4005: '__on_failure' : macro redefinition
        C:\Program Files (x86)\Microsoft Visual Studio 12.0\VC\include\sal.h(2896) : see previous definition of '__on_failure'
	cl /Fotmp32dll\prime.obj -DMONOLITH -Iinc32 -Itmp32dll /MD /Ox /O2 /Ob2 -DOPENSSL_THREADS  -DDSO_WIN32 -W3 -Gs0 -GF -Gy -nologo -DOPENSSL_SYSNAME_WIN32 -DWIN32_LEAN_AND_MEAN -DL_ENDIAN -D_CRT_SECURE_NO_DEPRECATE -DOPENSSL_USE_APPLINK -I. -DOPENSSL_NO_RC5 -DOPENSSL_NO_MD2 -DOPENSSL_NO_KRB5 -DOPENSSL_NO_JPAKE -DOPENSSL_NO_STATIC_ENGINE /Zi /Fdtmp32dll/app -c .\apps\prime.c
prime.c
c:\program files (x86)\microsoft sdks\windows\v7.1a\include\sal_supp.h(57) : warning C4005: '__useHeader' : macro redefinition
        C:\Program Files (x86)\Microsoft Visual Studio 12.0\VC\include\sal.h(2886) : see previous definition of '__useHeader'
c:\program files (x86)\microsoft sdks\windows\v7.1a\include\specstrings_supp.h(77) : warning C4005: '__on_failure' : macro redefinition
        C:\Program Files (x86)\Microsoft Visual Studio 12.0\VC\include\sal.h(2896) : see previous definition of '__on_failure'
	cl /Fotmp32dll\ts.obj -DMONOLITH -Iinc32 -Itmp32dll /MD /Ox /O2 /Ob2 -DOPENSSL_THREADS  -DDSO_WIN32 -W3 -Gs0 -GF -Gy -nologo -DOPENSSL_SYSNAME_WIN32 -DWIN32_LEAN_AND_MEAN -DL_ENDIAN -D_CRT_SECURE_NO_DEPRECATE -DOPENSSL_USE_APPLINK -I. -DOPENSSL_NO_RC5 -DOPENSSL_NO_MD2 -DOPENSSL_NO_KRB5 -DOPENSSL_NO_JPAKE -DOPENSSL_NO_STATIC_ENGINE /Zi /Fdtmp32dll/app -c .\apps\ts.c
ts.c
c:\program files (x86)\microsoft sdks\windows\v7.1a\include\sal_supp.h(57) : warning C4005: '__useHeader' : macro redefinition
        C:\Program Files (x86)\Microsoft Visual Studio 12.0\VC\include\sal.h(2886) : see previous definition of '__useHeader'
c:\program files (x86)\microsoft sdks\windows\v7.1a\include\specstrings_supp.h(77) : warning C4005: '__on_failure' : macro redefinition
        C:\Program Files (x86)\Microsoft Visual Studio 12.0\VC\include\sal.h(2896) : see previous definition of '__on_failure'
	cl /Fotmp32dll\srp.obj -DMONOLITH -Iinc32 -Itmp32dll /MD /Ox /O2 /Ob2 -DOPENSSL_THREADS  -DDSO_WIN32 -W3 -Gs0 -GF -Gy -nologo -DOPENSSL_SYSNAME_WIN32 -DWIN32_LEAN_AND_MEAN -DL_ENDIAN -D_CRT_SECURE_NO_DEPRECATE -DOPENSSL_USE_APPLINK -I. -DOPENSSL_NO_RC5 -DOPENSSL_NO_MD2 -DOPENSSL_NO_KRB5 -DOPENSSL_NO_JPAKE -DOPENSSL_NO_STATIC_ENGINE /Zi /Fdtmp32dll/app -c .\apps\srp.c
srp.c
c:\program files (x86)\microsoft sdks\windows\v7.1a\include\sal_supp.h(57) : warning C4005: '__useHeader' : macro redefinition
        C:\Program Files (x86)\Microsoft Visual Studio 12.0\VC\include\sal.h(2886) : see previous definition of '__useHeader'
c:\program files (x86)\microsoft sdks\windows\v7.1a\include\specstrings_supp.h(77) : warning C4005: '__on_failure' : macro redefinition
        C:\Program Files (x86)\Microsoft Visual Studio 12.0\VC\include\sal.h(2896) : see previous definition of '__on_failure'
	cl /Fotmp32dll\openssl.obj -DMONOLITH -Iinc32 -Itmp32dll /MD /Ox /O2 /Ob2 -DOPENSSL_THREADS  -DDSO_WIN32 -W3 -Gs0 -GF -Gy -nologo -DOPENSSL_SYSNAME_WIN32 -DWIN32_LEAN_AND_MEAN -DL_ENDIAN -D_CRT_SECURE_NO_DEPRECATE -DOPENSSL_USE_APPLINK -I. -DOPENSSL_NO_RC5 -DOPENSSL_NO_MD2 -DOPENSSL_NO_KRB5 -DOPENSSL_NO_JPAKE -DOPENSSL_NO_STATIC_ENGINE /Zi /Fdtmp32dll/app -c .\apps\openssl.c
openssl.c
c:\program files (x86)\microsoft sdks\windows\v7.1a\include\sal_supp.h(57) : warning C4005: '__useHeader' : macro redefinition
        C:\Program Files (x86)\Microsoft Visual Studio 12.0\VC\include\sal.h(2886) : see previous definition of '__useHeader'
c:\program files (x86)\microsoft sdks\windows\v7.1a\include\specstrings_supp.h(77) : warning C4005: '__on_failure' : macro redefinition
        C:\Program Files (x86)\Microsoft Visual Studio 12.0\VC\include\sal.h(2896) : see previous definition of '__on_failure'
	link /nologo /subsystem:console /opt:ref /debug /out:out32dll\openssl.exe @C:\Users\rranft\AppData\Local\Temp\nmC222.tmp
   Creating library tmp32dll\junk.lib and object tmp32dll\junk.exp
	IF EXIST out32dll\openssl.exe.manifest mt -nologo -manifest out32dll\openssl.exe.manifest -outputresource:out32dll\openssl.exe;1
